Log file opened on Sun Oct 21 22:29:45 2018
Host: a-X58A-UD7  pid: 5633  rank ID: 0  number of ranks:  1
                      :-) GROMACS - gmx mdrun, 2018.1 (-:

                            GROMACS is written by:
     Emile Apol      Rossen Apostolov      Paul Bauer     Herman J.C. Berendsen
    Par Bjelkmar    Aldert van Buuren   Rudi van Drunen     Anton Feenstra  
  Gerrit Groenhof    Aleksei Iupinov   Christoph Junghans   Anca Hamuraru   
 Vincent Hindriksen Dimitrios Karkoulis    Peter Kasson        Jiri Kraus    
  Carsten Kutzner      Per Larsson      Justin A. Lemkul    Viveca Lindahl  
  Magnus Lundborg   Pieter Meulenhoff    Erik Marklund      Teemu Murtola   
    Szilard Pall       Sander Pronk      Roland Schulz     Alexey Shvetsov  
   Michael Shirts     Alfons Sijbers     Peter Tieleman    Teemu Virolainen 
 Christian Wennberg    Maarten Wolf   
                           and the project leaders:
        Mark Abraham, Berk Hess, Erik Lindahl, and David van der Spoel

Copyright (c) 1991-2000, University of Groningen, The Netherlands.
Copyright (c) 2001-2017, The GROMACS development team at
Uppsala University, Stockholm University and
the Royal Institute of Technology, Sweden.
check out http://www.gromacs.org for more information.

GROMACS is free software; you can redistribute it and/or modify it
under the terms of the GNU Lesser General Public License
as published by the Free Software Foundation; either version 2.1
of the License, or (at your option) any later version.

GROMACS:      gmx mdrun, version 2018.1
Executable:   /usr/bin/gmx
Data prefix:  /usr
Working dir:  /home/a/Downloads/lys
Command line:
  gmx mdrun -deffnm md_0_1 -v -nt 8

GROMACS version:    2018.1
Precision:          single
Memory model:       64 bit
MPI library:        thread_mpi
OpenMP support:     enabled (GMX_OPENMP_MAX_THREADS = 64)
GPU support:        disabled
SIMD instructions:  SSE2
FFT library:        fftw-3.3.7-sse2-avx
RDTSCP usage:       disabled
TNG support:        enabled
Hwloc support:      hwloc-1.11.6
Tracing support:    disabled
Built on:           2018-03-31 17:12:46
Built by:           buildd@debian [CMAKE]
Build OS/arch:      Linux x86_64
Build CPU vendor:   Intel
Build CPU brand:    Westmere E56xx/L56xx/X56xx (Nehalem-C)
Build CPU family:   6   Model: 44   Stepping: 1
Build CPU features: aes apic clfsh cmov cx8 cx16 intel lahf mmx msr pcid pclmuldq pdpe1gb popcnt pse rdtscp sse2 sse3 sse4.1 sse4.2 ssse3 x2apic
C compiler:         /usr/bin/cc GNU 7.3.0
C compiler flags:    -msse2   -g -O2 -fdebug-prefix-map=/build/gromacs-Fqu8ou/gromacs-2018.1=. -fstack-protector-strong -Wformat -Werror=format-security -Wdate-time -D_FORTIFY_SOURCE=2  -O3 -DNDEBUG -funroll-all-loops -fexcess-precision=fast  
C++ compiler:       /usr/bin/c++ GNU 7.3.0
C++ compiler flags:  -msse2   -g -O2 -fdebug-prefix-map=/build/gromacs-Fqu8ou/gromacs-2018.1=. -fstack-protector-strong -Wformat -Werror=format-security -Wdate-time -D_FORTIFY_SOURCE=2 -std=c++11   -O3 -DNDEBUG -funroll-all-loops -fexcess-precision=fast  


Running on 1 node with total 4 cores, 8 logical cores
Hardware detected:
  CPU info:
    Vendor: Intel
    Brand:  Intel(R) Core(TM) i7 CPU         950  @ 3.07GHz
    Family: 6   Model: 26   Stepping: 5
    Features: apic clfsh cmov cx8 cx16 htt intel lahf mmx msr nonstop_tsc pdcm popcnt pse rdtscp sse2 sse3 sse4.1 sse4.2 ssse3
  Hardware topology: Full, with devices
    Sockets, cores, and logical processors:
      Socket  0: [   0   4] [   1   5] [   2   6] [   3   7]
    Numa nodes:
      Node  0 (4133273600 bytes mem):   0   1   2   3   4   5   6   7
      Latency:
               0
         0  1.00
    Caches:
      L1: 32768 bytes, linesize 64 bytes, assoc. 8, shared 2 ways
      L2: 262144 bytes, linesize 64 bytes, assoc. 8, shared 2 ways
      L3: 8388608 bytes, linesize 64 bytes, assoc. 16, shared 8 ways
    PCI devices:
      0000:01:00.0  Id: 1b4b:91a3  Class: 0x0101  Numa: 0
      0000:03:00.0  Id: 10de:0ca3  Class: 0x0300  Numa: 0
      0000:08:00.0  Id: 197b:2363  Class: 0x0106  Numa: 0
      0000:08:00.1  Id: 197b:2363  Class: 0x0101  Numa: 0
      0000:09:00.0  Id: 197b:2363  Class: 0x0106  Numa: 0
      0000:09:00.1  Id: 197b:2363  Class: 0x0101  Numa: 0
      0000:0a:00.0  Id: 10ec:8168  Class: 0x0200  Numa: 0
      0000:0b:00.0  Id: 10ec:8168  Class: 0x0200  Numa: 0
      0000:00:1f.2  Id: 8086:3a20  Class: 0x0101  Numa: 0
      0000:00:1f.5  Id: 8086:3a26  Class: 0x0101  Numa: 0

Highest SIMD level requested by all nodes in run: SSE4.1
SIMD instructions selected at compile time:       SSE2
This program was compiled for different hardware than you are running on,
which could influence performance.
The current CPU can measure timings more accurately than the code in
gmx mdrun was configured to use. This might affect your simulation
speed as accurate timings are needed for load-balancing.
Please consider rebuilding gmx mdrun with the GMX_USE_RDTSCP=ON CMake option.

++++ PLEASE READ AND CITE THE FOLLOWING REFERENCE ++++
M. J. Abraham, T. Murtola, R. Schulz, S. Páll, J. C. Smith, B. Hess, E.
Lindahl
GROMACS: High performance molecular simulations through multi-level
parallelism from laptops to supercomputers
SoftwareX 1 (2015) pp. 19-25
-------- -------- --- Thank You --- -------- --------


++++ PLEASE READ AND CITE THE FOLLOWING REFERENCE ++++
S. Páll, M. J. Abraham, C. Kutzner, B. Hess, E. Lindahl
Tackling Exascale Software Challenges in Molecular Dynamics Simulations with
GROMACS
In S. Markidis & E. Laure (Eds.), Solving Software Challenges for Exascale 8759 (2015) pp. 3-27
-------- -------- --- Thank You --- -------- --------


++++ PLEASE READ AND CITE THE FOLLOWING REFERENCE ++++
S. Pronk, S. Páll, R. Schulz, P. Larsson, P. Bjelkmar, R. Apostolov, M. R.
Shirts, J. C. Smith, P. M. Kasson, D. van der Spoel, B. Hess, and E. Lindahl
GROMACS 4.5: a high-throughput and highly parallel open source molecular
simulation toolkit
Bioinformatics 29 (2013) pp. 845-54
-------- -------- --- Thank You --- -------- --------


++++ PLEASE READ AND CITE THE FOLLOWING REFERENCE ++++
B. Hess and C. Kutzner and D. van der Spoel and E. Lindahl
GROMACS 4: Algorithms for highly efficient, load-balanced, and scalable
molecular simulation
J. Chem. Theory Comput. 4 (2008) pp. 435-447
-------- -------- --- Thank You --- -------- --------


++++ PLEASE READ AND CITE THE FOLLOWING REFERENCE ++++
D. van der Spoel, E. Lindahl, B. Hess, G. Groenhof, A. E. Mark and H. J. C.
Berendsen
GROMACS: Fast, Flexible and Free
J. Comp. Chem. 26 (2005) pp. 1701-1719
-------- -------- --- Thank You --- -------- --------


++++ PLEASE READ AND CITE THE FOLLOWING REFERENCE ++++
E. Lindahl and B. Hess and D. van der Spoel
GROMACS 3.0: A package for molecular simulation and trajectory analysis
J. Mol. Mod. 7 (2001) pp. 306-317
-------- -------- --- Thank You --- -------- --------


++++ PLEASE READ AND CITE THE FOLLOWING REFERENCE ++++
H. J. C. Berendsen, D. van der Spoel and R. van Drunen
GROMACS: A message-passing parallel molecular dynamics implementation
Comp. Phys. Comm. 91 (1995) pp. 43-56
-------- -------- --- Thank You --- -------- --------

Input Parameters:
   integrator                     = md
   tinit                          = 0
   dt                             = 0.002
   nsteps                         = 500000
   init-step                      = 0
   simulation-part                = 1
   comm-mode                      = Linear
   nstcomm                        = 100
   bd-fric                        = 0
   ld-seed                        = 337817308
   emtol                          = 10
   emstep                         = 0.01
   niter                          = 20
   fcstep                         = 0
   nstcgsteep                     = 1000
   nbfgscorr                      = 10
   rtpi                           = 0.05
   nstxout                        = 5000
   nstvout                        = 5000
   nstfout                        = 0
   nstlog                         = 5000
   nstcalcenergy                  = 100
   nstenergy                      = 5000
   nstxout-compressed             = 5000
   compressed-x-precision         = 1000
   cutoff-scheme                  = Verlet
   nstlist                        = 10
   ns-type                        = Grid
   pbc                            = xyz
   periodic-molecules             = false
   verlet-buffer-tolerance        = 0.005
   rlist                          = 1
   coulombtype                    = PME
   coulomb-modifier               = Potential-shift
   rcoulomb-switch                = 0
   rcoulomb                       = 1
   epsilon-r                      = 1
   epsilon-rf                     = inf
   vdw-type                       = Cut-off
   vdw-modifier                   = Potential-shift
   rvdw-switch                    = 0
   rvdw                           = 1
   DispCorr                       = EnerPres
   table-extension                = 1
   fourierspacing                 = 0.16
   fourier-nx                     = 48
   fourier-ny                     = 48
   fourier-nz                     = 48
   pme-order                      = 4
   ewald-rtol                     = 1e-05
   ewald-rtol-lj                  = 0.001
   lj-pme-comb-rule               = Geometric
   ewald-geometry                 = 0
   epsilon-surface                = 0
   implicit-solvent               = No
   gb-algorithm                   = Still
   nstgbradii                     = 1
   rgbradii                       = 1
   gb-epsilon-solvent             = 80
   gb-saltconc                    = 0
   gb-obc-alpha                   = 1
   gb-obc-beta                    = 0.8
   gb-obc-gamma                   = 4.85
   gb-dielectric-offset           = 0.009
   sa-algorithm                   = Ace-approximation
   sa-surface-tension             = 2.05016
   tcoupl                         = V-rescale
   nsttcouple                     = 10
   nh-chain-length                = 0
   print-nose-hoover-chain-variables = false
   pcoupl                         = Parrinello-Rahman
   pcoupltype                     = Isotropic
   nstpcouple                     = 10
   tau-p                          = 2
   compressibility (3x3):
      compressibility[    0]={ 4.50000e-05,  0.00000e+00,  0.00000e+00}
      compressibility[    1]={ 0.00000e+00,  4.50000e-05,  0.00000e+00}
      compressibility[    2]={ 0.00000e+00,  0.00000e+00,  4.50000e-05}
   ref-p (3x3):
      ref-p[    0]={ 1.00000e+00,  0.00000e+00,  0.00000e+00}
      ref-p[    1]={ 0.00000e+00,  1.00000e+00,  0.00000e+00}
      ref-p[    2]={ 0.00000e+00,  0.00000e+00,  1.00000e+00}
   refcoord-scaling               = No
   posres-com (3):
      posres-com[0]= 0.00000e+00
      posres-com[1]= 0.00000e+00
      posres-com[2]= 0.00000e+00
   posres-comB (3):
      posres-comB[0]= 0.00000e+00
      posres-comB[1]= 0.00000e+00
      posres-comB[2]= 0.00000e+00
   QMMM                           = false
   QMconstraints                  = 0
   QMMMscheme                     = 0
   MMChargeScaleFactor            = 1
qm-opts:
   ngQM                           = 0
   constraint-algorithm           = Lincs
   continuation                   = true
   Shake-SOR                      = false
   shake-tol                      = 0.0001
   lincs-order                    = 4
   lincs-iter                     = 1
   lincs-warnangle                = 30
   nwall                          = 0
   wall-type                      = 9-3
   wall-r-linpot                  = -1
   wall-atomtype[0]               = -1
   wall-atomtype[1]               = -1
   wall-density[0]                = 0
   wall-density[1]                = 0
   wall-ewald-zfac                = 3
   pull                           = false
   awh                            = false
   rotation                       = false
   interactiveMD                  = false
   disre                          = No
   disre-weighting                = Conservative
   disre-mixed                    = false
   dr-fc                          = 1000
   dr-tau                         = 0
   nstdisreout                    = 100
   orire-fc                       = 0
   orire-tau                      = 0
   nstorireout                    = 100
   free-energy                    = no
   cos-acceleration               = 0
   deform (3x3):
      deform[    0]={ 0.00000e+00,  0.00000e+00,  0.00000e+00}
      deform[    1]={ 0.00000e+00,  0.00000e+00,  0.00000e+00}
      deform[    2]={ 0.00000e+00,  0.00000e+00,  0.00000e+00}
   simulated-tempering            = false
   swapcoords                     = no
   userint1                       = 0
   userint2                       = 0
   userint3                       = 0
   userint4                       = 0
   userreal1                      = 0
   userreal2                      = 0
   userreal3                      = 0
   userreal4                      = 0
   applied-forces:
     electric-field:
       x:
         E0                       = 0
         omega                    = 0
         t0                       = 0
         sigma                    = 0
       y:
         E0                       = 0
         omega                    = 0
         t0                       = 0
         sigma                    = 0
       z:
         E0                       = 0
         omega                    = 0
         t0                       = 0
         sigma                    = 0
grpopts:
   nrdf:     3895.85     72837.1
   ref-t:         300         300
   tau-t:         0.1         0.1
annealing:          No          No
annealing-npoints:           0           0
   acc:	           0           0           0
   nfreeze:           N           N           N
   energygrp-flags[  0]: 0

Changing nstlist from 10 to 40, rlist from 1 to 1.096


Using 1 MPI thread
Using 8 OpenMP threads 

Pinning threads with an auto-selected logical core stride of 1
System total charge: -0.000
Will do PME sum in reciprocal space for electrostatic interactions.

++++ PLEASE READ AND CITE THE FOLLOWING REFERENCE ++++
U. Essmann, L. Perera, M. L. Berkowitz, T. Darden, H. Lee and L. G. Pedersen 
A smooth particle mesh Ewald method
J. Chem. Phys. 103 (1995) pp. 8577-8592
-------- -------- --- Thank You --- -------- --------

Using a Gaussian width (1/beta) of 0.320163 nm for Ewald
Potential shift: LJ r^-12: -1.000e+00 r^-6: -1.000e+00, Ewald -1.000e-05
Initialized non-bonded Ewald correction tables, spacing: 9.33e-04 size: 1073

Long Range LJ corr.: <C6> 3.1583e-04
Generated table with 1048 data points for Ewald.
Tabscale = 500 points/nm
Generated table with 1048 data points for LJ6.
Tabscale = 500 points/nm
Generated table with 1048 data points for LJ12.
Tabscale = 500 points/nm
Generated table with 1048 data points for 1-4 COUL.
Tabscale = 500 points/nm
Generated table with 1048 data points for 1-4 LJ6.
Tabscale = 500 points/nm
Generated table with 1048 data points for 1-4 LJ12.
Tabscale = 500 points/nm

Using SIMD 4x4 nonbonded short-range kernels

Using a dual 4x4 pair-list setup updated with dynamic pruning:
  outer list: updated every 40 steps, buffer 0.096 nm, rlist 1.096 nm
  inner list: updated every 12 steps, buffer 0.003 nm, rlist 1.003 nm
At tolerance 0.005 kJ/mol/ps per atom, equivalent classical 1x1 list would be:
  outer list: updated every 40 steps, buffer 0.212 nm, rlist 1.212 nm
  inner list: updated every 12 steps, buffer 0.048 nm, rlist 1.048 nm

Using geometric Lennard-Jones combination rule


Initializing LINear Constraint Solver

++++ PLEASE READ AND CITE THE FOLLOWING REFERENCE ++++
B. Hess and H. Bekker and H. J. C. Berendsen and J. G. E. M. Fraaije
LINCS: A Linear Constraint Solver for molecular simulations
J. Comp. Chem. 18 (1997) pp. 1463-1472
-------- -------- --- Thank You --- -------- --------

The number of constraints is 1984

++++ PLEASE READ AND CITE THE FOLLOWING REFERENCE ++++
S. Miyamoto and P. A. Kollman
SETTLE: An Analytical Version of the SHAKE and RATTLE Algorithms for Rigid
Water Models
J. Comp. Chem. 13 (1992) pp. 952-962
-------- -------- --- Thank You --- -------- --------


Intra-simulation communication will occur every 10 steps.
Center of mass motion removal mode is Linear
We have the following groups for center of mass motion removal:
  0:  rest

++++ PLEASE READ AND CITE THE FOLLOWING REFERENCE ++++
G. Bussi, D. Donadio and M. Parrinello
Canonical sampling through velocity rescaling
J. Chem. Phys. 126 (2007) pp. 014101
-------- -------- --- Thank You --- -------- --------

There are: 38376 Atoms

Started mdrun on rank 0 Sun Oct 21 22:29:45 2018
           Step           Time
              0        0.00000

   Energies (kJ/mol)
          Angle    Proper Dih. Ryckaert-Bell.          LJ-14     Coulomb-14
    3.75039e+03    2.18084e+02    1.85698e+03    2.96294e+03    7.95134e+03
        LJ (SR)  Disper. corr.   Coulomb (SR)   Coul. recip.      Potential
    1.09044e+05   -5.11994e+03   -7.21667e+05    3.35197e+03   -5.97651e+05
    Kinetic En.   Total Energy  Conserved En.    Temperature Pres. DC (bar)
    9.50138e+04   -5.02638e+05   -5.02615e+05    2.97852e+02   -2.23948e+02
 Pressure (bar)   Constr. rmsd
    2.39036e+02    2.71997e-05

           Step           Time
           5000       10.00000

   Energies (kJ/mol)
          Angle    Proper Dih. Ryckaert-Bell.          LJ-14     Coulomb-14
    3.85826e+03    2.85441e+02    1.81623e+03    2.95795e+03    7.96790e+03
        LJ (SR)  Disper. corr.   Coulomb (SR)   Coul. recip.      Potential
    1.07997e+05   -5.11236e+03   -7.20675e+05    3.34578e+03   -5.97560e+05
    Kinetic En.   Total Energy  Conserved En.    Temperature Pres. DC (bar)
    9.59480e+04   -5.01612e+05   -5.02767e+05    3.00780e+02   -2.23286e+02
 Pressure (bar)   Constr. rmsd
    3.28542e+01    2.76005e-05

           Step           Time
          10000       20.00000

   Energies (kJ/mol)
          Angle    Proper Dih. Ryckaert-Bell.          LJ-14     Coulomb-14
    3.83129e+03    2.19511e+02    1.83357e+03    2.95874e+03    7.91771e+03
        LJ (SR)  Disper. corr.   Coulomb (SR)   Coul. recip.      Potential
    1.08475e+05   -5.09414e+03   -7.19230e+05    3.32252e+03   -5.95766e+05
    Kinetic En.   Total Energy  Conserved En.    Temperature Pres. DC (bar)
    9.55337e+04   -5.00233e+05   -5.02893e+05    2.99482e+02   -2.21699e+02
 Pressure (bar)   Constr. rmsd
    2.80362e+01    2.87427e-05

           Step           Time
          15000       30.00000

   Energies (kJ/mol)
          Angle    Proper Dih. Ryckaert-Bell.          LJ-14     Coulomb-14
    3.88176e+03    2.63937e+02    1.91196e+03    2.95193e+03    8.00489e+03
        LJ (SR)  Disper. corr.   Coulomb (SR)   Coul. recip.      Potential
    1.06773e+05   -5.09948e+03   -7.18631e+05    3.24402e+03   -5.96700e+05
    Kinetic En.   Total Energy  Conserved En.    Temperature Pres. DC (bar)
    9.50704e+04   -5.01629e+05   -5.03015e+05    2.98029e+02   -2.22163e+02
 Pressure (bar)   Constr. rmsd
   -1.75801e+02    2.88383e-05

           Step           Time
          20000       40.00000

   Energies (kJ/mol)
          Angle    Proper Dih. Ryckaert-Bell.          LJ-14     Coulomb-14
    3.95875e+03    2.49153e+02    1.88374e+03    3.03374e+03    8.02665e+03
        LJ (SR)  Disper. corr.   Coulomb (SR)   Coul. recip.      Potential
    1.07489e+05   -5.10646e+03   -7.19434e+05    3.33646e+03   -5.96563e+05
    Kinetic En.   Total Energy  Conserved En.    Temperature Pres. DC (bar)
    9.63502e+04   -5.00213e+05   -5.03155e+05    3.02041e+02   -2.22771e+02
 Pressure (bar)   Constr. rmsd
   -1.74690e+01    2.73279e-05

           Step           Time
          25000       50.00000

   Energies (kJ/mol)
          Angle    Proper Dih. Ryckaert-Bell.          LJ-14     Coulomb-14
    3.91384e+03    2.83772e+02    1.87269e+03    2.93991e+03    7.96794e+03
        LJ (SR)  Disper. corr.   Coulomb (SR)   Coul. recip.      Potential
    1.06715e+05   -5.10368e+03   -7.17433e+05    3.27774e+03   -5.95566e+05
    Kinetic En.   Total Energy  Conserved En.    Temperature Pres. DC (bar)
    9.57233e+04   -4.99843e+05   -5.03288e+05    3.00076e+02   -2.22529e+02
 Pressure (bar)   Constr. rmsd
   -1.06037e+02    2.91547e-05

           Step           Time
          30000       60.00000

   Energies (kJ/mol)
          Angle    Proper Dih. Ryckaert-Bell.          LJ-14     Coulomb-14
    3.85464e+03    2.42356e+02    1.90649e+03    3.01717e+03    8.11678e+03
        LJ (SR)  Disper. corr.   Coulomb (SR)   Coul. recip.      Potential
    1.07575e+05   -5.11039e+03   -7.17282e+05    3.32579e+03   -5.94355e+05
    Kinetic En.   Total Energy  Conserved En.    Temperature Pres. DC (bar)
    9.55651e+04   -4.98790e+05   -5.03428e+05    2.99580e+02   -2.23114e+02
 Pressure (bar)   Constr. rmsd
    7.33724e+01    2.95159e-05

           Step           Time
          35000       70.00000

   Energies (kJ/mol)
          Angle    Proper Dih. Ryckaert-Bell.          LJ-14     Coulomb-14
    3.86197e+03    2.37069e+02    1.96029e+03    2.98796e+03    8.03604e+03
        LJ (SR)  Disper. corr.   Coulomb (SR)   Coul. recip.      Potential
    1.09652e+05   -5.10497e+03   -7.19877e+05    3.33967e+03   -5.94906e+05
    Kinetic En.   Total Energy  Conserved En.    Temperature Pres. DC (bar)
    9.61099e+04   -4.98797e+05   -5.03546e+05    3.01288e+02   -2.22641e+02
 Pressure (bar)   Constr. rmsd
    2.77291e+02    2.81066e-05

           Step           Time
          40000       80.00000

   Energies (kJ/mol)
          Angle    Proper Dih. Ryckaert-Bell.          LJ-14     Coulomb-14
    3.85154e+03    2.56326e+02    1.88483e+03    2.97581e+03    8.13241e+03
        LJ (SR)  Disper. corr.   Coulomb (SR)   Coul. recip.      Potential
    1.06364e+05   -5.10026e+03   -7.17523e+05    3.33130e+03   -5.95827e+05
    Kinetic En.   Total Energy  Conserved En.    Temperature Pres. DC (bar)
    9.56395e+04   -5.00188e+05   -5.03654e+05    2.99813e+02   -2.22232e+02
 Pressure (bar)   Constr. rmsd
   -2.23065e+02    2.88042e-05

Writing checkpoint, step 42200 at Sun Oct 21 22:44:46 2018


           Step           Time
          45000       90.00000

   Energies (kJ/mol)
          Angle    Proper Dih. Ryckaert-Bell.          LJ-14     Coulomb-14
    3.83236e+03    2.44477e+02    1.88578e+03    3.09147e+03    8.01815e+03
        LJ (SR)  Disper. corr.   Coulomb (SR)   Coul. recip.      Potential
    1.06870e+05   -5.09747e+03   -7.17412e+05    3.28825e+03   -5.95278e+05
    Kinetic En.   Total Energy  Conserved En.    Temperature Pres. DC (bar)
    9.53807e+04   -4.99898e+05   -5.03787e+05    2.99002e+02   -2.21988e+02
 Pressure (bar)   Constr. rmsd
    3.32661e+01    2.62519e-05

           Step           Time
          50000      100.00000

   Energies (kJ/mol)
          Angle    Proper Dih. Ryckaert-Bell.          LJ-14     Coulomb-14
    3.91210e+03    2.40001e+02    1.79972e+03    2.92582e+03    8.04167e+03
        LJ (SR)  Disper. corr.   Coulomb (SR)   Coul. recip.      Potential
    1.06840e+05   -5.09162e+03   -7.18051e+05    3.23588e+03   -5.96147e+05
    Kinetic En.   Total Energy  Conserved En.    Temperature Pres. DC (bar)
    9.67815e+04   -4.99366e+05   -5.03924e+05    3.03393e+02   -2.21480e+02
 Pressure (bar)   Constr. rmsd
   -1.47086e+02    2.94143e-05

           Step           Time
          55000      110.00000

   Energies (kJ/mol)
          Angle    Proper Dih. Ryckaert-Bell.          LJ-14     Coulomb-14
    3.64864e+03    2.53322e+02    1.80287e+03    3.04127e+03    8.10057e+03
        LJ (SR)  Disper. corr.   Coulomb (SR)   Coul. recip.      Potential
    1.08155e+05   -5.11139e+03   -7.21142e+05    3.21471e+03   -5.98036e+05
    Kinetic En.   Total Energy  Conserved En.    Temperature Pres. DC (bar)
    9.54307e+04   -5.02605e+05   -5.04045e+05    2.99159e+02   -2.23202e+02
 Pressure (bar)   Constr. rmsd
   -1.87805e+00    2.87866e-05

           Step           Time
          60000      120.00000

   Energies (kJ/mol)
          Angle    Proper Dih. Ryckaert-Bell.          LJ-14     Coulomb-14
    3.88888e+03    2.50737e+02    1.82325e+03    3.08201e+03    8.10382e+03
        LJ (SR)  Disper. corr.   Coulomb (SR)   Coul. recip.      Potential
    1.07500e+05   -5.10876e+03   -7.18924e+05    3.29463e+03   -5.96089e+05
    Kinetic En.   Total Energy  Conserved En.    Temperature Pres. DC (bar)
    9.57406e+04   -5.00348e+05   -5.04180e+05    3.00130e+02   -2.22972e+02
 Pressure (bar)   Constr. rmsd
    1.02995e+02    2.58183e-05

           Step           Time
          65000      130.00000

   Energies (kJ/mol)
          Angle    Proper Dih. Ryckaert-Bell.          LJ-14     Coulomb-14
    3.80937e+03    2.76769e+02    1.87895e+03    2.99069e+03    8.04294e+03
        LJ (SR)  Disper. corr.   Coulomb (SR)   Coul. recip.      Potential
    1.06974e+05   -5.10326e+03   -7.18998e+05    3.36260e+03   -5.96767e+05
    Kinetic En.   Total Energy  Conserved En.    Temperature Pres. DC (bar)
    9.57805e+04   -5.00986e+05   -5.04322e+05    3.00255e+02   -2.22493e+02
 Pressure (bar)   Constr. rmsd
   -1.29833e+02    2.88534e-05

           Step           Time
          70000      140.00000

   Energies (kJ/mol)
          Angle    Proper Dih. Ryckaert-Bell.          LJ-14     Coulomb-14
    3.76858e+03    2.62656e+02    1.87794e+03    3.02094e+03    8.05547e+03
        LJ (SR)  Disper. corr.   Coulomb (SR)   Coul. recip.      Potential
    1.08327e+05   -5.09814e+03   -7.20361e+05    3.20361e+03   -5.96943e+05
    Kinetic En.   Total Energy  Conserved En.    Temperature Pres. DC (bar)
    9.56372e+04   -5.01306e+05   -5.04459e+05    2.99806e+02   -2.22047e+02
 Pressure (bar)   Constr. rmsd
    1.15872e+01    2.80441e-05

           Step           Time
          75000      150.00000

   Energies (kJ/mol)
          Angle    Proper Dih. Ryckaert-Bell.          LJ-14     Coulomb-14
    3.63373e+03    2.49968e+02    1.93148e+03    2.99934e+03    8.01813e+03
        LJ (SR)  Disper. corr.   Coulomb (SR)   Coul. recip.      Potential
    1.06387e+05   -5.11626e+03   -7.17757e+05    3.36296e+03   -5.96291e+05
    Kinetic En.   Total Energy  Conserved En.    Temperature Pres. DC (bar)
    9.58397e+04   -5.00451e+05   -5.04603e+05    3.00441e+02   -2.23626e+02
 Pressure (bar)   Constr. rmsd
   -7.20697e+01    2.73779e-05

           Step           Time
          80000      160.00000

   Energies (kJ/mol)
          Angle    Proper Dih. Ryckaert-Bell.          LJ-14     Coulomb-14
    3.75694e+03    2.35807e+02    1.84399e+03    3.00264e+03    8.07030e+03
        LJ (SR)  Disper. corr.   Coulomb (SR)   Coul. recip.      Potential
    1.05578e+05   -5.09752e+03   -7.17227e+05    3.28979e+03   -5.96547e+05
    Kinetic En.   Total Energy  Conserved En.    Temperature Pres. DC (bar)
    9.61821e+04   -5.00365e+05   -5.04728e+05    3.01514e+02   -2.21992e+02
 Pressure (bar)   Constr. rmsd
   -2.70918e+02    2.84490e-05

Writing checkpoint, step 83280 at Sun Oct 21 22:59:46 2018


           Step           Time
          85000      170.00000

   Energies (kJ/mol)
          Angle    Proper Dih. Ryckaert-Bell.          LJ-14     Coulomb-14
    3.90409e+03    2.52592e+02    1.94925e+03    2.99650e+03    8.04531e+03
        LJ (SR)  Disper. corr.   Coulomb (SR)   Coul. recip.      Potential
    1.06343e+05   -5.11962e+03   -7.15818e+05    3.27393e+03   -5.94173e+05
    Kinetic En.   Total Energy  Conserved En.    Temperature Pres. DC (bar)
    9.53887e+04   -4.98784e+05   -5.04862e+05    2.99027e+02   -2.23920e+02
 Pressure (bar)   Constr. rmsd
   -1.65227e+01    2.80185e-05

           Step           Time
          90000      180.00000

   Energies (kJ/mol)
          Angle    Proper Dih. Ryckaert-Bell.          LJ-14     Coulomb-14
    3.69862e+03    2.33023e+02    1.82365e+03    2.94641e+03    8.17823e+03
        LJ (SR)  Disper. corr.   Coulomb (SR)   Coul. recip.      Potential
    1.07231e+05   -5.10711e+03   -7.19783e+05    3.25909e+03   -5.97520e+05
    Kinetic En.   Total Energy  Conserved En.    Temperature Pres. DC (bar)
    9.61713e+04   -5.01348e+05   -5.05006e+05    3.01480e+02   -2.22828e+02
 Pressure (bar)   Constr. rmsd
   -2.10977e+02    2.94260e-05

           Step           Time
          95000      190.00000

   Energies (kJ/mol)
          Angle    Proper Dih. Ryckaert-Bell.          LJ-14     Coulomb-14
    3.71954e+03    2.54561e+02    1.77547e+03    2.98338e+03    8.11722e+03
        LJ (SR)  Disper. corr.   Coulomb (SR)   Coul. recip.      Potential
    1.05774e+05   -5.10191e+03   -7.17101e+05    3.33609e+03   -5.96243e+05
    Kinetic En.   Total Energy  Conserved En.    Temperature Pres. DC (bar)
    9.50415e+04   -5.01201e+05   -5.05125e+05    2.97939e+02   -2.22375e+02
 Pressure (bar)   Constr. rmsd
   -2.99675e+02    2.84294e-05

           Step           Time
         100000      200.00000

   Energies (kJ/mol)
          Angle    Proper Dih. Ryckaert-Bell.          LJ-14     Coulomb-14
    3.87082e+03    2.47433e+02    1.81159e+03    3.01944e+03    8.01752e+03
        LJ (SR)  Disper. corr.   Coulomb (SR)   Coul. recip.      Potential
    1.07118e+05   -5.11201e+03   -7.17749e+05    3.28418e+03   -5.95493e+05
    Kinetic En.   Total Energy  Conserved En.    Temperature Pres. DC (bar)
    9.53148e+04   -5.00178e+05   -5.05242e+05    2.98795e+02   -2.23255e+02
 Pressure (bar)   Constr. rmsd
    3.26013e+01    2.72242e-05

           Step           Time
         105000      210.00000

   Energies (kJ/mol)
          Angle    Proper Dih. Ryckaert-Bell.          LJ-14     Coulomb-14
    3.61675e+03    2.12292e+02    1.90158e+03    2.98143e+03    8.04590e+03
        LJ (SR)  Disper. corr.   Coulomb (SR)   Coul. recip.      Potential
    1.07835e+05   -5.10986e+03   -7.20134e+05    3.26094e+03   -5.97390e+05
    Kinetic En.   Total Energy  Conserved En.    Temperature Pres. DC (bar)
    9.50710e+04   -5.02319e+05   -5.05384e+05    2.98031e+02   -2.23068e+02
 Pressure (bar)   Constr. rmsd
    7.83182e+00    2.69403e-05

           Step           Time
         110000      220.00000

   Energies (kJ/mol)
          Angle    Proper Dih. Ryckaert-Bell.          LJ-14     Coulomb-14
    3.89431e+03    2.81203e+02    1.77268e+03    2.93423e+03    8.06914e+03
        LJ (SR)  Disper. corr.   Coulomb (SR)   Coul. recip.      Potential
    1.08398e+05   -5.10804e+03   -7.20453e+05    3.29963e+03   -5.96912e+05
    Kinetic En.   Total Energy  Conserved En.    Temperature Pres. DC (bar)
    9.56599e+04   -5.01252e+05   -5.05530e+05    2.99877e+02   -2.22909e+02
 Pressure (bar)   Constr. rmsd
    7.91287e+00    2.96413e-05

           Step           Time
         115000      230.00000

   Energies (kJ/mol)
          Angle    Proper Dih. Ryckaert-Bell.          LJ-14     Coulomb-14
    3.78961e+03    2.29080e+02    1.75864e+03    2.94710e+03    8.05668e+03
        LJ (SR)  Disper. corr.   Coulomb (SR)   Coul. recip.      Potential
    1.07704e+05   -5.11441e+03   -7.20284e+05    3.30418e+03   -5.97608e+05
    Kinetic En.   Total Energy  Conserved En.    Temperature Pres. DC (bar)
    9.56227e+04   -5.01986e+05   -5.05657e+05    2.99761e+02   -2.23465e+02
 Pressure (bar)   Constr. rmsd
    2.55022e+01    2.70475e-05

           Step           Time
         120000      240.00000

   Energies (kJ/mol)
          Angle    Proper Dih. Ryckaert-Bell.          LJ-14     Coulomb-14
    3.75030e+03    2.43317e+02    1.83418e+03    2.99461e+03    7.99098e+03
        LJ (SR)  Disper. corr.   Coulomb (SR)   Coul. recip.      Potential
    1.06769e+05   -5.12858e+03   -7.19220e+05    3.29196e+03   -5.97475e+05
    Kinetic En.   Total Energy  Conserved En.    Temperature Pres. DC (bar)
    9.59801e+04   -5.01495e+05   -5.05804e+05    3.00881e+02   -2.24703e+02
 Pressure (bar)   Constr. rmsd
   -4.51505e+01    2.68196e-05

Writing checkpoint, step 122640 at Sun Oct 21 23:14:46 2018


           Step           Time
         125000      250.00000

   Energies (kJ/mol)
          Angle    Proper Dih. Ryckaert-Bell.          LJ-14     Coulomb-14
    3.75891e+03    2.68691e+02    1.88530e+03    3.06622e+03    8.07197e+03
        LJ (SR)  Disper. corr.   Coulomb (SR)   Coul. recip.      Potential
    1.07402e+05   -5.11917e+03   -7.17765e+05    3.27254e+03   -5.95158e+05
    Kinetic En.   Total Energy  Conserved En.    Temperature Pres. DC (bar)
    9.54983e+04   -4.99660e+05   -5.05927e+05    2.99371e+02   -2.23880e+02
 Pressure (bar)   Constr. rmsd
    1.93327e+02    2.64843e-05

           Step           Time
         130000      260.00000

   Energies (kJ/mol)
          Angle    Proper Dih. Ryckaert-Bell.          LJ-14     Coulomb-14
    3.71749e+03    2.59197e+02    1.89574e+03    3.00801e+03    8.08053e+03
        LJ (SR)  Disper. corr.   Coulomb (SR)   Coul. recip.      Potential
    1.07697e+05   -5.10501e+03   -7.19387e+05    3.31221e+03   -5.96522e+05
    Kinetic En.   Total Energy  Conserved En.    Temperature Pres. DC (bar)
    9.59548e+04   -5.00567e+05   -5.06060e+05    3.00802e+02   -2.22645e+02
 Pressure (bar)   Constr. rmsd
    4.70538e+01    2.71493e-05

           Step           Time
         135000      270.00000

   Energies (kJ/mol)
          Angle    Proper Dih. Ryckaert-Bell.          LJ-14     Coulomb-14
    3.76153e+03    2.29451e+02    1.77224e+03    3.02073e+03    8.08173e+03
        LJ (SR)  Disper. corr.   Coulomb (SR)   Coul. recip.      Potential
    1.06351e+05   -5.09698e+03   -7.17305e+05    3.25258e+03   -5.95933e+05
    Kinetic En.   Total Energy  Conserved En.    Temperature Pres. DC (bar)
    9.61727e+04   -4.99760e+05   -5.06187e+05    3.01485e+02   -2.21946e+02
 Pressure (bar)   Constr. rmsd
   -1.25477e+02    2.70249e-05

           Step           Time
         140000      280.00000

   Energies (kJ/mol)
          Angle    Proper Dih. Ryckaert-Bell.          LJ-14     Coulomb-14
    3.80043e+03    2.41068e+02    1.72347e+03    3.00287e+03    8.10670e+03
        LJ (SR)  Disper. corr.   Coulomb (SR)   Coul. recip.      Potential
    1.06877e+05   -5.10268e+03   -7.19414e+05    3.31959e+03   -5.97445e+05
    Kinetic En.   Total Energy  Conserved En.    Temperature Pres. DC (bar)
    9.52135e+04   -5.02231e+05   -5.06309e+05    2.98478e+02   -2.22442e+02
 Pressure (bar)   Constr. rmsd
   -7.07655e+01    2.52058e-05

           Step           Time
         145000      290.00000

   Energies (kJ/mol)
          Angle    Proper Dih. Ryckaert-Bell.          LJ-14     Coulomb-14
    3.72249e+03    2.23691e+02    1.70404e+03    3.00382e+03    8.03606e+03
        LJ (SR)  Disper. corr.   Coulomb (SR)   Coul. recip.      Potential
    1.07253e+05   -5.10164e+03   -7.19206e+05    3.30257e+03   -5.97062e+05
    Kinetic En.   Total Energy  Conserved En.    Temperature Pres. DC (bar)
    9.54839e+04   -5.01578e+05   -5.06434e+05    2.99325e+02   -2.22352e+02
 Pressure (bar)   Constr. rmsd
   -6.93494e+01    2.83428e-05

           Step           Time
         150000      300.00000

   Energies (kJ/mol)
          Angle    Proper Dih. Ryckaert-Bell.          LJ-14     Coulomb-14
    3.77758e+03    2.22722e+02    1.87998e+03    3.01550e+03    8.15532e+03
        LJ (SR)  Disper. corr.   Coulomb (SR)   Coul. recip.      Potential
    1.08666e+05   -5.11172e+03   -7.21206e+05    3.24620e+03   -5.97354e+05
    Kinetic En.   Total Energy  Conserved En.    Temperature Pres. DC (bar)
    9.54440e+04   -5.01910e+05   -5.06576e+05    2.99200e+02   -2.23230e+02
 Pressure (bar)   Constr. rmsd
    1.14871e+02    2.77562e-05

           Step           Time
         155000      310.00000

   Energies (kJ/mol)
          Angle    Proper Dih. Ryckaert-Bell.          LJ-14     Coulomb-14
    3.87016e+03    2.42482e+02    1.76569e+03    2.99735e+03    8.08217e+03
        LJ (SR)  Disper. corr.   Coulomb (SR)   Coul. recip.      Potential
    1.07253e+05   -5.10212e+03   -7.19959e+05    3.25995e+03   -5.97590e+05
    Kinetic En.   Total Energy  Conserved En.    Temperature Pres. DC (bar)
    9.50580e+04   -5.02532e+05   -5.06700e+05    2.97990e+02   -2.22393e+02
 Pressure (bar)   Constr. rmsd
   -4.70234e+01    2.56311e-05

           Step           Time
         160000      320.00000

   Energies (kJ/mol)
          Angle    Proper Dih. Ryckaert-Bell.          LJ-14     Coulomb-14
    3.86831e+03    2.13429e+02    1.72157e+03    2.99322e+03    7.99250e+03
        LJ (SR)  Disper. corr.   Coulomb (SR)   Coul. recip.      Potential
    1.07648e+05   -5.09070e+03   -7.19426e+05    3.32738e+03   -5.96752e+05
    Kinetic En.   Total Energy  Conserved En.    Temperature Pres. DC (bar)
    9.55959e+04   -5.01156e+05   -5.06841e+05    2.99677e+02   -2.21400e+02
 Pressure (bar)   Constr. rmsd
   -1.23261e+02    2.96384e-05

Writing checkpoint, step 161640 at Sun Oct 21 23:29:46 2018


           Step           Time
         165000      330.00000

   Energies (kJ/mol)
          Angle    Proper Dih. Ryckaert-Bell.          LJ-14     Coulomb-14
    3.96405e+03    2.71878e+02    1.86414e+03    3.04334e+03    8.00581e+03
        LJ (SR)  Disper. corr.   Coulomb (SR)   Coul. recip.      Potential
    1.07397e+05   -5.10404e+03   -7.17982e+05    3.23592e+03   -5.95304e+05
    Kinetic En.   Total Energy  Conserved En.    Temperature Pres. DC (bar)
    9.59646e+04   -4.99339e+05   -5.06959e+05    3.00832e+02   -2.22561e+02
 Pressure (bar)   Constr. rmsd
    3.37801e+00    2.84562e-05

           Step           Time
         170000      340.00000

   Energies (kJ/mol)
          Angle    Proper Dih. Ryckaert-Bell.          LJ-14     Coulomb-14
    3.89185e+03    2.86585e+02    1.74695e+03    2.92956e+03    8.04204e+03
        LJ (SR)  Disper. corr.   Coulomb (SR)   Coul. recip.      Potential
    1.08436e+05   -5.11872e+03   -7.20984e+05    3.25748e+03   -5.97512e+05
    Kinetic En.   Total Energy  Conserved En.    Temperature Pres. DC (bar)
    9.57583e+04   -5.01754e+05   -5.07102e+05    3.00186e+02   -2.23841e+02
 Pressure (bar)   Constr. rmsd
    1.48469e+02    2.60921e-05

           Step           Time
         175000      350.00000

   Energies (kJ/mol)
          Angle    Proper Dih. Ryckaert-Bell.          LJ-14     Coulomb-14
    3.71474e+03    2.60639e+02    1.89313e+03    3.01812e+03    8.09865e+03
        LJ (SR)  Disper. corr.   Coulomb (SR)   Coul. recip.      Potential
    1.08816e+05   -5.11490e+03   -7.20924e+05    3.26581e+03   -5.96971e+05
    Kinetic En.   Total Energy  Conserved En.    Temperature Pres. DC (bar)
    9.60033e+04   -5.00968e+05   -5.07218e+05    3.00954e+02   -2.23507e+02
 Pressure (bar)   Constr. rmsd
    2.28917e+02    2.72298e-05

           Step           Time
         180000      360.00000

   Energies (kJ/mol)
          Angle    Proper Dih. Ryckaert-Bell.          LJ-14     Coulomb-14
    3.88097e+03    2.66305e+02    1.81977e+03    3.03145e+03    8.00745e+03
        LJ (SR)  Disper. corr.   Coulomb (SR)   Coul. recip.      Potential
    1.07247e+05   -5.11379e+03   -7.18243e+05    3.32659e+03   -5.95777e+05
    Kinetic En.   Total Energy  Conserved En.    Temperature Pres. DC (bar)
    9.51897e+04   -5.00588e+05   -5.07357e+05    2.98403e+02   -2.23411e+02
 Pressure (bar)   Constr. rmsd
    4.56915e+01    2.68591e-05

Writing checkpoint, step 180720 at Sun Oct 21 23:44:53 2018


           Step           Time
         185000      370.00000

   Energies (kJ/mol)
          Angle    Proper Dih. Ryckaert-Bell.          LJ-14     Coulomb-14
    3.81937e+03    2.25841e+02    1.89961e+03    3.03205e+03    8.07578e+03
        LJ (SR)  Disper. corr.   Coulomb (SR)   Coul. recip.      Potential
    1.06613e+05   -5.09841e+03   -7.16479e+05    3.31300e+03   -5.94600e+05
    Kinetic En.   Total Energy  Conserved En.    Temperature Pres. DC (bar)
    9.55458e+04   -4.99054e+05   -5.07495e+05    2.99519e+02   -2.22070e+02
 Pressure (bar)   Constr. rmsd
   -2.73044e+01    2.90841e-05

           Step           Time
         190000      380.00000

   Energies (kJ/mol)
          Angle    Proper Dih. Ryckaert-Bell.          LJ-14     Coulomb-14
    3.79983e+03    2.74655e+02    1.69484e+03    2.96385e+03    7.98584e+03
        LJ (SR)  Disper. corr.   Coulomb (SR)   Coul. recip.      Potential
    1.09550e+05   -5.11776e+03   -7.22662e+05    3.27323e+03   -5.98238e+05
    Kinetic En.   Total Energy  Conserved En.    Temperature Pres. DC (bar)
    9.60001e+04   -5.02237e+05   -5.07617e+05    3.00944e+02   -2.23757e+02
 Pressure (bar)   Constr. rmsd
    2.00103e+02    2.73079e-05

           Step           Time
         195000      390.00000

   Energies (kJ/mol)
          Angle    Proper Dih. Ryckaert-Bell.          LJ-14     Coulomb-14
    3.71277e+03    2.47578e+02    1.80495e+03    3.05156e+03    8.07038e+03
        LJ (SR)  Disper. corr.   Coulomb (SR)   Coul. recip.      Potential
    1.06032e+05   -5.11887e+03   -7.17048e+05    3.33281e+03   -5.95915e+05
    Kinetic En.   Total Energy  Conserved En.    Temperature Pres. DC (bar)
    9.56357e+04   -5.00279e+05   -5.07732e+05    2.99801e+02   -2.23854e+02
 Pressure (bar)   Constr. rmsd
   -1.38451e+02    2.81584e-05

           Step           Time
         200000      400.00000

   Energies (kJ/mol)
          Angle    Proper Dih. Ryckaert-Bell.          LJ-14     Coulomb-14
    3.78760e+03    2.42228e+02    1.77909e+03    2.95105e+03    8.04237e+03
        LJ (SR)  Disper. corr.   Coulomb (SR)   Coul. recip.      Potential
    1.09745e+05   -5.13200e+03   -7.23287e+05    3.21952e+03   -5.98653e+05
    Kinetic En.   Total Energy  Conserved En.    Temperature Pres. DC (bar)
    9.57705e+04   -5.02883e+05   -5.07851e+05    3.00224e+02   -2.25003e+02
 Pressure (bar)   Constr. rmsd
    2.23554e+02    2.84307e-05

           Step           Time
         205000      410.00000

   Energies (kJ/mol)
          Angle    Proper Dih. Ryckaert-Bell.          LJ-14     Coulomb-14
    3.82305e+03    2.48128e+02    1.92369e+03    3.01132e+03    8.07689e+03
        LJ (SR)  Disper. corr.   Coulomb (SR)   Coul. recip.      Potential
    1.06901e+05   -5.10443e+03   -7.17440e+05    3.21913e+03   -5.95341e+05
    Kinetic En.   Total Energy  Conserved En.    Temperature Pres. DC (bar)
    9.59343e+04   -4.99407e+05   -5.08015e+05    3.00737e+02   -2.22594e+02
 Pressure (bar)   Constr. rmsd
   -8.95953e+01    2.79068e-05

           Step           Time
         210000      420.00000

   Energies (kJ/mol)
          Angle    Proper Dih. Ryckaert-Bell.          LJ-14     Coulomb-14
    3.79506e+03    2.38361e+02    1.76822e+03    3.02597e+03    8.12471e+03
        LJ (SR)  Disper. corr.   Coulomb (SR)   Coul. recip.      Potential
    1.07934e+05   -5.08825e+03   -7.19592e+05    3.30181e+03   -5.96492e+05
    Kinetic En.   Total Energy  Conserved En.    Temperature Pres. DC (bar)
    9.53848e+04   -5.01107e+05   -5.08158e+05    2.99015e+02   -2.21187e+02
 Pressure (bar)   Constr. rmsd
   -5.34964e+01    2.74959e-05

Writing checkpoint, step 210960 at Sun Oct 21 23:59:47 2018


           Step           Time
         215000      430.00000

   Energies (kJ/mol)
          Angle    Proper Dih. Ryckaert-Bell.          LJ-14     Coulomb-14
    3.96165e+03    2.37513e+02    1.76385e+03    2.98833e+03    8.00469e+03
        LJ (SR)  Disper. corr.   Coulomb (SR)   Coul. recip.      Potential
    1.08170e+05   -5.11651e+03   -7.19564e+05    3.21203e+03   -5.96343e+05
    Kinetic En.   Total Energy  Conserved En.    Temperature Pres. DC (bar)
    9.55568e+04   -5.00786e+05   -5.08305e+05    2.99554e+02   -2.23648e+02
 Pressure (bar)   Constr. rmsd
    1.02594e+02    2.87368e-05

           Step           Time
         220000      440.00000

   Energies (kJ/mol)
          Angle    Proper Dih. Ryckaert-Bell.          LJ-14     Coulomb-14
    3.85321e+03    2.63972e+02    1.77781e+03    2.96810e+03    8.07253e+03
        LJ (SR)  Disper. corr.   Coulomb (SR)   Coul. recip.      Potential
    1.07189e+05   -5.10563e+03   -7.17767e+05    3.28979e+03   -5.95458e+05
    Kinetic En.   Total Energy  Conserved En.    Temperature Pres. DC (bar)
    9.53931e+04   -5.00065e+05   -5.08423e+05    2.99041e+02   -2.22699e+02
 Pressure (bar)   Constr. rmsd
    1.32463e+01    2.64211e-05

           Step           Time
         225000      450.00000

   Energies (kJ/mol)
          Angle    Proper Dih. Ryckaert-Bell.          LJ-14     Coulomb-14
    3.90782e+03    2.45186e+02    1.84136e+03    2.98949e+03    8.04420e+03
        LJ (SR)  Disper. corr.   Coulomb (SR)   Coul. recip.      Potential
    1.08095e+05   -5.10509e+03   -7.18936e+05    3.29647e+03   -5.95622e+05
    Kinetic En.   Total Energy  Conserved En.    Temperature Pres. DC (bar)
    9.71052e+04   -4.98516e+05   -5.08569e+05    3.04408e+02   -2.22652e+02
 Pressure (bar)   Constr. rmsd
    1.31424e+02    2.88780e-05

           Step           Time
         230000      460.00000

   Energies (kJ/mol)
          Angle    Proper Dih. Ryckaert-Bell.          LJ-14     Coulomb-14
    3.51217e+03    2.29134e+02    1.70082e+03    3.04865e+03    8.03587e+03
        LJ (SR)  Disper. corr.   Coulomb (SR)   Coul. recip.      Potential
    1.07019e+05   -5.10753e+03   -7.18768e+05    3.27753e+03   -5.97053e+05
    Kinetic En.   Total Energy  Conserved En.    Temperature Pres. DC (bar)
    9.59495e+04   -5.01103e+05   -5.08700e+05    3.00785e+02   -2.22864e+02
 Pressure (bar)   Constr. rmsd
   -4.39148e+01    2.67497e-05

           Step           Time
         235000      470.00000

   Energies (kJ/mol)
          Angle    Proper Dih. Ryckaert-Bell.          LJ-14     Coulomb-14
    3.97474e+03    2.63596e+02    1.84102e+03    2.95683e+03    7.99626e+03
        LJ (SR)  Disper. corr.   Coulomb (SR)   Coul. recip.      Potential
    1.06726e+05   -5.11060e+03   -7.17638e+05    3.16703e+03   -5.95823e+05
    Kinetic En.   Total Energy  Conserved En.    Temperature Pres. DC (bar)
    9.53148e+04   -5.00508e+05   -5.08811e+05    2.98796e+02   -2.23132e+02
 Pressure (bar)   Constr. rmsd
   -1.40581e+02    2.72471e-05

           Step           Time
         240000      480.00000

   Energies (kJ/mol)
          Angle    Proper Dih. Ryckaert-Bell.          LJ-14     Coulomb-14
    3.91605e+03    2.35739e+02    1.74810e+03    3.01654e+03    8.02404e+03
        LJ (SR)  Disper. corr.   Coulomb (SR)   Coul. recip.      Potential
    1.05708e+05   -5.09375e+03   -7.15730e+05    3.32585e+03   -5.94849e+05
    Kinetic En.   Total Energy  Conserved En.    Temperature Pres. DC (bar)
    9.59510e+04   -4.98898e+05   -5.08961e+05    3.00790e+02   -2.21665e+02
 Pressure (bar)   Constr. rmsd
   -7.34135e+01    2.60844e-05

           Step           Time
         245000      490.00000

   Energies (kJ/mol)
          Angle    Proper Dih. Ryckaert-Bell.          LJ-14     Coulomb-14
    3.77932e+03    2.31226e+02    1.85972e+03    2.92007e+03    8.02672e+03
        LJ (SR)  Disper. corr.   Coulomb (SR)   Coul. recip.      Potential
    1.08055e+05   -5.10909e+03   -7.20275e+05    3.27088e+03   -5.97241e+05
    Kinetic En.   Total Energy  Conserved En.    Temperature Pres. DC (bar)
    9.52816e+04   -5.01960e+05   -5.09073e+05    2.98691e+02   -2.23001e+02
 Pressure (bar)   Constr. rmsd
   -2.61078e+01    2.99164e-05

Writing checkpoint, step 246280 at Mon Oct 22 00:14:46 2018


           Step           Time
         250000      500.00000

   Energies (kJ/mol)
          Angle    Proper Dih. Ryckaert-Bell.          LJ-14     Coulomb-14
    3.80399e+03    2.38824e+02    1.84294e+03    2.97758e+03    8.05247e+03
        LJ (SR)  Disper. corr.   Coulomb (SR)   Coul. recip.      Potential
    1.07696e+05   -5.10912e+03   -7.19012e+05    3.23669e+03   -5.96273e+05
    Kinetic En.   Total Energy  Conserved En.    Temperature Pres. DC (bar)
    9.52049e+04   -5.01068e+05   -5.09210e+05    2.98451e+02   -2.23004e+02
 Pressure (bar)   Constr. rmsd
   -1.99528e+01    2.73690e-05

           Step           Time
         255000      510.00000

   Energies (kJ/mol)
          Angle    Proper Dih. Ryckaert-Bell.          LJ-14     Coulomb-14
    3.68838e+03    2.37546e+02    1.80886e+03    3.06501e+03    8.06742e+03
        LJ (SR)  Disper. corr.   Coulomb (SR)   Coul. recip.      Potential
    1.07176e+05   -5.09938e+03   -7.18702e+05    3.33160e+03   -5.96426e+05
    Kinetic En.   Total Energy  Conserved En.    Temperature Pres. DC (bar)
    9.55982e+04   -5.00828e+05   -5.09343e+05    2.99684e+02   -2.22154e+02
 Pressure (bar)   Constr. rmsd
    2.07223e+01    2.72898e-05

           Step           Time
         260000      520.00000

   Energies (kJ/mol)
          Angle    Proper Dih. Ryckaert-Bell.          LJ-14     Coulomb-14
    3.72529e+03    2.08858e+02    1.86862e+03    3.01310e+03    8.04217e+03
        LJ (SR)  Disper. corr.   Coulomb (SR)   Coul. recip.      Potential
    1.08157e+05   -5.12365e+03   -7.20097e+05    3.32646e+03   -5.96879e+05
    Kinetic En.   Total Energy  Conserved En.    Temperature Pres. DC (bar)
    9.53444e+04   -5.01535e+05   -5.09476e+05    2.98888e+02   -2.24272e+02
 Pressure (bar)   Constr. rmsd
    8.61885e+01    2.72677e-05

           Step           Time
         265000      530.00000

   Energies (kJ/mol)
          Angle    Proper Dih. Ryckaert-Bell.          LJ-14     Coulomb-14
    3.89420e+03    2.63144e+02    1.85719e+03    2.89991e+03    8.08628e+03
        LJ (SR)  Disper. corr.   Coulomb (SR)   Coul. recip.      Potential
    1.07480e+05   -5.11775e+03   -7.19078e+05    3.29910e+03   -5.96416e+05
    Kinetic En.   Total Energy  Conserved En.    Temperature Pres. DC (bar)
    9.58887e+04   -5.00527e+05   -5.09619e+05    3.00594e+02   -2.23756e+02
 Pressure (bar)   Constr. rmsd
   -1.09161e+02    3.05946e-05

           Step           Time
         270000      540.00000

   Energies (kJ/mol)
          Angle    Proper Dih. Ryckaert-Bell.          LJ-14     Coulomb-14
    3.65847e+03    2.49573e+02    1.85700e+03    3.16030e+03    8.06957e+03
        LJ (SR)  Disper. corr.   Coulomb (SR)   Coul. recip.      Potential
    1.07504e+05   -5.11836e+03   -7.18611e+05    3.22987e+03   -5.96000e+05
    Kinetic En.   Total Energy  Conserved En.    Temperature Pres. DC (bar)
    9.57541e+04   -5.00246e+05   -5.09743e+05    3.00172e+02   -2.23809e+02
 Pressure (bar)   Constr. rmsd
    1.91831e+02    2.61980e-05

           Step           Time
         275000      550.00000

   Energies (kJ/mol)
          Angle    Proper Dih. Ryckaert-Bell.          LJ-14     Coulomb-14
    3.68640e+03    2.61675e+02    1.76772e+03    3.14626e+03    8.02453e+03
        LJ (SR)  Disper. corr.   Coulomb (SR)   Coul. recip.      Potential
    1.07496e+05   -5.11030e+03   -7.18509e+05    3.30731e+03   -5.95929e+05
    Kinetic En.   Total Energy  Conserved En.    Temperature Pres. DC (bar)
    9.61535e+04   -4.99776e+05   -5.09874e+05    3.01425e+02   -2.23106e+02
 Pressure (bar)   Constr. rmsd
    2.31694e+02    2.57336e-05

           Step           Time
         280000      560.00000

   Energies (kJ/mol)
          Angle    Proper Dih. Ryckaert-Bell.          LJ-14     Coulomb-14
    3.78220e+03    2.33482e+02    1.81674e+03    3.07763e+03    8.12944e+03
        LJ (SR)  Disper. corr.   Coulomb (SR)   Coul. recip.      Potential
    1.06681e+05   -5.11486e+03   -7.17307e+05    3.37223e+03   -5.95329e+05
    Kinetic En.   Total Energy  Conserved En.    Temperature Pres. DC (bar)
    9.61126e+04   -4.99217e+05   -5.09979e+05    3.01296e+02   -2.23504e+02
 Pressure (bar)   Constr. rmsd
    1.26127e+02    2.56147e-05

           Step           Time
         285000      570.00000

   Energies (kJ/mol)
          Angle    Proper Dih. Ryckaert-Bell.          LJ-14     Coulomb-14
    3.73380e+03    2.48044e+02    1.78525e+03    2.94614e+03    7.97463e+03
        LJ (SR)  Disper. corr.   Coulomb (SR)   Coul. recip.      Potential
    1.07092e+05   -5.10369e+03   -7.18166e+05    3.32283e+03   -5.96166e+05
    Kinetic En.   Total Energy  Conserved En.    Temperature Pres. DC (bar)
    9.47844e+04   -5.01382e+05   -5.10139e+05    2.97133e+02   -2.22530e+02
 Pressure (bar)   Constr. rmsd
   -4.16343e+01    2.69864e-05

Writing checkpoint, step 286160 at Mon Oct 22 00:29:46 2018


           Step           Time
         290000      580.00000

   Energies (kJ/mol)
          Angle    Proper Dih. Ryckaert-Bell.          LJ-14     Coulomb-14
    3.96555e+03    2.69547e+02    1.83521e+03    2.99106e+03    8.01325e+03
        LJ (SR)  Disper. corr.   Coulomb (SR)   Coul. recip.      Potential
    1.06086e+05   -5.12898e+03   -7.16549e+05    3.25112e+03   -5.95267e+05
    Kinetic En.   Total Energy  Conserved En.    Temperature Pres. DC (bar)
    9.59315e+04   -4.99335e+05   -5.10247e+05    3.00729e+02   -2.24738e+02
 Pressure (bar)   Constr. rmsd
   -1.03608e+02    2.78997e-05

           Step           Time
         295000      590.00000

   Energies (kJ/mol)
          Angle    Proper Dih. Ryckaert-Bell.          LJ-14     Coulomb-14
    3.89457e+03    2.64755e+02    1.82895e+03    2.99747e+03    8.03527e+03
        LJ (SR)  Disper. corr.   Coulomb (SR)   Coul. recip.      Potential
    1.06215e+05   -5.10074e+03   -7.16020e+05    3.27967e+03   -5.94605e+05
    Kinetic En.   Total Energy  Conserved En.    Temperature Pres. DC (bar)
    9.51234e+04   -4.99482e+05   -5.10353e+05    2.98195e+02   -2.22273e+02
 Pressure (bar)   Constr. rmsd
   -1.43400e+02    2.85688e-05

           Step           Time
         300000      600.00000

   Energies (kJ/mol)
          Angle    Proper Dih. Ryckaert-Bell.          LJ-14     Coulomb-14
    3.72220e+03    2.29411e+02    1.83713e+03    2.95317e+03    8.12447e+03
        LJ (SR)  Disper. corr.   Coulomb (SR)   Coul. recip.      Potential
    1.07071e+05   -5.08969e+03   -7.18499e+05    3.22995e+03   -5.96421e+05
    Kinetic En.   Total Energy  Conserved En.    Temperature Pres. DC (bar)
    9.46705e+04   -5.01751e+05   -5.10502e+05    2.96776e+02   -2.21312e+02
 Pressure (bar)   Constr. rmsd
   -1.47361e+02    2.82391e-05

           Step           Time
         305000      610.00000

   Energies (kJ/mol)
          Angle    Proper Dih. Ryckaert-Bell.          LJ-14     Coulomb-14
    3.90388e+03    2.64283e+02    1.81031e+03    2.99200e+03    8.06021e+03
        LJ (SR)  Disper. corr.   Coulomb (SR)   Coul. recip.      Potential
    1.08638e+05   -5.12358e+03   -7.19500e+05    3.33608e+03   -5.95619e+05
    Kinetic En.   Total Energy  Conserved En.    Temperature Pres. DC (bar)
    9.58042e+04   -4.99815e+05   -5.10599e+05    3.00330e+02   -2.24266e+02
 Pressure (bar)   Constr. rmsd
    2.74468e+02    2.75106e-05

           Step           Time
         310000      620.00000

   Energies (kJ/mol)
          Angle    Proper Dih. Ryckaert-Bell.          LJ-14     Coulomb-14
    3.79274e+03    2.75057e+02    1.96704e+03    2.95391e+03    8.09911e+03
        LJ (SR)  Disper. corr.   Coulomb (SR)   Coul. recip.      Potential
    1.07517e+05   -5.10236e+03   -7.18101e+05    3.24573e+03   -5.95353e+05
    Kinetic En.   Total Energy  Conserved En.    Temperature Pres. DC (bar)
    9.54261e+04   -4.99927e+05   -5.10759e+05    2.99145e+02   -2.22414e+02
 Pressure (bar)   Constr. rmsd
   -4.24334e+01    2.96221e-05

           Step           Time
         315000      630.00000

   Energies (kJ/mol)
          Angle    Proper Dih. Ryckaert-Bell.          LJ-14     Coulomb-14
    3.80211e+03    2.42419e+02    1.83575e+03    2.98679e+03    8.04308e+03
        LJ (SR)  Disper. corr.   Coulomb (SR)   Coul. recip.      Potential
    1.07024e+05   -5.07441e+03   -7.18651e+05    3.34483e+03   -5.96447e+05
    Kinetic En.   Total Energy  Conserved En.    Temperature Pres. DC (bar)
    9.56141e+04   -5.00833e+05   -5.10875e+05    2.99734e+02   -2.19987e+02
 Pressure (bar)   Constr. rmsd
   -1.85296e+02    2.90583e-05

           Step           Time
         320000      640.00000

   Energies (kJ/mol)
          Angle    Proper Dih. Ryckaert-Bell.          LJ-14     Coulomb-14
    3.72708e+03    2.52827e+02    1.75325e+03    2.99879e+03    8.08198e+03
        LJ (SR)  Disper. corr.   Coulomb (SR)   Coul. recip.      Potential
    1.07487e+05   -5.13259e+03   -7.19475e+05    3.31015e+03   -5.96996e+05
    Kinetic En.   Total Energy  Conserved En.    Temperature Pres. DC (bar)
    9.54847e+04   -5.01512e+05   -5.10987e+05    2.99328e+02   -2.25054e+02
 Pressure (bar)   Constr. rmsd
    1.68747e+02    2.55313e-05

Writing checkpoint, step 321000 at Mon Oct 22 00:44:46 2018


           Step           Time
         325000      650.00000

   Energies (kJ/mol)
          Angle    Proper Dih. Ryckaert-Bell.          LJ-14     Coulomb-14
    3.74187e+03    2.15990e+02    1.75715e+03    3.03278e+03    7.98264e+03
        LJ (SR)  Disper. corr.   Coulomb (SR)   Coul. recip.      Potential
    1.06658e+05   -5.09475e+03   -7.17965e+05    3.26309e+03   -5.96408e+05
    Kinetic En.   Total Energy  Conserved En.    Temperature Pres. DC (bar)
    9.62006e+04   -5.00207e+05   -5.11156e+05    3.01572e+02   -2.21752e+02
 Pressure (bar)   Constr. rmsd
   -1.14448e+02    2.78537e-05

           Step           Time
         330000      660.00000

   Energies (kJ/mol)
          Angle    Proper Dih. Ryckaert-Bell.          LJ-14     Coulomb-14
    3.87722e+03    2.55307e+02    1.84587e+03    2.92163e+03    8.01816e+03
        LJ (SR)  Disper. corr.   Coulomb (SR)   Coul. recip.      Potential
    1.08584e+05   -5.10375e+03   -7.20746e+05    3.25713e+03   -5.97091e+05
    Kinetic En.   Total Energy  Conserved En.    Temperature Pres. DC (bar)
    9.54397e+04   -5.01651e+05   -5.11266e+05    2.99187e+02   -2.22535e+02
 Pressure (bar)   Constr. rmsd
   -2.43603e+01    2.88160e-05

           Step           Time
         335000      670.00000

   Energies (kJ/mol)
          Angle    Proper Dih. Ryckaert-Bell.          LJ-14     Coulomb-14
    3.96267e+03    2.46636e+02    1.86295e+03    2.94815e+03    7.99679e+03
        LJ (SR)  Disper. corr.   Coulomb (SR)   Coul. recip.      Potential
    1.07638e+05   -5.10826e+03   -7.18447e+05    3.24529e+03   -5.95654e+05
    Kinetic En.   Total Energy  Conserved En.    Temperature Pres. DC (bar)
    9.61124e+04   -4.99542e+05   -5.11392e+05    3.01296e+02   -2.22928e+02
 Pressure (bar)   Constr. rmsd
    6.49709e+01    2.69947e-05

           Step           Time
         340000      680.00000

   Energies (kJ/mol)
          Angle    Proper Dih. Ryckaert-Bell.          LJ-14     Coulomb-14
    3.83718e+03    2.87583e+02    1.85960e+03    3.01412e+03    8.06702e+03
        LJ (SR)  Disper. corr.   Coulomb (SR)   Coul. recip.      Potential
    1.08276e+05   -5.09902e+03   -7.20427e+05    3.31322e+03   -5.96871e+05
    Kinetic En.   Total Energy  Conserved En.    Temperature Pres. DC (bar)
    9.60874e+04   -5.00783e+05   -5.11528e+05    3.01217e+02   -2.22124e+02
 Pressure (bar)   Constr. rmsd
    4.14774e+01    2.74100e-05

           Step           Time
         345000      690.00000

   Energies (kJ/mol)
          Angle    Proper Dih. Ryckaert-Bell.          LJ-14     Coulomb-14
    3.89075e+03    2.67630e+02    1.90936e+03    2.99971e+03    8.00257e+03
        LJ (SR)  Disper. corr.   Coulomb (SR)   Coul. recip.      Potential
    1.07656e+05   -5.10244e+03   -7.17973e+05    3.30777e+03   -5.95042e+05
    Kinetic En.   Total Energy  Conserved En.    Temperature Pres. DC (bar)
    9.59234e+04   -4.99119e+05   -5.11652e+05    3.00703e+02   -2.22422e+02
 Pressure (bar)   Constr. rmsd
    5.42180e+01    2.74237e-05

           Step           Time
         350000      700.00000

   Energies (kJ/mol)
          Angle    Proper Dih. Ryckaert-Bell.          LJ-14     Coulomb-14
    3.80602e+03    2.22614e+02    1.82962e+03    2.97885e+03    7.95814e+03
        LJ (SR)  Disper. corr.   Coulomb (SR)   Coul. recip.      Potential
    1.08751e+05   -5.11093e+03   -7.19350e+05    3.19261e+03   -5.95722e+05
    Kinetic En.   Total Energy  Conserved En.    Temperature Pres. DC (bar)
    9.53695e+04   -5.00353e+05   -5.11778e+05    2.98967e+02   -2.23161e+02
 Pressure (bar)   Constr. rmsd
    1.18549e+02    3.16101e-05

           Step           Time
         355000      710.00000

   Energies (kJ/mol)
          Angle    Proper Dih. Ryckaert-Bell.          LJ-14     Coulomb-14
    3.90980e+03    2.24933e+02    1.84453e+03    2.96401e+03    8.03541e+03
        LJ (SR)  Disper. corr.   Coulomb (SR)   Coul. recip.      Potential
    1.08474e+05   -5.11164e+03   -7.20359e+05    3.27094e+03   -5.96747e+05
    Kinetic En.   Total Energy  Conserved En.    Temperature Pres. DC (bar)
    9.59157e+04   -5.00832e+05   -5.11905e+05    3.00679e+02   -2.23223e+02
 Pressure (bar)   Constr. rmsd
    3.75994e+01    2.96271e-05

Writing checkpoint, step 356040 at Mon Oct 22 00:59:46 2018


           Step           Time
         360000      720.00000

   Energies (kJ/mol)
          Angle    Proper Dih. Ryckaert-Bell.          LJ-14     Coulomb-14
    3.74031e+03    3.10852e+02    1.85870e+03    3.05639e+03    8.04724e+03
        LJ (SR)  Disper. corr.   Coulomb (SR)   Coul. recip.      Potential
    1.06880e+05   -5.10837e+03   -7.17194e+05    3.37163e+03   -5.95037e+05
    Kinetic En.   Total Energy  Conserved En.    Temperature Pres. DC (bar)
    9.64952e+04   -4.98542e+05   -5.12043e+05    3.02496e+02   -2.22938e+02
 Pressure (bar)   Constr. rmsd
    7.57630e+01    2.75738e-05

           Step           Time
         365000      730.00000

   Energies (kJ/mol)
          Angle    Proper Dih. Ryckaert-Bell.          LJ-14     Coulomb-14
    3.82779e+03    2.32499e+02    1.92902e+03    3.06094e+03    8.08150e+03
        LJ (SR)  Disper. corr.   Coulomb (SR)   Coul. recip.      Potential
    1.06926e+05   -5.11024e+03   -7.17049e+05    3.35504e+03   -5.94747e+05
    Kinetic En.   Total Energy  Conserved En.    Temperature Pres. DC (bar)
    9.63820e+04   -4.98365e+05   -5.12180e+05    3.02141e+02   -2.23101e+02
 Pressure (bar)   Constr. rmsd
    5.25790e+01    2.68083e-05

           Step           Time
         370000      740.00000

   Energies (kJ/mol)
          Angle    Proper Dih. Ryckaert-Bell.          LJ-14     Coulomb-14
    3.74030e+03    2.46412e+02    1.80734e+03    2.95593e+03    8.00591e+03
        LJ (SR)  Disper. corr.   Coulomb (SR)   Coul. recip.      Potential
    1.06563e+05   -5.10157e+03   -7.18080e+05    3.37968e+03   -5.96482e+05
    Kinetic En.   Total Energy  Conserved En.    Temperature Pres. DC (bar)
    9.56862e+04   -5.00796e+05   -5.12311e+05    2.99960e+02   -2.22346e+02
 Pressure (bar)   Constr. rmsd
   -1.22029e+02    2.74729e-05

           Step           Time
         375000      750.00000

   Energies (kJ/mol)
          Angle    Proper Dih. Ryckaert-Bell.          LJ-14     Coulomb-14
    3.81929e+03    2.76451e+02    1.83872e+03    2.99802e+03    8.06957e+03
        LJ (SR)  Disper. corr.   Coulomb (SR)   Coul. recip.      Potential
    1.07757e+05   -5.09316e+03   -7.18546e+05    3.34973e+03   -5.95530e+05
    Kinetic En.   Total Energy  Conserved En.    Temperature Pres. DC (bar)
    9.53817e+04   -5.00149e+05   -5.12433e+05    2.99005e+02   -2.21614e+02
 Pressure (bar)   Constr. rmsd
    7.99757e+01    2.58856e-05

           Step           Time
         380000      760.00000

   Energies (kJ/mol)
          Angle    Proper Dih. Ryckaert-Bell.          LJ-14     Coulomb-14
    3.79886e+03    2.42455e+02    1.90157e+03    2.98767e+03    8.07919e+03
        LJ (SR)  Disper. corr.   Coulomb (SR)   Coul. recip.      Potential
    1.07787e+05   -5.10067e+03   -7.19244e+05    3.37446e+03   -5.96173e+05
    Kinetic En.   Total Energy  Conserved En.    Temperature Pres. DC (bar)
    9.49664e+04   -5.01207e+05   -5.12537e+05    2.97703e+02   -2.22267e+02
 Pressure (bar)   Constr. rmsd
    5.77679e+01    2.75515e-05

           Step           Time
         385000      770.00000

   Energies (kJ/mol)
          Angle    Proper Dih. Ryckaert-Bell.          LJ-14     Coulomb-14
    3.85926e+03    2.46547e+02    1.81178e+03    2.96768e+03    7.98668e+03
        LJ (SR)  Disper. corr.   Coulomb (SR)   Coul. recip.      Potential
    1.08332e+05   -5.12574e+03   -7.19760e+05    3.35183e+03   -5.96330e+05
    Kinetic En.   Total Energy  Conserved En.    Temperature Pres. DC (bar)
    9.63677e+04   -4.99963e+05   -5.12687e+05    3.02096e+02   -2.24455e+02
 Pressure (bar)   Constr. rmsd
    1.43155e+02    2.94473e-05

           Step           Time
         390000      780.00000

   Energies (kJ/mol)
          Angle    Proper Dih. Ryckaert-Bell.          LJ-14     Coulomb-14
    3.78244e+03    2.34473e+02    1.95333e+03    2.98454e+03    8.05167e+03
        LJ (SR)  Disper. corr.   Coulomb (SR)   Coul. recip.      Potential
    1.07834e+05   -5.08977e+03   -7.17118e+05    3.33717e+03   -5.94030e+05
    Kinetic En.   Total Energy  Conserved En.    Temperature Pres. DC (bar)
    9.60857e+04   -4.97944e+05   -5.12819e+05    3.01212e+02   -2.21319e+02
 Pressure (bar)   Constr. rmsd
    5.04342e+01    2.96531e-05

           Step           Time
         395000      790.00000

   Energies (kJ/mol)
          Angle    Proper Dih. Ryckaert-Bell.          LJ-14     Coulomb-14
    3.73057e+03    2.42982e+02    1.91233e+03    2.92255e+03    8.01012e+03
        LJ (SR)  Disper. corr.   Coulomb (SR)   Coul. recip.      Potential
    1.07073e+05   -5.10957e+03   -7.17861e+05    3.27451e+03   -5.95804e+05
    Kinetic En.   Total Energy  Conserved En.    Temperature Pres. DC (bar)
    9.53363e+04   -5.00467e+05   -5.12976e+05    2.98863e+02   -2.23043e+02
 Pressure (bar)   Constr. rmsd
   -6.33028e+01    2.76463e-05

Writing checkpoint, step 395800 at Mon Oct 22 01:14:46 2018


           Step           Time
         400000      800.00000

   Energies (kJ/mol)
          Angle    Proper Dih. Ryckaert-Bell.          LJ-14     Coulomb-14
    3.87546e+03    2.51879e+02    1.86734e+03    3.03764e+03    8.00750e+03
        LJ (SR)  Disper. corr.   Coulomb (SR)   Coul. recip.      Potential
    1.05974e+05   -5.08961e+03   -7.16530e+05    3.28376e+03   -5.95322e+05
    Kinetic En.   Total Energy  Conserved En.    Temperature Pres. DC (bar)
    9.60698e+04   -4.99252e+05   -5.13122e+05    3.01162e+02   -2.21305e+02
 Pressure (bar)   Constr. rmsd
   -3.11210e+02    3.07240e-05

           Step           Time
         405000      810.00000

   Energies (kJ/mol)
          Angle    Proper Dih. Ryckaert-Bell.          LJ-14     Coulomb-14
    3.93517e+03    2.20990e+02    1.79775e+03    3.00027e+03    7.97531e+03
        LJ (SR)  Disper. corr.   Coulomb (SR)   Coul. recip.      Potential
    1.07415e+05   -5.10262e+03   -7.17840e+05    3.25289e+03   -5.95345e+05
    Kinetic En.   Total Energy  Conserved En.    Temperature Pres. DC (bar)
    9.61373e+04   -4.99208e+05   -5.13244e+05    3.01374e+02   -2.22437e+02
 Pressure (bar)   Constr. rmsd
    7.13623e+00    2.84601e-05

           Step           Time
         410000      820.00000

   Energies (kJ/mol)
          Angle    Proper Dih. Ryckaert-Bell.          LJ-14     Coulomb-14
    3.75125e+03    2.23066e+02    1.83458e+03    3.05119e+03    8.08990e+03
        LJ (SR)  Disper. corr.   Coulomb (SR)   Coul. recip.      Potential
    1.07829e+05   -5.10298e+03   -7.19652e+05    3.34202e+03   -5.96634e+05
    Kinetic En.   Total Energy  Conserved En.    Temperature Pres. DC (bar)
    9.46720e+04   -5.01962e+05   -5.13345e+05    2.96780e+02   -2.22468e+02
 Pressure (bar)   Constr. rmsd
    1.30623e+02    2.52888e-05

           Step           Time
         415000      830.00000

   Energies (kJ/mol)
          Angle    Proper Dih. Ryckaert-Bell.          LJ-14     Coulomb-14
    3.84929e+03    2.61760e+02    1.75553e+03    3.03006e+03    8.04239e+03
        LJ (SR)  Disper. corr.   Coulomb (SR)   Coul. recip.      Potential
    1.07475e+05   -5.12102e+03   -7.18359e+05    3.26437e+03   -5.95802e+05
    Kinetic En.   Total Energy  Conserved En.    Temperature Pres. DC (bar)
    9.50889e+04   -5.00713e+05   -5.13488e+05    2.98087e+02   -2.24042e+02
 Pressure (bar)   Constr. rmsd
    5.19682e+00    2.88145e-05

           Step           Time
         420000      840.00000

   Energies (kJ/mol)
          Angle    Proper Dih. Ryckaert-Bell.          LJ-14     Coulomb-14
    3.91027e+03    2.42310e+02    1.83750e+03    2.97048e+03    8.03145e+03
        LJ (SR)  Disper. corr.   Coulomb (SR)   Coul. recip.      Potential
    1.07064e+05   -5.10224e+03   -7.18791e+05    3.30243e+03   -5.96534e+05
    Kinetic En.   Total Energy  Conserved En.    Temperature Pres. DC (bar)
    9.57982e+04   -5.00736e+05   -5.13611e+05    3.00311e+02   -2.22404e+02
 Pressure (bar)   Constr. rmsd
   -6.64934e+01    2.63780e-05

Writing checkpoint, step 421120 at Mon Oct 22 01:29:46 2018


           Step           Time
         425000      850.00000

   Energies (kJ/mol)
          Angle    Proper Dih. Ryckaert-Bell.          LJ-14     Coulomb-14
    3.76242e+03    2.53086e+02    1.88135e+03    2.99764e+03    8.03206e+03
        LJ (SR)  Disper. corr.   Coulomb (SR)   Coul. recip.      Potential
    1.07456e+05   -5.10214e+03   -7.18399e+05    3.31965e+03   -5.95799e+05
    Kinetic En.   Total Energy  Conserved En.    Temperature Pres. DC (bar)
    9.59566e+04   -4.99842e+05   -5.13768e+05    3.00808e+02   -2.22395e+02
 Pressure (bar)   Constr. rmsd
   -4.20321e+01    2.89252e-05

           Step           Time
         430000      860.00000

   Energies (kJ/mol)
          Angle    Proper Dih. Ryckaert-Bell.          LJ-14     Coulomb-14
    3.79452e+03    2.78030e+02    1.81666e+03    2.96267e+03    7.98229e+03
        LJ (SR)  Disper. corr.   Coulomb (SR)   Coul. recip.      Potential
    1.06992e+05   -5.10857e+03   -7.17456e+05    3.25870e+03   -5.95480e+05
    Kinetic En.   Total Energy  Conserved En.    Temperature Pres. DC (bar)
    9.58705e+04   -4.99609e+05   -5.13891e+05    3.00537e+02   -2.22955e+02
 Pressure (bar)   Constr. rmsd
   -6.91116e+01    2.91894e-05

           Step           Time
         435000      870.00000

   Energies (kJ/mol)
          Angle    Proper Dih. Ryckaert-Bell.          LJ-14     Coulomb-14
    3.67054e+03    2.25046e+02    1.78670e+03    2.95165e+03    7.96332e+03
        LJ (SR)  Disper. corr.   Coulomb (SR)   Coul. recip.      Potential
    1.06622e+05   -5.08592e+03   -7.18937e+05    3.32455e+03   -5.97479e+05
    Kinetic En.   Total Energy  Conserved En.    Temperature Pres. DC (bar)
    9.46014e+04   -5.02878e+05   -5.14033e+05    2.96559e+02   -2.20985e+02
 Pressure (bar)   Constr. rmsd
   -3.90281e+02    2.98673e-05

           Step           Time
         440000      880.00000

   Energies (kJ/mol)
          Angle    Proper Dih. Ryckaert-Bell.          LJ-14     Coulomb-14
    3.88474e+03    2.06071e+02    1.86545e+03    2.97371e+03    7.97241e+03
        LJ (SR)  Disper. corr.   Coulomb (SR)   Coul. recip.      Potential
    1.07572e+05   -5.11417e+03   -7.18720e+05    3.31782e+03   -5.96042e+05
    Kinetic En.   Total Energy  Conserved En.    Temperature Pres. DC (bar)
    9.49339e+04   -5.01108e+05   -5.14110e+05    2.97601e+02   -2.23444e+02
 Pressure (bar)   Constr. rmsd
    5.05522e+01    2.83250e-05

           Step           Time
         445000      890.00000

   Energies (kJ/mol)
          Angle    Proper Dih. Ryckaert-Bell.          LJ-14     Coulomb-14
    3.97741e+03    2.42314e+02    1.84446e+03    2.96443e+03    7.97985e+03
        LJ (SR)  Disper. corr.   Coulomb (SR)   Coul. recip.      Potential
    1.07059e+05   -5.11087e+03   -7.17906e+05    3.23675e+03   -5.95713e+05
    Kinetic En.   Total Energy  Conserved En.    Temperature Pres. DC (bar)
    9.55074e+04   -5.00206e+05   -5.14270e+05    2.99399e+02   -2.23155e+02
 Pressure (bar)   Constr. rmsd
   -1.02542e+02    2.80999e-05

           Step           Time
         450000      900.00000

   Energies (kJ/mol)
          Angle    Proper Dih. Ryckaert-Bell.          LJ-14     Coulomb-14
    3.80427e+03    2.42766e+02    1.82522e+03    3.04681e+03    8.02034e+03
        LJ (SR)  Disper. corr.   Coulomb (SR)   Coul. recip.      Potential
    1.07972e+05   -5.12677e+03   -7.20508e+05    3.32350e+03   -5.97400e+05
    Kinetic En.   Total Energy  Conserved En.    Temperature Pres. DC (bar)
    9.54095e+04   -5.01991e+05   -5.14399e+05    2.99092e+02   -2.24545e+02
 Pressure (bar)   Constr. rmsd
    8.47195e+01    2.68996e-05

           Step           Time
         455000      910.00000

   Energies (kJ/mol)
          Angle    Proper Dih. Ryckaert-Bell.          LJ-14     Coulomb-14
    3.70643e+03    2.98929e+02    1.85479e+03    3.02230e+03    8.02801e+03
        LJ (SR)  Disper. corr.   Coulomb (SR)   Coul. recip.      Potential
    1.06816e+05   -5.09979e+03   -7.18312e+05    3.34200e+03   -5.96344e+05
    Kinetic En.   Total Energy  Conserved En.    Temperature Pres. DC (bar)
    9.51841e+04   -5.01160e+05   -5.14527e+05    2.98386e+02   -2.22190e+02
 Pressure (bar)   Constr. rmsd
   -1.21640e+02    2.69086e-05

           Step           Time
         460000      920.00000

   Energies (kJ/mol)
          Angle    Proper Dih. Ryckaert-Bell.          LJ-14     Coulomb-14
    3.89364e+03    2.72722e+02    1.87191e+03    2.96171e+03    8.02105e+03
        LJ (SR)  Disper. corr.   Coulomb (SR)   Coul. recip.      Potential
    1.08843e+05   -5.11648e+03   -7.20428e+05    3.27672e+03   -5.96404e+05
    Kinetic En.   Total Energy  Conserved En.    Temperature Pres. DC (bar)
    9.58376e+04   -5.00566e+05   -5.14657e+05    3.00434e+02   -2.23646e+02
 Pressure (bar)   Constr. rmsd
    2.02972e+02    2.77090e-05

Writing checkpoint, step 461320 at Mon Oct 22 01:44:46 2018


           Step           Time
         465000      930.00000

   Energies (kJ/mol)
          Angle    Proper Dih. Ryckaert-Bell.          LJ-14     Coulomb-14
    3.76934e+03    2.15832e+02    1.81608e+03    3.06333e+03    7.99808e+03
        LJ (SR)  Disper. corr.   Coulomb (SR)   Coul. recip.      Potential
    1.07107e+05   -5.10834e+03   -7.19593e+05    3.23668e+03   -5.97495e+05
    Kinetic En.   Total Energy  Conserved En.    Temperature Pres. DC (bar)
    9.63621e+04   -5.01133e+05   -5.14812e+05    3.02079e+02   -2.22935e+02
 Pressure (bar)   Constr. rmsd
   -5.71839e+01    2.72939e-05

           Step           Time
         470000      940.00000

   Energies (kJ/mol)
          Angle    Proper Dih. Ryckaert-Bell.          LJ-14     Coulomb-14
    4.03882e+03    2.51008e+02    1.69675e+03    3.04209e+03    7.95052e+03
        LJ (SR)  Disper. corr.   Coulomb (SR)   Coul. recip.      Potential
    1.08455e+05   -5.09995e+03   -7.19307e+05    3.35605e+03   -5.95617e+05
    Kinetic En.   Total Energy  Conserved En.    Temperature Pres. DC (bar)
    9.63883e+04   -4.99229e+05   -5.14933e+05    3.02161e+02   -2.22204e+02
 Pressure (bar)   Constr. rmsd
    1.70746e+02    2.72802e-05

           Step           Time
         475000      950.00000

   Energies (kJ/mol)
          Angle    Proper Dih. Ryckaert-Bell.          LJ-14     Coulomb-14
    3.61040e+03    2.49236e+02    1.77495e+03    2.98194e+03    7.92975e+03
        LJ (SR)  Disper. corr.   Coulomb (SR)   Coul. recip.      Potential
    1.08539e+05   -5.08308e+03   -7.20749e+05    3.27764e+03   -5.97470e+05
    Kinetic En.   Total Energy  Conserved En.    Temperature Pres. DC (bar)
    9.47760e+04   -5.02694e+05   -5.15078e+05    2.97106e+02   -2.20739e+02
 Pressure (bar)   Constr. rmsd
   -2.91841e+01    2.65763e-05

           Step           Time
         480000      960.00000

   Energies (kJ/mol)
          Angle    Proper Dih. Ryckaert-Bell.          LJ-14     Coulomb-14
    3.72735e+03    2.09882e+02    1.76967e+03    2.99724e+03    7.96530e+03
        LJ (SR)  Disper. corr.   Coulomb (SR)   Coul. recip.      Potential
    1.06834e+05   -5.11833e+03   -7.18504e+05    3.35279e+03   -5.96765e+05
    Kinetic En.   Total Energy  Conserved En.    Temperature Pres. DC (bar)
    9.55480e+04   -5.01217e+05   -5.15212e+05    2.99526e+02   -2.23807e+02
 Pressure (bar)   Constr. rmsd
   -9.29024e+01    2.94035e-05

           Step           Time
         485000      970.00000

   Energies (kJ/mol)
          Angle    Proper Dih. Ryckaert-Bell.          LJ-14     Coulomb-14
    3.76363e+03    2.15362e+02    1.82032e+03    3.01100e+03    7.94540e+03
        LJ (SR)  Disper. corr.   Coulomb (SR)   Coul. recip.      Potential
    1.07119e+05   -5.11347e+03   -7.18077e+05    3.26627e+03   -5.96049e+05
    Kinetic En.   Total Energy  Conserved En.    Temperature Pres. DC (bar)
    9.52407e+04   -5.00808e+05   -5.15323e+05    2.98563e+02   -2.23383e+02
 Pressure (bar)   Constr. rmsd
   -6.67899e+01    2.99990e-05

           Step           Time
         490000      980.00000

   Energies (kJ/mol)
          Angle    Proper Dih. Ryckaert-Bell.          LJ-14     Coulomb-14
    3.76562e+03    2.50076e+02    1.78097e+03    3.00145e+03    8.02399e+03
        LJ (SR)  Disper. corr.   Coulomb (SR)   Coul. recip.      Potential
    1.06974e+05   -5.09743e+03   -7.18468e+05    3.24100e+03   -5.96527e+05
    Kinetic En.   Total Energy  Conserved En.    Temperature Pres. DC (bar)
    9.57838e+04   -5.00744e+05   -5.15462e+05    3.00266e+02   -2.21985e+02
 Pressure (bar)   Constr. rmsd
   -1.32644e+02    2.72492e-05

           Step           Time
         495000      990.00000

   Energies (kJ/mol)
          Angle    Proper Dih. Ryckaert-Bell.          LJ-14     Coulomb-14
    3.58948e+03    2.80142e+02    1.83370e+03    3.04510e+03    8.03752e+03
        LJ (SR)  Disper. corr.   Coulomb (SR)   Coul. recip.      Potential
    1.07662e+05   -5.09565e+03   -7.19467e+05    3.16503e+03   -5.96950e+05
    Kinetic En.   Total Energy  Conserved En.    Temperature Pres. DC (bar)
    9.54715e+04   -5.01478e+05   -5.15591e+05    2.99287e+02   -2.21830e+02
 Pressure (bar)   Constr. rmsd
    3.76938e+01    2.59290e-05

           Step           Time
         500000     1000.00000

Writing checkpoint, step 500000 at Mon Oct 22 01:58:57 2018


   Energies (kJ/mol)
          Angle    Proper Dih. Ryckaert-Bell.          LJ-14     Coulomb-14
    3.67458e+03    2.26010e+02    1.75357e+03    3.07340e+03    8.04729e+03
        LJ (SR)  Disper. corr.   Coulomb (SR)   Coul. recip.      Potential
    1.06491e+05   -5.09512e+03   -7.18463e+05    3.23782e+03   -5.97055e+05
    Kinetic En.   Total Energy  Conserved En.    Temperature Pres. DC (bar)
    9.62669e+04   -5.00788e+05   -5.15729e+05    3.01780e+02   -2.21784e+02
 Pressure (bar)   Constr. rmsd
   -1.33737e+02    2.64464e-05

	<======  ###############  ==>
	<====  A V E R A G E S  ====>
	<==  ###############  ======>

	Statistics over 500001 steps using 5001 frames

   Energies (kJ/mol)
          Angle    Proper Dih. Ryckaert-Bell.          LJ-14     Coulomb-14
    3.81073e+03    2.48386e+02    1.83206e+03    3.00864e+03    8.03969e+03
        LJ (SR)  Disper. corr.   Coulomb (SR)   Coul. recip.      Potential
    1.07446e+05   -5.10804e+03   -7.18779e+05    3.29601e+03   -5.96205e+05
    Kinetic En.   Total Energy  Conserved En.    Temperature Pres. DC (bar)
    9.56896e+04   -5.00515e+05   -5.09181e+05    2.99970e+02   -2.22910e+02
 Pressure (bar)   Constr. rmsd
    1.44172e+00    0.00000e+00

          Box-X          Box-Y          Box-Z
    7.24932e+00    7.24932e+00    7.24932e+00

   Total Virial (kJ/mol)
    3.19287e+04   -2.66532e+00    4.97590e+00
   -2.67209e+00    3.18702e+04   -4.18668e+00
    4.86030e+00   -4.54890e+00    3.18455e+04

   Pressure (bar)
   -2.37535e+00   -6.67147e-01   -5.54949e-01
   -6.66509e-01    3.71335e+00   -4.63101e-02
   -5.44816e-01   -1.47591e-02    2.98718e+00

      T-Protein  T-non-Protein
    2.99849e+02    2.99977e+02


	M E G A - F L O P S   A C C O U N T I N G

 NB=Group-cutoff nonbonded kernels    NxN=N-by-N cluster Verlet kernels
 RF=Reaction-Field  VdW=Van der Waals  QSTab=quadratic-spline table
 W3=SPC/TIP3p  W4=TIP4p (single or pairs)
 V&F=Potential and force  V=Potential only  F=Force only

 Computing:                               M-Number         M-Flops  % Flops
-----------------------------------------------------------------------------
 Pair Search distance check          160445.168078     1444006.513     0.4
 NxN QSTab Elec. + LJ [F]           4868945.619832   199626770.413    51.9
 NxN QSTab Elec. + LJ [V&F]           49190.780112     2902256.027     0.8
 NxN QSTab Elec. [F]                4365126.261400   148414292.888    38.6
 NxN QSTab Elec. [V&F]                44100.785424     1808132.202     0.5
 1,4 nonbonded interactions            2553.005106      229770.460     0.1
 Calc Weights                         57564.115128     2072308.145     0.5
 Spread Q Bspline                   1228034.456064     2456068.912     0.6
 Gather F Bspline                   1228034.456064     7368206.736     1.9
 3D-FFT                             1852959.705912    14823677.647     3.9
 Solve PME                             1152.002304       73728.147     0.0
 Shift-X                                479.738376        2878.430     0.0
 Angles                                1773.503547      297948.596     0.1
 Propers                                213.000426       48777.098     0.0
 RB-Dihedrals                          1975.003950      487825.976     0.1
 Virial                                1921.088421       34579.592     0.0
 Stop-CM                                191.918376        1919.184     0.0
 Calc-Ekin                             3837.676752      103617.272     0.0
 Lincs                                  992.001984       59520.119     0.0
 Lincs-Mat                            21282.042564       85128.170     0.0
 Constraint-V                         20188.040376      161504.323     0.0
 Constraint-Vir                        1919.638392       46071.321     0.0
 Settle                                6068.012136     1959967.920     0.5
-----------------------------------------------------------------------------
 Total                                               384508956.090   100.0
-----------------------------------------------------------------------------


     R E A L   C Y C L E   A N D   T I M E   A C C O U N T I N G

On 1 MPI rank, each using 8 OpenMP threads

 Computing:          Num   Num      Call    Wall time         Giga-Cycles
                     Ranks Threads  Count      (s)         total sum    %
-----------------------------------------------------------------------------
 Neighbor search        1    8      12501     238.185       5913.828   1.9
 Force                  1    8     500001    9164.854     227551.786  73.0
 PME mesh               1    8     500001    1909.257      47404.445  15.2
 NB X/F buffer ops.     1    8     987501     547.195      13586.156   4.4
 Write traj.            1    8        114       5.814        144.358   0.0
 Update                 1    8     500001     223.013       5537.140   1.8
 Constraints            1    8     500001     406.771      10099.603   3.2
 Rest                                          56.644       1406.398   0.5
-----------------------------------------------------------------------------
 Total                                      12551.732     311643.714 100.0
-----------------------------------------------------------------------------
 Breakdown of PME mesh computation
-----------------------------------------------------------------------------
 PME spread             1    8     500001     779.413      19351.834   6.2
 PME gather             1    8     500001     719.594      17866.607   5.7
 PME 3D-FFT             1    8    1000002     344.040       8542.073   2.7
 PME solve Elec         1    8     500001      42.637       1058.633   0.3
-----------------------------------------------------------------------------

               Core t (s)   Wall t (s)        (%)
       Time:   100413.858    12551.732      800.0
                         3h29:11
                 (ns/day)    (hour/ns)
Performance:        6.884        3.487
Finished mdrun on rank 0 Mon Oct 22 01:58:57 2018
