Log file opened on Sun Oct 21 18:53:41 2018
Host: a-X58A-UD7  pid: 17466  rank ID: 0  number of ranks:  1
                      :-) GROMACS - gmx mdrun, 2018.1 (-:

                            GROMACS is written by:
     Emile Apol      Rossen Apostolov      Paul Bauer     Herman J.C. Berendsen
    Par Bjelkmar    Aldert van Buuren   Rudi van Drunen     Anton Feenstra  
  Gerrit Groenhof    Aleksei Iupinov   Christoph Junghans   Anca Hamuraru   
 Vincent Hindriksen Dimitrios Karkoulis    Peter Kasson        Jiri Kraus    
  Carsten Kutzner      Per Larsson      Justin A. Lemkul    Viveca Lindahl  
  Magnus Lundborg   Pieter Meulenhoff    Erik Marklund      Teemu Murtola   
    Szilard Pall       Sander Pronk      Roland Schulz     Alexey Shvetsov  
   Michael Shirts     Alfons Sijbers     Peter Tieleman    Teemu Virolainen 
 Christian Wennberg    Maarten Wolf   
                           and the project leaders:
        Mark Abraham, Berk Hess, Erik Lindahl, and David van der Spoel

Copyright (c) 1991-2000, University of Groningen, The Netherlands.
Copyright (c) 2001-2017, The GROMACS development team at
Uppsala University, Stockholm University and
the Royal Institute of Technology, Sweden.
check out http://www.gromacs.org for more information.

GROMACS is free software; you can redistribute it and/or modify it
under the terms of the GNU Lesser General Public License
as published by the Free Software Foundation; either version 2.1
of the License, or (at your option) any later version.

GROMACS:      gmx mdrun, version 2018.1
Executable:   /usr/bin/gmx
Data prefix:  /usr
Working dir:  /home/a/Downloads/lys
Command line:
  gmx mdrun -v -deffnm nvt -nt 8

GROMACS version:    2018.1
Precision:          single
Memory model:       64 bit
MPI library:        thread_mpi
OpenMP support:     enabled (GMX_OPENMP_MAX_THREADS = 64)
GPU support:        disabled
SIMD instructions:  SSE2
FFT library:        fftw-3.3.7-sse2-avx
RDTSCP usage:       disabled
TNG support:        enabled
Hwloc support:      hwloc-1.11.6
Tracing support:    disabled
Built on:           2018-03-31 17:12:46
Built by:           buildd@debian [CMAKE]
Build OS/arch:      Linux x86_64
Build CPU vendor:   Intel
Build CPU brand:    Westmere E56xx/L56xx/X56xx (Nehalem-C)
Build CPU family:   6   Model: 44   Stepping: 1
Build CPU features: aes apic clfsh cmov cx8 cx16 intel lahf mmx msr pcid pclmuldq pdpe1gb popcnt pse rdtscp sse2 sse3 sse4.1 sse4.2 ssse3 x2apic
C compiler:         /usr/bin/cc GNU 7.3.0
C compiler flags:    -msse2   -g -O2 -fdebug-prefix-map=/build/gromacs-Fqu8ou/gromacs-2018.1=. -fstack-protector-strong -Wformat -Werror=format-security -Wdate-time -D_FORTIFY_SOURCE=2  -O3 -DNDEBUG -funroll-all-loops -fexcess-precision=fast  
C++ compiler:       /usr/bin/c++ GNU 7.3.0
C++ compiler flags:  -msse2   -g -O2 -fdebug-prefix-map=/build/gromacs-Fqu8ou/gromacs-2018.1=. -fstack-protector-strong -Wformat -Werror=format-security -Wdate-time -D_FORTIFY_SOURCE=2 -std=c++11   -O3 -DNDEBUG -funroll-all-loops -fexcess-precision=fast  


Running on 1 node with total 4 cores, 8 logical cores
Hardware detected:
  CPU info:
    Vendor: Intel
    Brand:  Intel(R) Core(TM) i7 CPU         950  @ 3.07GHz
    Family: 6   Model: 26   Stepping: 5
    Features: apic clfsh cmov cx8 cx16 htt intel lahf mmx msr nonstop_tsc pdcm popcnt pse rdtscp sse2 sse3 sse4.1 sse4.2 ssse3
  Hardware topology: Full, with devices
    Sockets, cores, and logical processors:
      Socket  0: [   0   4] [   1   5] [   2   6] [   3   7]
    Numa nodes:
      Node  0 (4133273600 bytes mem):   0   1   2   3   4   5   6   7
      Latency:
               0
         0  1.00
    Caches:
      L1: 32768 bytes, linesize 64 bytes, assoc. 8, shared 2 ways
      L2: 262144 bytes, linesize 64 bytes, assoc. 8, shared 2 ways
      L3: 8388608 bytes, linesize 64 bytes, assoc. 16, shared 8 ways
    PCI devices:
      0000:01:00.0  Id: 1b4b:91a3  Class: 0x0101  Numa: 0
      0000:03:00.0  Id: 10de:0ca3  Class: 0x0300  Numa: 0
      0000:08:00.0  Id: 197b:2363  Class: 0x0106  Numa: 0
      0000:08:00.1  Id: 197b:2363  Class: 0x0101  Numa: 0
      0000:09:00.0  Id: 197b:2363  Class: 0x0106  Numa: 0
      0000:09:00.1  Id: 197b:2363  Class: 0x0101  Numa: 0
      0000:0a:00.0  Id: 10ec:8168  Class: 0x0200  Numa: 0
      0000:0b:00.0  Id: 10ec:8168  Class: 0x0200  Numa: 0
      0000:00:1f.2  Id: 8086:3a20  Class: 0x0101  Numa: 0
      0000:00:1f.5  Id: 8086:3a26  Class: 0x0101  Numa: 0

Highest SIMD level requested by all nodes in run: SSE4.1
SIMD instructions selected at compile time:       SSE2
This program was compiled for different hardware than you are running on,
which could influence performance.
The current CPU can measure timings more accurately than the code in
gmx mdrun was configured to use. This might affect your simulation
speed as accurate timings are needed for load-balancing.
Please consider rebuilding gmx mdrun with the GMX_USE_RDTSCP=ON CMake option.

++++ PLEASE READ AND CITE THE FOLLOWING REFERENCE ++++
M. J. Abraham, T. Murtola, R. Schulz, S. Páll, J. C. Smith, B. Hess, E.
Lindahl
GROMACS: High performance molecular simulations through multi-level
parallelism from laptops to supercomputers
SoftwareX 1 (2015) pp. 19-25
-------- -------- --- Thank You --- -------- --------


++++ PLEASE READ AND CITE THE FOLLOWING REFERENCE ++++
S. Páll, M. J. Abraham, C. Kutzner, B. Hess, E. Lindahl
Tackling Exascale Software Challenges in Molecular Dynamics Simulations with
GROMACS
In S. Markidis & E. Laure (Eds.), Solving Software Challenges for Exascale 8759 (2015) pp. 3-27
-------- -------- --- Thank You --- -------- --------


++++ PLEASE READ AND CITE THE FOLLOWING REFERENCE ++++
S. Pronk, S. Páll, R. Schulz, P. Larsson, P. Bjelkmar, R. Apostolov, M. R.
Shirts, J. C. Smith, P. M. Kasson, D. van der Spoel, B. Hess, and E. Lindahl
GROMACS 4.5: a high-throughput and highly parallel open source molecular
simulation toolkit
Bioinformatics 29 (2013) pp. 845-54
-------- -------- --- Thank You --- -------- --------


++++ PLEASE READ AND CITE THE FOLLOWING REFERENCE ++++
B. Hess and C. Kutzner and D. van der Spoel and E. Lindahl
GROMACS 4: Algorithms for highly efficient, load-balanced, and scalable
molecular simulation
J. Chem. Theory Comput. 4 (2008) pp. 435-447
-------- -------- --- Thank You --- -------- --------


++++ PLEASE READ AND CITE THE FOLLOWING REFERENCE ++++
D. van der Spoel, E. Lindahl, B. Hess, G. Groenhof, A. E. Mark and H. J. C.
Berendsen
GROMACS: Fast, Flexible and Free
J. Comp. Chem. 26 (2005) pp. 1701-1719
-------- -------- --- Thank You --- -------- --------


++++ PLEASE READ AND CITE THE FOLLOWING REFERENCE ++++
E. Lindahl and B. Hess and D. van der Spoel
GROMACS 3.0: A package for molecular simulation and trajectory analysis
J. Mol. Mod. 7 (2001) pp. 306-317
-------- -------- --- Thank You --- -------- --------


++++ PLEASE READ AND CITE THE FOLLOWING REFERENCE ++++
H. J. C. Berendsen, D. van der Spoel and R. van Drunen
GROMACS: A message-passing parallel molecular dynamics implementation
Comp. Phys. Comm. 91 (1995) pp. 43-56
-------- -------- --- Thank You --- -------- --------

Input Parameters:
   integrator                     = md
   tinit                          = 0
   dt                             = 0.002
   nsteps                         = 50000
   init-step                      = 0
   simulation-part                = 1
   comm-mode                      = Linear
   nstcomm                        = 100
   bd-fric                        = 0
   ld-seed                        = 2005413685
   emtol                          = 10
   emstep                         = 0.01
   niter                          = 20
   fcstep                         = 0
   nstcgsteep                     = 1000
   nbfgscorr                      = 10
   rtpi                           = 0.05
   nstxout                        = 500
   nstvout                        = 500
   nstfout                        = 0
   nstlog                         = 500
   nstcalcenergy                  = 100
   nstenergy                      = 500
   nstxout-compressed             = 0
   compressed-x-precision         = 1000
   cutoff-scheme                  = Verlet
   nstlist                        = 10
   ns-type                        = Grid
   pbc                            = xyz
   periodic-molecules             = false
   verlet-buffer-tolerance        = 0.005
   rlist                          = 1
   coulombtype                    = PME
   coulomb-modifier               = Potential-shift
   rcoulomb-switch                = 0
   rcoulomb                       = 1
   epsilon-r                      = 1
   epsilon-rf                     = inf
   vdw-type                       = Cut-off
   vdw-modifier                   = Potential-shift
   rvdw-switch                    = 0
   rvdw                           = 1
   DispCorr                       = EnerPres
   table-extension                = 1
   fourierspacing                 = 0.16
   fourier-nx                     = 48
   fourier-ny                     = 48
   fourier-nz                     = 48
   pme-order                      = 4
   ewald-rtol                     = 1e-05
   ewald-rtol-lj                  = 0.001
   lj-pme-comb-rule               = Geometric
   ewald-geometry                 = 0
   epsilon-surface                = 0
   implicit-solvent               = No
   gb-algorithm                   = Still
   nstgbradii                     = 1
   rgbradii                       = 1
   gb-epsilon-solvent             = 80
   gb-saltconc                    = 0
   gb-obc-alpha                   = 1
   gb-obc-beta                    = 0.8
   gb-obc-gamma                   = 4.85
   gb-dielectric-offset           = 0.009
   sa-algorithm                   = Ace-approximation
   sa-surface-tension             = 2.05016
   tcoupl                         = V-rescale
   nsttcouple                     = 10
   nh-chain-length                = 0
   print-nose-hoover-chain-variables = false
   pcoupl                         = No
   pcoupltype                     = Isotropic
   nstpcouple                     = -1
   tau-p                          = 1
   compressibility (3x3):
      compressibility[    0]={ 0.00000e+00,  0.00000e+00,  0.00000e+00}
      compressibility[    1]={ 0.00000e+00,  0.00000e+00,  0.00000e+00}
      compressibility[    2]={ 0.00000e+00,  0.00000e+00,  0.00000e+00}
   ref-p (3x3):
      ref-p[    0]={ 0.00000e+00,  0.00000e+00,  0.00000e+00}
      ref-p[    1]={ 0.00000e+00,  0.00000e+00,  0.00000e+00}
      ref-p[    2]={ 0.00000e+00,  0.00000e+00,  0.00000e+00}
   refcoord-scaling               = No
   posres-com (3):
      posres-com[0]= 0.00000e+00
      posres-com[1]= 0.00000e+00
      posres-com[2]= 0.00000e+00
   posres-comB (3):
      posres-comB[0]= 0.00000e+00
      posres-comB[1]= 0.00000e+00
      posres-comB[2]= 0.00000e+00
   QMMM                           = false
   QMconstraints                  = 0
   QMMMscheme                     = 0
   MMChargeScaleFactor            = 1
qm-opts:
   ngQM                           = 0
   constraint-algorithm           = Lincs
   continuation                   = false
   Shake-SOR                      = false
   shake-tol                      = 0.0001
   lincs-order                    = 4
   lincs-iter                     = 1
   lincs-warnangle                = 30
   nwall                          = 0
   wall-type                      = 9-3
   wall-r-linpot                  = -1
   wall-atomtype[0]               = -1
   wall-atomtype[1]               = -1
   wall-density[0]                = 0
   wall-density[1]                = 0
   wall-ewald-zfac                = 3
   pull                           = false
   awh                            = false
   rotation                       = false
   interactiveMD                  = false
   disre                          = No
   disre-weighting                = Conservative
   disre-mixed                    = false
   dr-fc                          = 1000
   dr-tau                         = 0
   nstdisreout                    = 100
   orire-fc                       = 0
   orire-tau                      = 0
   nstorireout                    = 100
   free-energy                    = no
   cos-acceleration               = 0
   deform (3x3):
      deform[    0]={ 0.00000e+00,  0.00000e+00,  0.00000e+00}
      deform[    1]={ 0.00000e+00,  0.00000e+00,  0.00000e+00}
      deform[    2]={ 0.00000e+00,  0.00000e+00,  0.00000e+00}
   simulated-tempering            = false
   swapcoords                     = no
   userint1                       = 0
   userint2                       = 0
   userint3                       = 0
   userint4                       = 0
   userreal1                      = 0
   userreal2                      = 0
   userreal3                      = 0
   userreal4                      = 0
   applied-forces:
     electric-field:
       x:
         E0                       = 0
         omega                    = 0
         t0                       = 0
         sigma                    = 0
       y:
         E0                       = 0
         omega                    = 0
         t0                       = 0
         sigma                    = 0
       z:
         E0                       = 0
         omega                    = 0
         t0                       = 0
         sigma                    = 0
grpopts:
   nrdf:     3895.85     72837.1
   ref-t:         300         300
   tau-t:         0.1         0.1
annealing:          No          No
annealing-npoints:           0           0
   acc:	           0           0           0
   nfreeze:           N           N           N
   energygrp-flags[  0]: 0

Changing nstlist from 10 to 50, rlist from 1 to 1.115


Using 1 MPI thread
Using 8 OpenMP threads 

Pinning threads with an auto-selected logical core stride of 1
System total charge: -0.000
Will do PME sum in reciprocal space for electrostatic interactions.

++++ PLEASE READ AND CITE THE FOLLOWING REFERENCE ++++
U. Essmann, L. Perera, M. L. Berkowitz, T. Darden, H. Lee and L. G. Pedersen 
A smooth particle mesh Ewald method
J. Chem. Phys. 103 (1995) pp. 8577-8592
-------- -------- --- Thank You --- -------- --------

Using a Gaussian width (1/beta) of 0.320163 nm for Ewald
Potential shift: LJ r^-12: -1.000e+00 r^-6: -1.000e+00, Ewald -1.000e-05
Initialized non-bonded Ewald correction tables, spacing: 9.33e-04 size: 1073

Long Range LJ corr.: <C6> 3.1583e-04
Generated table with 1057 data points for Ewald.
Tabscale = 500 points/nm
Generated table with 1057 data points for LJ6.
Tabscale = 500 points/nm
Generated table with 1057 data points for LJ12.
Tabscale = 500 points/nm
Generated table with 1057 data points for 1-4 COUL.
Tabscale = 500 points/nm
Generated table with 1057 data points for 1-4 LJ6.
Tabscale = 500 points/nm
Generated table with 1057 data points for 1-4 LJ12.
Tabscale = 500 points/nm

Using SIMD 4x4 nonbonded short-range kernels

Using a dual 4x4 pair-list setup updated with dynamic pruning:
  outer list: updated every 50 steps, buffer 0.115 nm, rlist 1.115 nm
  inner list: updated every 12 steps, buffer 0.002 nm, rlist 1.002 nm
At tolerance 0.005 kJ/mol/ps per atom, equivalent classical 1x1 list would be:
  outer list: updated every 50 steps, buffer 0.243 nm, rlist 1.243 nm
  inner list: updated every 12 steps, buffer 0.047 nm, rlist 1.047 nm

Using geometric Lennard-Jones combination rule

Removing pbc first time

Initializing LINear Constraint Solver

++++ PLEASE READ AND CITE THE FOLLOWING REFERENCE ++++
B. Hess and H. Bekker and H. J. C. Berendsen and J. G. E. M. Fraaije
LINCS: A Linear Constraint Solver for molecular simulations
J. Comp. Chem. 18 (1997) pp. 1463-1472
-------- -------- --- Thank You --- -------- --------

The number of constraints is 1984

++++ PLEASE READ AND CITE THE FOLLOWING REFERENCE ++++
S. Miyamoto and P. A. Kollman
SETTLE: An Analytical Version of the SHAKE and RATTLE Algorithms for Rigid
Water Models
J. Comp. Chem. 13 (1992) pp. 952-962
-------- -------- --- Thank You --- -------- --------


Intra-simulation communication will occur every 10 steps.
Center of mass motion removal mode is Linear
We have the following groups for center of mass motion removal:
  0:  rest

++++ PLEASE READ AND CITE THE FOLLOWING REFERENCE ++++
G. Bussi, D. Donadio and M. Parrinello
Canonical sampling through velocity rescaling
J. Chem. Phys. 126 (2007) pp. 014101
-------- -------- --- Thank You --- -------- --------

There are: 38376 Atoms

Constraining the starting coordinates (step 0)

Constraining the coordinates at t0-dt (step 0)
RMS relative constraint deviation after constraining: 4.74e-05
Initial temperature: 299.48 K

Started mdrun on rank 0 Sun Oct 21 18:53:41 2018
           Step           Time
              0        0.00000

   Energies (kJ/mol)
          Angle    Proper Dih. Ryckaert-Bell.          LJ-14     Coulomb-14
    1.36299e+03    6.48684e+01    1.60033e+03    2.65298e+03    7.80830e+03
        LJ (SR)  Disper. corr.   Coulomb (SR)   Coul. recip. Position Rest.
    9.06130e+04   -4.92233e+03   -7.55541e+05    3.48195e+03    7.35253e-01
      Potential    Kinetic En.   Total Energy  Conserved En.    Temperature
   -6.52878e+05    9.55754e+04   -5.57302e+05   -5.57302e+05    2.99612e+02
 Pres. DC (bar) Pressure (bar)   Constr. rmsd
   -2.07014e+02   -7.07852e+03    4.85450e-05

           Step           Time
            500        1.00000

   Energies (kJ/mol)
          Angle    Proper Dih. Ryckaert-Bell.          LJ-14     Coulomb-14
    3.58180e+03    2.43072e+02    1.95859e+03    3.01187e+03    7.88315e+03
        LJ (SR)  Disper. corr.   Coulomb (SR)   Coul. recip. Position Rest.
    1.03081e+05   -4.92233e+03   -7.06001e+05    3.53498e+03    6.14176e+02
      Potential    Kinetic En.   Total Energy  Conserved En.    Temperature
   -5.87015e+05    9.61352e+04   -4.90880e+05   -5.56445e+05    3.01367e+02
 Pres. DC (bar) Pressure (bar)   Constr. rmsd
   -2.07014e+02   -5.67262e+02    2.64234e-05

           Step           Time
           1000        2.00000

   Energies (kJ/mol)
          Angle    Proper Dih. Ryckaert-Bell.          LJ-14     Coulomb-14
    3.81648e+03    2.71723e+02    1.99173e+03    3.04713e+03    7.94273e+03
        LJ (SR)  Disper. corr.   Coulomb (SR)   Coul. recip. Position Rest.
    1.03293e+05   -4.92233e+03   -7.08093e+05    3.55068e+03    5.76520e+02
      Potential    Kinetic En.   Total Energy  Conserved En.    Temperature
   -5.88526e+05    9.65793e+04   -4.91946e+05   -5.56430e+05    3.02760e+02
 Pres. DC (bar) Pressure (bar)   Constr. rmsd
   -2.07014e+02   -1.02357e+03    2.79360e-05

           Step           Time
           1500        3.00000

   Energies (kJ/mol)
          Angle    Proper Dih. Ryckaert-Bell.          LJ-14     Coulomb-14
    3.87049e+03    2.50784e+02    1.91112e+03    2.99734e+03    7.91578e+03
        LJ (SR)  Disper. corr.   Coulomb (SR)   Coul. recip. Position Rest.
    1.04363e+05   -4.92233e+03   -7.09827e+05    3.41584e+03    5.07050e+02
      Potential    Kinetic En.   Total Energy  Conserved En.    Temperature
   -5.89518e+05    9.50148e+04   -4.94503e+05   -5.56417e+05    2.97855e+02
 Pres. DC (bar) Pressure (bar)   Constr. rmsd
   -2.07014e+02   -6.17615e+02    2.63866e-05

           Step           Time
           2000        4.00000

   Energies (kJ/mol)
          Angle    Proper Dih. Ryckaert-Bell.          LJ-14     Coulomb-14
    3.74338e+03    2.40985e+02    1.90001e+03    3.05144e+03    7.93862e+03
        LJ (SR)  Disper. corr.   Coulomb (SR)   Coul. recip. Position Rest.
    1.04055e+05   -4.92233e+03   -7.10246e+05    3.41469e+03    4.94998e+02
      Potential    Kinetic En.   Total Energy  Conserved En.    Temperature
   -5.90329e+05    9.59396e+04   -4.94390e+05   -5.56445e+05    3.00754e+02
 Pres. DC (bar) Pressure (bar)   Constr. rmsd
   -2.07014e+02   -8.15961e+02    2.74131e-05

           Step           Time
           2500        5.00000

   Energies (kJ/mol)
          Angle    Proper Dih. Ryckaert-Bell.          LJ-14     Coulomb-14
    3.86324e+03    2.34372e+02    1.90180e+03    3.01293e+03    7.95073e+03
        LJ (SR)  Disper. corr.   Coulomb (SR)   Coul. recip. Position Rest.
    1.05184e+05   -4.92233e+03   -7.11536e+05    3.42154e+03    5.19782e+02
      Potential    Kinetic En.   Total Energy  Conserved En.    Temperature
   -5.90370e+05    9.61127e+04   -4.94257e+05   -5.56458e+05    3.01297e+02
 Pres. DC (bar) Pressure (bar)   Constr. rmsd
   -2.07014e+02   -7.87023e+02    2.98581e-05

           Step           Time
           3000        6.00000

   Energies (kJ/mol)
          Angle    Proper Dih. Ryckaert-Bell.          LJ-14     Coulomb-14
    3.82564e+03    2.55995e+02    1.94494e+03    3.00895e+03    7.94123e+03
        LJ (SR)  Disper. corr.   Coulomb (SR)   Coul. recip. Position Rest.
    1.04466e+05   -4.92233e+03   -7.11413e+05    3.44631e+03    4.97508e+02
      Potential    Kinetic En.   Total Energy  Conserved En.    Temperature
   -5.90948e+05    9.62774e+04   -4.94671e+05   -5.56484e+05    3.01813e+02
 Pres. DC (bar) Pressure (bar)   Constr. rmsd
   -2.07014e+02   -6.78644e+02    2.87803e-05

           Step           Time
           3500        7.00000

   Energies (kJ/mol)
          Angle    Proper Dih. Ryckaert-Bell.          LJ-14     Coulomb-14
    3.75245e+03    2.78633e+02    1.87196e+03    3.02396e+03    7.94898e+03
        LJ (SR)  Disper. corr.   Coulomb (SR)   Coul. recip. Position Rest.
    1.03987e+05   -4.92233e+03   -7.11466e+05    3.44076e+03    4.63994e+02
      Potential    Kinetic En.   Total Energy  Conserved En.    Temperature
   -5.91620e+05    9.57010e+04   -4.95919e+05   -5.56492e+05    3.00006e+02
 Pres. DC (bar) Pressure (bar)   Constr. rmsd
   -2.07014e+02   -7.34155e+02    2.73235e-05

           Step           Time
           4000        8.00000

   Energies (kJ/mol)
          Angle    Proper Dih. Ryckaert-Bell.          LJ-14     Coulomb-14
    3.81459e+03    2.36009e+02    1.97111e+03    2.95551e+03    7.89018e+03
        LJ (SR)  Disper. corr.   Coulomb (SR)   Coul. recip. Position Rest.
    1.05126e+05   -4.92233e+03   -7.12891e+05    3.32795e+03    4.97979e+02
      Potential    Kinetic En.   Total Energy  Conserved En.    Temperature
   -5.91994e+05    9.50781e+04   -4.96916e+05   -5.56498e+05    2.98054e+02
 Pres. DC (bar) Pressure (bar)   Constr. rmsd
   -2.07014e+02   -7.97576e+02    2.71372e-05

           Step           Time
           4500        9.00000

   Energies (kJ/mol)
          Angle    Proper Dih. Ryckaert-Bell.          LJ-14     Coulomb-14
    3.95958e+03    2.35312e+02    1.95123e+03    2.98092e+03    7.92147e+03
        LJ (SR)  Disper. corr.   Coulomb (SR)   Coul. recip. Position Rest.
    1.04864e+05   -4.92233e+03   -7.12713e+05    3.38180e+03    5.47458e+02
      Potential    Kinetic En.   Total Energy  Conserved En.    Temperature
   -5.91794e+05    9.61095e+04   -4.95684e+05   -5.56513e+05    3.01287e+02
 Pres. DC (bar) Pressure (bar)   Constr. rmsd
   -2.07014e+02   -7.04503e+02    2.83406e-05

           Step           Time
           5000       10.00000

   Energies (kJ/mol)
          Angle    Proper Dih. Ryckaert-Bell.          LJ-14     Coulomb-14
    3.85234e+03    2.52485e+02    1.92799e+03    3.05181e+03    7.99935e+03
        LJ (SR)  Disper. corr.   Coulomb (SR)   Coul. recip. Position Rest.
    1.04670e+05   -4.92233e+03   -7.13940e+05    3.40790e+03    5.11182e+02
      Potential    Kinetic En.   Total Energy  Conserved En.    Temperature
   -5.93189e+05    9.69800e+04   -4.96209e+05   -5.56532e+05    3.04016e+02
 Pres. DC (bar) Pressure (bar)   Constr. rmsd
   -2.07014e+02   -8.46941e+02    2.89317e-05

           Step           Time
           5500       11.00000

   Energies (kJ/mol)
          Angle    Proper Dih. Ryckaert-Bell.          LJ-14     Coulomb-14
    3.76786e+03    2.70474e+02    1.85854e+03    3.06194e+03    7.99295e+03
        LJ (SR)  Disper. corr.   Coulomb (SR)   Coul. recip. Position Rest.
    1.04043e+05   -4.92233e+03   -7.11479e+05    3.35965e+03    5.18020e+02
      Potential    Kinetic En.   Total Energy  Conserved En.    Temperature
   -5.91529e+05    9.61054e+04   -4.95424e+05   -5.56536e+05    3.01274e+02
 Pres. DC (bar) Pressure (bar)   Constr. rmsd
   -2.07014e+02   -7.36780e+02    2.87762e-05

           Step           Time
           6000       12.00000

   Energies (kJ/mol)
          Angle    Proper Dih. Ryckaert-Bell.          LJ-14     Coulomb-14
    3.81915e+03    2.55631e+02    1.85941e+03    3.01647e+03    7.96165e+03
        LJ (SR)  Disper. corr.   Coulomb (SR)   Coul. recip. Position Rest.
    1.05235e+05   -4.92233e+03   -7.13519e+05    3.37330e+03    5.36515e+02
      Potential    Kinetic En.   Total Energy  Conserved En.    Temperature
   -5.92385e+05    9.65713e+04   -4.95814e+05   -5.56583e+05    3.02734e+02
 Pres. DC (bar) Pressure (bar)   Constr. rmsd
   -2.07014e+02   -6.75084e+02    2.69759e-05

           Step           Time
           6500       13.00000

   Energies (kJ/mol)
          Angle    Proper Dih. Ryckaert-Bell.          LJ-14     Coulomb-14
    3.82831e+03    2.08002e+02    1.81808e+03    3.04589e+03    7.96129e+03
        LJ (SR)  Disper. corr.   Coulomb (SR)   Coul. recip. Position Rest.
    1.05571e+05   -4.92233e+03   -7.14316e+05    3.47679e+03    5.32564e+02
      Potential    Kinetic En.   Total Energy  Conserved En.    Temperature
   -5.92796e+05    9.57001e+04   -4.97096e+05   -5.56572e+05    3.00003e+02
 Pres. DC (bar) Pressure (bar)   Constr. rmsd
   -2.07014e+02   -6.21829e+02    2.67593e-05

           Step           Time
           7000       14.00000

   Energies (kJ/mol)
          Angle    Proper Dih. Ryckaert-Bell.          LJ-14     Coulomb-14
    3.83653e+03    2.08883e+02    1.81060e+03    2.89429e+03    7.90316e+03
        LJ (SR)  Disper. corr.   Coulomb (SR)   Coul. recip. Position Rest.
    1.04668e+05   -4.92233e+03   -7.12670e+05    3.45543e+03    5.19663e+02
      Potential    Kinetic En.   Total Energy  Conserved En.    Temperature
   -5.92296e+05    9.62366e+04   -4.96059e+05   -5.56605e+05    3.01685e+02
 Pres. DC (bar) Pressure (bar)   Constr. rmsd
   -2.07014e+02   -9.69648e+02    2.97664e-05

           Step           Time
           7500       15.00000

   Energies (kJ/mol)
          Angle    Proper Dih. Ryckaert-Bell.          LJ-14     Coulomb-14
    3.71679e+03    2.68656e+02    1.82877e+03    2.95296e+03    7.87754e+03
        LJ (SR)  Disper. corr.   Coulomb (SR)   Coul. recip. Position Rest.
    1.04606e+05   -4.92233e+03   -7.14228e+05    3.45938e+03    5.56041e+02
      Potential    Kinetic En.   Total Energy  Conserved En.    Temperature
   -5.93884e+05    9.57153e+04   -4.98168e+05   -5.56631e+05    3.00051e+02
 Pres. DC (bar) Pressure (bar)   Constr. rmsd
   -2.07014e+02   -7.35575e+02    2.74280e-05

           Step           Time
           8000       16.00000

   Energies (kJ/mol)
          Angle    Proper Dih. Ryckaert-Bell.          LJ-14     Coulomb-14
    3.90426e+03    2.33698e+02    1.78740e+03    2.94476e+03    7.89543e+03
        LJ (SR)  Disper. corr.   Coulomb (SR)   Coul. recip. Position Rest.
    1.03864e+05   -4.92233e+03   -7.10945e+05    3.52438e+03    5.52919e+02
      Potential    Kinetic En.   Total Energy  Conserved En.    Temperature
   -5.91160e+05    9.55794e+04   -4.95581e+05   -5.56620e+05    2.99625e+02
 Pres. DC (bar) Pressure (bar)   Constr. rmsd
   -2.07014e+02   -9.64745e+02    3.03265e-05

           Step           Time
           8500       17.00000

   Energies (kJ/mol)
          Angle    Proper Dih. Ryckaert-Bell.          LJ-14     Coulomb-14
    3.86698e+03    2.25064e+02    1.75479e+03    3.04830e+03    7.89817e+03
        LJ (SR)  Disper. corr.   Coulomb (SR)   Coul. recip. Position Rest.
    1.04210e+05   -4.92233e+03   -7.10208e+05    3.50863e+03    5.24399e+02
      Potential    Kinetic En.   Total Energy  Conserved En.    Temperature
   -5.90094e+05    9.57860e+04   -4.94308e+05   -5.56655e+05    3.00272e+02
 Pres. DC (bar) Pressure (bar)   Constr. rmsd
   -2.07014e+02   -6.07953e+02    2.77521e-05

           Step           Time
           9000       18.00000

   Energies (kJ/mol)
          Angle    Proper Dih. Ryckaert-Bell.          LJ-14     Coulomb-14
    3.73064e+03    2.33774e+02    1.89183e+03    3.10471e+03    8.01354e+03
        LJ (SR)  Disper. corr.   Coulomb (SR)   Coul. recip. Position Rest.
    1.04879e+05   -4.92233e+03   -7.11530e+05    3.40986e+03    5.21801e+02
      Potential    Kinetic En.   Total Energy  Conserved En.    Temperature
   -5.90667e+05    9.56428e+04   -4.95024e+05   -5.56663e+05    2.99824e+02
 Pres. DC (bar) Pressure (bar)   Constr. rmsd
   -2.07014e+02   -5.43662e+02    2.83158e-05

           Step           Time
           9500       19.00000

   Energies (kJ/mol)
          Angle    Proper Dih. Ryckaert-Bell.          LJ-14     Coulomb-14
    3.69665e+03    2.34548e+02    1.84458e+03    3.00995e+03    7.95180e+03
        LJ (SR)  Disper. corr.   Coulomb (SR)   Coul. recip. Position Rest.
    1.05039e+05   -4.92233e+03   -7.12606e+05    3.44253e+03    5.39037e+02
      Potential    Kinetic En.   Total Energy  Conserved En.    Temperature
   -5.91770e+05    9.61791e+04   -4.95591e+05   -5.56696e+05    3.01505e+02
 Pres. DC (bar) Pressure (bar)   Constr. rmsd
   -2.07014e+02   -8.40408e+02    2.75079e-05

           Step           Time
          10000       20.00000

   Energies (kJ/mol)
          Angle    Proper Dih. Ryckaert-Bell.          LJ-14     Coulomb-14
    3.54097e+03    2.32057e+02    1.86740e+03    2.97867e+03    8.00290e+03
        LJ (SR)  Disper. corr.   Coulomb (SR)   Coul. recip. Position Rest.
    1.04624e+05   -4.92233e+03   -7.13787e+05    3.46421e+03    5.28923e+02
      Potential    Kinetic En.   Total Energy  Conserved En.    Temperature
   -5.93470e+05    9.41483e+04   -4.99322e+05   -5.56682e+05    2.95139e+02
 Pres. DC (bar) Pressure (bar)   Constr. rmsd
   -2.07014e+02   -7.95794e+02    2.65131e-05

           Step           Time
          10500       21.00000

   Energies (kJ/mol)
          Angle    Proper Dih. Ryckaert-Bell.          LJ-14     Coulomb-14
    3.73942e+03    2.81131e+02    1.82388e+03    3.06511e+03    7.95037e+03
        LJ (SR)  Disper. corr.   Coulomb (SR)   Coul. recip. Position Rest.
    1.04269e+05   -4.92233e+03   -7.12282e+05    3.38220e+03    5.37647e+02
      Potential    Kinetic En.   Total Energy  Conserved En.    Temperature
   -5.92155e+05    9.58071e+04   -4.96348e+05   -5.56715e+05    3.00339e+02
 Pres. DC (bar) Pressure (bar)   Constr. rmsd
   -2.07014e+02   -7.85405e+02    2.75136e-05

           Step           Time
          11000       22.00000

   Energies (kJ/mol)
          Angle    Proper Dih. Ryckaert-Bell.          LJ-14     Coulomb-14
    3.79723e+03    2.60692e+02    1.85820e+03    3.03245e+03    8.00572e+03
        LJ (SR)  Disper. corr.   Coulomb (SR)   Coul. recip. Position Rest.
    1.06091e+05   -4.92233e+03   -7.14875e+05    3.36582e+03    5.41453e+02
      Potential    Kinetic En.   Total Energy  Conserved En.    Temperature
   -5.92845e+05    9.59478e+04   -4.96897e+05   -5.56731e+05    3.00780e+02
 Pres. DC (bar) Pressure (bar)   Constr. rmsd
   -2.07014e+02   -6.11805e+02    2.89129e-05

           Step           Time
          11500       23.00000

   Energies (kJ/mol)
          Angle    Proper Dih. Ryckaert-Bell.          LJ-14     Coulomb-14
    3.94012e+03    2.37497e+02    1.82944e+03    3.02917e+03    7.89662e+03
        LJ (SR)  Disper. corr.   Coulomb (SR)   Coul. recip. Position Rest.
    1.03890e+05   -4.92233e+03   -7.11826e+05    3.37679e+03    5.95121e+02
      Potential    Kinetic En.   Total Energy  Conserved En.    Temperature
   -5.91954e+05    9.59872e+04   -4.95966e+05   -5.56754e+05    3.00903e+02
 Pres. DC (bar) Pressure (bar)   Constr. rmsd
   -2.07014e+02   -7.99002e+02    2.74534e-05

           Step           Time
          12000       24.00000

   Energies (kJ/mol)
          Angle    Proper Dih. Ryckaert-Bell.          LJ-14     Coulomb-14
    3.87677e+03    2.50386e+02    1.88122e+03    2.96699e+03    7.92979e+03
        LJ (SR)  Disper. corr.   Coulomb (SR)   Coul. recip. Position Rest.
    1.04894e+05   -4.92233e+03   -7.11910e+05    3.41773e+03    5.58203e+02
      Potential    Kinetic En.   Total Energy  Conserved En.    Temperature
   -5.91057e+05    9.61053e+04   -4.94952e+05   -5.56757e+05    3.01274e+02
 Pres. DC (bar) Pressure (bar)   Constr. rmsd
   -2.07014e+02   -8.42258e+02    2.80510e-05

           Step           Time
          12500       25.00000

   Energies (kJ/mol)
          Angle    Proper Dih. Ryckaert-Bell.          LJ-14     Coulomb-14
    3.75289e+03    2.65416e+02    1.88993e+03    3.01677e+03    7.90891e+03
        LJ (SR)  Disper. corr.   Coulomb (SR)   Coul. recip. Position Rest.
    1.03272e+05   -4.92233e+03   -7.10752e+05    3.41541e+03    5.20261e+02
      Potential    Kinetic En.   Total Energy  Conserved En.    Temperature
   -5.91633e+05    9.54438e+04   -4.96189e+05   -5.56797e+05    2.99200e+02
 Pres. DC (bar) Pressure (bar)   Constr. rmsd
   -2.07014e+02   -1.10450e+03    2.96150e-05

           Step           Time
          13000       26.00000

   Energies (kJ/mol)
          Angle    Proper Dih. Ryckaert-Bell.          LJ-14     Coulomb-14
    3.71247e+03    2.23997e+02    1.88570e+03    3.05942e+03    7.91724e+03
        LJ (SR)  Disper. corr.   Coulomb (SR)   Coul. recip. Position Rest.
    1.03627e+05   -4.92233e+03   -7.12430e+05    3.46133e+03    5.12820e+02
      Potential    Kinetic En.   Total Energy  Conserved En.    Temperature
   -5.92952e+05    9.55537e+04   -4.97399e+05   -5.56801e+05    2.99544e+02
 Pres. DC (bar) Pressure (bar)   Constr. rmsd
   -2.07014e+02   -1.03949e+03    2.73660e-05

           Step           Time
          13500       27.00000

   Energies (kJ/mol)
          Angle    Proper Dih. Ryckaert-Bell.          LJ-14     Coulomb-14
    3.73232e+03    2.68512e+02    1.84939e+03    3.12338e+03    7.99838e+03
        LJ (SR)  Disper. corr.   Coulomb (SR)   Coul. recip. Position Rest.
    1.04371e+05   -4.92233e+03   -7.13622e+05    3.24472e+03    4.71572e+02
      Potential    Kinetic En.   Total Energy  Conserved En.    Temperature
   -5.93484e+05    9.47370e+04   -4.98748e+05   -5.56811e+05    2.96984e+02
 Pres. DC (bar) Pressure (bar)   Constr. rmsd
   -2.07014e+02   -6.18639e+02    2.62782e-05

           Step           Time
          14000       28.00000

   Energies (kJ/mol)
          Angle    Proper Dih. Ryckaert-Bell.          LJ-14     Coulomb-14
    3.80719e+03    2.59933e+02    1.77319e+03    3.01321e+03    7.91779e+03
        LJ (SR)  Disper. corr.   Coulomb (SR)   Coul. recip. Position Rest.
    1.03520e+05   -4.92233e+03   -7.12176e+05    3.45081e+03    5.58883e+02
      Potential    Kinetic En.   Total Energy  Conserved En.    Temperature
   -5.92797e+05    9.64171e+04   -4.96380e+05   -5.56833e+05    3.02251e+02
 Pres. DC (bar) Pressure (bar)   Constr. rmsd
   -2.07014e+02   -1.00632e+03    2.69784e-05

           Step           Time
          14500       29.00000

   Energies (kJ/mol)
          Angle    Proper Dih. Ryckaert-Bell.          LJ-14     Coulomb-14
    3.73045e+03    2.62633e+02    1.89410e+03    2.99013e+03    7.96684e+03
        LJ (SR)  Disper. corr.   Coulomb (SR)   Coul. recip. Position Rest.
    1.04978e+05   -4.92233e+03   -7.12673e+05    3.50033e+03    4.93204e+02
      Potential    Kinetic En.   Total Energy  Conserved En.    Temperature
   -5.91780e+05    9.44879e+04   -4.97292e+05   -5.56826e+05    2.96203e+02
 Pres. DC (bar) Pressure (bar)   Constr. rmsd
   -2.07014e+02   -8.25492e+02    2.63720e-05

           Step           Time
          15000       30.00000

   Energies (kJ/mol)
          Angle    Proper Dih. Ryckaert-Bell.          LJ-14     Coulomb-14
    3.68012e+03    2.27907e+02    1.84890e+03    2.99695e+03    7.97181e+03
        LJ (SR)  Disper. corr.   Coulomb (SR)   Coul. recip. Position Rest.
    1.06432e+05   -4.92233e+03   -7.16040e+05    3.36852e+03    4.91683e+02
      Potential    Kinetic En.   Total Energy  Conserved En.    Temperature
   -5.93945e+05    9.46308e+04   -4.99314e+05   -5.56869e+05    2.96651e+02
 Pres. DC (bar) Pressure (bar)   Constr. rmsd
   -2.07014e+02   -5.70603e+02    2.84193e-05

           Step           Time
          15500       31.00000

   Energies (kJ/mol)
          Angle    Proper Dih. Ryckaert-Bell.          LJ-14     Coulomb-14
    3.77115e+03    2.58069e+02    1.78991e+03    3.02005e+03    7.96300e+03
        LJ (SR)  Disper. corr.   Coulomb (SR)   Coul. recip. Position Rest.
    1.04889e+05   -4.92233e+03   -7.12587e+05    3.40202e+03    4.50241e+02
      Potential    Kinetic En.   Total Energy  Conserved En.    Temperature
   -5.91966e+05    9.55576e+04   -4.96408e+05   -5.56875e+05    2.99557e+02
 Pres. DC (bar) Pressure (bar)   Constr. rmsd
   -2.07014e+02   -8.57961e+02    2.93791e-05

           Step           Time
          16000       32.00000

   Energies (kJ/mol)
          Angle    Proper Dih. Ryckaert-Bell.          LJ-14     Coulomb-14
    3.84834e+03    2.67755e+02    1.86010e+03    3.06569e+03    7.94417e+03
        LJ (SR)  Disper. corr.   Coulomb (SR)   Coul. recip. Position Rest.
    1.04271e+05   -4.92233e+03   -7.10950e+05    3.35503e+03    5.05570e+02
      Potential    Kinetic En.   Total Energy  Conserved En.    Temperature
   -5.90755e+05    9.59071e+04   -4.94848e+05   -5.56888e+05    3.00652e+02
 Pres. DC (bar) Pressure (bar)   Constr. rmsd
   -2.07014e+02   -7.81141e+02    2.67679e-05

           Step           Time
          16500       33.00000

   Energies (kJ/mol)
          Angle    Proper Dih. Ryckaert-Bell.          LJ-14     Coulomb-14
    3.76848e+03    2.34215e+02    1.92617e+03    3.01739e+03    7.89187e+03
        LJ (SR)  Disper. corr.   Coulomb (SR)   Coul. recip. Position Rest.
    1.04966e+05   -4.92233e+03   -7.12920e+05    3.42065e+03    4.92784e+02
      Potential    Kinetic En.   Total Energy  Conserved En.    Temperature
   -5.92125e+05    9.61013e+04   -4.96023e+05   -5.56907e+05    3.01261e+02
 Pres. DC (bar) Pressure (bar)   Constr. rmsd
   -2.07014e+02   -7.64281e+02    2.79107e-05

           Step           Time
          17000       34.00000

   Energies (kJ/mol)
          Angle    Proper Dih. Ryckaert-Bell.          LJ-14     Coulomb-14
    3.83316e+03    2.34179e+02    1.80957e+03    2.97402e+03    7.91709e+03
        LJ (SR)  Disper. corr.   Coulomb (SR)   Coul. recip. Position Rest.
    1.05492e+05   -4.92233e+03   -7.14918e+05    3.40801e+03    4.71273e+02
      Potential    Kinetic En.   Total Energy  Conserved En.    Temperature
   -5.93701e+05    9.64500e+04   -4.97251e+05   -5.56922e+05    3.02354e+02
 Pres. DC (bar) Pressure (bar)   Constr. rmsd
   -2.07014e+02   -1.15049e+03    2.98333e-05

           Step           Time
          17500       35.00000

   Energies (kJ/mol)
          Angle    Proper Dih. Ryckaert-Bell.          LJ-14     Coulomb-14
    3.80281e+03    2.05933e+02    1.72673e+03    3.07544e+03    7.90921e+03
        LJ (SR)  Disper. corr.   Coulomb (SR)   Coul. recip. Position Rest.
    1.04118e+05   -4.92233e+03   -7.12031e+05    3.44042e+03    5.02867e+02
      Potential    Kinetic En.   Total Energy  Conserved En.    Temperature
   -5.92172e+05    9.58103e+04   -4.96362e+05   -5.56951e+05    3.00349e+02
 Pres. DC (bar) Pressure (bar)   Constr. rmsd
   -2.07014e+02   -5.85139e+02    2.69262e-05

           Step           Time
          18000       36.00000

   Energies (kJ/mol)
          Angle    Proper Dih. Ryckaert-Bell.          LJ-14     Coulomb-14
    3.77249e+03    2.52371e+02    1.87847e+03    2.99105e+03    7.88269e+03
        LJ (SR)  Disper. corr.   Coulomb (SR)   Coul. recip. Position Rest.
    1.04680e+05   -4.92233e+03   -7.12805e+05    3.36876e+03    5.32757e+02
      Potential    Kinetic En.   Total Energy  Conserved En.    Temperature
   -5.92369e+05    9.59731e+04   -4.96396e+05   -5.56954e+05    3.00859e+02
 Pres. DC (bar) Pressure (bar)   Constr. rmsd
   -2.07014e+02   -8.32903e+02    2.87471e-05

           Step           Time
          18500       37.00000

   Energies (kJ/mol)
          Angle    Proper Dih. Ryckaert-Bell.          LJ-14     Coulomb-14
    3.88658e+03    2.24247e+02    1.92418e+03    2.99695e+03    7.88400e+03
        LJ (SR)  Disper. corr.   Coulomb (SR)   Coul. recip. Position Rest.
    1.03779e+05   -4.92233e+03   -7.11406e+05    3.52057e+03    5.52142e+02
      Potential    Kinetic En.   Total Energy  Conserved En.    Temperature
   -5.91560e+05    9.61009e+04   -4.95459e+05   -5.56982e+05    3.01260e+02
 Pres. DC (bar) Pressure (bar)   Constr. rmsd
   -2.07014e+02   -1.10511e+03    3.05969e-05

           Step           Time
          19000       38.00000

   Energies (kJ/mol)
          Angle    Proper Dih. Ryckaert-Bell.          LJ-14     Coulomb-14
    3.79076e+03    2.53499e+02    1.86980e+03    3.04591e+03    7.92556e+03
        LJ (SR)  Disper. corr.   Coulomb (SR)   Coul. recip. Position Rest.
    1.05241e+05   -4.92233e+03   -7.12307e+05    3.35431e+03    4.96735e+02
      Potential    Kinetic En.   Total Energy  Conserved En.    Temperature
   -5.91252e+05    9.52933e+04   -4.95958e+05   -5.56977e+05    2.98728e+02
 Pres. DC (bar) Pressure (bar)   Constr. rmsd
   -2.07014e+02   -4.45446e+02    2.65768e-05

           Step           Time
          19500       39.00000

   Energies (kJ/mol)
          Angle    Proper Dih. Ryckaert-Bell.          LJ-14     Coulomb-14
    3.85824e+03    2.34439e+02    1.77999e+03    3.00879e+03    7.93182e+03
        LJ (SR)  Disper. corr.   Coulomb (SR)   Coul. recip. Position Rest.
    1.04977e+05   -4.92233e+03   -7.13946e+05    3.42547e+03    5.39425e+02
      Potential    Kinetic En.   Total Energy  Conserved En.    Temperature
   -5.93114e+05    9.52593e+04   -4.97854e+05   -5.57010e+05    2.98621e+02
 Pres. DC (bar) Pressure (bar)   Constr. rmsd
   -2.07014e+02   -9.23547e+02    2.68857e-05

           Step           Time
          20000       40.00000

   Energies (kJ/mol)
          Angle    Proper Dih. Ryckaert-Bell.          LJ-14     Coulomb-14
    3.74050e+03    2.27136e+02    1.93482e+03    3.00755e+03    7.95541e+03
        LJ (SR)  Disper. corr.   Coulomb (SR)   Coul. recip. Position Rest.
    1.04076e+05   -4.92233e+03   -7.12929e+05    3.40935e+03    4.99822e+02
      Potential    Kinetic En.   Total Energy  Conserved En.    Temperature
   -5.93000e+05    9.57368e+04   -4.97263e+05   -5.57022e+05    3.00118e+02
 Pres. DC (bar) Pressure (bar)   Constr. rmsd
   -2.07014e+02   -7.06638e+02    2.83504e-05

           Step           Time
          20500       41.00000

   Energies (kJ/mol)
          Angle    Proper Dih. Ryckaert-Bell.          LJ-14     Coulomb-14
    3.66941e+03    2.53605e+02    1.84719e+03    3.04939e+03    7.87610e+03
        LJ (SR)  Disper. corr.   Coulomb (SR)   Coul. recip. Position Rest.
    1.05649e+05   -4.92233e+03   -7.15046e+05    3.38667e+03    4.87937e+02
      Potential    Kinetic En.   Total Energy  Conserved En.    Temperature
   -5.93748e+05    9.52290e+04   -4.98520e+05   -5.57033e+05    2.98527e+02
 Pres. DC (bar) Pressure (bar)   Constr. rmsd
   -2.07014e+02   -7.17070e+02    2.78610e-05

           Step           Time
          21000       42.00000

   Energies (kJ/mol)
          Angle    Proper Dih. Ryckaert-Bell.          LJ-14     Coulomb-14
    3.76662e+03    2.24314e+02    1.88288e+03    3.02042e+03    7.90090e+03
        LJ (SR)  Disper. corr.   Coulomb (SR)   Coul. recip. Position Rest.
    1.04961e+05   -4.92233e+03   -7.14787e+05    3.38213e+03    4.81634e+02
      Potential    Kinetic En.   Total Energy  Conserved En.    Temperature
   -5.94090e+05    9.53683e+04   -4.98721e+05   -5.57043e+05    2.98963e+02
 Pres. DC (bar) Pressure (bar)   Constr. rmsd
   -2.07014e+02   -9.20493e+02    2.84432e-05

           Step           Time
          21500       43.00000

   Energies (kJ/mol)
          Angle    Proper Dih. Ryckaert-Bell.          LJ-14     Coulomb-14
    3.62718e+03    2.65429e+02    1.87683e+03    3.02707e+03    7.91628e+03
        LJ (SR)  Disper. corr.   Coulomb (SR)   Coul. recip. Position Rest.
    1.05343e+05   -4.92233e+03   -7.14553e+05    3.38921e+03    4.86734e+02
      Potential    Kinetic En.   Total Energy  Conserved En.    Temperature
   -5.93543e+05    9.57802e+04   -4.97763e+05   -5.57067e+05    3.00254e+02
 Pres. DC (bar) Pressure (bar)   Constr. rmsd
   -2.07014e+02   -7.45646e+02    2.81836e-05

           Step           Time
          22000       44.00000

   Energies (kJ/mol)
          Angle    Proper Dih. Ryckaert-Bell.          LJ-14     Coulomb-14
    3.77572e+03    2.33898e+02    1.89794e+03    3.06967e+03    7.90291e+03
        LJ (SR)  Disper. corr.   Coulomb (SR)   Coul. recip. Position Rest.
    1.04590e+05   -4.92233e+03   -7.12528e+05    3.38071e+03    4.93998e+02
      Potential    Kinetic En.   Total Energy  Conserved En.    Temperature
   -5.92106e+05    9.65353e+04   -4.95570e+05   -5.57079e+05    3.02621e+02
 Pres. DC (bar) Pressure (bar)   Constr. rmsd
   -2.07014e+02   -7.41458e+02    2.60115e-05

           Step           Time
          22500       45.00000

   Energies (kJ/mol)
          Angle    Proper Dih. Ryckaert-Bell.          LJ-14     Coulomb-14
    3.71557e+03    2.80147e+02    1.86273e+03    3.09000e+03    7.95000e+03
        LJ (SR)  Disper. corr.   Coulomb (SR)   Coul. recip. Position Rest.
    1.04674e+05   -4.92233e+03   -7.12741e+05    3.44315e+03    5.01257e+02
      Potential    Kinetic En.   Total Energy  Conserved En.    Temperature
   -5.92147e+05    9.59264e+04   -4.96221e+05   -5.57107e+05    3.00713e+02
 Pres. DC (bar) Pressure (bar)   Constr. rmsd
   -2.07014e+02   -8.55952e+02    2.66042e-05

           Step           Time
          23000       46.00000

   Energies (kJ/mol)
          Angle    Proper Dih. Ryckaert-Bell.          LJ-14     Coulomb-14
    3.80340e+03    2.33410e+02    1.92996e+03    2.98269e+03    7.85422e+03
        LJ (SR)  Disper. corr.   Coulomb (SR)   Coul. recip. Position Rest.
    1.04332e+05   -4.92233e+03   -7.12260e+05    3.41832e+03    5.32954e+02
      Potential    Kinetic En.   Total Energy  Conserved En.    Temperature
   -5.92096e+05    9.65479e+04   -4.95548e+05   -5.57130e+05    3.02661e+02
 Pres. DC (bar) Pressure (bar)   Constr. rmsd
   -2.07014e+02   -7.70482e+02    2.74875e-05

           Step           Time
          23500       47.00000

   Energies (kJ/mol)
          Angle    Proper Dih. Ryckaert-Bell.          LJ-14     Coulomb-14
    3.80107e+03    2.45335e+02    1.85370e+03    3.03348e+03    7.89013e+03
        LJ (SR)  Disper. corr.   Coulomb (SR)   Coul. recip. Position Rest.
    1.04419e+05   -4.92233e+03   -7.12088e+05    3.31768e+03    4.94304e+02
      Potential    Kinetic En.   Total Energy  Conserved En.    Temperature
   -5.91956e+05    9.47898e+04   -4.97166e+05   -5.57125e+05    2.97150e+02
 Pres. DC (bar) Pressure (bar)   Constr. rmsd
   -2.07014e+02   -1.02996e+03    2.83394e-05

           Step           Time
          24000       48.00000

   Energies (kJ/mol)
          Angle    Proper Dih. Ryckaert-Bell.          LJ-14     Coulomb-14
    3.91990e+03    2.68867e+02    1.87231e+03    2.99887e+03    7.86804e+03
        LJ (SR)  Disper. corr.   Coulomb (SR)   Coul. recip. Position Rest.
    1.05492e+05   -4.92233e+03   -7.13232e+05    3.42870e+03    5.07242e+02
      Potential    Kinetic En.   Total Energy  Conserved En.    Temperature
   -5.91798e+05    9.71845e+04   -4.94614e+05   -5.57167e+05    3.04657e+02
 Pres. DC (bar) Pressure (bar)   Constr. rmsd
   -2.07014e+02   -4.15380e+02    3.08403e-05

           Step           Time
          24500       49.00000

   Energies (kJ/mol)
          Angle    Proper Dih. Ryckaert-Bell.          LJ-14     Coulomb-14
    3.62791e+03    2.35583e+02    1.85132e+03    3.00447e+03    7.92791e+03
        LJ (SR)  Disper. corr.   Coulomb (SR)   Coul. recip. Position Rest.
    1.03672e+05   -4.92233e+03   -7.11403e+05    3.32571e+03    4.56551e+02
      Potential    Kinetic En.   Total Energy  Conserved En.    Temperature
   -5.92223e+05    9.49684e+04   -4.97255e+05   -5.57179e+05    2.97709e+02
 Pres. DC (bar) Pressure (bar)   Constr. rmsd
   -2.07014e+02   -8.04166e+02    2.85989e-05

           Step           Time
          25000       50.00000

   Energies (kJ/mol)
          Angle    Proper Dih. Ryckaert-Bell.          LJ-14     Coulomb-14
    3.70188e+03    2.44997e+02    1.82857e+03    3.02372e+03    7.78796e+03
        LJ (SR)  Disper. corr.   Coulomb (SR)   Coul. recip. Position Rest.
    1.03557e+05   -4.92233e+03   -7.09987e+05    3.52757e+03    5.19377e+02
      Potential    Kinetic En.   Total Energy  Conserved En.    Temperature
   -5.90718e+05    9.54092e+04   -4.95309e+05   -5.57198e+05    2.99091e+02
 Pres. DC (bar) Pressure (bar)   Constr. rmsd
   -2.07014e+02   -7.48444e+02    2.80506e-05

           Step           Time
          25500       51.00000

   Energies (kJ/mol)
          Angle    Proper Dih. Ryckaert-Bell.          LJ-14     Coulomb-14
    3.90247e+03    2.89150e+02    1.99256e+03    2.99024e+03    7.93383e+03
        LJ (SR)  Disper. corr.   Coulomb (SR)   Coul. recip. Position Rest.
    1.05185e+05   -4.92233e+03   -7.12115e+05    3.54415e+03    4.96151e+02
      Potential    Kinetic En.   Total Energy  Conserved En.    Temperature
   -5.90704e+05    9.63954e+04   -4.94308e+05   -5.57204e+05    3.02183e+02
 Pres. DC (bar) Pressure (bar)   Constr. rmsd
   -2.07014e+02   -6.87450e+02    2.85865e-05

           Step           Time
          26000       52.00000

   Energies (kJ/mol)
          Angle    Proper Dih. Ryckaert-Bell.          LJ-14     Coulomb-14
    3.79039e+03    2.42816e+02    1.87436e+03    2.95770e+03    7.92185e+03
        LJ (SR)  Disper. corr.   Coulomb (SR)   Coul. recip. Position Rest.
    1.03614e+05   -4.92233e+03   -7.10389e+05    3.41293e+03    5.32221e+02
      Potential    Kinetic En.   Total Energy  Conserved En.    Temperature
   -5.90965e+05    9.54220e+04   -4.95543e+05   -5.57237e+05    2.99131e+02
 Pres. DC (bar) Pressure (bar)   Constr. rmsd
   -2.07014e+02   -1.01628e+03    2.99409e-05

           Step           Time
          26500       53.00000

   Energies (kJ/mol)
          Angle    Proper Dih. Ryckaert-Bell.          LJ-14     Coulomb-14
    3.76096e+03    2.54804e+02    1.84083e+03    3.03364e+03    7.93281e+03
        LJ (SR)  Disper. corr.   Coulomb (SR)   Coul. recip. Position Rest.
    1.03735e+05   -4.92233e+03   -7.11505e+05    3.39587e+03    5.53193e+02
      Potential    Kinetic En.   Total Energy  Conserved En.    Temperature
   -5.91921e+05    9.51293e+04   -4.96791e+05   -5.57244e+05    2.98214e+02
 Pres. DC (bar) Pressure (bar)   Constr. rmsd
   -2.07014e+02   -8.65898e+02    2.79863e-05

           Step           Time
          27000       54.00000

   Energies (kJ/mol)
          Angle    Proper Dih. Ryckaert-Bell.          LJ-14     Coulomb-14
    3.83059e+03    2.48791e+02    1.81455e+03    3.03974e+03    7.92722e+03
        LJ (SR)  Disper. corr.   Coulomb (SR)   Coul. recip. Position Rest.
    1.04370e+05   -4.92233e+03   -7.13659e+05    3.41324e+03    4.69556e+02
      Potential    Kinetic En.   Total Energy  Conserved En.    Temperature
   -5.93468e+05    9.59103e+04   -4.97558e+05   -5.57258e+05    3.00662e+02
 Pres. DC (bar) Pressure (bar)   Constr. rmsd
   -2.07014e+02   -6.63574e+02    2.65985e-05

           Step           Time
          27500       55.00000

   Energies (kJ/mol)
          Angle    Proper Dih. Ryckaert-Bell.          LJ-14     Coulomb-14
    3.59083e+03    2.33523e+02    1.87974e+03    2.98709e+03    7.90808e+03
        LJ (SR)  Disper. corr.   Coulomb (SR)   Coul. recip. Position Rest.
    1.04379e+05   -4.92233e+03   -7.12211e+05    3.49545e+03    5.42038e+02
      Potential    Kinetic En.   Total Energy  Conserved En.    Temperature
   -5.92117e+05    9.56529e+04   -4.96464e+05   -5.57276e+05    2.99855e+02
 Pres. DC (bar) Pressure (bar)   Constr. rmsd
   -2.07014e+02   -5.99461e+02    2.79529e-05

           Step           Time
          28000       56.00000

   Energies (kJ/mol)
          Angle    Proper Dih. Ryckaert-Bell.          LJ-14     Coulomb-14
    3.60689e+03    2.63515e+02    1.87353e+03    3.05073e+03    7.93458e+03
        LJ (SR)  Disper. corr.   Coulomb (SR)   Coul. recip. Position Rest.
    1.04708e+05   -4.92233e+03   -7.13017e+05    3.48101e+03    5.27757e+02
      Potential    Kinetic En.   Total Energy  Conserved En.    Temperature
   -5.92493e+05    9.50784e+04   -4.97415e+05   -5.57293e+05    2.98054e+02
 Pres. DC (bar) Pressure (bar)   Constr. rmsd
   -2.07014e+02   -8.24501e+02    2.77753e-05

           Step           Time
          28500       57.00000

   Energies (kJ/mol)
          Angle    Proper Dih. Ryckaert-Bell.          LJ-14     Coulomb-14
    3.80930e+03    2.65900e+02    1.89994e+03    2.97878e+03    8.02864e+03
        LJ (SR)  Disper. corr.   Coulomb (SR)   Coul. recip. Position Rest.
    1.05076e+05   -4.92233e+03   -7.14170e+05    3.46177e+03    5.67633e+02
      Potential    Kinetic En.   Total Energy  Conserved En.    Temperature
   -5.93004e+05    9.59170e+04   -4.97087e+05   -5.57304e+05    3.00683e+02
 Pres. DC (bar) Pressure (bar)   Constr. rmsd
   -2.07014e+02   -9.93463e+02    2.84040e-05

           Step           Time
          29000       58.00000

   Energies (kJ/mol)
          Angle    Proper Dih. Ryckaert-Bell.          LJ-14     Coulomb-14
    3.75478e+03    2.56408e+02    1.84027e+03    3.01845e+03    7.99917e+03
        LJ (SR)  Disper. corr.   Coulomb (SR)   Coul. recip. Position Rest.
    1.04900e+05   -4.92233e+03   -7.13998e+05    3.44253e+03    5.22442e+02
      Potential    Kinetic En.   Total Energy  Conserved En.    Temperature
   -5.93186e+05    9.58803e+04   -4.97306e+05   -5.57325e+05    3.00568e+02
 Pres. DC (bar) Pressure (bar)   Constr. rmsd
   -2.07014e+02   -6.09277e+02    2.82942e-05

           Step           Time
          29500       59.00000

   Energies (kJ/mol)
          Angle    Proper Dih. Ryckaert-Bell.          LJ-14     Coulomb-14
    3.88228e+03    2.59277e+02    1.93352e+03    2.97413e+03    7.87320e+03
        LJ (SR)  Disper. corr.   Coulomb (SR)   Coul. recip. Position Rest.
    1.05406e+05   -4.92233e+03   -7.13055e+05    3.45431e+03    5.34514e+02
      Potential    Kinetic En.   Total Energy  Conserved En.    Temperature
   -5.91660e+05    9.56037e+04   -4.96056e+05   -5.57334e+05    2.99701e+02
 Pres. DC (bar) Pressure (bar)   Constr. rmsd
   -2.07014e+02   -8.83207e+02    3.02362e-05

           Step           Time
          30000       60.00000

   Energies (kJ/mol)
          Angle    Proper Dih. Ryckaert-Bell.          LJ-14     Coulomb-14
    3.84445e+03    2.32561e+02    1.80765e+03    3.06978e+03    7.95753e+03
        LJ (SR)  Disper. corr.   Coulomb (SR)   Coul. recip. Position Rest.
    1.03455e+05   -4.92233e+03   -7.10806e+05    3.39747e+03    5.00283e+02
      Potential    Kinetic En.   Total Energy  Conserved En.    Temperature
   -5.91464e+05    9.58229e+04   -4.95641e+05   -5.57371e+05    3.00388e+02
 Pres. DC (bar) Pressure (bar)   Constr. rmsd
   -2.07014e+02   -7.73552e+02    2.81416e-05

           Step           Time
          30500       61.00000

   Energies (kJ/mol)
          Angle    Proper Dih. Ryckaert-Bell.          LJ-14     Coulomb-14
    3.82428e+03    2.53426e+02    1.90619e+03    2.98653e+03    7.90678e+03
        LJ (SR)  Disper. corr.   Coulomb (SR)   Coul. recip. Position Rest.
    1.04477e+05   -4.92233e+03   -7.11958e+05    3.47757e+03    5.30500e+02
      Potential    Kinetic En.   Total Energy  Conserved En.    Temperature
   -5.91519e+05    9.51966e+04   -4.96322e+05   -5.57376e+05    2.98425e+02
 Pres. DC (bar) Pressure (bar)   Constr. rmsd
   -2.07014e+02   -5.75665e+02    2.87815e-05

           Step           Time
          31000       62.00000

   Energies (kJ/mol)
          Angle    Proper Dih. Ryckaert-Bell.          LJ-14     Coulomb-14
    3.67293e+03    3.09194e+02    1.93129e+03    2.98332e+03    7.95738e+03
        LJ (SR)  Disper. corr.   Coulomb (SR)   Coul. recip. Position Rest.
    1.04078e+05   -4.92233e+03   -7.12646e+05    3.41289e+03    6.40006e+02
      Potential    Kinetic En.   Total Energy  Conserved En.    Temperature
   -5.92583e+05    9.53362e+04   -4.97247e+05   -5.57409e+05    2.98863e+02
 Pres. DC (bar) Pressure (bar)   Constr. rmsd
   -2.07014e+02   -7.43619e+02    2.74893e-05

           Step           Time
          31500       63.00000

   Energies (kJ/mol)
          Angle    Proper Dih. Ryckaert-Bell.          LJ-14     Coulomb-14
    4.00529e+03    2.76844e+02    1.93098e+03    2.96039e+03    7.94903e+03
        LJ (SR)  Disper. corr.   Coulomb (SR)   Coul. recip. Position Rest.
    1.03721e+05   -4.92233e+03   -7.11583e+05    3.45116e+03    5.49885e+02
      Potential    Kinetic En.   Total Energy  Conserved En.    Temperature
   -5.91661e+05    9.59775e+04   -4.95683e+05   -5.57403e+05    3.00873e+02
 Pres. DC (bar) Pressure (bar)   Constr. rmsd
   -2.07014e+02   -1.13700e+03    2.87568e-05

           Step           Time
          32000       64.00000

   Energies (kJ/mol)
          Angle    Proper Dih. Ryckaert-Bell.          LJ-14     Coulomb-14
    3.64047e+03    2.50181e+02    1.92430e+03    3.04143e+03    7.92329e+03
        LJ (SR)  Disper. corr.   Coulomb (SR)   Coul. recip. Position Rest.
    1.05569e+05   -4.92233e+03   -7.14188e+05    3.47768e+03    5.78832e+02
      Potential    Kinetic En.   Total Energy  Conserved En.    Temperature
   -5.92706e+05    9.54565e+04   -4.97249e+05   -5.57418e+05    2.99240e+02
 Pres. DC (bar) Pressure (bar)   Constr. rmsd
   -2.07014e+02   -6.35075e+02    2.82908e-05

           Step           Time
          32500       65.00000

   Energies (kJ/mol)
          Angle    Proper Dih. Ryckaert-Bell.          LJ-14     Coulomb-14
    3.74829e+03    2.36178e+02    1.87893e+03    3.02246e+03    7.91291e+03
        LJ (SR)  Disper. corr.   Coulomb (SR)   Coul. recip. Position Rest.
    1.04144e+05   -4.92233e+03   -7.12371e+05    3.42278e+03    4.90663e+02
      Potential    Kinetic En.   Total Energy  Conserved En.    Temperature
   -5.92437e+05    9.58865e+04   -4.96550e+05   -5.57439e+05    3.00587e+02
 Pres. DC (bar) Pressure (bar)   Constr. rmsd
   -2.07014e+02   -7.60093e+02    2.68579e-05

           Step           Time
          33000       66.00000

   Energies (kJ/mol)
          Angle    Proper Dih. Ryckaert-Bell.          LJ-14     Coulomb-14
    3.96938e+03    2.57808e+02    1.78876e+03    3.03301e+03    7.97384e+03
        LJ (SR)  Disper. corr.   Coulomb (SR)   Coul. recip. Position Rest.
    1.05745e+05   -4.92233e+03   -7.13119e+05    3.43886e+03    5.13893e+02
      Potential    Kinetic En.   Total Energy  Conserved En.    Temperature
   -5.91321e+05    9.60860e+04   -4.95235e+05   -5.57451e+05    3.01213e+02
 Pres. DC (bar) Pressure (bar)   Constr. rmsd
   -2.07014e+02   -6.56803e+02    2.82641e-05

           Step           Time
          33500       67.00000

   Energies (kJ/mol)
          Angle    Proper Dih. Ryckaert-Bell.          LJ-14     Coulomb-14
    3.85060e+03    2.09617e+02    1.77654e+03    3.05674e+03    7.96895e+03
        LJ (SR)  Disper. corr.   Coulomb (SR)   Coul. recip. Position Rest.
    1.04027e+05   -4.92233e+03   -7.12266e+05    3.53494e+03    5.20913e+02
      Potential    Kinetic En.   Total Energy  Conserved En.    Temperature
   -5.92243e+05    9.59850e+04   -4.96258e+05   -5.57469e+05    3.00896e+02
 Pres. DC (bar) Pressure (bar)   Constr. rmsd
   -2.07014e+02   -5.95389e+02    2.59106e-05

           Step           Time
          34000       68.00000

   Energies (kJ/mol)
          Angle    Proper Dih. Ryckaert-Bell.          LJ-14     Coulomb-14
    3.67682e+03    2.47211e+02    1.86528e+03    2.98723e+03    7.84156e+03
        LJ (SR)  Disper. corr.   Coulomb (SR)   Coul. recip. Position Rest.
    1.04591e+05   -4.92233e+03   -7.12488e+05    3.45644e+03    4.86591e+02
      Potential    Kinetic En.   Total Energy  Conserved En.    Temperature
   -5.92258e+05    9.56092e+04   -4.96649e+05   -5.57486e+05    2.99718e+02
 Pres. DC (bar) Pressure (bar)   Constr. rmsd
   -2.07014e+02   -9.70152e+02    3.05489e-05

           Step           Time
          34500       69.00000

   Energies (kJ/mol)
          Angle    Proper Dih. Ryckaert-Bell.          LJ-14     Coulomb-14
    3.75708e+03    2.32962e+02    1.88370e+03    2.99858e+03    7.89281e+03
        LJ (SR)  Disper. corr.   Coulomb (SR)   Coul. recip. Position Rest.
    1.05507e+05   -4.92233e+03   -7.13567e+05    3.44888e+03    4.52128e+02
      Potential    Kinetic En.   Total Energy  Conserved En.    Temperature
   -5.92316e+05    9.58641e+04   -4.96452e+05   -5.57495e+05    3.00518e+02
 Pres. DC (bar) Pressure (bar)   Constr. rmsd
   -2.07014e+02   -6.45518e+02    2.96033e-05

           Step           Time
          35000       70.00000

   Energies (kJ/mol)
          Angle    Proper Dih. Ryckaert-Bell.          LJ-14     Coulomb-14
    3.90940e+03    2.56013e+02    1.91196e+03    3.06947e+03    7.94141e+03
        LJ (SR)  Disper. corr.   Coulomb (SR)   Coul. recip. Position Rest.
    1.05082e+05   -4.92233e+03   -7.12355e+05    3.40411e+03    4.97796e+02
      Potential    Kinetic En.   Total Energy  Conserved En.    Temperature
   -5.91205e+05    9.47302e+04   -4.96475e+05   -5.57502e+05    2.96963e+02
 Pres. DC (bar) Pressure (bar)   Constr. rmsd
   -2.07014e+02   -8.79575e+02    2.71957e-05

           Step           Time
          35500       71.00000

   Energies (kJ/mol)
          Angle    Proper Dih. Ryckaert-Bell.          LJ-14     Coulomb-14
    3.82251e+03    2.40316e+02    1.82843e+03    3.06959e+03    7.94290e+03
        LJ (SR)  Disper. corr.   Coulomb (SR)   Coul. recip. Position Rest.
    1.04806e+05   -4.92233e+03   -7.12353e+05    3.44156e+03    5.72905e+02
      Potential    Kinetic En.   Total Energy  Conserved En.    Temperature
   -5.91551e+05    9.62359e+04   -4.95315e+05   -5.57544e+05    3.01683e+02
 Pres. DC (bar) Pressure (bar)   Constr. rmsd
   -2.07014e+02   -7.18166e+02    2.66390e-05

           Step           Time
          36000       72.00000

   Energies (kJ/mol)
          Angle    Proper Dih. Ryckaert-Bell.          LJ-14     Coulomb-14
    3.78829e+03    2.80869e+02    1.84425e+03    3.02571e+03    7.90720e+03
        LJ (SR)  Disper. corr.   Coulomb (SR)   Coul. recip. Position Rest.
    1.04628e+05   -4.92233e+03   -7.11660e+05    3.42356e+03    5.69560e+02
      Potential    Kinetic En.   Total Energy  Conserved En.    Temperature
   -5.91115e+05    9.61148e+04   -4.95000e+05   -5.57552e+05    3.01303e+02
 Pres. DC (bar) Pressure (bar)   Constr. rmsd
   -2.07014e+02   -8.91166e+02    2.79046e-05

           Step           Time
          36500       73.00000

   Energies (kJ/mol)
          Angle    Proper Dih. Ryckaert-Bell.          LJ-14     Coulomb-14
    3.76014e+03    2.28660e+02    1.81261e+03    3.11758e+03    7.95162e+03
        LJ (SR)  Disper. corr.   Coulomb (SR)   Coul. recip. Position Rest.
    1.04059e+05   -4.92233e+03   -7.11280e+05    3.38136e+03    5.42007e+02
      Potential    Kinetic En.   Total Energy  Conserved En.    Temperature
   -5.91349e+05    9.46765e+04   -4.96673e+05   -5.57554e+05    2.96794e+02
 Pres. DC (bar) Pressure (bar)   Constr. rmsd
   -2.07014e+02   -4.62299e+02    2.41458e-05

           Step           Time
          37000       74.00000

   Energies (kJ/mol)
          Angle    Proper Dih. Ryckaert-Bell.          LJ-14     Coulomb-14
    3.75059e+03    2.17394e+02    1.87760e+03    3.03751e+03    7.97469e+03
        LJ (SR)  Disper. corr.   Coulomb (SR)   Coul. recip. Position Rest.
    1.05503e+05   -4.92233e+03   -7.13433e+05    3.36534e+03    5.35064e+02
      Potential    Kinetic En.   Total Energy  Conserved En.    Temperature
   -5.92094e+05    9.52565e+04   -4.96837e+05   -5.57572e+05    2.98613e+02
 Pres. DC (bar) Pressure (bar)   Constr. rmsd
   -2.07014e+02   -6.60026e+02    2.74257e-05

           Step           Time
          37500       75.00000

   Energies (kJ/mol)
          Angle    Proper Dih. Ryckaert-Bell.          LJ-14     Coulomb-14
    3.88553e+03    2.67353e+02    1.82017e+03    3.06660e+03    7.92835e+03
        LJ (SR)  Disper. corr.   Coulomb (SR)   Coul. recip. Position Rest.
    1.03406e+05   -4.92233e+03   -7.11392e+05    3.33478e+03    5.32825e+02
      Potential    Kinetic En.   Total Energy  Conserved En.    Temperature
   -5.92072e+05    9.61053e+04   -4.95967e+05   -5.57592e+05    3.01273e+02
 Pres. DC (bar) Pressure (bar)   Constr. rmsd
   -2.07014e+02   -7.04471e+02    2.65561e-05

           Step           Time
          38000       76.00000

   Energies (kJ/mol)
          Angle    Proper Dih. Ryckaert-Bell.          LJ-14     Coulomb-14
    3.80352e+03    2.21611e+02    1.71000e+03    3.03179e+03    7.90743e+03
        LJ (SR)  Disper. corr.   Coulomb (SR)   Coul. recip. Position Rest.
    1.04718e+05   -4.92233e+03   -7.12589e+05    3.48933e+03    5.80851e+02
      Potential    Kinetic En.   Total Energy  Conserved En.    Temperature
   -5.92049e+05    9.63836e+04   -4.95666e+05   -5.57625e+05    3.02146e+02
 Pres. DC (bar) Pressure (bar)   Constr. rmsd
   -2.07014e+02   -8.02665e+02    2.74735e-05

           Step           Time
          38500       77.00000

   Energies (kJ/mol)
          Angle    Proper Dih. Ryckaert-Bell.          LJ-14     Coulomb-14
    3.72038e+03    2.60335e+02    1.86185e+03    3.01817e+03    8.02330e+03
        LJ (SR)  Disper. corr.   Coulomb (SR)   Coul. recip. Position Rest.
    1.05909e+05   -4.92233e+03   -7.15260e+05    3.43985e+03    5.89475e+02
      Potential    Kinetic En.   Total Energy  Conserved En.    Temperature
   -5.93360e+05    9.51605e+04   -4.98200e+05   -5.57632e+05    2.98312e+02
 Pres. DC (bar) Pressure (bar)   Constr. rmsd
   -2.07014e+02   -6.03422e+02    2.58440e-05

           Step           Time
          39000       78.00000

   Energies (kJ/mol)
          Angle    Proper Dih. Ryckaert-Bell.          LJ-14     Coulomb-14
    3.75542e+03    2.17321e+02    1.90345e+03    3.07765e+03    7.97062e+03
        LJ (SR)  Disper. corr.   Coulomb (SR)   Coul. recip. Position Rest.
    1.05099e+05   -4.92233e+03   -7.13766e+05    3.45623e+03    5.30395e+02
      Potential    Kinetic En.   Total Energy  Conserved En.    Temperature
   -5.92679e+05    9.63479e+04   -4.96331e+05   -5.57652e+05    3.02034e+02
 Pres. DC (bar) Pressure (bar)   Constr. rmsd
   -2.07014e+02   -8.03999e+02    2.71330e-05

           Step           Time
          39500       79.00000

   Energies (kJ/mol)
          Angle    Proper Dih. Ryckaert-Bell.          LJ-14     Coulomb-14
    3.61496e+03    2.78913e+02    1.89438e+03    2.97081e+03    7.88279e+03
        LJ (SR)  Disper. corr.   Coulomb (SR)   Coul. recip. Position Rest.
    1.04950e+05   -4.92233e+03   -7.13698e+05    3.47360e+03    5.73734e+02
      Potential    Kinetic En.   Total Energy  Conserved En.    Temperature
   -5.92982e+05    9.58745e+04   -4.97107e+05   -5.57671e+05    3.00550e+02
 Pres. DC (bar) Pressure (bar)   Constr. rmsd
   -2.07014e+02   -7.38445e+02    2.87735e-05

           Step           Time
          40000       80.00000

   Energies (kJ/mol)
          Angle    Proper Dih. Ryckaert-Bell.          LJ-14     Coulomb-14
    3.67495e+03    2.60088e+02    1.91505e+03    2.93108e+03    7.95335e+03
        LJ (SR)  Disper. corr.   Coulomb (SR)   Coul. recip. Position Rest.
    1.05296e+05   -4.92233e+03   -7.13722e+05    3.43417e+03    4.99212e+02
      Potential    Kinetic En.   Total Energy  Conserved En.    Temperature
   -5.92680e+05    9.56684e+04   -4.97011e+05   -5.57687e+05    2.99904e+02
 Pres. DC (bar) Pressure (bar)   Constr. rmsd
   -2.07014e+02   -7.98177e+02    3.01363e-05

           Step           Time
          40500       81.00000

   Energies (kJ/mol)
          Angle    Proper Dih. Ryckaert-Bell.          LJ-14     Coulomb-14
    3.72748e+03    2.42731e+02    1.84682e+03    2.94966e+03    7.92021e+03
        LJ (SR)  Disper. corr.   Coulomb (SR)   Coul. recip. Position Rest.
    1.04838e+05   -4.92233e+03   -7.12756e+05    3.38170e+03    5.13724e+02
      Potential    Kinetic En.   Total Energy  Conserved En.    Temperature
   -5.92258e+05    9.57313e+04   -4.96527e+05   -5.57718e+05    3.00101e+02
 Pres. DC (bar) Pressure (bar)   Constr. rmsd
   -2.07014e+02   -7.58156e+02    3.02300e-05

           Step           Time
          41000       82.00000

   Energies (kJ/mol)
          Angle    Proper Dih. Ryckaert-Bell.          LJ-14     Coulomb-14
    3.73983e+03    2.64948e+02    1.87358e+03    3.01348e+03    7.98165e+03
        LJ (SR)  Disper. corr.   Coulomb (SR)   Coul. recip. Position Rest.
    1.04524e+05   -4.92233e+03   -7.13126e+05    3.37900e+03    5.15265e+02
      Potential    Kinetic En.   Total Energy  Conserved En.    Temperature
   -5.92757e+05    9.51874e+04   -4.97569e+05   -5.57714e+05    2.98396e+02
 Pres. DC (bar) Pressure (bar)   Constr. rmsd
   -2.07014e+02   -8.39443e+02    2.49389e-05

           Step           Time
          41500       83.00000

   Energies (kJ/mol)
          Angle    Proper Dih. Ryckaert-Bell.          LJ-14     Coulomb-14
    3.68212e+03    2.60989e+02    1.89651e+03    3.06431e+03    7.98755e+03
        LJ (SR)  Disper. corr.   Coulomb (SR)   Coul. recip. Position Rest.
    1.05324e+05   -4.92233e+03   -7.14070e+05    3.47602e+03    4.80473e+02
      Potential    Kinetic En.   Total Energy  Conserved En.    Temperature
   -5.92820e+05    9.53101e+04   -4.97510e+05   -5.57742e+05    2.98781e+02
 Pres. DC (bar) Pressure (bar)   Constr. rmsd
   -2.07014e+02   -8.20073e+02    2.78298e-05

           Step           Time
          42000       84.00000

   Energies (kJ/mol)
          Angle    Proper Dih. Ryckaert-Bell.          LJ-14     Coulomb-14
    3.76536e+03    2.67813e+02    1.89147e+03    3.11443e+03    8.04675e+03
        LJ (SR)  Disper. corr.   Coulomb (SR)   Coul. recip. Position Rest.
    1.04047e+05   -4.92233e+03   -7.11118e+05    3.51155e+03    5.01816e+02
      Potential    Kinetic En.   Total Energy  Conserved En.    Temperature
   -5.90894e+05    9.66700e+04   -4.94224e+05   -5.57765e+05    3.03044e+02
 Pres. DC (bar) Pressure (bar)   Constr. rmsd
   -2.07014e+02   -8.90068e+02    2.69385e-05

           Step           Time
          42500       85.00000

   Energies (kJ/mol)
          Angle    Proper Dih. Ryckaert-Bell.          LJ-14     Coulomb-14
    3.79623e+03    2.52658e+02    1.80947e+03    3.04913e+03    7.97024e+03
        LJ (SR)  Disper. corr.   Coulomb (SR)   Coul. recip. Position Rest.
    1.04582e+05   -4.92233e+03   -7.13675e+05    3.48317e+03    5.12824e+02
      Potential    Kinetic En.   Total Energy  Conserved En.    Temperature
   -5.93142e+05    9.51773e+04   -4.97965e+05   -5.57775e+05    2.98364e+02
 Pres. DC (bar) Pressure (bar)   Constr. rmsd
   -2.07014e+02   -7.51707e+02    2.72165e-05

           Step           Time
          43000       86.00000

   Energies (kJ/mol)
          Angle    Proper Dih. Ryckaert-Bell.          LJ-14     Coulomb-14
    3.57237e+03    2.58074e+02    1.90403e+03    3.01087e+03    7.92592e+03
        LJ (SR)  Disper. corr.   Coulomb (SR)   Coul. recip. Position Rest.
    1.06147e+05   -4.92233e+03   -7.14122e+05    3.40621e+03    4.93510e+02
      Potential    Kinetic En.   Total Energy  Conserved En.    Temperature
   -5.92326e+05    9.59897e+04   -4.96336e+05   -5.57791e+05    3.00911e+02
 Pres. DC (bar) Pressure (bar)   Constr. rmsd
   -2.07014e+02   -6.96531e+02    2.96797e-05

           Step           Time
          43500       87.00000

   Energies (kJ/mol)
          Angle    Proper Dih. Ryckaert-Bell.          LJ-14     Coulomb-14
    4.03698e+03    2.32716e+02    1.90054e+03    2.98867e+03    7.87607e+03
        LJ (SR)  Disper. corr.   Coulomb (SR)   Coul. recip. Position Rest.
    1.03065e+05   -4.92233e+03   -7.11462e+05    3.47161e+03    5.35846e+02
      Potential    Kinetic En.   Total Energy  Conserved En.    Temperature
   -5.92277e+05    9.63691e+04   -4.95908e+05   -5.57781e+05    3.02101e+02
 Pres. DC (bar) Pressure (bar)   Constr. rmsd
   -2.07014e+02   -9.01118e+02    2.71887e-05

           Step           Time
          44000       88.00000

   Energies (kJ/mol)
          Angle    Proper Dih. Ryckaert-Bell.          LJ-14     Coulomb-14
    3.79005e+03    2.27265e+02    1.88431e+03    3.04454e+03    7.95354e+03
        LJ (SR)  Disper. corr.   Coulomb (SR)   Coul. recip. Position Rest.
    1.04791e+05   -4.92233e+03   -7.12900e+05    3.50733e+03    5.46835e+02
      Potential    Kinetic En.   Total Energy  Conserved En.    Temperature
   -5.92078e+05    9.69592e+04   -4.95118e+05   -5.57824e+05    3.03950e+02
 Pres. DC (bar) Pressure (bar)   Constr. rmsd
   -2.07014e+02   -7.77680e+02    2.78119e-05

Writing checkpoint, step 44400 at Sun Oct 21 19:08:42 2018


           Step           Time
          44500       89.00000

   Energies (kJ/mol)
          Angle    Proper Dih. Ryckaert-Bell.          LJ-14     Coulomb-14
    3.74223e+03    2.22728e+02    1.83540e+03    3.05376e+03    8.01622e+03
        LJ (SR)  Disper. corr.   Coulomb (SR)   Coul. recip. Position Rest.
    1.03170e+05   -4.92233e+03   -7.11507e+05    3.45218e+03    5.60421e+02
      Potential    Kinetic En.   Total Energy  Conserved En.    Temperature
   -5.92377e+05    9.57233e+04   -4.96653e+05   -5.57831e+05    3.00076e+02
 Pres. DC (bar) Pressure (bar)   Constr. rmsd
   -2.07014e+02   -7.12360e+02    2.70149e-05

           Step           Time
          45000       90.00000

   Energies (kJ/mol)
          Angle    Proper Dih. Ryckaert-Bell.          LJ-14     Coulomb-14
    3.83364e+03    2.50632e+02    1.81703e+03    3.04282e+03    7.92060e+03
        LJ (SR)  Disper. corr.   Coulomb (SR)   Coul. recip. Position Rest.
    1.04567e+05   -4.92233e+03   -7.11528e+05    3.42913e+03    5.10924e+02
      Potential    Kinetic En.   Total Energy  Conserved En.    Temperature
   -5.91078e+05    9.51975e+04   -4.95880e+05   -5.57847e+05    2.98428e+02
 Pres. DC (bar) Pressure (bar)   Constr. rmsd
   -2.07014e+02   -8.03839e+02    2.71756e-05

           Step           Time
          45500       91.00000

   Energies (kJ/mol)
          Angle    Proper Dih. Ryckaert-Bell.          LJ-14     Coulomb-14
    3.69224e+03    2.30978e+02    1.78075e+03    3.08182e+03    7.90508e+03
        LJ (SR)  Disper. corr.   Coulomb (SR)   Coul. recip. Position Rest.
    1.04332e+05   -4.92233e+03   -7.12443e+05    3.44613e+03    4.93449e+02
      Potential    Kinetic En.   Total Energy  Conserved En.    Temperature
   -5.92403e+05    9.62725e+04   -4.96130e+05   -5.57874e+05    3.01798e+02
 Pres. DC (bar) Pressure (bar)   Constr. rmsd
   -2.07014e+02   -8.28921e+02    2.66633e-05

           Step           Time
          46000       92.00000

   Energies (kJ/mol)
          Angle    Proper Dih. Ryckaert-Bell.          LJ-14     Coulomb-14
    3.87921e+03    2.51526e+02    1.87465e+03    3.00744e+03    7.93567e+03
        LJ (SR)  Disper. corr.   Coulomb (SR)   Coul. recip. Position Rest.
    1.05076e+05   -4.92233e+03   -7.12893e+05    3.44877e+03    4.64192e+02
      Potential    Kinetic En.   Total Energy  Conserved En.    Temperature
   -5.91878e+05    9.63735e+04   -4.95504e+05   -5.57869e+05    3.02114e+02
 Pres. DC (bar) Pressure (bar)   Constr. rmsd
   -2.07014e+02   -6.31966e+02    2.64507e-05

           Step           Time
          46500       93.00000

   Energies (kJ/mol)
          Angle    Proper Dih. Ryckaert-Bell.          LJ-14     Coulomb-14
    3.79369e+03    2.41581e+02    1.78619e+03    3.01715e+03    7.95685e+03
        LJ (SR)  Disper. corr.   Coulomb (SR)   Coul. recip. Position Rest.
    1.03753e+05   -4.92233e+03   -7.12148e+05    3.49269e+03    4.77585e+02
      Potential    Kinetic En.   Total Energy  Conserved En.    Temperature
   -5.92551e+05    9.53401e+04   -4.97211e+05   -5.57908e+05    2.98875e+02
 Pres. DC (bar) Pressure (bar)   Constr. rmsd
   -2.07014e+02   -8.90771e+02    2.70297e-05

           Step           Time
          47000       94.00000

   Energies (kJ/mol)
          Angle    Proper Dih. Ryckaert-Bell.          LJ-14     Coulomb-14
    3.91339e+03    2.29445e+02    1.78239e+03    2.96588e+03    7.98606e+03
        LJ (SR)  Disper. corr.   Coulomb (SR)   Coul. recip. Position Rest.
    1.04842e+05   -4.92233e+03   -7.12225e+05    3.45862e+03    4.63148e+02
      Potential    Kinetic En.   Total Energy  Conserved En.    Temperature
   -5.91506e+05    9.66682e+04   -4.94838e+05   -5.57925e+05    3.03038e+02
 Pres. DC (bar) Pressure (bar)   Constr. rmsd
   -2.07014e+02   -8.21516e+02    2.93450e-05

           Step           Time
          47500       95.00000

   Energies (kJ/mol)
          Angle    Proper Dih. Ryckaert-Bell.          LJ-14     Coulomb-14
    3.83198e+03    2.32674e+02    1.88315e+03    3.02981e+03    7.90317e+03
        LJ (SR)  Disper. corr.   Coulomb (SR)   Coul. recip. Position Rest.
    1.04321e+05   -4.92233e+03   -7.10849e+05    3.51774e+03    5.29165e+02
      Potential    Kinetic En.   Total Energy  Conserved En.    Temperature
   -5.90523e+05    9.69740e+04   -4.93549e+05   -5.57930e+05    3.03997e+02
 Pres. DC (bar) Pressure (bar)   Constr. rmsd
   -2.07014e+02   -7.09926e+02    2.73919e-05

           Step           Time
          48000       96.00000

   Energies (kJ/mol)
          Angle    Proper Dih. Ryckaert-Bell.          LJ-14     Coulomb-14
    3.76183e+03    2.34435e+02    1.84779e+03    3.03488e+03    7.93361e+03
        LJ (SR)  Disper. corr.   Coulomb (SR)   Coul. recip. Position Rest.
    1.05869e+05   -4.92233e+03   -7.13853e+05    3.37481e+03    4.90563e+02
      Potential    Kinetic En.   Total Energy  Conserved En.    Temperature
   -5.92229e+05    9.57348e+04   -4.96494e+05   -5.57952e+05    3.00112e+02
 Pres. DC (bar) Pressure (bar)   Constr. rmsd
   -2.07014e+02   -4.45933e+02    2.85119e-05

           Step           Time
          48500       97.00000

   Energies (kJ/mol)
          Angle    Proper Dih. Ryckaert-Bell.          LJ-14     Coulomb-14
    3.81111e+03    3.01145e+02    1.85212e+03    2.99107e+03    7.92037e+03
        LJ (SR)  Disper. corr.   Coulomb (SR)   Coul. recip. Position Rest.
    1.04612e+05   -4.92233e+03   -7.12620e+05    3.43135e+03    4.97335e+02
      Potential    Kinetic En.   Total Energy  Conserved En.    Temperature
   -5.92126e+05    9.51731e+04   -4.96953e+05   -5.57959e+05    2.98351e+02
 Pres. DC (bar) Pressure (bar)   Constr. rmsd
   -2.07014e+02   -7.23360e+02    2.76984e-05

           Step           Time
          49000       98.00000

   Energies (kJ/mol)
          Angle    Proper Dih. Ryckaert-Bell.          LJ-14     Coulomb-14
    3.76036e+03    2.48193e+02    1.91351e+03    2.99386e+03    7.97849e+03
        LJ (SR)  Disper. corr.   Coulomb (SR)   Coul. recip. Position Rest.
    1.03349e+05   -4.92233e+03   -7.10135e+05    3.41384e+03    4.92895e+02
      Potential    Kinetic En.   Total Energy  Conserved En.    Temperature
   -5.90908e+05    9.53370e+04   -4.95570e+05   -5.57975e+05    2.98865e+02
 Pres. DC (bar) Pressure (bar)   Constr. rmsd
   -2.07014e+02   -8.28554e+02    2.73583e-05

           Step           Time
          49500       99.00000

   Energies (kJ/mol)
          Angle    Proper Dih. Ryckaert-Bell.          LJ-14     Coulomb-14
    3.87426e+03    2.32186e+02    1.82214e+03    3.09574e+03    7.94843e+03
        LJ (SR)  Disper. corr.   Coulomb (SR)   Coul. recip. Position Rest.
    1.04070e+05   -4.92233e+03   -7.11697e+05    3.32400e+03    5.39940e+02
      Potential    Kinetic En.   Total Energy  Conserved En.    Temperature
   -5.91713e+05    9.64255e+04   -4.95288e+05   -5.58005e+05    3.02277e+02
 Pres. DC (bar) Pressure (bar)   Constr. rmsd
   -2.07014e+02   -7.48266e+02    2.86530e-05

           Step           Time
          50000      100.00000

Writing checkpoint, step 50000 at Sun Oct 21 19:10:49 2018


   Energies (kJ/mol)
          Angle    Proper Dih. Ryckaert-Bell.          LJ-14     Coulomb-14
    3.80423e+03    2.74443e+02    1.92894e+03    3.02040e+03    8.00986e+03
        LJ (SR)  Disper. corr.   Coulomb (SR)   Coul. recip. Position Rest.
    1.05327e+05   -4.92233e+03   -7.13174e+05    3.44126e+03    5.27560e+02
      Potential    Kinetic En.   Total Energy  Conserved En.    Temperature
   -5.91763e+05    9.63936e+04   -4.95369e+05   -5.58009e+05    3.02177e+02
 Pres. DC (bar) Pressure (bar)   Constr. rmsd
   -2.07014e+02   -6.12043e+02    2.73632e-05

	<======  ###############  ==>
	<====  A V E R A G E S  ====>
	<==  ###############  ======>

	Statistics over 50001 steps using 501 frames

   Energies (kJ/mol)
          Angle    Proper Dih. Ryckaert-Bell.          LJ-14     Coulomb-14
    3.76537e+03    2.45535e+02    1.86409e+03    3.02075e+03    7.92949e+03
        LJ (SR)  Disper. corr.   Coulomb (SR)   Coul. recip. Position Rest.
    1.04547e+05   -4.92233e+03   -7.12601e+05    3.43144e+03    5.19236e+02
      Potential    Kinetic En.   Total Energy  Conserved En.    Temperature
   -5.92200e+05    9.56936e+04   -4.96507e+05   -5.57194e+05    2.99983e+02
 Pres. DC (bar) Pressure (bar)   Constr. rmsd
   -2.07014e+02   -7.90544e+02    0.00000e+00

   Total Virial (kJ/mol)
    4.14343e+04    5.84655e+01   -2.39116e+02
    5.83387e+01    4.12483e+04    1.90987e+02
   -2.38207e+02    1.91153e+02    4.12418e+04

   Pressure (bar)
   -7.99987e+02   -5.51935e+00    1.97209e+01
   -5.50869e+00   -7.83879e+02   -1.62903e+01
    1.96445e+01   -1.63043e+01   -7.87766e+02

      T-Protein  T-non-Protein
    3.00314e+02    2.99965e+02


	M E G A - F L O P S   A C C O U N T I N G

 NB=Group-cutoff nonbonded kernels    NxN=N-by-N cluster Verlet kernels
 RF=Reaction-Field  VdW=Van der Waals  QSTab=quadratic-spline table
 W3=SPC/TIP3p  W4=TIP4p (single or pairs)
 V&F=Potential and force  V=Potential only  F=Force only

 Computing:                               M-Number         M-Flops  % Flops
-----------------------------------------------------------------------------
 Pair Search distance check           12897.870694      116080.836     0.3
 NxN QSTab Elec. + LJ [F]            492492.130776    20192177.362    52.0
 NxN QSTab Elec. + LJ [V&F]            4984.795976      294102.963     0.8
 NxN QSTab Elec. [F]                 440866.508296    14989461.282    38.6
 NxN QSTab Elec. [V&F]                 4461.906888      182938.182     0.5
 1,4 nonbonded interactions             255.305106       22977.460     0.1
 Calc Weights                          5756.515128      207234.545     0.5
 Spread Q Bspline                    122805.656064      245611.312     0.6
 Gather F Bspline                    122805.656064      736833.936     1.9
 3D-FFT                              185299.305912     1482394.447     3.8
 Solve PME                              115.202304        7372.947     0.0
 Shift-X                                 38.414376         230.486     0.0
 Angles                                 177.353547       29795.396     0.1
 Propers                                 21.300426        4877.798     0.0
 RB-Dihedrals                           197.503950       48783.476     0.1
 Pos. Restr.                             50.051001        2502.550     0.0
 Virial                                  19.248921         346.481     0.0
 Stop-CM                                 19.264752         192.648     0.0
 Calc-Ekin                              383.836752       10363.592     0.0
 Lincs                                   99.205952        5952.357     0.0
 Lincs-Mat                             2128.327692        8513.311     0.0
 Constraint-V                          2018.880752       16151.046     0.0
 Constraint-Vir                          19.234392         461.625     0.0
 Settle                                 606.836408      196008.160     0.5
-----------------------------------------------------------------------------
 Total                                                38801364.197   100.0
-----------------------------------------------------------------------------


     R E A L   C Y C L E   A N D   T I M E   A C C O U N T I N G

On 1 MPI rank, each using 8 OpenMP threads

 Computing:          Num   Num      Call    Wall time         Giga-Cycles
                     Ranks Threads  Count      (s)         total sum    %
-----------------------------------------------------------------------------
 Neighbor search        1    8       1001      17.798        441.898   1.7
 Force                  1    8      50001     828.636      20573.651  80.6
 PME mesh               1    8      50001     133.581       3316.589  13.0
 NB X/F buffer ops.     1    8      99001      17.414        432.351   1.7
 Write traj.            1    8        102       1.609         39.943   0.2
 Update                 1    8      50001      14.931        370.706   1.5
 Constraints            1    8      50001      11.632        288.814   1.1
 Rest                                           2.174         53.970   0.2
-----------------------------------------------------------------------------
 Total                                       1027.774      25517.923 100.0
-----------------------------------------------------------------------------
 Breakdown of PME mesh computation
-----------------------------------------------------------------------------
 PME spread             1    8      50001      55.519       1378.454   5.4
 PME gather             1    8      50001      51.273       1273.032   5.0
 PME 3D-FFT             1    8     100002      22.984        570.664   2.2
 PME solve Elec         1    8      50001       3.480         86.414   0.3
-----------------------------------------------------------------------------

               Core t (s)   Wall t (s)        (%)
       Time:     8222.195     1027.774      800.0
                 (ns/day)    (hour/ns)
Performance:        8.407        2.855
Finished mdrun on rank 0 Sun Oct 21 19:10:49 2018
