Log file opened on Sun Jul 29 20:45:55 2018
Host: modarres-virtual-machine  pid: 17029  rank ID: 0  number of ranks:  1
                   :-) GROMACS - gmx mdrun, VERSION 5.1.4 (-:

                            GROMACS is written by:
     Emile Apol      Rossen Apostolov  Herman J.C. Berendsen    Par Bjelkmar   
 Aldert van Buuren   Rudi van Drunen     Anton Feenstra   Sebastian Fritsch 
  Gerrit Groenhof   Christoph Junghans   Anca Hamuraru    Vincent Hindriksen
 Dimitrios Karkoulis    Peter Kasson        Jiri Kraus      Carsten Kutzner  
    Per Larsson      Justin A. Lemkul   Magnus Lundborg   Pieter Meulenhoff 
   Erik Marklund      Teemu Murtola       Szilard Pall       Sander Pronk   
   Roland Schulz     Alexey Shvetsov     Michael Shirts     Alfons Sijbers  
   Peter Tieleman    Teemu Virolainen  Christian Wennberg    Maarten Wolf   
                           and the project leaders:
        Mark Abraham, Berk Hess, Erik Lindahl, and David van der Spoel

Copyright (c) 1991-2000, University of Groningen, The Netherlands.
Copyright (c) 2001-2015, The GROMACS development team at
Uppsala University, Stockholm University and
the Royal Institute of Technology, Sweden.
check out http://www.gromacs.org for more information.

GROMACS is free software; you can redistribute it and/or modify it
under the terms of the GNU Lesser General Public License
as published by the Free Software Foundation; either version 2.1
of the License, or (at your option) any later version.

GROMACS:      gmx mdrun, VERSION 5.1.4
Executable:   /usr/local/gromacs/bin/gmx
Data prefix:  /usr/local/gromacs
Command line:
  gmx mdrun -v -nt 16 -deffnm npt46 -s npt46.tpr

GROMACS version:    VERSION 5.1.4
Precision:          single
Memory model:       64 bit
MPI library:        thread_mpi
OpenMP support:     enabled (GMX_OPENMP_MAX_THREADS = 32)
GPU support:        disabled
OpenCL support:     disabled
invsqrt routine:    gmx_software_invsqrt(x)
SIMD instructions:  AVX2_256
FFT library:        fftw-3.3.4-sse2-avx
RDTSCP usage:       enabled
C++11 compilation:  enabled
TNG support:        enabled
Tracing support:    disabled
Built on:           ‫یکشنبه ۲۰ مه ۱۸، ساعت ۱۷:۳۹:۴۲ (+0430)‬
Built by:           modarres@modarres-virtual-machine [CMAKE]
Build OS/arch:      Linux 4.8.0-36-generic x86_64
Build CPU vendor:   GenuineIntel
Build CPU brand:    Intel(R) Xeon(R) CPU E5-2630 v4 @ 2.20GHz
Build CPU family:   6   Model: 79   Stepping: 1
Build CPU features: aes apic avx avx2 clfsh cmov cx8 cx16 f16c fma lahf_lm mmx msr nonstop_tsc pcid pclmuldq pdpe1gb popcnt pse rdrnd rdtscp sse2 sse3 sse4.1 sse4.2 ssse3 tdt x2apic
C compiler:         /usr/bin/cc GNU 5.4.0
C compiler flags:    -march=core-avx2    -Wundef -Wextra -Wno-missing-field-initializers -Wno-sign-compare -Wpointer-arith -Wall -Wno-unused -Wunused-value -Wunused-parameter  -O3 -DNDEBUG -funroll-all-loops -fexcess-precision=fast  -Wno-array-bounds 
C++ compiler:       /usr/bin/c++ GNU 5.4.0
C++ compiler flags:  -march=core-avx2   -std=c++0x  -Wundef -Wextra -Wno-missing-field-initializers -Wpointer-arith -Wall -Wno-unused-function  -O3 -DNDEBUG -funroll-all-loops -fexcess-precision=fast  -Wno-array-bounds 
Boost version:      1.55.0 (internal)


Running on 1 node with total 16 cores, 16 logical cores
Hardware detected:
  CPU info:
    Vendor: GenuineIntel
    Brand:  Intel(R) Xeon(R) CPU E5-2630 v4 @ 2.20GHz
    Family:  6  model: 79  stepping:  1
    CPU features: aes apic avx avx2 clfsh cmov cx8 cx16 f16c fma lahf_lm mmx msr nonstop_tsc pcid pclmuldq pdpe1gb popcnt pse rdrnd rdtscp sse2 sse3 sse4.1 sse4.2 ssse3 tdt x2apic
    SIMD instructions most likely to fit this hardware: AVX2_256
    SIMD instructions selected at GROMACS compile time: AVX2_256


++++ PLEASE READ AND CITE THE FOLLOWING REFERENCE ++++
M. J. Abraham, T. Murtola, R. Schulz, S. Páll, J. C. Smith, B. Hess, E.
Lindahl
GROMACS: High performance molecular simulations through multi-level
parallelism from laptops to supercomputers
SoftwareX 1 (2015) pp. 19-25
-------- -------- --- Thank You --- -------- --------


++++ PLEASE READ AND CITE THE FOLLOWING REFERENCE ++++
S. Páll, M. J. Abraham, C. Kutzner, B. Hess, E. Lindahl
Tackling Exascale Software Challenges in Molecular Dynamics Simulations with
GROMACS
In S. Markidis & E. Laure (Eds.), Solving Software Challenges for Exascale 8759 (2015) pp. 3-27
-------- -------- --- Thank You --- -------- --------


++++ PLEASE READ AND CITE THE FOLLOWING REFERENCE ++++
S. Pronk, S. Páll, R. Schulz, P. Larsson, P. Bjelkmar, R. Apostolov, M. R.
Shirts, J. C. Smith, P. M. Kasson, D. van der Spoel, B. Hess, and E. Lindahl
GROMACS 4.5: a high-throughput and highly parallel open source molecular
simulation toolkit
Bioinformatics 29 (2013) pp. 845-54
-------- -------- --- Thank You --- -------- --------


++++ PLEASE READ AND CITE THE FOLLOWING REFERENCE ++++
B. Hess and C. Kutzner and D. van der Spoel and E. Lindahl
GROMACS 4: Algorithms for highly efficient, load-balanced, and scalable
molecular simulation
J. Chem. Theory Comput. 4 (2008) pp. 435-447
-------- -------- --- Thank You --- -------- --------


++++ PLEASE READ AND CITE THE FOLLOWING REFERENCE ++++
D. van der Spoel, E. Lindahl, B. Hess, G. Groenhof, A. E. Mark and H. J. C.
Berendsen
GROMACS: Fast, Flexible and Free
J. Comp. Chem. 26 (2005) pp. 1701-1719
-------- -------- --- Thank You --- -------- --------


++++ PLEASE READ AND CITE THE FOLLOWING REFERENCE ++++
E. Lindahl and B. Hess and D. van der Spoel
GROMACS 3.0: A package for molecular simulation and trajectory analysis
J. Mol. Mod. 7 (2001) pp. 306-317
-------- -------- --- Thank You --- -------- --------


++++ PLEASE READ AND CITE THE FOLLOWING REFERENCE ++++
H. J. C. Berendsen, D. van der Spoel and R. van Drunen
GROMACS: A message-passing parallel molecular dynamics implementation
Comp. Phys. Comm. 91 (1995) pp. 43-56
-------- -------- --- Thank You --- -------- --------

Changing nstlist from 5 to 25, rlist from 1.4 to 1.435

Input Parameters:
   integrator                     = md
   tinit                          = 0
   dt                             = 0.002
   nsteps                         = 50000
   init-step                      = 0
   simulation-part                = 1
   comm-mode                      = Linear
   nstcomm                        = 100
   bd-fric                        = 0
   ld-seed                        = 129765370
   emtol                          = 10
   emstep                         = 0.01
   niter                          = 20
   fcstep                         = 0
   nstcgsteep                     = 1000
   nbfgscorr                      = 10
   rtpi                           = 0.05
   nstxout                        = 5000
   nstvout                        = 5000
   nstfout                        = 5000
   nstlog                         = 1000
   nstcalcenergy                  = 100
   nstenergy                      = 5000
   nstxout-compressed             = 5000
   compressed-x-precision         = 1000
   cutoff-scheme                  = Verlet
   nstlist                        = 25
   ns-type                        = Grid
   pbc                            = xyz
   periodic-molecules             = FALSE
   verlet-buffer-tolerance        = 0.005
   rlist                          = 1.435
   rlistlong                      = 1.435
   nstcalclr                      = 5
   coulombtype                    = PME
   coulomb-modifier               = Potential-shift
   rcoulomb-switch                = 0
   rcoulomb                       = 1.4
   epsilon-r                      = 1
   epsilon-rf                     = inf
   vdw-type                       = Cut-off
   vdw-modifier                   = Potential-shift
   rvdw-switch                    = 0
   rvdw                           = 1.4
   DispCorr                       = EnerPres
   table-extension                = 1
   fourierspacing                 = 0.12
   fourier-nx                     = 60
   fourier-ny                     = 60
   fourier-nz                     = 60
   pme-order                      = 4
   ewald-rtol                     = 1e-05
   ewald-rtol-lj                  = 0.001
   lj-pme-comb-rule               = Geometric
   ewald-geometry                 = 0
   epsilon-surface                = 0
   implicit-solvent               = No
   gb-algorithm                   = Still
   nstgbradii                     = 1
   rgbradii                       = 1
   gb-epsilon-solvent             = 80
   gb-saltconc                    = 0
   gb-obc-alpha                   = 1
   gb-obc-beta                    = 0.8
   gb-obc-gamma                   = 4.85
   gb-dielectric-offset           = 0.009
   sa-algorithm                   = Ace-approximation
   sa-surface-tension             = 2.05016
   tcoupl                         = V-rescale
   nsttcouple                     = 5
   nh-chain-length                = 0
   print-nose-hoover-chain-variables = FALSE
   pcoupl                         = Berendsen
   pcoupltype                     = Isotropic
   nstpcouple                     = 5
   tau-p                          = 1
   compressibility (3x3):
      compressibility[    0]={ 4.50000e-05,  0.00000e+00,  0.00000e+00}
      compressibility[    1]={ 0.00000e+00,  4.50000e-05,  0.00000e+00}
      compressibility[    2]={ 0.00000e+00,  0.00000e+00,  4.50000e-05}
   ref-p (3x3):
      ref-p[    0]={ 1.00000e+00,  0.00000e+00,  0.00000e+00}
      ref-p[    1]={ 0.00000e+00,  1.00000e+00,  0.00000e+00}
      ref-p[    2]={ 0.00000e+00,  0.00000e+00,  1.00000e+00}
   refcoord-scaling               = COM
   posres-com (3):
      posres-com[0]= 5.00019e-01
      posres-com[1]= 5.00378e-01
      posres-com[2]= 4.82977e-01
   posres-comB (3):
      posres-comB[0]= 5.00019e-01
      posres-comB[1]= 5.00378e-01
      posres-comB[2]= 4.82977e-01
   QMMM                           = FALSE
   QMconstraints                  = 0
   QMMMscheme                     = 0
   MMChargeScaleFactor            = 1
qm-opts:
   ngQM                           = 0
   constraint-algorithm           = Lincs
   continuation                   = FALSE
   Shake-SOR                      = FALSE
   shake-tol                      = 0.0001
   lincs-order                    = 4
   lincs-iter                     = 1
   lincs-warnangle                = 30
   nwall                          = 0
   wall-type                      = 9-3
   wall-r-linpot                  = -1
   wall-atomtype[0]               = -1
   wall-atomtype[1]               = -1
   wall-density[0]                = 0
   wall-density[1]                = 0
   wall-ewald-zfac                = 3
   pull                           = TRUE
   pull-cylinder-r                = 1.5
   pull-constr-tol                = 1e-06
   pull-print-COM1                = FALSE
   pull-print-COM2                = FALSE
   pull-print-ref-value           = FALSE
   pull-print-components          = FALSE
   pull-nstxout                   = 50
   pull-nstfout                   = 50
   pull-ngroups                   = 3
   pull-group 0:
     atom: not available
     weight: not available
     pbcatom                        = -1
   pull-group 1:
     atom (838):
        atom[0,...,837] = {0,...,837}
     weight: not available
     pbcatom                        = 418
   pull-group 2:
     atom (68):
        atom[0,...,67] = {838,...,905}
     weight: not available
     pbcatom                        = 871
   pull-ncoords                   = 1
   pull-coord 0:
   group[0]                       = 1
   group[1]                       = 2
   type                           = umbrella
   geometry                       = direction
   dim (3):
      dim[0]=0
      dim[1]=0
      dim[2]=1
   origin (3):
      origin[0]= 0.00000e+00
      origin[1]= 0.00000e+00
      origin[2]= 0.00000e+00
   vec (3):
      vec[0]= 0.00000e+00
      vec[1]= 0.00000e+00
      vec[2]= 1.00000e+00
   start                          = TRUE
   init                           = -2.13301
   rate                           = 0
   k                              = 1000
   kB                             = 1000
   rotation                       = FALSE
   interactiveMD                  = FALSE
   disre                          = No
   disre-weighting                = Conservative
   disre-mixed                    = FALSE
   dr-fc                          = 1000
   dr-tau                         = 0
   nstdisreout                    = 100
   orire-fc                       = 0
   orire-tau                      = 0
   nstorireout                    = 100
   free-energy                    = no
   cos-acceleration               = 0
   deform (3x3):
      deform[    0]={ 0.00000e+00,  0.00000e+00,  0.00000e+00}
      deform[    1]={ 0.00000e+00,  0.00000e+00,  0.00000e+00}
      deform[    2]={ 0.00000e+00,  0.00000e+00,  0.00000e+00}
   simulated-tempering            = FALSE
   E-x:
      n = 0
   E-xt:
      n = 0
   E-y:
      n = 0
   E-yt:
      n = 0
   E-z:
      n = 0
   E-zt:
      n = 0
   swapcoords                     = no
   adress                         = FALSE
   userint1                       = 0
   userint2                       = 0
   userint3                       = 0
   userint4                       = 0
   userreal1                      = 0
   userreal2                      = 0
   userreal3                      = 0
   userreal4                      = 0
grpopts:
   nrdf:     1330.94     131.994     65235.1
   ref-t:         310         310         310
   tau-t:         0.5         0.5         0.5
annealing:          No          No          No
annealing-npoints:           0           0           0
   acc:	           0           0           0
   nfreeze:           N           N           N
   energygrp-flags[  0]: 0

Using 1 MPI thread
Using 16 OpenMP threads 

Will do PME sum in reciprocal space for electrostatic interactions.

++++ PLEASE READ AND CITE THE FOLLOWING REFERENCE ++++
U. Essmann, L. Perera, M. L. Berkowitz, T. Darden, H. Lee and L. G. Pedersen 
A smooth particle mesh Ewald method
J. Chem. Phys. 103 (1995) pp. 8577-8592
-------- -------- --- Thank You --- -------- --------

Will do ordinary reciprocal space Ewald sum.
Using a Gaussian width (1/beta) of 0.448228 nm for Ewald
Cut-off's:   NS: 1.435   Coulomb: 1.4   LJ: 1.4
Long Range LJ corr.: <C6> 3.4215e-04
System total charge: -0.000
Generated table with 1217 data points for Ewald.
Tabscale = 500 points/nm
Generated table with 1217 data points for LJ6.
Tabscale = 500 points/nm
Generated table with 1217 data points for LJ12.
Tabscale = 500 points/nm
Generated table with 1217 data points for 1-4 COUL.
Tabscale = 500 points/nm
Generated table with 1217 data points for 1-4 LJ6.
Tabscale = 500 points/nm
Generated table with 1217 data points for 1-4 LJ12.
Tabscale = 500 points/nm
Potential shift: LJ r^-12: -1.764e-02 r^-6: -1.328e-01, Ewald -1.000e-05
Initialized non-bonded Ewald correction tables, spacing: 1.10e-03 size: 1270


Using AVX2_256 4x8 non-bonded kernels

Using full Lennard-Jones parameter combination matrix

Removing pbc first time
Pinning threads with an auto-selected logical core stride of 1

Will apply potential COM pulling
with 1 pull coordinate and 3 groups
Pull group 1:   838 atoms, mass  9670.755
Pull group 2:    68 atoms, mass   543.529

Initializing LINear Constraint Solver

++++ PLEASE READ AND CITE THE FOLLOWING REFERENCE ++++
B. Hess and H. Bekker and H. J. C. Berendsen and J. G. E. M. Fraaije
LINCS: A Linear Constraint Solver for molecular simulations
J. Comp. Chem. 18 (1997) pp. 1463-1472
-------- -------- --- Thank You --- -------- --------

The number of constraints is 1255

++++ PLEASE READ AND CITE THE FOLLOWING REFERENCE ++++
S. Miyamoto and P. A. Kollman
SETTLE: An Analytical Version of the SHAKE and RATTLE Algorithms for Rigid
Water Models
J. Comp. Chem. 13 (1992) pp. 952-962
-------- -------- --- Thank You --- -------- --------

Center of mass motion removal mode is Linear
We have the following groups for center of mass motion removal:
  0:  rest

++++ PLEASE READ AND CITE THE FOLLOWING REFERENCE ++++
G. Bussi, D. Donadio and M. Parrinello
Canonical sampling through velocity rescaling
J. Chem. Phys. 126 (2007) pp. 014101
-------- -------- --- Thank You --- -------- --------

There are: 33518 Atoms

Constraining the starting coordinates (step 0)

Constraining the coordinates at t0-dt (step 0)
RMS relative constraint deviation after constraining: 1.52e-03
Initial temperature: 311.022 K

Started mdrun on rank 0 Sun Jul 29 20:45:57 2018
           Step           Time         Lambda
              0        0.00000        0.00000

   Energies (kJ/mol)
       G96Angle    Proper Dih.  Improper Dih.          LJ-14     Coulomb-14
    7.63646e+02    2.40365e+02    8.96606e+00    2.13072e+04   -1.29183e+02
        LJ (SR)  Disper. corr.   Coulomb (SR)   Coul. recip. Position Rest.
    7.04400e+04   -1.69467e+03   -5.32048e+05    9.69533e+02    6.42812e+00
   COM Pull En.      Potential    Kinetic En.   Total Energy    Temperature
    5.23039e-13   -4.40136e+05    8.71742e+04   -3.52961e+05    3.14392e+02
 Pres. DC (bar) Pressure (bar)   Constr. rmsd
   -8.13446e+01   -3.90135e+03    1.68990e-03

           Step           Time         Lambda
           1000        2.00000        0.00000

   Energies (kJ/mol)
       G96Angle    Proper Dih.  Improper Dih.          LJ-14     Coulomb-14
    8.02939e+02    2.46846e+02    8.95460e+00    2.14372e+04   -1.52195e+02
        LJ (SR)  Disper. corr.   Coulomb (SR)   Coul. recip. Position Rest.
    7.09450e+04   -1.69388e+03   -5.32380e+05    9.73481e+02    9.23414e+02
   COM Pull En.      Potential    Kinetic En.   Total Energy    Temperature
    1.10786e-02   -4.38888e+05    8.57102e+04   -3.53178e+05    3.09112e+02
 Pres. DC (bar) Pressure (bar)   Constr. rmsd
   -8.12687e+01    9.72006e+01    1.25991e-03

           Step           Time         Lambda
           2000        4.00000        0.00000

   Energies (kJ/mol)
       G96Angle    Proper Dih.  Improper Dih.          LJ-14     Coulomb-14
    7.51816e+02    2.32807e+02    9.70139e+00    2.14685e+04   -1.46416e+02
        LJ (SR)  Disper. corr.   Coulomb (SR)   Coul. recip. Position Rest.
    7.06857e+04   -1.70139e+03   -5.33330e+05    9.79684e+02    1.00371e+03
   COM Pull En.      Potential    Kinetic En.   Total Energy    Temperature
    5.42660e-04   -4.40046e+05    8.55823e+04   -3.54464e+05    3.08651e+02
 Pres. DC (bar) Pressure (bar)   Constr. rmsd
   -8.19908e+01    1.63486e+02    1.22763e-03

           Step           Time         Lambda
           3000        6.00000        0.00000

   Energies (kJ/mol)
       G96Angle    Proper Dih.  Improper Dih.          LJ-14     Coulomb-14
    7.87260e+02    2.34937e+02    1.28443e+01    2.14630e+04   -1.18497e+02
        LJ (SR)  Disper. corr.   Coulomb (SR)   Coul. recip. Position Rest.
    7.11336e+04   -1.69229e+03   -5.32272e+05    9.91457e+02    1.10084e+03
   COM Pull En.      Potential    Kinetic En.   Total Energy    Temperature
    5.88631e-01   -4.38358e+05    8.54808e+04   -3.52877e+05    3.08285e+02
 Pres. DC (bar) Pressure (bar)   Constr. rmsd
   -8.11166e+01    7.93921e+01    1.26955e-03

           Step           Time         Lambda
           4000        8.00000        0.00000

   Energies (kJ/mol)
       G96Angle    Proper Dih.  Improper Dih.          LJ-14     Coulomb-14
    7.38501e+02    2.43374e+02    1.29072e+01    2.14357e+04   -1.27790e+02
        LJ (SR)  Disper. corr.   Coulomb (SR)   Coul. recip. Position Rest.
    7.16976e+04   -1.69354e+03   -5.33669e+05    1.00633e+03    1.11246e+03
   COM Pull En.      Potential    Kinetic En.   Total Energy    Temperature
    4.28521e-02   -4.39244e+05    8.53956e+04   -3.53848e+05    3.07977e+02
 Pres. DC (bar) Pressure (bar)   Constr. rmsd
   -8.12360e+01   -6.87721e+01    1.28253e-03

           Step           Time         Lambda
           5000       10.00000        0.00000

   Energies (kJ/mol)
       G96Angle    Proper Dih.  Improper Dih.          LJ-14     Coulomb-14
    7.45436e+02    2.63649e+02    1.31103e+01    2.14650e+04   -1.74835e+02
        LJ (SR)  Disper. corr.   Coulomb (SR)   Coul. recip. Position Rest.
    6.95354e+04   -1.69458e+03   -5.31341e+05    9.46390e+02    1.07012e+03
   COM Pull En.      Potential    Kinetic En.   Total Energy    Temperature
    9.25860e-01   -4.39170e+05    8.51938e+04   -3.53976e+05    3.07250e+02
 Pres. DC (bar) Pressure (bar)   Constr. rmsd
   -8.13360e+01   -2.33110e+02    1.26241e-03

           Step           Time         Lambda
           6000       12.00000        0.00000

   Energies (kJ/mol)
       G96Angle    Proper Dih.  Improper Dih.          LJ-14     Coulomb-14
    7.35409e+02    2.53441e+02    1.04416e+01    2.14365e+04   -1.36420e+02
        LJ (SR)  Disper. corr.   Coulomb (SR)   Coul. recip. Position Rest.
    7.08827e+04   -1.69856e+03   -5.34432e+05    1.01488e+03    1.02658e+03
   COM Pull En.      Potential    Kinetic En.   Total Energy    Temperature
    1.53346e-01   -4.40907e+05    8.50418e+04   -3.55865e+05    3.06701e+02
 Pres. DC (bar) Pressure (bar)   Constr. rmsd
   -8.17183e+01   -1.09796e+02    1.25153e-03

           Step           Time         Lambda
           7000       14.00000        0.00000

   Energies (kJ/mol)
       G96Angle    Proper Dih.  Improper Dih.          LJ-14     Coulomb-14
    7.21212e+02    2.36907e+02    1.05642e+01    2.14203e+04   -1.37446e+02
        LJ (SR)  Disper. corr.   Coulomb (SR)   Coul. recip. Position Rest.
    6.94296e+04   -1.69521e+03   -5.31713e+05    9.58703e+02    9.98264e+02
   COM Pull En.      Potential    Kinetic En.   Total Energy    Temperature
    6.47781e-01   -4.39769e+05    8.45187e+04   -3.55250e+05    3.04815e+02
 Pres. DC (bar) Pressure (bar)   Constr. rmsd
   -8.13966e+01   -5.71777e+02    1.29030e-03

           Step           Time         Lambda
           8000       16.00000        0.00000

   Energies (kJ/mol)
       G96Angle    Proper Dih.  Improper Dih.          LJ-14     Coulomb-14
    6.94476e+02    2.43254e+02    7.49619e+00    2.14670e+04   -1.77944e+02
        LJ (SR)  Disper. corr.   Coulomb (SR)   Coul. recip. Position Rest.
    7.11768e+04   -1.69416e+03   -5.34610e+05    9.54192e+02    1.02006e+03
   COM Pull En.      Potential    Kinetic En.   Total Energy    Temperature
    4.56957e-01   -4.40918e+05    8.57456e+04   -3.55173e+05    3.09240e+02
 Pres. DC (bar) Pressure (bar)   Constr. rmsd
   -8.12952e+01    5.73988e+01    1.24349e-03

           Step           Time         Lambda
           9000       18.00000        0.00000

   Energies (kJ/mol)
       G96Angle    Proper Dih.  Improper Dih.          LJ-14     Coulomb-14
    7.32075e+02    2.39283e+02    7.07385e+00    2.14683e+04   -1.35949e+02
        LJ (SR)  Disper. corr.   Coulomb (SR)   Coul. recip. Position Rest.
    7.13667e+04   -1.69685e+03   -5.34905e+05    9.43031e+02    1.02102e+03
   COM Pull En.      Potential    Kinetic En.   Total Energy    Temperature
    5.56815e-02   -4.40960e+05    8.49424e+04   -3.56018e+05    3.06343e+02
 Pres. DC (bar) Pressure (bar)   Constr. rmsd
   -8.15541e+01    2.09199e+02    1.21285e-03

           Step           Time         Lambda
          10000       20.00000        0.00000

   Energies (kJ/mol)
       G96Angle    Proper Dih.  Improper Dih.          LJ-14     Coulomb-14
    7.11369e+02    2.42076e+02    1.19747e+01    2.14337e+04   -1.61544e+02
        LJ (SR)  Disper. corr.   Coulomb (SR)   Coul. recip. Position Rest.
    7.15005e+04   -1.69735e+03   -5.35745e+05    9.67055e+02    1.00715e+03
   COM Pull En.      Potential    Kinetic En.   Total Energy    Temperature
    3.38741e-01   -4.41730e+05    8.48238e+04   -3.56906e+05    3.05915e+02
 Pres. DC (bar) Pressure (bar)   Constr. rmsd
   -8.16017e+01    1.25169e+02    1.22161e-03

           Step           Time         Lambda
          11000       22.00000        0.00000

   Energies (kJ/mol)
       G96Angle    Proper Dih.  Improper Dih.          LJ-14     Coulomb-14
    6.40953e+02    2.39909e+02    1.00611e+01    2.14410e+04   -1.44868e+02
        LJ (SR)  Disper. corr.   Coulomb (SR)   Coul. recip. Position Rest.
    7.08636e+04   -1.69606e+03   -5.33704e+05    9.37093e+02    1.16858e+03
   COM Pull En.      Potential    Kinetic En.   Total Energy    Temperature
    2.21281e-01   -4.40244e+05    8.56270e+04   -3.54617e+05    3.08812e+02
 Pres. DC (bar) Pressure (bar)   Constr. rmsd
   -8.14782e+01    2.92152e+02    1.24562e-03

           Step           Time         Lambda
          12000       24.00000        0.00000

   Energies (kJ/mol)
       G96Angle    Proper Dih.  Improper Dih.          LJ-14     Coulomb-14
    7.14898e+02    2.47095e+02    1.08382e+01    2.14732e+04   -1.77641e+02
        LJ (SR)  Disper. corr.   Coulomb (SR)   Coul. recip. Position Rest.
    7.06450e+04   -1.69345e+03   -5.34134e+05    9.83118e+02    1.06901e+03
   COM Pull En.      Potential    Kinetic En.   Total Energy    Temperature
    2.18794e-01   -4.40862e+05    8.59780e+04   -3.54884e+05    3.10077e+02
 Pres. DC (bar) Pressure (bar)   Constr. rmsd
   -8.12277e+01    2.07629e+02    1.22048e-03

           Step           Time         Lambda
          13000       26.00000        0.00000

   Energies (kJ/mol)
       G96Angle    Proper Dih.  Improper Dih.          LJ-14     Coulomb-14
    7.16972e+02    2.37934e+02    1.68806e+01    2.14373e+04   -1.57190e+02
        LJ (SR)  Disper. corr.   Coulomb (SR)   Coul. recip. Position Rest.
    7.02616e+04   -1.69497e+03   -5.32333e+05    9.78158e+02    1.15538e+03
   COM Pull En.      Potential    Kinetic En.   Total Energy    Temperature
    1.22152e+00   -4.39379e+05    8.56071e+04   -3.53772e+05    3.08740e+02
 Pres. DC (bar) Pressure (bar)   Constr. rmsd
   -8.13732e+01   -3.36427e+01    1.24266e-03

           Step           Time         Lambda
          14000       28.00000        0.00000

   Energies (kJ/mol)
       G96Angle    Proper Dih.  Improper Dih.          LJ-14     Coulomb-14
    7.59586e+02    2.45391e+02    2.25052e+00    2.14566e+04   -1.99418e+02
        LJ (SR)  Disper. corr.   Coulomb (SR)   Coul. recip. Position Rest.
    7.04035e+04   -1.69379e+03   -5.32165e+05    9.96575e+02    1.16819e+03
   COM Pull En.      Potential    Kinetic En.   Total Energy    Temperature
    4.53755e-03   -4.39026e+05    8.63601e+04   -3.52666e+05    3.11456e+02
 Pres. DC (bar) Pressure (bar)   Constr. rmsd
   -8.12600e+01    2.78005e+02    1.22244e-03

           Step           Time         Lambda
          15000       30.00000        0.00000

   Energies (kJ/mol)
       G96Angle    Proper Dih.  Improper Dih.          LJ-14     Coulomb-14
    7.06057e+02    2.44228e+02    1.19099e+01    2.14333e+04   -1.27608e+02
        LJ (SR)  Disper. corr.   Coulomb (SR)   Coul. recip. Position Rest.
    7.14405e+04   -1.69497e+03   -5.33228e+05    9.82906e+02    1.12769e+03
   COM Pull En.      Potential    Kinetic En.   Total Energy    Temperature
    2.51518e-01   -4.39103e+05    8.63172e+04   -3.52786e+05    3.11301e+02
 Pres. DC (bar) Pressure (bar)   Constr. rmsd
   -8.13731e+01    5.38230e+01    1.26574e-03

           Step           Time         Lambda
          16000       32.00000        0.00000

   Energies (kJ/mol)
       G96Angle    Proper Dih.  Improper Dih.          LJ-14     Coulomb-14
    7.15644e+02    2.33887e+02    1.14753e+01    2.14288e+04   -1.33365e+02
        LJ (SR)  Disper. corr.   Coulomb (SR)   Coul. recip. Position Rest.
    7.00081e+04   -1.69519e+03   -5.32148e+05    1.01504e+03    1.05887e+03
   COM Pull En.      Potential    Kinetic En.   Total Energy    Temperature
    1.90708e-03   -4.39505e+05    8.65715e+04   -3.52933e+05    3.12218e+02
 Pres. DC (bar) Pressure (bar)   Constr. rmsd
   -8.13947e+01   -2.66041e+02    1.27644e-03

           Step           Time         Lambda
          17000       34.00000        0.00000

   Energies (kJ/mol)
       G96Angle    Proper Dih.  Improper Dih.          LJ-14     Coulomb-14
    7.04030e+02    2.51206e+02    8.95142e+00    2.14365e+04   -1.40297e+02
        LJ (SR)  Disper. corr.   Coulomb (SR)   Coul. recip. Position Rest.
    7.08426e+04   -1.69348e+03   -5.32469e+05    9.72630e+02    1.17180e+03
   COM Pull En.      Potential    Kinetic En.   Total Energy    Temperature
    2.85448e-01   -4.38914e+05    8.57698e+04   -3.53145e+05    3.09327e+02
 Pres. DC (bar) Pressure (bar)   Constr. rmsd
   -8.12303e+01   -1.64596e+01    1.25217e-03

           Step           Time         Lambda
          18000       36.00000        0.00000

   Energies (kJ/mol)
       G96Angle    Proper Dih.  Improper Dih.          LJ-14     Coulomb-14
    7.34673e+02    2.35123e+02    1.33091e+01    2.14621e+04   -1.27620e+02
        LJ (SR)  Disper. corr.   Coulomb (SR)   Coul. recip. Position Rest.
    6.92955e+04   -1.69793e+03   -5.31194e+05    9.84017e+02    1.09781e+03
   COM Pull En.      Potential    Kinetic En.   Total Energy    Temperature
    8.52952e-03   -4.39197e+05    8.58569e+04   -3.53340e+05    3.09641e+02
 Pres. DC (bar) Pressure (bar)   Constr. rmsd
   -8.16582e+01    3.83547e+01    1.22963e-03

           Step           Time         Lambda
          19000       38.00000        0.00000

   Energies (kJ/mol)
       G96Angle    Proper Dih.  Improper Dih.          LJ-14     Coulomb-14
    7.38184e+02    2.46166e+02    6.71064e+00    2.14564e+04   -1.69867e+02
        LJ (SR)  Disper. corr.   Coulomb (SR)   Coul. recip. Position Rest.
    7.06152e+04   -1.69295e+03   -5.32691e+05    9.69230e+02    1.14004e+03
   COM Pull En.      Potential    Kinetic En.   Total Energy    Temperature
    1.53756e-01   -4.39382e+05    8.60918e+04   -3.53290e+05    3.10488e+02
 Pres. DC (bar) Pressure (bar)   Constr. rmsd
   -8.11799e+01    1.45091e+02    1.22836e-03

           Step           Time         Lambda
          20000       40.00000        0.00000

   Energies (kJ/mol)
       G96Angle    Proper Dih.  Improper Dih.          LJ-14     Coulomb-14
    7.80073e+02    2.37036e+02    1.05563e+01    2.14616e+04   -1.42194e+02
        LJ (SR)  Disper. corr.   Coulomb (SR)   Coul. recip. Position Rest.
    7.07058e+04   -1.69168e+03   -5.32110e+05    9.33855e+02    1.07182e+03
   COM Pull En.      Potential    Kinetic En.   Total Energy    Temperature
    2.76990e-01   -4.38743e+05    8.62309e+04   -3.52512e+05    3.10990e+02
 Pres. DC (bar) Pressure (bar)   Constr. rmsd
   -8.10581e+01    1.40031e+02    1.21882e-03

           Step           Time         Lambda
          21000       42.00000        0.00000

   Energies (kJ/mol)
       G96Angle    Proper Dih.  Improper Dih.          LJ-14     Coulomb-14
    7.59864e+02    2.48195e+02    1.10196e+01    2.14311e+04   -1.49609e+02
        LJ (SR)  Disper. corr.   Coulomb (SR)   Coul. recip. Position Rest.
    6.96186e+04   -1.69292e+03   -5.31101e+05    9.29210e+02    1.05672e+03
   COM Pull En.      Potential    Kinetic En.   Total Energy    Temperature
    6.95196e-01   -4.38888e+05    8.58954e+04   -3.52993e+05    3.09780e+02
 Pres. DC (bar) Pressure (bar)   Constr. rmsd
   -8.11764e+01   -4.58731e+02    1.28680e-03

           Step           Time         Lambda
          22000       44.00000        0.00000

   Energies (kJ/mol)
       G96Angle    Proper Dih.  Improper Dih.          LJ-14     Coulomb-14
    7.02934e+02    2.35302e+02    1.19146e+01    2.14206e+04   -1.41386e+02
        LJ (SR)  Disper. corr.   Coulomb (SR)   Coul. recip. Position Rest.
    6.99260e+04   -1.69485e+03   -5.32120e+05    9.49142e+02    1.08104e+03
   COM Pull En.      Potential    Kinetic En.   Total Energy    Temperature
    9.51572e-02   -4.39630e+05    8.52790e+04   -3.54351e+05    3.07557e+02
 Pres. DC (bar) Pressure (bar)   Constr. rmsd
   -8.13619e+01   -3.36445e+02    1.28139e-03

           Step           Time         Lambda
          23000       46.00000        0.00000

   Energies (kJ/mol)
       G96Angle    Proper Dih.  Improper Dih.          LJ-14     Coulomb-14
    7.47599e+02    2.45674e+02    9.83677e+00    2.14517e+04   -1.39754e+02
        LJ (SR)  Disper. corr.   Coulomb (SR)   Coul. recip. Position Rest.
    6.99444e+04   -1.69263e+03   -5.30984e+05    1.02768e+03    1.13752e+03
   COM Pull En.      Potential    Kinetic En.   Total Energy    Temperature
    3.02126e-01   -4.38251e+05    8.56541e+04   -3.52597e+05    3.08910e+02
 Pres. DC (bar) Pressure (bar)   Constr. rmsd
   -8.11493e+01   -3.02623e+02    1.26514e-03

           Step           Time         Lambda
          24000       48.00000        0.00000

   Energies (kJ/mol)
       G96Angle    Proper Dih.  Improper Dih.          LJ-14     Coulomb-14
    7.11604e+02    2.52076e+02    1.26249e+01    2.14680e+04   -1.24976e+02
        LJ (SR)  Disper. corr.   Coulomb (SR)   Coul. recip. Position Rest.
    7.01693e+04   -1.69539e+03   -5.30053e+05    9.62000e+02    1.25866e+03
   COM Pull En.      Potential    Kinetic En.   Total Energy    Temperature
    1.49175e+00   -4.37038e+05    8.61522e+04   -3.50886e+05    3.10706e+02
 Pres. DC (bar) Pressure (bar)   Constr. rmsd
   -8.14139e+01    6.40245e+02    1.22542e-03

           Step           Time         Lambda
          25000       50.00000        0.00000

   Energies (kJ/mol)
       G96Angle    Proper Dih.  Improper Dih.          LJ-14     Coulomb-14
    7.07493e+02    2.43835e+02    1.65768e+01    2.14324e+04   -1.09715e+02
        LJ (SR)  Disper. corr.   Coulomb (SR)   Coul. recip. Position Rest.
    6.90189e+04   -1.69111e+03   -5.29729e+05    9.70984e+02    1.13895e+03
   COM Pull En.      Potential    Kinetic En.   Total Energy    Temperature
    7.79406e-02   -4.38001e+05    8.61125e+04   -3.51889e+05    3.10562e+02
 Pres. DC (bar) Pressure (bar)   Constr. rmsd
   -8.10038e+01   -4.37907e+02    1.28288e-03

           Step           Time         Lambda
          26000       52.00000        0.00000

   Energies (kJ/mol)
       G96Angle    Proper Dih.  Improper Dih.          LJ-14     Coulomb-14
    6.73206e+02    2.40986e+02    7.15283e+00    2.14312e+04   -1.89998e+02
        LJ (SR)  Disper. corr.   Coulomb (SR)   Coul. recip. Position Rest.
    7.12969e+04   -1.69268e+03   -5.34007e+05    9.56483e+02    9.81185e+02
   COM Pull En.      Potential    Kinetic En.   Total Energy    Temperature
    2.77873e-01   -4.40303e+05    8.60714e+04   -3.54231e+05    3.10415e+02
 Pres. DC (bar) Pressure (bar)   Constr. rmsd
   -8.11534e+01    3.07725e+02    1.22413e-03

           Step           Time         Lambda
          27000       54.00000        0.00000

   Energies (kJ/mol)
       G96Angle    Proper Dih.  Improper Dih.          LJ-14     Coulomb-14
    7.39215e+02    2.42351e+02    7.62257e+00    2.14605e+04   -1.64736e+02
        LJ (SR)  Disper. corr.   Coulomb (SR)   Coul. recip. Position Rest.
    7.04639e+04   -1.69249e+03   -5.30875e+05    9.85851e+02    1.24873e+03
   COM Pull En.      Potential    Kinetic En.   Total Energy    Temperature
    1.57954e-01   -4.37584e+05    8.60590e+04   -3.51525e+05    3.10370e+02
 Pres. DC (bar) Pressure (bar)   Constr. rmsd
   -8.11356e+01    4.42792e+01    1.26789e-03

           Step           Time         Lambda
          28000       56.00000        0.00000

   Energies (kJ/mol)
       G96Angle    Proper Dih.  Improper Dih.          LJ-14     Coulomb-14
    6.51869e+02    2.34189e+02    7.42770e+00    2.14394e+04   -1.55188e+02
        LJ (SR)  Disper. corr.   Coulomb (SR)   Coul. recip. Position Rest.
    7.12306e+04   -1.69095e+03   -5.33830e+05    9.35420e+02    1.18981e+03
   COM Pull En.      Potential    Kinetic En.   Total Energy    Temperature
    4.53699e-01   -4.39987e+05    8.70964e+04   -3.52891e+05    3.14111e+02
 Pres. DC (bar) Pressure (bar)   Constr. rmsd
   -8.09878e+01    6.12730e+02    1.17681e-03

           Step           Time         Lambda
          29000       58.00000        0.00000

   Energies (kJ/mol)
       G96Angle    Proper Dih.  Improper Dih.          LJ-14     Coulomb-14
    7.52698e+02    2.48170e+02    8.17606e+00    2.14280e+04   -1.54866e+02
        LJ (SR)  Disper. corr.   Coulomb (SR)   Coul. recip. Position Rest.
    7.05863e+04   -1.69405e+03   -5.33009e+05    9.75561e+02    1.16360e+03
   COM Pull En.      Potential    Kinetic En.   Total Energy    Temperature
    1.88482e-01   -4.39695e+05    8.56212e+04   -3.54074e+05    3.08791e+02
 Pres. DC (bar) Pressure (bar)   Constr. rmsd
   -8.12853e+01   -3.34603e+02    1.28037e-03

           Step           Time         Lambda
          30000       60.00000        0.00000

   Energies (kJ/mol)
       G96Angle    Proper Dih.  Improper Dih.          LJ-14     Coulomb-14
    7.21694e+02    2.49321e+02    1.30085e+01    2.14319e+04   -1.18038e+02
        LJ (SR)  Disper. corr.   Coulomb (SR)   Coul. recip. Position Rest.
    6.97999e+04   -1.68838e+03   -5.30723e+05    1.00167e+03    1.09633e+03
   COM Pull En.      Potential    Kinetic En.   Total Energy    Temperature
    1.43179e+00   -4.38214e+05    8.55921e+04   -3.52622e+05    3.08686e+02
 Pres. DC (bar) Pressure (bar)   Constr. rmsd
   -8.07421e+01   -1.09119e+02    1.24987e-03

           Step           Time         Lambda
          31000       62.00000        0.00000

   Energies (kJ/mol)
       G96Angle    Proper Dih.  Improper Dih.          LJ-14     Coulomb-14
    6.83944e+02    2.46836e+02    1.93140e+01    2.14333e+04   -1.37506e+02
        LJ (SR)  Disper. corr.   Coulomb (SR)   Coul. recip. Position Rest.
    7.00738e+04   -1.69169e+03   -5.31947e+05    9.87137e+02    1.06557e+03
   COM Pull En.      Potential    Kinetic En.   Total Energy    Temperature
    8.59835e-02   -4.39266e+05    8.48498e+04   -3.54416e+05    3.06009e+02
 Pres. DC (bar) Pressure (bar)   Constr. rmsd
   -8.10588e+01   -6.18196e+01    1.23643e-03

           Step           Time         Lambda
          32000       64.00000        0.00000

   Energies (kJ/mol)
       G96Angle    Proper Dih.  Improper Dih.          LJ-14     Coulomb-14
    6.95591e+02    2.40439e+02    1.02128e+01    2.14437e+04   -1.39336e+02
        LJ (SR)  Disper. corr.   Coulomb (SR)   Coul. recip. Position Rest.
    7.08691e+04   -1.69609e+03   -5.33482e+05    9.44205e+02    1.16464e+03
   COM Pull En.      Potential    Kinetic En.   Total Energy    Temperature
    1.66626e+00   -4.39948e+05    8.55048e+04   -3.54443e+05    3.08371e+02
 Pres. DC (bar) Pressure (bar)   Constr. rmsd
   -8.14811e+01    2.52517e+01    1.25145e-03

           Step           Time         Lambda
          33000       66.00000        0.00000

   Energies (kJ/mol)
       G96Angle    Proper Dih.  Improper Dih.          LJ-14     Coulomb-14
    6.85977e+02    2.34442e+02    1.19646e+01    2.14250e+04   -1.55471e+02
        LJ (SR)  Disper. corr.   Coulomb (SR)   Coul. recip. Position Rest.
    7.09737e+04   -1.69272e+03   -5.33596e+05    9.91485e+02    1.06380e+03
   COM Pull En.      Potential    Kinetic En.   Total Energy    Temperature
    8.73780e-01   -4.40057e+05    8.49516e+04   -3.55106e+05    3.06376e+02
 Pres. DC (bar) Pressure (bar)   Constr. rmsd
   -8.11572e+01   -2.41319e+02    1.26871e-03

           Step           Time         Lambda
          34000       68.00000        0.00000

   Energies (kJ/mol)
       G96Angle    Proper Dih.  Improper Dih.          LJ-14     Coulomb-14
    6.74832e+02    2.43972e+02    8.75801e+00    2.14316e+04   -1.35249e+02
        LJ (SR)  Disper. corr.   Coulomb (SR)   Coul. recip. Position Rest.
    7.03232e+04   -1.69469e+03   -5.32828e+05    9.22877e+02    1.06557e+03
   COM Pull En.      Potential    Kinetic En.   Total Energy    Temperature
    1.13738e+00   -4.39986e+05    8.54586e+04   -3.54528e+05    3.08204e+02
 Pres. DC (bar) Pressure (bar)   Constr. rmsd
   -8.13468e+01   -1.40269e+02    1.27786e-03

           Step           Time         Lambda
          35000       70.00000        0.00000

   Energies (kJ/mol)
       G96Angle    Proper Dih.  Improper Dih.          LJ-14     Coulomb-14
    7.67820e+02    2.46720e+02    1.23520e+01    2.14452e+04   -1.65517e+02
        LJ (SR)  Disper. corr.   Coulomb (SR)   Coul. recip. Position Rest.
    6.90250e+04   -1.69283e+03   -5.30358e+05    9.98117e+02    1.12896e+03
   COM Pull En.      Potential    Kinetic En.   Total Energy    Temperature
    6.56371e-01   -4.38592e+05    8.63962e+04   -3.52195e+05    3.11586e+02
 Pres. DC (bar) Pressure (bar)   Constr. rmsd
   -8.11683e+01   -3.37501e+02    1.27039e-03

           Step           Time         Lambda
          36000       72.00000        0.00000

   Energies (kJ/mol)
       G96Angle    Proper Dih.  Improper Dih.          LJ-14     Coulomb-14
    7.34563e+02    2.31801e+02    1.19231e+01    2.14147e+04   -1.61064e+02
        LJ (SR)  Disper. corr.   Coulomb (SR)   Coul. recip. Position Rest.
    6.99774e+04   -1.69539e+03   -5.31742e+05    9.57889e+02    1.09723e+03
   COM Pull En.      Potential    Kinetic En.   Total Energy    Temperature
    1.01248e+00   -4.39172e+05    8.55814e+04   -3.53591e+05    3.08647e+02
 Pres. DC (bar) Pressure (bar)   Constr. rmsd
   -8.14136e+01   -1.34834e+02    1.24536e-03

           Step           Time         Lambda
          37000       74.00000        0.00000

   Energies (kJ/mol)
       G96Angle    Proper Dih.  Improper Dih.          LJ-14     Coulomb-14
    6.74479e+02    2.42265e+02    1.19510e+01    2.14411e+04   -1.72691e+02
        LJ (SR)  Disper. corr.   Coulomb (SR)   Coul. recip. Position Rest.
    7.23050e+04   -1.69680e+03   -5.34827e+05    9.95662e+02    1.14797e+03
   COM Pull En.      Potential    Kinetic En.   Total Energy    Temperature
    1.04526e-03   -4.39878e+05    8.54198e+04   -3.54459e+05    3.08065e+02
 Pres. DC (bar) Pressure (bar)   Constr. rmsd
   -8.15490e+01    4.07659e+02    1.23062e-03

           Step           Time         Lambda
          38000       76.00000        0.00000

   Energies (kJ/mol)
       G96Angle    Proper Dih.  Improper Dih.          LJ-14     Coulomb-14
    6.93791e+02    2.32301e+02    1.07187e+01    2.14464e+04   -1.52616e+02
        LJ (SR)  Disper. corr.   Coulomb (SR)   Coul. recip. Position Rest.
    7.01571e+04   -1.69808e+03   -5.33262e+05    9.06970e+02    1.16057e+03
   COM Pull En.      Potential    Kinetic En.   Total Energy    Temperature
    1.03640e-01   -4.40505e+05    8.54643e+04   -3.55041e+05    3.08225e+02
 Pres. DC (bar) Pressure (bar)   Constr. rmsd
   -8.16719e+01    1.10679e+02    1.20199e-03

           Step           Time         Lambda
          39000       78.00000        0.00000

   Energies (kJ/mol)
       G96Angle    Proper Dih.  Improper Dih.          LJ-14     Coulomb-14
    6.79398e+02    2.56571e+02    1.46746e+01    2.14045e+04   -1.46370e+02
        LJ (SR)  Disper. corr.   Coulomb (SR)   Coul. recip. Position Rest.
    7.04675e+04   -1.69596e+03   -5.32941e+05    9.63686e+02    1.12983e+03
   COM Pull En.      Potential    Kinetic En.   Total Energy    Temperature
    8.11580e-01   -4.39866e+05    8.64823e+04   -3.53384e+05    3.11896e+02
 Pres. DC (bar) Pressure (bar)   Constr. rmsd
   -8.14686e+01   -1.99369e+02    1.27925e-03

           Step           Time         Lambda
          40000       80.00000        0.00000

   Energies (kJ/mol)
       G96Angle    Proper Dih.  Improper Dih.          LJ-14     Coulomb-14
    6.72824e+02    2.41510e+02    1.05248e+01    2.14243e+04   -1.32976e+02
        LJ (SR)  Disper. corr.   Coulomb (SR)   Coul. recip. Position Rest.
    7.01013e+04   -1.69625e+03   -5.32140e+05    1.01427e+03    1.15467e+03
   COM Pull En.      Potential    Kinetic En.   Total Energy    Temperature
    3.96654e-01   -4.39350e+05    8.61804e+04   -3.53170e+05    3.10807e+02
 Pres. DC (bar) Pressure (bar)   Constr. rmsd
   -8.14965e+01   -4.14185e+01    1.26102e-03

           Step           Time         Lambda
          41000       82.00000        0.00000

   Energies (kJ/mol)
       G96Angle    Proper Dih.  Improper Dih.          LJ-14     Coulomb-14
    6.53249e+02    2.43383e+02    4.43255e+00    2.13976e+04   -1.54169e+02
        LJ (SR)  Disper. corr.   Coulomb (SR)   Coul. recip. Position Rest.
    7.02106e+04   -1.69473e+03   -5.32491e+05    9.62681e+02    1.19412e+03
   COM Pull En.      Potential    Kinetic En.   Total Energy    Temperature
    7.31380e-03   -4.39674e+05    8.53154e+04   -3.54359e+05    3.07688e+02
 Pres. DC (bar) Pressure (bar)   Constr. rmsd
   -8.13506e+01   -2.46854e+02    1.25664e-03

           Step           Time         Lambda
          42000       84.00000        0.00000

   Energies (kJ/mol)
       G96Angle    Proper Dih.  Improper Dih.          LJ-14     Coulomb-14
    6.09479e+02    2.40958e+02    9.83347e+00    2.14236e+04   -1.37910e+02
        LJ (SR)  Disper. corr.   Coulomb (SR)   Coul. recip. Position Rest.
    7.20246e+04   -1.69646e+03   -5.36355e+05    9.36093e+02    1.09024e+03
   COM Pull En.      Potential    Kinetic En.   Total Energy    Temperature
    2.55709e-02   -4.41855e+05    8.55398e+04   -3.56315e+05    3.08497e+02
 Pres. DC (bar) Pressure (bar)   Constr. rmsd
   -8.15161e+01    3.17873e+02    1.21173e-03

           Step           Time         Lambda
          43000       86.00000        0.00000

   Energies (kJ/mol)
       G96Angle    Proper Dih.  Improper Dih.          LJ-14     Coulomb-14
    6.92469e+02    2.43211e+02    9.82721e+00    2.14233e+04   -1.43565e+02
        LJ (SR)  Disper. corr.   Coulomb (SR)   Coul. recip. Position Rest.
    6.96184e+04   -1.69582e+03   -5.31386e+05    9.55113e+02    1.20641e+03
   COM Pull En.      Potential    Kinetic En.   Total Energy    Temperature
    7.27683e-04   -4.39077e+05    8.49511e+04   -3.54126e+05    3.06374e+02
 Pres. DC (bar) Pressure (bar)   Constr. rmsd
   -8.14546e+01   -1.67460e+02    1.24233e-03

           Step           Time         Lambda
          44000       88.00000        0.00000

   Energies (kJ/mol)
       G96Angle    Proper Dih.  Improper Dih.          LJ-14     Coulomb-14
    6.15971e+02    2.29775e+02    1.20499e+01    2.14255e+04   -1.20158e+02
        LJ (SR)  Disper. corr.   Coulomb (SR)   Coul. recip. Position Rest.
    7.05749e+04   -1.69471e+03   -5.32902e+05    9.75370e+02    1.20951e+03
   COM Pull En.      Potential    Kinetic En.   Total Energy    Temperature
    2.24005e-03   -4.39674e+05    8.52598e+04   -3.54414e+05    3.07487e+02
 Pres. DC (bar) Pressure (bar)   Constr. rmsd
   -8.13481e+01    1.08550e+02    1.22164e-03

           Step           Time         Lambda
          45000       90.00000        0.00000

   Energies (kJ/mol)
       G96Angle    Proper Dih.  Improper Dih.          LJ-14     Coulomb-14
    7.30682e+02    2.48927e+02    1.02673e+01    2.14470e+04   -1.54250e+02
        LJ (SR)  Disper. corr.   Coulomb (SR)   Coul. recip. Position Rest.
    7.05573e+04   -1.69432e+03   -5.33481e+05    9.32432e+02    1.22901e+03
   COM Pull En.      Potential    Kinetic En.   Total Energy    Temperature
    2.51579e-01   -4.40174e+05    8.67148e+04   -3.53459e+05    3.12735e+02
 Pres. DC (bar) Pressure (bar)   Constr. rmsd
   -8.13109e+01    2.51003e+02    1.22520e-03

           Step           Time         Lambda
          46000       92.00000        0.00000

   Energies (kJ/mol)
       G96Angle    Proper Dih.  Improper Dih.          LJ-14     Coulomb-14
    6.78312e+02    2.40138e+02    8.22046e+00    2.13907e+04   -1.40627e+02
        LJ (SR)  Disper. corr.   Coulomb (SR)   Coul. recip. Position Rest.
    6.91345e+04   -1.69366e+03   -5.29877e+05    9.78953e+02    1.33602e+03
   COM Pull En.      Potential    Kinetic En.   Total Energy    Temperature
    2.30878e+00   -4.37942e+05    8.58648e+04   -3.52077e+05    3.09669e+02
 Pres. DC (bar) Pressure (bar)   Constr. rmsd
   -8.12473e+01   -3.45175e+02    1.28385e-03

           Step           Time         Lambda
          47000       94.00000        0.00000

   Energies (kJ/mol)
       G96Angle    Proper Dih.  Improper Dih.          LJ-14     Coulomb-14
    7.04356e+02    2.37997e+02    1.25031e+01    2.14455e+04   -1.20562e+02
        LJ (SR)  Disper. corr.   Coulomb (SR)   Coul. recip. Position Rest.
    6.95472e+04   -1.69447e+03   -5.31196e+05    9.83413e+02    1.20998e+03
   COM Pull En.      Potential    Kinetic En.   Total Energy    Temperature
    2.58071e-01   -4.38870e+05    8.64267e+04   -3.52443e+05    3.11696e+02
 Pres. DC (bar) Pressure (bar)   Constr. rmsd
   -8.13255e+01   -2.09200e+02    1.25104e-03

           Step           Time         Lambda
          48000       96.00000        0.00000

   Energies (kJ/mol)
       G96Angle    Proper Dih.  Improper Dih.          LJ-14     Coulomb-14
    6.56068e+02    2.36161e+02    1.28272e+01    2.14383e+04   -1.47427e+02
        LJ (SR)  Disper. corr.   Coulomb (SR)   Coul. recip. Position Rest.
    6.86496e+04   -1.69544e+03   -5.29702e+05    1.02002e+03    1.37493e+03
   COM Pull En.      Potential    Kinetic En.   Total Energy    Temperature
    2.85174e-01   -4.38156e+05    8.61461e+04   -3.52010e+05    3.10684e+02
 Pres. DC (bar) Pressure (bar)   Constr. rmsd
   -8.14182e+01    3.08681e+02    1.18889e-03

           Step           Time         Lambda
          49000       98.00000        0.00000

   Energies (kJ/mol)
       G96Angle    Proper Dih.  Improper Dih.          LJ-14     Coulomb-14
    7.10568e+02    2.44253e+02    6.66158e+00    2.14466e+04   -1.53409e+02
        LJ (SR)  Disper. corr.   Coulomb (SR)   Coul. recip. Position Rest.
    7.03324e+04   -1.69024e+03   -5.31582e+05    9.83976e+02    1.27710e+03
   COM Pull En.      Potential    Kinetic En.   Total Energy    Temperature
    1.66251e-01   -4.38424e+05    8.62049e+04   -3.52219e+05    3.10896e+02
 Pres. DC (bar) Pressure (bar)   Constr. rmsd
   -8.09202e+01    3.50459e+02    1.20913e-03

           Step           Time         Lambda
          50000      100.00000        0.00000

Writing checkpoint, step 50000 at Sun Jul 29 20:52:56 2018


   Energies (kJ/mol)
       G96Angle    Proper Dih.  Improper Dih.          LJ-14     Coulomb-14
    6.41413e+02    2.43735e+02    1.00506e+01    2.14100e+04   -1.20520e+02
        LJ (SR)  Disper. corr.   Coulomb (SR)   Coul. recip. Position Rest.
    7.04200e+04   -1.69150e+03   -5.33146e+05    9.60424e+02    1.23605e+03
   COM Pull En.      Potential    Kinetic En.   Total Energy    Temperature
    1.17032e-02   -4.40036e+05    8.57860e+04   -3.54250e+05    3.09385e+02
 Pres. DC (bar) Pressure (bar)   Constr. rmsd
   -8.10405e+01   -5.51997e+00    1.21649e-03

	<======  ###############  ==>
	<====  A V E R A G E S  ====>
	<==  ###############  ======>

	Statistics over 50001 steps using 501 frames

   Energies (kJ/mol)
       G96Angle    Proper Dih.  Improper Dih.          LJ-14     Coulomb-14
    7.11281e+02    2.41754e+02    1.07774e+01    2.14397e+04   -1.48604e+02
        LJ (SR)  Disper. corr.   Coulomb (SR)   Coul. recip. Position Rest.
    7.02429e+04   -1.69456e+03   -5.32433e+05    9.66481e+02    1.11734e+03
   COM Pull En.      Potential    Kinetic En.   Total Energy    Temperature
    4.53354e-01   -4.39546e+05    8.58363e+04   -3.53709e+05    3.09567e+02
 Pres. DC (bar) Pressure (bar)   Constr. rmsd
   -8.13343e+01   -2.41719e+01    0.00000e+00

          Box-X          Box-Y          Box-Z
    7.02118e+00    7.02118e+00    7.02118e+00

   Total Virial (kJ/mol)
    2.90533e+04   -5.83745e+02   -1.06165e+03
   -5.84356e+02    2.87480e+04    7.31542e+02
   -1.06191e+03    7.31802e+02    2.87920e+04

   Pressure (bar)
   -3.03480e+01    5.79938e+01    1.02399e+02
    5.80526e+01   -1.24500e+00   -7.11017e+01
    1.02424e+02   -7.11267e+01   -4.09228e+01

          T-RNA         T-V3OU       T-SOL_NA
    2.81442e+02    3.07146e+02    3.10145e+02


	M E G A - F L O P S   A C C O U N T I N G

 NB=Group-cutoff nonbonded kernels    NxN=N-by-N cluster Verlet kernels
 RF=Reaction-Field  VdW=Van der Waals  QSTab=quadratic-spline table
 W3=SPC/TIP3p  W4=TIP4p (single or pairs)
 V&F=Potential and force  V=Potential only  F=Force only

 Computing:                               M-Number         M-Flops  % Flops
-----------------------------------------------------------------------------
 Pair Search distance check           40865.696350      367791.267     0.3
 NxN Ewald Elec. + LJ [F]            887984.753824    58606993.752    49.9
 NxN Ewald Elec. + LJ [V&F]            8987.972144      961713.019     0.8
 NxN LJ [F]                           25021.727072      825716.993     0.7
 NxN LJ [V&F]                           253.048768       10881.097     0.0
 NxN Ewald Elec. [F]                 846818.570656    51655932.810    43.9
 NxN Ewald Elec. [V&F]                 8571.352624      719993.620     0.6
 1,4 nonbonded interactions             178.503570       16065.321     0.0
 Calc Weights                          5027.800554      181000.820     0.2
 Spread Q Bspline                    107259.745152      214519.490     0.2
 Gather F Bspline                    107259.745152      643558.471     0.5
 3D-FFT                              382774.155330     3062193.243     2.6
 Solve PME                              180.003600       11520.230     0.0
 Shift-X                                 67.069518         402.417     0.0
 Angles                                 121.002420       20328.407     0.0
 Propers                                 57.451149       13156.313     0.0
 Impropers                                0.750015         156.003     0.0
 Pos. Restr.                             40.900818        2045.041     0.0
 Virial                                 335.663563        6041.944     0.0
 Stop-CM                                 16.826036         168.260     0.0
 P-Coupling                             335.180000        2011.080     0.0
 Calc-Ekin                              670.427036       18101.530     0.0
 Lincs                                   62.753765        3765.226     0.0
 Lincs-Mat                             1452.087120        5808.348     0.0
 Constraint-V                          1755.470216       14043.762     0.0
 Constraint-Vir                         338.563853        8125.532     0.0
 Settle                                 543.332598      175496.429     0.1
-----------------------------------------------------------------------------
 Total                                               117547530.428   100.0
-----------------------------------------------------------------------------


     R E A L   C Y C L E   A N D   T I M E   A C C O U N T I N G

On 1 MPI rank, each using 16 OpenMP threads

 Computing:          Num   Num      Call    Wall time         Giga-Cycles
                     Ranks Threads  Count      (s)         total sum    %
-----------------------------------------------------------------------------
 Neighbor search        1   16       2001      12.639        444.366   3.0
 Force                  1   16      50001     297.770      10469.444  71.1
 PME mesh               1   16      50001      62.679       2203.755  15.0
 NB X/F buffer ops.     1   16      98001      20.092        706.409   4.8
 COM pull force         1   16      50001       1.097         38.573   0.3
 Write traj.            1   16         11       0.280          9.833   0.1
 Update                 1   16      50001       4.911        172.664   1.2
 Constraints            1   16      50001      15.104        531.051   3.6
 Rest                                           4.379        153.948   1.0
-----------------------------------------------------------------------------
 Total                                        418.949      14730.044 100.0
-----------------------------------------------------------------------------
 Breakdown of PME mesh computation
-----------------------------------------------------------------------------
 PME spread/gather      1   16     100002      37.463       1317.167   8.9
 PME 3D-FFT             1   16     100002      22.704        798.248   5.4
 PME solve Elec         1   16      50001       2.057         72.326   0.5
-----------------------------------------------------------------------------

               Core t (s)   Wall t (s)        (%)
       Time:     6401.703      418.949     1528.0
                 (ns/day)    (hour/ns)
Performance:       20.623        1.164
Finished mdrun on rank 0 Sun Jul 29 20:52:56 2018
