Log file opened on Tue Apr  3 13:37:42 2018
Host: a-X58A-UD7  pid: 4233  rank ID: 0  number of ranks:  1
                   :-) GROMACS - gmx mdrun, VERSION 5.1.4 (-:

                            GROMACS is written by:
     Emile Apol      Rossen Apostolov  Herman J.C. Berendsen    Par Bjelkmar   
 Aldert van Buuren   Rudi van Drunen     Anton Feenstra   Sebastian Fritsch 
  Gerrit Groenhof   Christoph Junghans   Anca Hamuraru    Vincent Hindriksen
 Dimitrios Karkoulis    Peter Kasson        Jiri Kraus      Carsten Kutzner  
    Per Larsson      Justin A. Lemkul   Magnus Lundborg   Pieter Meulenhoff 
   Erik Marklund      Teemu Murtola       Szilard Pall       Sander Pronk   
   Roland Schulz     Alexey Shvetsov     Michael Shirts     Alfons Sijbers  
   Peter Tieleman    Teemu Virolainen  Christian Wennberg    Maarten Wolf   
                           and the project leaders:
        Mark Abraham, Berk Hess, Erik Lindahl, and David van der Spoel

Copyright (c) 1991-2000, University of Groningen, The Netherlands.
Copyright (c) 2001-2015, The GROMACS development team at
Uppsala University, Stockholm University and
the Royal Institute of Technology, Sweden.
check out http://www.gromacs.org for more information.

GROMACS is free software; you can redistribute it and/or modify it
under the terms of the GNU Lesser General Public License
as published by the Free Software Foundation; either version 2.1
of the License, or (at your option) any later version.

GROMACS:      gmx mdrun, VERSION 5.1.4
Executable:   /usr/local/gromacs/bin/gmx
Data prefix:  /usr/local/gromacs
Command line:
  gmx mdrun -v -nt 8 -deffnm emcnt

GROMACS version:    VERSION 5.1.4
Precision:          single
Memory model:       64 bit
MPI library:        thread_mpi
OpenMP support:     enabled (GMX_OPENMP_MAX_THREADS = 32)
GPU support:        disabled
OpenCL support:     disabled
invsqrt routine:    gmx_software_invsqrt(x)
SIMD instructions:  SSE4.1
FFT library:        fftw-3.3.4-sse2
RDTSCP usage:       enabled
C++11 compilation:  enabled
TNG support:        enabled
Tracing support:    disabled
Built on:           ‫شنبه ۱۰ فوریه ۱۸، ساعت ۱۳:۵۳:۳۳ (+0330)‬
Built by:           a@a-X58A-UD7 [CMAKE]
Build OS/arch:      Linux 4.4.0-31-generic x86_64
Build CPU vendor:   GenuineIntel
Build CPU brand:    Intel(R) Core(TM) i7 CPU         950  @ 3.07GHz
Build CPU family:   6   Model: 26   Stepping: 5
Build CPU features: apic clfsh cmov cx8 cx16 htt lahf_lm mmx msr nonstop_tsc pdcm popcnt pse rdtscp sse2 sse3 sse4.1 sse4.2 ssse3
C compiler:         /usr/bin/cc GNU 4.8.4
C compiler flags:    -msse4.1    -Wundef -Wextra -Wno-missing-field-initializers -Wno-sign-compare -Wpointer-arith -Wall -Wno-unused -Wunused-value -Wunused-parameter  -O3 -DNDEBUG -funroll-all-loops -fexcess-precision=fast  -Wno-array-bounds 
C++ compiler:       /usr/bin/c++ GNU 4.8.4
C++ compiler flags:  -msse4.1   -std=c++0x  -Wundef -Wextra -Wno-missing-field-initializers -Wpointer-arith -Wall -Wno-unused-function  -O3 -DNDEBUG -funroll-all-loops -fexcess-precision=fast  -Wno-array-bounds 
Boost version:      1.55.0 (internal)


Running on 1 node with total 4 cores, 8 logical cores
Hardware detected:
  CPU info:
    Vendor: GenuineIntel
    Brand:  Intel(R) Core(TM) i7 CPU         950  @ 3.07GHz
    Family:  6  model: 26  stepping:  5
    CPU features: apic clfsh cmov cx8 cx16 htt lahf_lm mmx msr nonstop_tsc pdcm popcnt pse rdtscp sse2 sse3 sse4.1 sse4.2 ssse3
    SIMD instructions most likely to fit this hardware: SSE4.1
    SIMD instructions selected at GROMACS compile time: SSE4.1


++++ PLEASE READ AND CITE THE FOLLOWING REFERENCE ++++
M. J. Abraham, T. Murtola, R. Schulz, S. Páll, J. C. Smith, B. Hess, E.
Lindahl
GROMACS: High performance molecular simulations through multi-level
parallelism from laptops to supercomputers
SoftwareX 1 (2015) pp. 19-25
-------- -------- --- Thank You --- -------- --------


++++ PLEASE READ AND CITE THE FOLLOWING REFERENCE ++++
S. Páll, M. J. Abraham, C. Kutzner, B. Hess, E. Lindahl
Tackling Exascale Software Challenges in Molecular Dynamics Simulations with
GROMACS
In S. Markidis & E. Laure (Eds.), Solving Software Challenges for Exascale 8759 (2015) pp. 3-27
-------- -------- --- Thank You --- -------- --------


++++ PLEASE READ AND CITE THE FOLLOWING REFERENCE ++++
S. Pronk, S. Páll, R. Schulz, P. Larsson, P. Bjelkmar, R. Apostolov, M. R.
Shirts, J. C. Smith, P. M. Kasson, D. van der Spoel, B. Hess, and E. Lindahl
GROMACS 4.5: a high-throughput and highly parallel open source molecular
simulation toolkit
Bioinformatics 29 (2013) pp. 845-54
-------- -------- --- Thank You --- -------- --------


++++ PLEASE READ AND CITE THE FOLLOWING REFERENCE ++++
B. Hess and C. Kutzner and D. van der Spoel and E. Lindahl
GROMACS 4: Algorithms for highly efficient, load-balanced, and scalable
molecular simulation
J. Chem. Theory Comput. 4 (2008) pp. 435-447
-------- -------- --- Thank You --- -------- --------


++++ PLEASE READ AND CITE THE FOLLOWING REFERENCE ++++
D. van der Spoel, E. Lindahl, B. Hess, G. Groenhof, A. E. Mark and H. J. C.
Berendsen
GROMACS: Fast, Flexible and Free
J. Comp. Chem. 26 (2005) pp. 1701-1719
-------- -------- --- Thank You --- -------- --------


++++ PLEASE READ AND CITE THE FOLLOWING REFERENCE ++++
E. Lindahl and B. Hess and D. van der Spoel
GROMACS 3.0: A package for molecular simulation and trajectory analysis
J. Mol. Mod. 7 (2001) pp. 306-317
-------- -------- --- Thank You --- -------- --------


++++ PLEASE READ AND CITE THE FOLLOWING REFERENCE ++++
H. J. C. Berendsen, D. van der Spoel and R. van Drunen
GROMACS: A message-passing parallel molecular dynamics implementation
Comp. Phys. Comm. 91 (1995) pp. 43-56
-------- -------- --- Thank You --- -------- --------

Input Parameters:
   integrator                     = steep
   tinit                          = 0
   dt                             = 0.001
   nsteps                         = 50000
   init-step                      = 0
   simulation-part                = 1
   comm-mode                      = Linear
   nstcomm                        = 100
   bd-fric                        = 0
   ld-seed                        = 2934283955
   emtol                          = 100
   emstep                         = 0.01
   niter                          = 20
   fcstep                         = 0
   nstcgsteep                     = 1000
   nbfgscorr                      = 10
   rtpi                           = 0.05
   nstxout                        = 0
   nstvout                        = 0
   nstfout                        = 0
   nstlog                         = 1000
   nstcalcenergy                  = 100
   nstenergy                      = 1000
   nstxout-compressed             = 0
   compressed-x-precision         = 1000
   cutoff-scheme                  = Verlet
   nstlist                        = 10
   ns-type                        = Grid
   pbc                            = xyz
   periodic-molecules             = FALSE
   verlet-buffer-tolerance        = 0.005
   rlist                          = 1.05
   rlistlong                      = 1.05
   nstcalclr                      = 10
   coulombtype                    = Cut-off
   coulomb-modifier               = Potential-shift
   rcoulomb-switch                = 0
   rcoulomb                       = 1
   epsilon-r                      = 1
   epsilon-rf                     = inf
   vdw-type                       = Cut-off
   vdw-modifier                   = Potential-shift
   rvdw-switch                    = 0
   rvdw                           = 1
   DispCorr                       = No
   table-extension                = 1
   fourierspacing                 = 0.12
   fourier-nx                     = 0
   fourier-ny                     = 0
   fourier-nz                     = 0
   pme-order                      = 4
   ewald-rtol                     = 1e-05
   ewald-rtol-lj                  = 0.001
   lj-pme-comb-rule               = Geometric
   ewald-geometry                 = 0
   epsilon-surface                = 0
   implicit-solvent               = No
   gb-algorithm                   = Still
   nstgbradii                     = 1
   rgbradii                       = 1
   gb-epsilon-solvent             = 80
   gb-saltconc                    = 0
   gb-obc-alpha                   = 1
   gb-obc-beta                    = 0.8
   gb-obc-gamma                   = 4.85
   gb-dielectric-offset           = 0.009
   sa-algorithm                   = Ace-approximation
   sa-surface-tension             = 2.05016
   tcoupl                         = No
   nsttcouple                     = -1
   nh-chain-length                = 0
   print-nose-hoover-chain-variables = FALSE
   pcoupl                         = No
   pcoupltype                     = Isotropic
   nstpcouple                     = -1
   tau-p                          = 1
   compressibility (3x3):
      compressibility[    0]={ 0.00000e+00,  0.00000e+00,  0.00000e+00}
      compressibility[    1]={ 0.00000e+00,  0.00000e+00,  0.00000e+00}
      compressibility[    2]={ 0.00000e+00,  0.00000e+00,  0.00000e+00}
   ref-p (3x3):
      ref-p[    0]={ 0.00000e+00,  0.00000e+00,  0.00000e+00}
      ref-p[    1]={ 0.00000e+00,  0.00000e+00,  0.00000e+00}
      ref-p[    2]={ 0.00000e+00,  0.00000e+00,  0.00000e+00}
   refcoord-scaling               = No
   posres-com (3):
      posres-com[0]= 0.00000e+00
      posres-com[1]= 0.00000e+00
      posres-com[2]= 0.00000e+00
   posres-comB (3):
      posres-comB[0]= 0.00000e+00
      posres-comB[1]= 0.00000e+00
      posres-comB[2]= 0.00000e+00
   QMMM                           = FALSE
   QMconstraints                  = 0
   QMMMscheme                     = 0
   MMChargeScaleFactor            = 1
qm-opts:
   ngQM                           = 0
   constraint-algorithm           = Lincs
   continuation                   = FALSE
   Shake-SOR                      = FALSE
   shake-tol                      = 0.0001
   lincs-order                    = 4
   lincs-iter                     = 1
   lincs-warnangle                = 30
   nwall                          = 0
   wall-type                      = 9-3
   wall-r-linpot                  = -1
   wall-atomtype[0]               = -1
   wall-atomtype[1]               = -1
   wall-density[0]                = 0
   wall-density[1]                = 0
   wall-ewald-zfac                = 3
   pull                           = FALSE
   rotation                       = FALSE
   interactiveMD                  = FALSE
   disre                          = No
   disre-weighting                = Conservative
   disre-mixed                    = FALSE
   dr-fc                          = 1000
   dr-tau                         = 0
   nstdisreout                    = 100
   orire-fc                       = 0
   orire-tau                      = 0
   nstorireout                    = 100
   free-energy                    = no
   cos-acceleration               = 0
   deform (3x3):
      deform[    0]={ 0.00000e+00,  0.00000e+00,  0.00000e+00}
      deform[    1]={ 0.00000e+00,  0.00000e+00,  0.00000e+00}
      deform[    2]={ 0.00000e+00,  0.00000e+00,  0.00000e+00}
   simulated-tempering            = FALSE
   E-x:
      n = 0
   E-xt:
      n = 0
   E-y:
      n = 0
   E-yt:
      n = 0
   E-z:
      n = 0
   E-zt:
      n = 0
   swapcoords                     = no
   adress                         = FALSE
   userint1                       = 0
   userint2                       = 0
   userint3                       = 0
   userint4                       = 0
   userreal1                      = 0
   userreal2                      = 0
   userreal3                      = 0
   userreal4                      = 0
grpopts:
   nrdf:        2469
   ref-t:           0
   tau-t:           0
annealing:          No
annealing-npoints:           0
   acc:	           0           0           0
   nfreeze:           N           N           N
   energygrp-flags[  0]: 0

Using 1 MPI thread
Using 8 OpenMP threads 

Cut-off's:   NS: 1.05   Coulomb: 1   LJ: 1
System total charge: 2.320
Generated table with 1025 data points for 1-4 COUL.
Tabscale = 500 points/nm
Generated table with 1025 data points for 1-4 LJ6.
Tabscale = 500 points/nm
Generated table with 1025 data points for 1-4 LJ12.
Tabscale = 500 points/nm
Potential shift: LJ r^-12: -1.000e+00 r^-6: -1.000e+00, Coulomb -1e+00

Using SSE4.1 4x4 non-bonded kernels

Using full Lennard-Jones parameter combination matrix

Removing pbc first time
Pinning threads with an auto-selected logical core stride of 1
Initiating Steepest Descents
Started Steepest Descents on rank 0 Tue Apr  3 13:37:42 2018

Steepest Descents:
   Tolerance (Fmax)   =  1.00000e+02
   Number of steps    =        50000
           Step           Time         Lambda
              0        0.00000        0.00000

   Energies (kJ/mol)
        G96Bond       G96Angle    Proper Dih.          LJ-14     Coulomb-14
    3.29766e+01    1.46544e+01    1.87332e+02    2.10140e+04   -1.78169e+03
        LJ (SR)   Coulomb (SR)      Potential Pressure (bar)
   -2.65605e+03    5.19200e+02    1.73304e+04    0.00000e+00

           Step           Time         Lambda
              1        1.00000        0.00000

           Step           Time         Lambda
              2        2.00000        0.00000

   Energies (kJ/mol)
        G96Bond       G96Angle    Proper Dih.          LJ-14     Coulomb-14
    1.97249e+02    3.13074e+01    1.55686e+02    2.06099e+04   -1.81400e+03
        LJ (SR)   Coulomb (SR)      Potential Pressure (bar)
   -2.69568e+03    5.25311e+02    1.70098e+04    0.00000e+00

           Step           Time         Lambda
              3        3.00000        0.00000

           Step           Time         Lambda
              4        4.00000        0.00000

   Energies (kJ/mol)
        G96Bond       G96Angle    Proper Dih.          LJ-14     Coulomb-14
    9.55487e+01    2.36040e+01    1.40465e+02    2.05269e+04   -1.81170e+03
        LJ (SR)   Coulomb (SR)      Potential Pressure (bar)
   -2.70030e+03    5.31434e+02    1.68060e+04    0.00000e+00

           Step           Time         Lambda
              5        5.00000        0.00000

   Energies (kJ/mol)
        G96Bond       G96Angle    Proper Dih.          LJ-14     Coulomb-14
    2.67463e+02    5.54994e+01    1.23590e+02    2.02806e+04   -1.82931e+03
        LJ (SR)   Coulomb (SR)      Potential Pressure (bar)
   -2.71665e+03    5.36721e+02    1.67179e+04    0.00000e+00

           Step           Time         Lambda
              6        6.00000        0.00000

   Energies (kJ/mol)
        G96Bond       G96Angle    Proper Dih.          LJ-14     Coulomb-14
    1.68878e+02    5.49397e+01    1.14988e+02    2.02052e+04   -1.82231e+03
        LJ (SR)   Coulomb (SR)      Potential Pressure (bar)
   -2.70941e+03    5.42001e+02    1.65543e+04    0.00000e+00

           Step           Time         Lambda
              7        7.00000        0.00000

           Step           Time         Lambda
              8        8.00000        0.00000

   Energies (kJ/mol)
        G96Bond       G96Angle    Proper Dih.          LJ-14     Coulomb-14
    1.44265e+02    2.00227e+01    1.10998e+02    2.00813e+04   -1.83284e+03
        LJ (SR)   Coulomb (SR)      Potential Pressure (bar)
   -2.72045e+03    5.43471e+02    1.63467e+04    0.00000e+00

           Step           Time         Lambda
              9        9.00000        0.00000

   Energies (kJ/mol)
        G96Bond       G96Angle    Proper Dih.          LJ-14     Coulomb-14
    1.74271e+02    5.14877e+01    1.02467e+02    1.99218e+04   -1.83328e+03
        LJ (SR)   Coulomb (SR)      Potential Pressure (bar)
   -2.71773e+03    5.49977e+02    1.62490e+04    0.00000e+00

           Step           Time         Lambda
             10       10.00000        0.00000

   Energies (kJ/mol)
        G96Bond       G96Angle    Proper Dih.          LJ-14     Coulomb-14
    2.98028e+02    6.09081e+01    9.92741e+01    1.97691e+04   -1.84764e+03
        LJ (SR)   Coulomb (SR)      Potential Pressure (bar)
   -2.73265e+03    5.51935e+02    1.61989e+04    0.00000e+00

           Step           Time         Lambda
             11       11.00000        0.00000

   Energies (kJ/mol)
        G96Bond       G96Angle    Proper Dih.          LJ-14     Coulomb-14
    2.42350e+02    8.16192e+01    9.54761e+01    1.96956e+04   -1.83996e+03
        LJ (SR)   Coulomb (SR)      Potential Pressure (bar)
   -2.72193e+03    5.56983e+02    1.61102e+04    0.00000e+00

           Step           Time         Lambda
             12       12.00000        0.00000

           Step           Time         Lambda
             13       13.00000        0.00000

   Energies (kJ/mol)
        G96Bond       G96Angle    Proper Dih.          LJ-14     Coulomb-14
    1.81400e+02    2.53990e+01    9.47159e+01    1.95886e+04   -1.84950e+03
        LJ (SR)   Coulomb (SR)      Potential Pressure (bar)
   -2.73162e+03    5.57418e+02    1.58664e+04    0.00000e+00

           Step           Time         Lambda
             14       14.00000        0.00000

   Energies (kJ/mol)
        G96Bond       G96Angle    Proper Dih.          LJ-14     Coulomb-14
    2.45236e+02    7.50543e+01    9.01899e+01    1.93993e+04   -1.85020e+03
        LJ (SR)   Coulomb (SR)      Potential Pressure (bar)
   -2.72868e+03    5.64466e+02    1.57954e+04    0.00000e+00

           Step           Time         Lambda
             15       15.00000        0.00000

   Energies (kJ/mol)
        G96Bond       G96Angle    Proper Dih.          LJ-14     Coulomb-14
    3.61403e+02    6.92948e+01    9.00033e+01    1.92625e+04   -1.86414e+03
        LJ (SR)   Coulomb (SR)      Potential Pressure (bar)
   -2.74136e+03    5.65156e+02    1.57428e+04    0.00000e+00

           Step           Time         Lambda
             16       16.00000        0.00000

   Energies (kJ/mol)
        G96Bond       G96Angle    Proper Dih.          LJ-14     Coulomb-14
    3.29146e+02    1.11176e+02    8.75768e+01    1.92073e+04   -1.85491e+03
        LJ (SR)   Coulomb (SR)      Potential Pressure (bar)
   -2.73025e+03    5.69843e+02    1.57198e+04    0.00000e+00

           Step           Time         Lambda
             17       17.00000        0.00000

           Step           Time         Lambda
             18       18.00000        0.00000

   Energies (kJ/mol)
        G96Bond       G96Angle    Proper Dih.          LJ-14     Coulomb-14
    2.38753e+02    3.37359e+01    8.78555e+01    1.90996e+04   -1.86463e+03
        LJ (SR)   Coulomb (SR)      Potential Pressure (bar)
   -2.73910e+03    5.69696e+02    1.54259e+04    0.00000e+00

           Step           Time         Lambda
             19       19.00000        0.00000

   Energies (kJ/mol)
        G96Bond       G96Angle    Proper Dih.          LJ-14     Coulomb-14
    3.42054e+02    1.04890e+02    8.49433e+01    1.89027e+04   -1.86417e+03
        LJ (SR)   Coulomb (SR)      Potential Pressure (bar)
   -2.73439e+03    5.76441e+02    1.54125e+04    0.00000e+00

           Step           Time         Lambda
             20       20.00000        0.00000

   Energies (kJ/mol)
        G96Bond       G96Angle    Proper Dih.          LJ-14     Coulomb-14
    4.64729e+02    8.71849e+01    8.57333e+01    1.87710e+04   -1.87873e+03
        LJ (SR)   Coulomb (SR)      Potential Pressure (bar)
   -2.74666e+03    5.76294e+02    1.53596e+04    0.00000e+00

           Step           Time         Lambda
             21       21.00000        0.00000

           Step           Time         Lambda
             22       22.00000        0.00000

   Energies (kJ/mol)
        G96Bond       G96Angle    Proper Dih.          LJ-14     Coulomb-14
    2.71464e+02    4.28258e+01    8.45094e+01    1.87261e+04   -1.87288e+03
        LJ (SR)   Coulomb (SR)      Potential Pressure (bar)
   -2.74040e+03    5.78456e+02    1.50900e+04    0.00000e+00

           Step           Time         Lambda
             23       23.00000        0.00000

   Energies (kJ/mol)
        G96Bond       G96Angle    Proper Dih.          LJ-14     Coulomb-14
    4.42942e+02    7.09304e+01    8.33741e+01    1.84410e+04   -1.88568e+03
        LJ (SR)   Coulomb (SR)      Potential Pressure (bar)
   -2.74657e+03    5.82863e+02    1.49889e+04    0.00000e+00

           Step           Time         Lambda
             24       24.00000        0.00000

   Energies (kJ/mol)
        G96Bond       G96Angle    Proper Dih.          LJ-14     Coulomb-14
    3.93698e+02    9.54846e+01    8.17294e+01    1.83944e+04   -1.87734e+03
        LJ (SR)   Coulomb (SR)      Potential Pressure (bar)
   -2.73813e+03    5.86183e+02    1.49360e+04    0.00000e+00

           Step           Time         Lambda
             25       25.00000        0.00000

           Step           Time         Lambda
             26       26.00000        0.00000

   Energies (kJ/mol)
        G96Bond       G96Angle    Proper Dih.          LJ-14     Coulomb-14
    3.57218e+02    4.60318e+01    8.21617e+01    1.83101e+04   -1.88497e+03
        LJ (SR)   Coulomb (SR)      Potential Pressure (bar)
   -2.74372e+03    5.85831e+02    1.47527e+04    0.00000e+00

           Step           Time         Lambda
             27       27.00000        0.00000

   Energies (kJ/mol)
        G96Bond       G96Angle    Proper Dih.          LJ-14     Coulomb-14
    4.22000e+02    9.22849e+01    8.04393e+01    1.81629e+04   -1.88285e+03
        LJ (SR)   Coulomb (SR)      Potential Pressure (bar)
   -2.73861e+03    5.89768e+02    1.47260e+04    0.00000e+00

           Step           Time         Lambda
             28       28.00000        0.00000

   Energies (kJ/mol)
        G96Bond       G96Angle    Proper Dih.          LJ-14     Coulomb-14
    5.22150e+02    7.89703e+01    8.11974e+01    1.80540e+04   -1.89411e+03
        LJ (SR)   Coulomb (SR)      Potential Pressure (bar)
   -2.74662e+03    5.89372e+02    1.46850e+04    0.00000e+00

           Step           Time         Lambda
             29       29.00000        0.00000

           Step           Time         Lambda
             30       30.00000        0.00000

   Energies (kJ/mol)
        G96Bond       G96Angle    Proper Dih.          LJ-14     Coulomb-14
    3.92287e+02    5.13850e+01    8.02666e+01    1.80181e+04   -1.88926e+03
        LJ (SR)   Coulomb (SR)      Potential Pressure (bar)
   -2.74187e+03    5.90887e+02    1.45018e+04    0.00000e+00

           Step           Time         Lambda
             31       31.00000        0.00000

   Energies (kJ/mol)
        G96Bond       G96Angle    Proper Dih.          LJ-14     Coulomb-14
    5.12781e+02    6.49102e+01    7.95572e+01    1.77703e+04   -1.89795e+03
        LJ (SR)   Coulomb (SR)      Potential Pressure (bar)
   -2.74421e+03    5.93626e+02    1.43791e+04    0.00000e+00

           Step           Time         Lambda
             32       32.00000        0.00000

   Energies (kJ/mol)
        G96Bond       G96Angle    Proper Dih.          LJ-14     Coulomb-14
    4.96797e+02    8.79272e+01    7.83149e+01    1.77217e+04   -1.89146e+03
        LJ (SR)   Coulomb (SR)      Potential Pressure (bar)
   -2.73779e+03    5.95929e+02    1.43514e+04    0.00000e+00

           Step           Time         Lambda
             33       33.00000        0.00000

           Step           Time         Lambda
             34       34.00000        0.00000

   Energies (kJ/mol)
        G96Bond       G96Angle    Proper Dih.          LJ-14     Coulomb-14
    4.73950e+02    5.27777e+01    7.87048e+01    1.76566e+04   -1.89711e+03
        LJ (SR)   Coulomb (SR)      Potential Pressure (bar)
   -2.74144e+03    5.95568e+02    1.42190e+04    0.00000e+00

           Step           Time         Lambda
             35       35.00000        0.00000

   Energies (kJ/mol)
        G96Bond       G96Angle    Proper Dih.          LJ-14     Coulomb-14
    5.21961e+02    7.65665e+01    7.75242e+01    1.74997e+04   -1.89608e+03
        LJ (SR)   Coulomb (SR)      Potential Pressure (bar)
   -2.73725e+03    5.98214e+02    1.41406e+04    0.00000e+00

           Step           Time         Lambda
             36       36.00000        0.00000

   Energies (kJ/mol)
        G96Bond       G96Angle    Proper Dih.          LJ-14     Coulomb-14
    6.12397e+02    7.46304e+01    7.81361e+01    1.74069e+04   -1.90420e+03
        LJ (SR)   Coulomb (SR)      Potential Pressure (bar)
   -2.74217e+03    5.97933e+02    1.41236e+04    0.00000e+00

           Step           Time         Lambda
             37       37.00000        0.00000

   Energies (kJ/mol)
        G96Bond       G96Angle    Proper Dih.          LJ-14     Coulomb-14
    5.86016e+02    9.60921e+01    7.68691e+01    1.73683e+04   -1.89682e+03
        LJ (SR)   Coulomb (SR)      Potential Pressure (bar)
   -2.73515e+03    5.99899e+02    1.40952e+04    0.00000e+00

           Step           Time         Lambda
             38       38.00000        0.00000

           Step           Time         Lambda
             39       39.00000        0.00000

   Energies (kJ/mol)
        G96Bond       G96Angle    Proper Dih.          LJ-14     Coulomb-14
    5.54636e+02    5.59020e+01    7.73876e+01    1.73029e+04   -1.90260e+03
        LJ (SR)   Coulomb (SR)      Potential Pressure (bar)
   -2.73891e+03    5.99455e+02    1.39488e+04    0.00000e+00

           Step           Time         Lambda
             40       40.00000        0.00000

   Energies (kJ/mol)
        G96Bond       G96Angle    Proper Dih.          LJ-14     Coulomb-14
    6.14427e+02    8.61668e+01    7.63663e+01    1.71677e+04   -1.90023e+03
        LJ (SR)   Coulomb (SR)      Potential Pressure (bar)
   -2.73398e+03    6.01622e+02    1.39121e+04    0.00000e+00

           Step           Time         Lambda
             41       41.00000        0.00000

   Energies (kJ/mol)
        G96Bond       G96Angle    Proper Dih.          LJ-14     Coulomb-14
    6.94237e+02    7.94973e+01    7.71898e+01    1.70827e+04   -1.90855e+03
        LJ (SR)   Coulomb (SR)      Potential Pressure (bar)
   -2.73911e+03    6.01063e+02    1.38871e+04    0.00000e+00

           Step           Time         Lambda
             42       42.00000        0.00000

   Energies (kJ/mol)
        G96Bond       G96Angle    Proper Dih.          LJ-14     Coulomb-14
    6.84461e+02    1.06946e+02    7.59146e+01    1.70488e+04   -1.90058e+03
        LJ (SR)   Coulomb (SR)      Potential Pressure (bar)
   -2.73176e+03    6.02896e+02    1.38866e+04    0.00000e+00

           Step           Time         Lambda
             43       43.00000        0.00000

           Step           Time         Lambda
             44       44.00000        0.00000

   Energies (kJ/mol)
        G96Bond       G96Angle    Proper Dih.          LJ-14     Coulomb-14
    6.32240e+02    5.80714e+01    7.65505e+01    1.69837e+04   -1.90655e+03
        LJ (SR)   Coulomb (SR)      Potential Pressure (bar)
   -2.73564e+03    6.02338e+02    1.37107e+04    0.00000e+00

           Step           Time         Lambda
             45       45.00000        0.00000

   Energies (kJ/mol)
        G96Bond       G96Angle    Proper Dih.          LJ-14     Coulomb-14
    7.12454e+02    9.34058e+01    7.56597e+01    1.68405e+04   -1.90376e+03
        LJ (SR)   Coulomb (SR)      Potential Pressure (bar)
   -2.73016e+03    6.04285e+02    1.36924e+04    0.00000e+00

           Step           Time         Lambda
             46       46.00000        0.00000

   Energies (kJ/mol)
        G96Bond       G96Angle    Proper Dih.          LJ-14     Coulomb-14
    7.92871e+02    8.72687e+01    7.66833e+01    1.67604e+04   -1.91235e+03
        LJ (SR)   Coulomb (SR)      Potential Pressure (bar)
   -2.73549e+03    6.03562e+02    1.36730e+04    0.00000e+00

           Step           Time         Lambda
             47       47.00000        0.00000

           Step           Time         Lambda
             48       48.00000        0.00000

   Energies (kJ/mol)
        G96Bond       G96Angle    Proper Dih.          LJ-14     Coulomb-14
    6.90858e+02    6.04099e+01    7.60081e+01    1.67319e+04   -1.90803e+03
        LJ (SR)   Coulomb (SR)      Potential Pressure (bar)
   -2.73167e+03    6.04408e+02    1.35239e+04    0.00000e+00

           Step           Time         Lambda
             49       49.00000        0.00000

   Energies (kJ/mol)
        G96Bond       G96Angle    Proper Dih.          LJ-14     Coulomb-14
    8.00656e+02    7.18265e+01    7.63213e+01    1.65269e+04   -1.91317e+03
        LJ (SR)   Coulomb (SR)      Potential Pressure (bar)
   -2.73126e+03    6.05187e+02    1.34365e+04    0.00000e+00

           Step           Time         Lambda
             50       50.00000        0.00000

   Energies (kJ/mol)
        G96Bond       G96Angle    Proper Dih.          LJ-14     Coulomb-14
    8.05452e+02    8.77119e+01    7.55170e+01    1.64874e+04   -1.90727e+03
        LJ (SR)   Coulomb (SR)      Potential Pressure (bar)
   -2.72600e+03    6.06475e+02    1.34293e+04    0.00000e+00

           Step           Time         Lambda
             51       51.00000        0.00000

           Step           Time         Lambda
             52       52.00000        0.00000

   Energies (kJ/mol)
        G96Bond       G96Angle    Proper Dih.          LJ-14     Coulomb-14
    7.81575e+02    6.07993e+01    7.60425e+01    1.64394e+04   -1.91164e+03
        LJ (SR)   Coulomb (SR)      Potential Pressure (bar)
   -2.72848e+03    6.06002e+02    1.33237e+04    0.00000e+00

           Step           Time         Lambda
             53       53.00000        0.00000

   Energies (kJ/mol)
        G96Bond       G96Angle    Proper Dih.          LJ-14     Coulomb-14
    8.38510e+02    7.73142e+01    7.57031e+01    1.63126e+04   -1.90956e+03
        LJ (SR)   Coulomb (SR)      Potential Pressure (bar)
   -2.72418e+03    6.07110e+02    1.32775e+04    0.00000e+00

           Step           Time         Lambda
             54       54.00000        0.00000

   Energies (kJ/mol)
        G96Bond       G96Angle    Proper Dih.          LJ-14     Coulomb-14
    9.07634e+02    7.99610e+01    7.65573e+01    1.62451e+04   -1.91579e+03
        LJ (SR)   Coulomb (SR)      Potential Pressure (bar)
   -2.72750e+03    6.06538e+02    1.32725e+04    0.00000e+00

           Step           Time         Lambda
             55       55.00000        0.00000

   Energies (kJ/mol)
        G96Bond       G96Angle    Proper Dih.          LJ-14     Coulomb-14
    8.98236e+02    9.07455e+01    7.56911e+01    1.62132e+04   -1.90927e+03
        LJ (SR)   Coulomb (SR)      Potential Pressure (bar)
   -2.72189e+03    6.07691e+02    1.32544e+04    0.00000e+00

           Step           Time         Lambda
             56       56.00000        0.00000

           Step           Time         Lambda
             57       57.00000        0.00000

   Energies (kJ/mol)
        G96Bond       G96Angle    Proper Dih.          LJ-14     Coulomb-14
    8.70489e+02    6.22634e+01    7.63131e+01    1.61650e+04   -1.91381e+03
        LJ (SR)   Coulomb (SR)      Potential Pressure (bar)
   -2.72451e+03    6.07186e+02    1.31429e+04    0.00000e+00

           Step           Time         Lambda
             58       58.00000        0.00000

   Energies (kJ/mol)
        G96Bond       G96Angle    Proper Dih.          LJ-14     Coulomb-14
    9.34468e+02    8.43082e+01    7.59799e+01    1.60653e+04   -1.91064e+03
        LJ (SR)   Coulomb (SR)      Potential Pressure (bar)
   -2.71996e+03    6.08126e+02    1.31376e+04    0.00000e+00

           Step           Time         Lambda
             59       59.00000        0.00000

   Energies (kJ/mol)
        G96Bond       G96Angle    Proper Dih.          LJ-14     Coulomb-14
    9.86493e+02    8.14225e+01    7.69529e+01    1.60042e+04   -1.91717e+03
        LJ (SR)   Coulomb (SR)      Potential Pressure (bar)
   -2.72358e+03    6.07416e+02    1.31157e+04    0.00000e+00

           Step           Time         Lambda
             60       60.00000        0.00000

           Step           Time         Lambda
             61       61.00000        0.00000

   Energies (kJ/mol)
        G96Bond       G96Angle    Proper Dih.          LJ-14     Coulomb-14
    9.25369e+02    6.27438e+01    7.64944e+01    1.59801e+04   -1.91371e+03
        LJ (SR)   Coulomb (SR)      Potential Pressure (bar)
   -2.72068e+03    6.07978e+02    1.30183e+04    0.00000e+00

           Step           Time         Lambda
             62       62.00000        0.00000

   Energies (kJ/mol)
        G96Bond       G96Angle    Proper Dih.          LJ-14     Coulomb-14
    1.01351e+03    7.13748e+01    7.72289e+01    1.58277e+04   -1.91708e+03
        LJ (SR)   Coulomb (SR)      Potential Pressure (bar)
   -2.71988e+03    6.08016e+02    1.29609e+04    0.00000e+00

           Step           Time         Lambda
             63       63.00000        0.00000

   Energies (kJ/mol)
        G96Bond       G96Angle    Proper Dih.          LJ-14     Coulomb-14
    1.02348e+03    7.97778e+01    7.66998e+01    1.57918e+04   -1.91226e+03
        LJ (SR)   Coulomb (SR)      Potential Pressure (bar)
   -2.71571e+03    6.08823e+02    1.29526e+04    0.00000e+00

           Step           Time         Lambda
             64       64.00000        0.00000

           Step           Time         Lambda
             65       65.00000        0.00000

   Energies (kJ/mol)
        G96Bond       G96Angle    Proper Dih.          LJ-14     Coulomb-14
    1.00914e+03    6.28926e+01    7.72086e+01    1.57550e+04   -1.91561e+03
        LJ (SR)   Coulomb (SR)      Potential Pressure (bar)
   -2.71745e+03    6.08411e+02    1.28796e+04    0.00000e+00

           Step           Time         Lambda
             66       66.00000        0.00000

   Energies (kJ/mol)
        G96Bond       G96Angle    Proper Dih.          LJ-14     Coulomb-14
    1.05837e+03    7.21169e+01    7.72312e+01    1.56545e+04   -1.91358e+03
        LJ (SR)   Coulomb (SR)      Potential Pressure (bar)
   -2.71386e+03    6.08896e+02    1.28437e+04    0.00000e+00

           Step           Time         Lambda
             67       67.00000        0.00000

   Energies (kJ/mol)
        G96Bond       G96Angle    Proper Dih.          LJ-14     Coulomb-14
    1.11151e+03    7.68527e+01    7.80519e+01    1.55998e+04   -1.91834e+03
        LJ (SR)   Coulomb (SR)      Potential Pressure (bar)
   -2.71609e+03    6.08336e+02    1.28401e+04    0.00000e+00

           Step           Time         Lambda
             68       68.00000        0.00000

   Energies (kJ/mol)
        G96Bond       G96Angle    Proper Dih.          LJ-14     Coulomb-14
    1.11021e+03    8.08297e+01    7.74496e+01    1.55699e+04   -1.91308e+03
        LJ (SR)   Coulomb (SR)      Potential Pressure (bar)
   -2.71174e+03    6.09083e+02    1.28227e+04    0.00000e+00

           Step           Time         Lambda
             69       69.00000        0.00000

           Step           Time         Lambda
             70       70.00000        0.00000

   Energies (kJ/mol)
        G96Bond       G96Angle    Proper Dih.          LJ-14     Coulomb-14
    1.09469e+03    6.38042e+01    7.80235e+01    1.55332e+04   -1.91660e+03
        LJ (SR)   Coulomb (SR)      Potential Pressure (bar)
   -2.71359e+03    6.08635e+02    1.27482e+04    0.00000e+00

           Step           Time         Lambda
             71       71.00000        0.00000

   Energies (kJ/mol)
        G96Bond       G96Angle    Proper Dih.          LJ-14     Coulomb-14
    1.14644e+03    7.62317e+01    7.79624e+01    1.54530e+04   -1.91386e+03
        LJ (SR)   Coulomb (SR)      Potential Pressure (bar)
   -2.70993e+03    6.09066e+02    1.27389e+04    0.00000e+00

           Step           Time         Lambda
             72       72.00000        0.00000

   Energies (kJ/mol)
        G96Bond       G96Angle    Proper Dih.          LJ-14     Coulomb-14
    1.18767e+03    7.77152e+01    7.88503e+01    1.54042e+04   -1.91889e+03
        LJ (SR)   Coulomb (SR)      Potential Pressure (bar)
   -2.71243e+03    6.08404e+02    1.27255e+04    0.00000e+00

           Step           Time         Lambda
             73       73.00000        0.00000

           Step           Time         Lambda
             74       74.00000        0.00000

   Energies (kJ/mol)
        G96Bond       G96Angle    Proper Dih.          LJ-14     Coulomb-14
    1.14896e+03    6.34504e+01    7.85257e+01    1.53839e+04   -1.91611e+03
        LJ (SR)   Coulomb (SR)      Potential Pressure (bar)
   -2.71017e+03    6.08765e+02    1.26574e+04    0.00000e+00

           Step           Time         Lambda
             75       75.00000        0.00000

   Energies (kJ/mol)
        G96Bond       G96Angle    Proper Dih.          LJ-14     Coulomb-14
    1.21704e+03    6.81687e+01    7.93525e+01    1.52580e+04   -1.91811e+03
        LJ (SR)   Coulomb (SR)      Potential Pressure (bar)
   -2.70882e+03    6.08400e+02    1.26040e+04    0.00000e+00

           Step           Time         Lambda
             76       76.00000        0.00000

           Step           Time         Lambda
             77       77.00000        0.00000

   Energies (kJ/mol)
        G96Bond       G96Angle    Proper Dih.          LJ-14     Coulomb-14
    1.21012e+03    6.39677e+01    7.91980e+01    1.52363e+04   -1.91628e+03
        LJ (SR)   Coulomb (SR)      Potential Pressure (bar)
   -2.70719e+03    6.08647e+02    1.25748e+04    0.00000e+00

           Step           Time         Lambda
             78       78.00000        0.00000

   Energies (kJ/mol)
        G96Bond       G96Angle    Proper Dih.          LJ-14     Coulomb-14
    1.25308e+03    6.73330e+01    7.97920e+01    1.51655e+04   -1.91822e+03
        LJ (SR)   Coulomb (SR)      Potential Pressure (bar)
   -2.70702e+03    6.08321e+02    1.25488e+04    0.00000e+00

           Step           Time         Lambda
             79       79.00000        0.00000

   Energies (kJ/mol)
        G96Bond       G96Angle    Proper Dih.          LJ-14     Coulomb-14
    1.26274e+03    6.81846e+01    7.96053e+01    1.51332e+04   -1.91556e+03
        LJ (SR)   Coulomb (SR)      Potential Pressure (bar)
   -2.70460e+03    6.08632e+02    1.25322e+04    0.00000e+00

           Step           Time         Lambda
             80       80.00000        0.00000

   Energies (kJ/mol)
        G96Bond       G96Angle    Proper Dih.          LJ-14     Coulomb-14
    1.30453e+03    7.35923e+01    8.03312e+01    1.50870e+04   -1.91916e+03
        LJ (SR)   Coulomb (SR)      Potential Pressure (bar)
   -2.70599e+03    6.08080e+02    1.25284e+04    0.00000e+00

           Step           Time         Lambda
             81       81.00000        0.00000

   Energies (kJ/mol)
        G96Bond       G96Angle    Proper Dih.          LJ-14     Coulomb-14
    1.30807e+03    7.36811e+01    7.99250e+01    1.50596e+04   -1.91503e+03
        LJ (SR)   Coulomb (SR)      Potential Pressure (bar)
   -2.70272e+03    6.08542e+02    1.25120e+04    0.00000e+00

           Step           Time         Lambda
             82       82.00000        0.00000

           Step           Time         Lambda
             83       83.00000        0.00000

   Energies (kJ/mol)
        G96Bond       G96Angle    Proper Dih.          LJ-14     Coulomb-14
    1.30208e+03    6.44931e+01    8.04192e+01    1.50310e+04   -1.91773e+03
        LJ (SR)   Coulomb (SR)      Potential Pressure (bar)
   -2.70397e+03    6.08173e+02    1.24644e+04    0.00000e+00

           Step           Time         Lambda
             84       84.00000        0.00000

   Energies (kJ/mol)
        G96Bond       G96Angle    Proper Dih.          LJ-14     Coulomb-14
    1.34273e+03    7.05577e+01    8.04914e+01    1.49663e+04   -1.91556e+03
        LJ (SR)   Coulomb (SR)      Potential Pressure (bar)
   -2.70120e+03    6.08252e+02    1.24515e+04    0.00000e+00

           Step           Time         Lambda
             85       85.00000        0.00000

   Energies (kJ/mol)
        G96Bond       G96Angle    Proper Dih.          LJ-14     Coulomb-14
    1.37663e+03    7.41499e+01    8.12496e+01    1.49258e+04   -1.91938e+03
        LJ (SR)   Coulomb (SR)      Potential Pressure (bar)
   -2.70284e+03    6.07719e+02    1.24433e+04    0.00000e+00

           Step           Time         Lambda
             86       86.00000        0.00000

   Energies (kJ/mol)
        G96Bond       G96Angle    Proper Dih.          LJ-14     Coulomb-14
    1.38762e+03    7.62064e+01    8.08148e+01    1.48993e+04   -1.91504e+03
        LJ (SR)   Coulomb (SR)      Potential Pressure (bar)
   -2.69947e+03    6.08098e+02    1.24375e+04    0.00000e+00

           Step           Time         Lambda
             87       87.00000        0.00000

           Step           Time         Lambda
             88       88.00000        0.00000

   Energies (kJ/mol)
        G96Bond       G96Angle    Proper Dih.          LJ-14     Coulomb-14
    1.37408e+03    6.45720e+01    8.13412e+01    1.48715e+04   -1.91791e+03
        LJ (SR)   Coulomb (SR)      Potential Pressure (bar)
   -2.70085e+03    6.07727e+02    1.23804e+04    0.00000e+00

           Step           Time         Lambda
             89       89.00000        0.00000

   Energies (kJ/mol)
        G96Bond       G96Angle    Proper Dih.          LJ-14     Coulomb-14
    1.42215e+03    7.19479e+01    8.14370e+01    1.48039e+04   -1.91553e+03
        LJ (SR)   Coulomb (SR)      Potential Pressure (bar)
   -2.69789e+03    6.07721e+02    1.23737e+04    0.00000e+00

           Step           Time         Lambda
             90       90.00000        0.00000

   Energies (kJ/mol)
        G96Bond       G96Angle    Proper Dih.          LJ-14     Coulomb-14
    1.45949e+03    7.76140e+01    8.22673e+01    1.47653e+04   -1.91975e+03
        LJ (SR)   Coulomb (SR)      Potential Pressure (bar)
   -2.69981e+03    6.07155e+02    1.23722e+04    0.00000e+00

           Step           Time         Lambda
             91       91.00000        0.00000

   Energies (kJ/mol)
        G96Bond       G96Angle    Proper Dih.          LJ-14     Coulomb-14
    1.46684e+03    7.76433e+01    8.17569e+01    1.47416e+04   -1.91498e+03
        LJ (SR)   Coulomb (SR)      Potential Pressure (bar)
   -2.69625e+03    6.07518e+02    1.23641e+04    0.00000e+00

           Step           Time         Lambda
             92       92.00000        0.00000

           Step           Time         Lambda
             93       93.00000        0.00000

   Energies (kJ/mol)
        G96Bond       G96Angle    Proper Dih.          LJ-14     Coulomb-14
    1.44958e+03    6.50527e+01    8.23289e+01    1.47138e+04   -1.91810e+03
        LJ (SR)   Coulomb (SR)      Potential Pressure (bar)
   -2.69779e+03    6.07129e+02    1.23020e+04    0.00000e+00

           Step           Time         Lambda
             94       94.00000        0.00000

           Step           Time         Lambda
             95       95.00000        0.00000

   Energies (kJ/mol)
        G96Bond       G96Angle    Proper Dih.          LJ-14     Coulomb-14
    1.46260e+03    6.47886e+01    8.23208e+01    1.46837e+04   -1.91669e+03
        LJ (SR)   Coulomb (SR)      Potential Pressure (bar)
   -2.69627e+03    6.07134e+02    1.22876e+04    0.00000e+00

           Step           Time         Lambda
             96       96.00000        0.00000

   Energies (kJ/mol)
        G96Bond       G96Angle    Proper Dih.          LJ-14     Coulomb-14
    1.48955e+03    6.75409e+01    8.28400e+01    1.46451e+04   -1.91857e+03
        LJ (SR)   Coulomb (SR)      Potential Pressure (bar)
   -2.69668e+03    6.06781e+02    1.22766e+04    0.00000e+00

           Step           Time         Lambda
             97       97.00000        0.00000

   Energies (kJ/mol)
        G96Bond       G96Angle    Proper Dih.          LJ-14     Coulomb-14
    1.49918e+03    6.65967e+01    8.26755e+01    1.46190e+04   -1.91622e+03
        LJ (SR)   Coulomb (SR)      Potential Pressure (bar)
   -2.69467e+03    6.06875e+02    1.22634e+04    0.00000e+00

           Step           Time         Lambda
             98       98.00000        0.00000

           Step           Time         Lambda
             99       99.00000        0.00000

   Energies (kJ/mol)
        G96Bond       G96Angle    Proper Dih.          LJ-14     Coulomb-14
    1.50368e+03    6.41210e+01    8.30224e+01    1.45976e+04   -1.91774e+03
        LJ (SR)   Coulomb (SR)      Potential Pressure (bar)
   -2.69522e+03    6.06641e+02    1.22421e+04    0.00000e+00

           Step           Time         Lambda
            100      100.00000        0.00000

   Energies (kJ/mol)
        G96Bond       G96Angle    Proper Dih.          LJ-14     Coulomb-14
    1.52738e+03    6.46639e+01    8.31555e+01    1.45529e+04   -1.91657e+03
        LJ (SR)   Coulomb (SR)      Potential Pressure (bar)
   -2.69357e+03    6.06514e+02    1.22245e+04    0.00000e+00

           Step           Time         Lambda
            101      101.00000        0.00000

   Energies (kJ/mol)
        G96Bond       G96Angle    Proper Dih.          LJ-14     Coulomb-14
    1.55498e+03    6.80720e+01    8.36863e+01    1.45157e+04   -1.91854e+03
        LJ (SR)   Coulomb (SR)      Potential Pressure (bar)
   -2.69405e+03    6.06150e+02    1.22160e+04    0.00000e+00

           Step           Time         Lambda
            102      102.00000        0.00000

   Energies (kJ/mol)
        G96Bond       G96Angle    Proper Dih.          LJ-14     Coulomb-14
    1.56464e+03    6.67746e+01    8.34955e+01    1.44911e+04   -1.91600e+03
        LJ (SR)   Coulomb (SR)      Potential Pressure (bar)
   -2.69196e+03    6.06231e+02    1.22043e+04    0.00000e+00

           Step           Time         Lambda
            103      103.00000        0.00000

           Step           Time         Lambda
            104      104.00000        0.00000

   Energies (kJ/mol)
        G96Bond       G96Angle    Proper Dih.          LJ-14     Coulomb-14
    1.56710e+03    6.39643e+01    8.38440e+01    1.44710e+04   -1.91759e+03
        LJ (SR)   Coulomb (SR)      Potential Pressure (bar)
   -2.69258e+03    6.05992e+02    1.21817e+04    0.00000e+00

           Step           Time         Lambda
            105      105.00000        0.00000

   Energies (kJ/mol)
        G96Bond       G96Angle    Proper Dih.          LJ-14     Coulomb-14
    1.59303e+03    6.45711e+01    8.39870e+01    1.44250e+04   -1.91635e+03
        LJ (SR)   Coulomb (SR)      Potential Pressure (bar)
   -2.69086e+03    6.05833e+02    1.21652e+04    0.00000e+00

           Step           Time         Lambda
            106      106.00000        0.00000

   Energies (kJ/mol)
        G96Bond       G96Angle    Proper Dih.          LJ-14     Coulomb-14
    1.62099e+03    6.86676e+01    8.45292e+01    1.43898e+04   -1.91844e+03
        LJ (SR)   Coulomb (SR)      Potential Pressure (bar)
   -2.69145e+03    6.05446e+02    1.21595e+04    0.00000e+00

           Step           Time         Lambda
            107      107.00000        0.00000

   Energies (kJ/mol)
        G96Bond       G96Angle    Proper Dih.          LJ-14     Coulomb-14
    1.63019e+03    6.68610e+01    8.43078e+01    1.43668e+04   -1.91572e+03
        LJ (SR)   Coulomb (SR)      Potential Pressure (bar)
   -2.68930e+03    6.05533e+02    1.21487e+04    0.00000e+00

           Step           Time         Lambda
            108      108.00000        0.00000

           Step           Time         Lambda
            109      109.00000        0.00000

   Energies (kJ/mol)
        G96Bond       G96Angle    Proper Dih.          LJ-14     Coulomb-14
    1.63116e+03    6.38416e+01    8.46653e+01    1.43474e+04   -1.91740e+03
        LJ (SR)   Coulomb (SR)      Potential Pressure (bar)
   -2.68997e+03    6.05281e+02    1.21250e+04    0.00000e+00

           Step           Time         Lambda
            110      110.00000        0.00000

   Energies (kJ/mol)
        G96Bond       G96Angle    Proper Dih.          LJ-14     Coulomb-14
    1.65842e+03    6.46512e+01    8.47857e+01    1.43027e+04   -1.91599e+03
        LJ (SR)   Coulomb (SR)      Potential Pressure (bar)
   -2.68819e+03    6.05111e+02    1.21114e+04    0.00000e+00

           Step           Time         Lambda
            111      111.00000        0.00000

   Energies (kJ/mol)
        G96Bond       G96Angle    Proper Dih.          LJ-14     Coulomb-14
    1.68527e+03    6.91504e+01    8.53363e+01    1.42704e+04   -1.91825e+03
        LJ (SR)   Coulomb (SR)      Potential Pressure (bar)
   -2.68892e+03    6.04708e+02    1.21077e+04    0.00000e+00

           Step           Time         Lambda
            112      112.00000        0.00000

   Energies (kJ/mol)
        G96Bond       G96Angle    Proper Dih.          LJ-14     Coulomb-14
    1.69476e+03    6.70542e+01    8.50847e+01    1.42487e+04   -1.91536e+03
        LJ (SR)   Coulomb (SR)      Potential Pressure (bar)
   -2.68671e+03    6.04801e+02    1.20984e+04    0.00000e+00

           Step           Time         Lambda
            113      113.00000        0.00000

           Step           Time         Lambda
            114      114.00000        0.00000

   Energies (kJ/mol)
        G96Bond       G96Angle    Proper Dih.          LJ-14     Coulomb-14
    1.69373e+03    6.36590e+01    8.54523e+01    1.42300e+04   -1.91713e+03
        LJ (SR)   Coulomb (SR)      Potential Pressure (bar)
   -2.68745e+03    6.04536e+02    1.20728e+04    0.00000e+00

           Step           Time         Lambda
            115      115.00000        0.00000

   Energies (kJ/mol)
        G96Bond       G96Angle    Proper Dih.          LJ-14     Coulomb-14
    1.72273e+03    6.47327e+01    8.55536e+01    1.41861e+04   -1.91558e+03
        LJ (SR)   Coulomb (SR)      Potential Pressure (bar)
   -2.68560e+03    6.04353e+02    1.20622e+04    0.00000e+00

           Step           Time         Lambda
            116      116.00000        0.00000

   Energies (kJ/mol)
        G96Bond       G96Angle    Proper Dih.          LJ-14     Coulomb-14
    1.74875e+03    6.96995e+01    8.61163e+01    1.41562e+04   -1.91801e+03
        LJ (SR)   Coulomb (SR)      Potential Pressure (bar)
   -2.68647e+03    6.03935e+02    1.20602e+04    0.00000e+00

           Step           Time         Lambda
            117      117.00000        0.00000

   Energies (kJ/mol)
        G96Bond       G96Angle    Proper Dih.          LJ-14     Coulomb-14
    1.75860e+03    6.73249e+01    8.58318e+01    1.41358e+04   -1.91493e+03
        LJ (SR)   Coulomb (SR)      Potential Pressure (bar)
   -2.68418e+03    6.04035e+02    1.20525e+04    0.00000e+00

           Step           Time         Lambda
            118      118.00000        0.00000

           Step           Time         Lambda
            119      119.00000        0.00000

   Energies (kJ/mol)
        G96Bond       G96Angle    Proper Dih.          LJ-14     Coulomb-14
    1.75523e+03    6.34384e+01    8.62111e+01    1.41177e+04   -1.91681e+03
        LJ (SR)   Coulomb (SR)      Potential Pressure (bar)
   -2.68500e+03    6.03759e+02    1.20245e+04    0.00000e+00

           Step           Time         Lambda
            120      120.00000        0.00000

   Energies (kJ/mol)
        G96Bond       G96Angle    Proper Dih.          LJ-14     Coulomb-14
    1.78627e+03    6.48726e+01    8.62919e+01    1.40745e+04   -1.91510e+03
        LJ (SR)   Coulomb (SR)      Potential Pressure (bar)
   -2.68308e+03    6.03563e+02    1.20173e+04    0.00000e+00

           Step           Time         Lambda
            121      121.00000        0.00000

   Energies (kJ/mol)
        G96Bond       G96Angle    Proper Dih.          LJ-14     Coulomb-14
    1.81124e+03    7.02506e+01    8.68685e+01    1.40469e+04   -1.91771e+03
        LJ (SR)   Coulomb (SR)      Potential Pressure (bar)
   -2.68408e+03    6.03132e+02    1.20166e+04    0.00000e+00

           Step           Time         Lambda
            122      122.00000        0.00000

   Energies (kJ/mol)
        G96Bond       G96Angle    Proper Dih.          LJ-14     Coulomb-14
    1.82167e+03    6.76462e+01    8.65508e+01    1.40276e+04   -1.91444e+03
        LJ (SR)   Coulomb (SR)      Potential Pressure (bar)
   -2.68173e+03    6.03240e+02    1.20106e+04    0.00000e+00

           Step           Time         Lambda
            123      123.00000        0.00000

           Step           Time         Lambda
            124      124.00000        0.00000

   Energies (kJ/mol)
        G96Bond       G96Angle    Proper Dih.          LJ-14     Coulomb-14
    1.81573e+03    6.32044e+01    8.69435e+01    1.40100e+04   -1.91644e+03
        LJ (SR)   Coulomb (SR)      Potential Pressure (bar)
   -2.68262e+03    6.02953e+02    1.19798e+04    0.00000e+00

           Step           Time         Lambda
            125      125.00000        0.00000

   Energies (kJ/mol)
        G96Bond       G96Angle    Proper Dih.          LJ-14     Coulomb-14
    1.84880e+03    6.50837e+01    8.69980e+01    1.39682e+04   -1.91457e+03
        LJ (SR)   Coulomb (SR)      Potential Pressure (bar)
   -2.68063e+03    6.02750e+02    1.19766e+04    0.00000e+00

           Step           Time         Lambda
            126      126.00000        0.00000

           Step           Time         Lambda
            127      127.00000        0.00000

   Energies (kJ/mol)
        G96Bond       G96Angle    Proper Dih.          LJ-14     Coulomb-14
    1.84680e+03    6.23824e+01    8.72918e+01    1.39536e+04   -1.91597e+03
        LJ (SR)   Coulomb (SR)      Potential Pressure (bar)
   -2.68120e+03    6.02528e+02    1.19554e+04    0.00000e+00

           Step           Time         Lambda
            128      128.00000        0.00000

   Energies (kJ/mol)
        G96Bond       G96Angle    Proper Dih.          LJ-14     Coulomb-14
    1.87409e+03    6.21089e+01    8.74965e+01    1.39089e+04   -1.91507e+03
        LJ (SR)   Coulomb (SR)      Potential Pressure (bar)
   -2.67976e+03    6.02219e+02    1.19400e+04    0.00000e+00

           Step           Time         Lambda
            129      129.00000        0.00000

   Energies (kJ/mol)
        G96Bond       G96Angle    Proper Dih.          LJ-14     Coulomb-14
    1.90248e+03    6.70485e+01    8.79772e+01    1.38760e+04   -1.91666e+03
        LJ (SR)   Coulomb (SR)      Potential Pressure (bar)
   -2.68003e+03    6.01798e+02    1.19386e+04    0.00000e+00

           Step           Time         Lambda
            130      130.00000        0.00000

   Energies (kJ/mol)
        G96Bond       G96Angle    Proper Dih.          LJ-14     Coulomb-14
    1.91076e+03    6.38896e+01    8.77628e+01    1.38582e+04   -1.91422e+03
        LJ (SR)   Coulomb (SR)      Potential Pressure (bar)
   -2.67824e+03    6.01832e+02    1.19300e+04    0.00000e+00

           Step           Time         Lambda
            131      131.00000        0.00000

           Step           Time         Lambda
            132      132.00000        0.00000

   Energies (kJ/mol)
        G96Bond       G96Angle    Proper Dih.          LJ-14     Coulomb-14
    1.91198e+03    6.24451e+01    8.80724e+01    1.38430e+04   -1.91566e+03
        LJ (SR)   Coulomb (SR)      Potential Pressure (bar)
   -2.67880e+03    6.01590e+02    1.19127e+04    0.00000e+00

           Step           Time         Lambda
            133      133.00000        0.00000

   Energies (kJ/mol)
        G96Bond       G96Angle    Proper Dih.          LJ-14     Coulomb-14
    1.93556e+03    6.24933e+01    8.81306e+01    1.38098e+04   -1.91427e+03
        LJ (SR)   Coulomb (SR)      Potential Pressure (bar)
   -2.67731e+03    6.01391e+02    1.19058e+04    0.00000e+00

           Step           Time         Lambda
            134      134.00000        0.00000

   Energies (kJ/mol)
        G96Bond       G96Angle    Proper Dih.          LJ-14     Coulomb-14
    1.95589e+03    6.68236e+01    8.85948e+01    1.37858e+04   -1.91622e+03
        LJ (SR)   Coulomb (SR)      Potential Pressure (bar)
   -2.67796e+03    6.01009e+02    1.19039e+04    0.00000e+00

           Step           Time         Lambda
            135      135.00000        0.00000

   Energies (kJ/mol)
        G96Bond       G96Angle    Proper Dih.          LJ-14     Coulomb-14
    1.96620e+03    6.40044e+01    8.83655e+01    1.37683e+04   -1.91367e+03
        LJ (SR)   Coulomb (SR)      Potential Pressure (bar)
   -2.67612e+03    6.01044e+02    1.18982e+04    0.00000e+00

           Step           Time         Lambda
            136      136.00000        0.00000

           Step           Time         Lambda
            137      137.00000        0.00000

   Energies (kJ/mol)
        G96Bond       G96Angle    Proper Dih.          LJ-14     Coulomb-14
    1.96498e+03    6.20411e+01    8.86811e+01    1.37539e+04   -1.91519e+03
        LJ (SR)   Coulomb (SR)      Potential Pressure (bar)
   -2.67674e+03    6.00797e+02    1.18785e+04    0.00000e+00

           Step           Time         Lambda
            138      138.00000        0.00000

   Energies (kJ/mol)
        G96Bond       G96Angle    Proper Dih.          LJ-14     Coulomb-14
    1.99060e+03    6.22501e+01    8.87438e+01    1.37196e+04   -1.91374e+03
        LJ (SR)   Coulomb (SR)      Potential Pressure (bar)
   -2.67520e+03    6.00573e+02    1.18729e+04    0.00000e+00

           Step           Time         Lambda
            139      139.00000        0.00000

   Energies (kJ/mol)
        G96Bond       G96Angle    Proper Dih.          LJ-14     Coulomb-14
    2.01088e+03    6.71227e+01    8.92200e+01    1.36968e+04   -1.91582e+03
        LJ (SR)   Coulomb (SR)      Potential Pressure (bar)
   -2.67594e+03    6.00180e+02    1.18725e+04    0.00000e+00

           Step           Time         Lambda
            140      140.00000        0.00000

   Energies (kJ/mol)
        G96Bond       G96Angle    Proper Dih.          LJ-14     Coulomb-14
    2.02092e+03    6.39175e+01    8.89654e+01    1.36805e+04   -1.91312e+03
        LJ (SR)   Coulomb (SR)      Potential Pressure (bar)
   -2.67405e+03    6.00226e+02    1.18673e+04    0.00000e+00

           Step           Time         Lambda
            141      141.00000        0.00000

           Step           Time         Lambda
            142      142.00000        0.00000

   Energies (kJ/mol)
        G96Bond       G96Angle    Proper Dih.          LJ-14     Coulomb-14
    2.01823e+03    6.17344e+01    8.92897e+01    1.36665e+04   -1.91473e+03
        LJ (SR)   Coulomb (SR)      Potential Pressure (bar)
   -2.67473e+03    5.99972e+02    1.18462e+04    0.00000e+00

           Step           Time         Lambda
            143      143.00000        0.00000

   Energies (kJ/mol)
        G96Bond       G96Angle    Proper Dih.          LJ-14     Coulomb-14
    2.04508e+03    6.21814e+01    8.93323e+01    1.36332e+04   -1.91315e+03
        LJ (SR)   Coulomb (SR)      Potential Pressure (bar)
   -2.67314e+03    5.99747e+02    1.18433e+04    0.00000e+00

           Step           Time         Lambda
            144      144.00000        0.00000

   Energies (kJ/mol)
        G96Bond       G96Angle    Proper Dih.          LJ-14     Coulomb-14
    2.06402e+03    6.72636e+01    8.98183e+01    1.36121e+04   -1.91538e+03
        LJ (SR)   Coulomb (SR)      Potential Pressure (bar)
   -2.67399e+03    5.99351e+02    1.18432e+04    0.00000e+00

           Step           Time         Lambda
            145      145.00000        0.00000

   Energies (kJ/mol)
        G96Bond       G96Angle    Proper Dih.          LJ-14     Coulomb-14
    2.07471e+03    6.39707e+01    8.95413e+01    1.35966e+04   -1.91254e+03
        LJ (SR)   Coulomb (SR)      Potential Pressure (bar)
   -2.67205e+03    5.99404e+02    1.18396e+04    0.00000e+00

           Step           Time         Lambda
            146      146.00000        0.00000

           Step           Time         Lambda
            147      147.00000        0.00000

   Energies (kJ/mol)
        G96Bond       G96Angle    Proper Dih.          LJ-14     Coulomb-14
    2.06997e+03    6.13777e+01    8.98749e+01    1.35830e+04   -1.91425e+03
        LJ (SR)   Coulomb (SR)      Potential Pressure (bar)
   -2.67279e+03    5.99145e+02    1.18164e+04    0.00000e+00

           Step           Time         Lambda
            148      148.00000        0.00000

   Energies (kJ/mol)
        G96Bond       G96Angle    Proper Dih.          LJ-14     Coulomb-14
    2.09858e+03    6.21195e+01    8.99057e+01    1.35501e+04   -1.91255e+03
        LJ (SR)   Coulomb (SR)      Potential Pressure (bar)
   -2.67115e+03    5.98912e+02    1.18159e+04    0.00000e+00

           Step           Time         Lambda
            149      149.00000        0.00000

           Step           Time         Lambda
            150      150.00000        0.00000

   Energies (kJ/mol)
        G96Bond       G96Angle    Proper Dih.          LJ-14     Coulomb-14
    2.09679e+03    6.05221e+01    9.01539e+01    1.35389e+04   -1.91374e+03
        LJ (SR)   Coulomb (SR)      Potential Pressure (bar)
   -2.67162e+03    5.98711e+02    1.17997e+04    0.00000e+00

           Step           Time         Lambda
            151      151.00000        0.00000

   Energies (kJ/mol)
        G96Bond       G96Angle    Proper Dih.          LJ-14     Coulomb-14
    2.11862e+03    5.99434e+01    9.03153e+01    1.35060e+04   -1.91300e+03
        LJ (SR)   Coulomb (SR)      Potential Pressure (bar)
   -2.67054e+03    5.98403e+02    1.17897e+04    0.00000e+00

           Step           Time         Lambda
            152      152.00000        0.00000

   Energies (kJ/mol)
        G96Bond       G96Angle    Proper Dih.          LJ-14     Coulomb-14
    2.14376e+03    6.43055e+01    9.07288e+01    1.34772e+04   -1.91421e+03
        LJ (SR)   Coulomb (SR)      Potential Pressure (bar)
   -2.67064e+03    5.97980e+02    1.17891e+04    0.00000e+00

           Step           Time         Lambda
            153      153.00000        0.00000

   Energies (kJ/mol)
        G96Bond       G96Angle    Proper Dih.          LJ-14     Coulomb-14
    2.15265e+03    6.11226e+01    9.05457e+01    1.34627e+04   -1.91209e+03
        LJ (SR)   Coulomb (SR)      Potential Pressure (bar)
   -2.66916e+03    5.97977e+02    1.17838e+04    0.00000e+00

           Step           Time         Lambda
            154      154.00000        0.00000

           Step           Time         Lambda
            155      155.00000        0.00000

   Energies (kJ/mol)
        G96Bond       G96Angle    Proper Dih.          LJ-14     Coulomb-14
    2.15338e+03    6.04797e+01    9.08076e+01    1.34510e+04   -1.91331e+03
        LJ (SR)   Coulomb (SR)      Potential Pressure (bar)
   -2.66963e+03    5.97758e+02    1.17705e+04    0.00000e+00

           Step           Time         Lambda
            156      156.00000        0.00000

   Energies (kJ/mol)
        G96Bond       G96Angle    Proper Dih.          LJ-14     Coulomb-14
    2.17424e+03    6.00232e+01    9.08620e+01    1.34240e+04   -1.91209e+03
        LJ (SR)   Coulomb (SR)      Potential Pressure (bar)
   -2.66840e+03    5.97534e+02    1.17662e+04    0.00000e+00

           Step           Time         Lambda
            157      157.00000        0.00000

   Energies (kJ/mol)
        G96Bond       G96Angle    Proper Dih.          LJ-14     Coulomb-14
    2.19064e+03    6.41460e+01    9.12569e+01    1.34051e+04   -1.91373e+03
        LJ (SR)   Coulomb (SR)      Potential Pressure (bar)
   -2.66894e+03    5.97182e+02    1.17656e+04    0.00000e+00

           Step           Time         Lambda
            158      158.00000        0.00000

   Energies (kJ/mol)
        G96Bond       G96Angle    Proper Dih.          LJ-14     Coulomb-14
    2.20040e+03    6.10070e+01    9.10601e+01    1.33911e+04   -1.91151e+03
        LJ (SR)   Coulomb (SR)      Potential Pressure (bar)
   -2.66742e+03    5.97183e+02    1.17618e+04    0.00000e+00

           Step           Time         Lambda
            159      159.00000        0.00000

           Step           Time         Lambda
            160      160.00000        0.00000

   Energies (kJ/mol)
        G96Bond       G96Angle    Proper Dih.          LJ-14     Coulomb-14
    2.19955e+03    6.00878e+01    9.13289e+01    1.33799e+04   -1.91281e+03
        LJ (SR)   Coulomb (SR)      Potential Pressure (bar)
   -2.66794e+03    5.96962e+02    1.17471e+04    0.00000e+00

           Step           Time         Lambda
            161      161.00000        0.00000

   Energies (kJ/mol)
        G96Bond       G96Angle    Proper Dih.          LJ-14     Coulomb-14
    2.22167e+03    5.97441e+01    9.13823e+01    1.33526e+04   -1.91152e+03
        LJ (SR)   Coulomb (SR)      Potential Pressure (bar)
   -2.66668e+03    5.96724e+02    1.17439e+04    0.00000e+00

           Step           Time         Lambda
            162      162.00000        0.00000

           Step           Time         Lambda
            163      163.00000        0.00000

   Energies (kJ/mol)
        G96Bond       G96Angle    Proper Dih.          LJ-14     Coulomb-14
    2.22338e+03    5.94906e+01    9.15843e+01    1.33429e+04   -1.91239e+03
        LJ (SR)   Coulomb (SR)      Potential Pressure (bar)
   -2.66698e+03    5.96546e+02    1.17346e+04    0.00000e+00

           Step           Time         Lambda
            164      164.00000        0.00000

   Energies (kJ/mol)
        G96Bond       G96Angle    Proper Dih.          LJ-14     Coulomb-14
    2.23943e+03    5.88212e+01    9.16939e+01    1.33196e+04   -1.91175e+03
        LJ (SR)   Coulomb (SR)      Potential Pressure (bar)
   -2.66617e+03    5.96307e+02    1.17280e+04    0.00000e+00

           Step           Time         Lambda
            165      165.00000        0.00000

   Energies (kJ/mol)
        G96Bond       G96Angle    Proper Dih.          LJ-14     Coulomb-14
    2.25808e+03    6.16072e+01    9.20230e+01    1.32965e+04   -1.91262e+03
        LJ (SR)   Coulomb (SR)      Potential Pressure (bar)
   -2.66619e+03    5.95948e+02    1.17253e+04    0.00000e+00

           Step           Time         Lambda
            166      166.00000        0.00000

   Energies (kJ/mol)
        G96Bond       G96Angle    Proper Dih.          LJ-14     Coulomb-14
    2.26805e+03    5.92890e+01    9.19123e+01    1.32828e+04   -1.91099e+03
        LJ (SR)   Coulomb (SR)      Potential Pressure (bar)
   -2.66501e+03    5.95897e+02    1.17220e+04    0.00000e+00

           Step           Time         Lambda
            167      167.00000        0.00000

           Step           Time         Lambda
            168      168.00000        0.00000

   Energies (kJ/mol)
        G96Bond       G96Angle    Proper Dih.          LJ-14     Coulomb-14
    2.26988e+03    5.91968e+01    9.21211e+01    1.32732e+04   -1.91191e+03
        LJ (SR)   Coulomb (SR)      Potential Pressure (bar)
   -2.66534e+03    5.95713e+02    1.17129e+04    0.00000e+00

           Step           Time         Lambda
            169      169.00000        0.00000

   Energies (kJ/mol)
        G96Bond       G96Angle    Proper Dih.          LJ-14     Coulomb-14
    2.28673e+03    5.84551e+01    9.22092e+01    1.32501e+04   -1.91108e+03
        LJ (SR)   Coulomb (SR)      Potential Pressure (bar)
   -2.66443e+03    5.95478e+02    1.17075e+04    0.00000e+00

           Step           Time         Lambda
            170      170.00000        0.00000

   Energies (kJ/mol)
        G96Bond       G96Angle    Proper Dih.          LJ-14     Coulomb-14
    2.30263e+03    6.16477e+01    9.25353e+01    1.32313e+04   -1.91218e+03
        LJ (SR)   Coulomb (SR)      Potential Pressure (bar)
   -2.66466e+03    5.95150e+02    1.17064e+04    0.00000e+00

           Step           Time         Lambda
            171      171.00000        0.00000

   Energies (kJ/mol)
        G96Bond       G96Angle    Proper Dih.          LJ-14     Coulomb-14
    2.31157e+03    5.89338e+01    9.24071e+01    1.32187e+04   -1.91046e+03
        LJ (SR)   Coulomb (SR)      Potential Pressure (bar)
   -2.66347e+03    5.95113e+02    1.17028e+04    0.00000e+00

           Step           Time         Lambda
            172      172.00000        0.00000

           Step           Time         Lambda
            173      173.00000        0.00000

   Energies (kJ/mol)
        G96Bond       G96Angle    Proper Dih.          LJ-14     Coulomb-14
    2.31307e+03    5.88847e+01    9.26215e+01    1.32093e+04   -1.91143e+03
        LJ (SR)   Coulomb (SR)      Potential Pressure (bar)
   -2.66382e+03    5.94924e+02    1.16936e+04    0.00000e+00

           Step           Time         Lambda
            174      174.00000        0.00000

   Energies (kJ/mol)
        G96Bond       G96Angle    Proper Dih.          LJ-14     Coulomb-14
    2.33073e+03    5.81506e+01    9.26975e+01    1.31864e+04   -1.91047e+03
        LJ (SR)   Coulomb (SR)      Potential Pressure (bar)
   -2.66285e+03    5.94694e+02    1.16894e+04    0.00000e+00

           Step           Time         Lambda
            175      175.00000        0.00000

   Energies (kJ/mol)
        G96Bond       G96Angle    Proper Dih.          LJ-14     Coulomb-14
    2.34486e+03    6.15188e+01    9.30267e+01    1.31699e+04   -1.91172e+03
        LJ (SR)   Coulomb (SR)      Potential Pressure (bar)
   -2.66320e+03    5.94373e+02    1.16888e+04    0.00000e+00

           Step           Time         Lambda
            176      176.00000        0.00000

   Energies (kJ/mol)
        G96Bond       G96Angle    Proper Dih.          LJ-14     Coulomb-14
    2.35378e+03    5.86650e+01    9.28859e+01    1.31579e+04   -1.90992e+03
        LJ (SR)   Coulomb (SR)      Potential Pressure (bar)
   -2.66199e+03    5.94349e+02    1.16857e+04    0.00000e+00

           Step           Time         Lambda
            177      177.00000        0.00000

           Step           Time         Lambda
            178      178.00000        0.00000

   Energies (kJ/mol)
        G96Bond       G96Angle    Proper Dih.          LJ-14     Coulomb-14
    2.35450e+03    5.85413e+01    9.31066e+01    1.31488e+04   -1.91094e+03
        LJ (SR)   Coulomb (SR)      Potential Pressure (bar)
   -2.66237e+03    5.94155e+02    1.16758e+04    0.00000e+00

           Step           Time         Lambda
            179      179.00000        0.00000

   Energies (kJ/mol)
        G96Bond       G96Angle    Proper Dih.          LJ-14     Coulomb-14
    2.37259e+03    5.78301e+01    9.31768e+01    1.31263e+04   -1.90992e+03
        LJ (SR)   Coulomb (SR)      Potential Pressure (bar)
   -2.66138e+03    5.93922e+02    1.16726e+04    0.00000e+00

           Step           Time         Lambda
            180      180.00000        0.00000

   Energies (kJ/mol)
        G96Bond       G96Angle    Proper Dih.          LJ-14     Coulomb-14
    2.38606e+03    6.14276e+01    9.35127e+01    1.31109e+04   -1.91125e+03
        LJ (SR)   Coulomb (SR)      Potential Pressure (bar)
   -2.66179e+03    5.93602e+02    1.16725e+04    0.00000e+00

           Step           Time         Lambda
            181      181.00000        0.00000

   Energies (kJ/mol)
        G96Bond       G96Angle    Proper Dih.          LJ-14     Coulomb-14
    2.39481e+03    5.83944e+01    9.33596e+01    1.30995e+04   -1.90938e+03
        LJ (SR)   Coulomb (SR)      Potential Pressure (bar)
   -2.66056e+03    5.93586e+02    1.16697e+04    0.00000e+00

           Step           Time         Lambda
            182      182.00000        0.00000

           Step           Time         Lambda
            183      183.00000        0.00000

   Energies (kJ/mol)
        G96Bond       G96Angle    Proper Dih.          LJ-14     Coulomb-14
    2.39479e+03    5.82057e+01    9.35857e+01    1.30908e+04   -1.91045e+03
        LJ (SR)   Coulomb (SR)      Potential Pressure (bar)
   -2.66098e+03    5.93390e+02    1.16593e+04    0.00000e+00

           Step           Time         Lambda
            184      184.00000        0.00000

   Energies (kJ/mol)
        G96Bond       G96Angle    Proper Dih.          LJ-14     Coulomb-14
    2.41342e+03    5.75401e+01    9.36504e+01    1.30686e+04   -1.90936e+03
        LJ (SR)   Coulomb (SR)      Potential Pressure (bar)
   -2.65996e+03    5.93157e+02    1.16571e+04    0.00000e+00

           Step           Time         Lambda
            185      185.00000        0.00000

           Step           Time         Lambda
            186      186.00000        0.00000

   Energies (kJ/mol)
        G96Bond       G96Angle    Proper Dih.          LJ-14     Coulomb-14
    2.41538e+03    5.77035e+01    9.38210e+01    1.30610e+04   -1.91007e+03
        LJ (SR)   Coulomb (SR)      Potential Pressure (bar)
   -2.66020e+03    5.92997e+02    1.16506e+04    0.00000e+00

           Step           Time         Lambda
            187      187.00000        0.00000

   Energies (kJ/mol)
        G96Bond       G96Angle    Proper Dih.          LJ-14     Coulomb-14
    2.42737e+03    5.70694e+01    9.39137e+01    1.30444e+04   -1.90958e+03
        LJ (SR)   Coulomb (SR)      Potential Pressure (bar)
   -2.65961e+03    5.92797e+02    1.16464e+04    0.00000e+00

           Step           Time         Lambda
            188      188.00000        0.00000

   Energies (kJ/mol)
        G96Bond       G96Angle    Proper Dih.          LJ-14     Coulomb-14
    2.44369e+03    5.91648e+01    9.42022e+01    1.30241e+04   -1.91019e+03
        LJ (SR)   Coulomb (SR)      Potential Pressure (bar)
   -2.65954e+03    5.92453e+02    1.16439e+04    0.00000e+00

           Step           Time         Lambda
            189      189.00000        0.00000

   Energies (kJ/mol)
        G96Bond       G96Angle    Proper Dih.          LJ-14     Coulomb-14
    2.45329e+03    5.71897e+01    9.41300e+01    1.30125e+04   -1.90883e+03
        LJ (SR)   Coulomb (SR)      Potential Pressure (bar)
   -2.65859e+03    5.92385e+02    1.16421e+04    0.00000e+00

           Step           Time         Lambda
            190      190.00000        0.00000

           Step           Time         Lambda
            191      191.00000        0.00000

   Energies (kJ/mol)
        G96Bond       G96Angle    Proper Dih.          LJ-14     Coulomb-14
    2.45497e+03    5.73862e+01    9.43062e+01    1.30050e+04   -1.90959e+03
        LJ (SR)   Coulomb (SR)      Potential Pressure (bar)
   -2.65886e+03    5.92222e+02    1.16355e+04    0.00000e+00

           Step           Time         Lambda
            192      192.00000        0.00000

   Energies (kJ/mol)
        G96Bond       G96Angle    Proper Dih.          LJ-14     Coulomb-14
    2.46726e+03    5.66721e+01    9.43924e+01    1.29886e+04   -1.90901e+03
        LJ (SR)   Coulomb (SR)      Potential Pressure (bar)
   -2.65823e+03    5.92021e+02    1.16317e+04    0.00000e+00

           Step           Time         Lambda
            193      193.00000        0.00000

   Energies (kJ/mol)
        G96Bond       G96Angle    Proper Dih.          LJ-14     Coulomb-14
    2.48282e+03    5.92601e+01    9.46879e+01    1.29703e+04   -1.90977e+03
        LJ (SR)   Coulomb (SR)      Potential Pressure (bar)
   -2.65828e+03    5.91686e+02    1.16307e+04    0.00000e+00

           Step           Time         Lambda
            194      194.00000        0.00000

   Energies (kJ/mol)
        G96Bond       G96Angle    Proper Dih.          LJ-14     Coulomb-14
    2.49093e+03    5.68321e+01    9.45948e+01    1.29600e+04   -1.90834e+03
        LJ (SR)   Coulomb (SR)      Potential Pressure (bar)
   -2.65732e+03    5.91638e+02    1.16283e+04    0.00000e+00

           Step           Time         Lambda
            195      195.00000        0.00000

           Step           Time         Lambda
            196      196.00000        0.00000

   Energies (kJ/mol)
        G96Bond       G96Angle    Proper Dih.          LJ-14     Coulomb-14
    2.49260e+03    5.71275e+01    9.47769e+01    1.29525e+04   -1.90913e+03
        LJ (SR)   Coulomb (SR)      Potential Pressure (bar)
   -2.65760e+03    5.91471e+02    1.16218e+04    0.00000e+00

           Step           Time         Lambda
            197      197.00000        0.00000

   Energies (kJ/mol)
        G96Bond       G96Angle    Proper Dih.          LJ-14     Coulomb-14
    2.50538e+03    5.63112e+01    9.48506e+01    1.29362e+04   -1.90843e+03
        LJ (SR)   Coulomb (SR)      Potential Pressure (bar)
   -2.65692e+03    5.91273e+02    1.16187e+04    0.00000e+00

           Step           Time         Lambda
            198      198.00000        0.00000

           Step           Time         Lambda
            199      199.00000        0.00000

   Energies (kJ/mol)
        G96Bond       G96Angle    Proper Dih.          LJ-14     Coulomb-14
    2.51009e+03    5.69536e+01    9.49965e+01    1.29283e+04   -1.90889e+03
        LJ (SR)   Coulomb (SR)      Potential Pressure (bar)
   -2.65701e+03    5.91118e+02    1.16155e+04    0.00000e+00

           Step           Time         Lambda
            200      200.00000        0.00000

   Energies (kJ/mol)
        G96Bond       G96Angle    Proper Dih.          LJ-14     Coulomb-14
    2.51876e+03    5.62096e+01    9.50503e+01    1.29167e+04   -1.90840e+03
        LJ (SR)   Coulomb (SR)      Potential Pressure (bar)
   -2.65653e+03    5.90975e+02    1.16127e+04    0.00000e+00

           Step           Time         Lambda
            201      201.00000        0.00000

   Energies (kJ/mol)
        G96Bond       G96Angle    Proper Dih.          LJ-14     Coulomb-14
    2.52985e+03    5.75200e+01    9.52672e+01    1.29023e+04   -1.90885e+03
        LJ (SR)   Coulomb (SR)      Potential Pressure (bar)
   -2.65649e+03    5.90715e+02    1.16103e+04    0.00000e+00

           Step           Time         Lambda
            202      202.00000        0.00000

   Energies (kJ/mol)
        G96Bond       G96Angle    Proper Dih.          LJ-14     Coulomb-14
    2.53946e+03    5.60948e+01    9.52499e+01    1.28908e+04   -1.90784e+03
        LJ (SR)   Coulomb (SR)      Potential Pressure (bar)
   -2.65574e+03    5.90611e+02    1.16087e+04    0.00000e+00

           Step           Time         Lambda
            203      203.00000        0.00000

   Energies (kJ/mol)
        G96Bond       G96Angle    Proper Dih.          LJ-14     Coulomb-14
    2.54968e+03    5.89730e+01    9.55346e+01    1.28787e+04   -1.90895e+03
        LJ (SR)   Coulomb (SR)      Potential Pressure (bar)
   -2.65609e+03    5.90332e+02    1.16082e+04    0.00000e+00

           Step           Time         Lambda
            204      204.00000        0.00000

   Energies (kJ/mol)
        G96Bond       G96Angle    Proper Dih.          LJ-14     Coulomb-14
    2.55779e+03    5.63589e+01    9.54234e+01    1.28692e+04   -1.90738e+03
        LJ (SR)   Coulomb (SR)      Potential Pressure (bar)
   -2.65509e+03    5.90298e+02    1.16066e+04    0.00000e+00

           Step           Time         Lambda
            205      205.00000        0.00000

           Step           Time         Lambda
            206      206.00000        0.00000

   Energies (kJ/mol)
        G96Bond       G96Angle    Proper Dih.          LJ-14     Coulomb-14
    2.55828e+03    5.65571e+01    9.56143e+01    1.28622e+04   -1.90826e+03
        LJ (SR)   Coulomb (SR)      Potential Pressure (bar)
   -2.65543e+03    5.90127e+02    1.15991e+04    0.00000e+00

           Step           Time         Lambda
            207      207.00000        0.00000

   Energies (kJ/mol)
        G96Bond       G96Angle    Proper Dih.          LJ-14     Coulomb-14
    2.57186e+03    5.57193e+01    9.56849e+01    1.28459e+04   -1.90746e+03
        LJ (SR)   Coulomb (SR)      Potential Pressure (bar)
   -2.65470e+03    5.89923e+02    1.15969e+04    0.00000e+00

           Step           Time         Lambda
            208      208.00000        0.00000

           Step           Time         Lambda
            209      209.00000        0.00000

   Energies (kJ/mol)
        G96Bond       G96Angle    Proper Dih.          LJ-14     Coulomb-14
    2.57544e+03    5.63611e+01    9.58362e+01    1.28389e+04   -1.90802e+03
        LJ (SR)   Coulomb (SR)      Potential Pressure (bar)
   -2.65486e+03    5.89770e+02    1.15934e+04    0.00000e+00

           Step           Time         Lambda
            210      210.00000        0.00000

   Energies (kJ/mol)
        G96Bond       G96Angle    Proper Dih.          LJ-14     Coulomb-14
    2.58448e+03    5.55703e+01    9.58911e+01    1.28273e+04   -1.90747e+03
        LJ (SR)   Coulomb (SR)      Potential Pressure (bar)
   -2.65436e+03    5.89620e+02    1.15910e+04    0.00000e+00

           Step           Time         Lambda
            211      211.00000        0.00000

   Energies (kJ/mol)
        G96Bond       G96Angle    Proper Dih.          LJ-14     Coulomb-14
    2.59615e+03    5.74629e+01    9.61345e+01    1.28132e+04   -1.90809e+03
        LJ (SR)   Coulomb (SR)      Potential Pressure (bar)
   -2.65440e+03    5.89340e+02    1.15898e+04    0.00000e+00

           Step           Time         Lambda
            212      212.00000        0.00000

   Energies (kJ/mol)
        G96Bond       G96Angle    Proper Dih.          LJ-14     Coulomb-14
    2.60368e+03    5.55085e+01    9.60807e+01    1.28040e+04   -1.90695e+03
        LJ (SR)   Coulomb (SR)      Potential Pressure (bar)
   -2.65364e+03    5.89274e+02    1.15880e+04    0.00000e+00

           Step           Time         Lambda
            213      213.00000        0.00000

           Step           Time         Lambda
            214      214.00000        0.00000

   Energies (kJ/mol)
        G96Bond       G96Angle    Proper Dih.          LJ-14     Coulomb-14
    2.60584e+03    5.59714e+01    9.62319e+01    1.27978e+04   -1.90756e+03
        LJ (SR)   Coulomb (SR)      Potential Pressure (bar)
   -2.65385e+03    5.89129e+02    1.15836e+04    0.00000e+00

           Step           Time         Lambda
            215      215.00000        0.00000

   Energies (kJ/mol)
        G96Bond       G96Angle    Proper Dih.          LJ-14     Coulomb-14
    2.61494e+03    5.53121e+01    9.63020e+01    1.27861e+04   -1.90710e+03
        LJ (SR)   Coulomb (SR)      Potential Pressure (bar)
   -2.65339e+03    5.88967e+02    1.15811e+04    0.00000e+00

           Step           Time         Lambda
            216      216.00000        0.00000

   Energies (kJ/mol)
        G96Bond       G96Angle    Proper Dih.          LJ-14     Coulomb-14
    2.62679e+03    5.69753e+01    9.65395e+01    1.27717e+04   -1.90762e+03
        LJ (SR)   Coulomb (SR)      Potential Pressure (bar)
   -2.65338e+03    5.88684e+02    1.15796e+04    0.00000e+00

           Step           Time         Lambda
            217      217.00000        0.00000

   Energies (kJ/mol)
        G96Bond       G96Angle    Proper Dih.          LJ-14     Coulomb-14
    2.63594e+03    5.53124e+01    9.64935e+01    1.27618e+04   -1.90644e+03
        LJ (SR)   Coulomb (SR)      Potential Pressure (bar)
   -2.65259e+03    5.88604e+02    1.15792e+04    0.00000e+00

           Step           Time         Lambda
            218      218.00000        0.00000

           Step           Time         Lambda
            219      219.00000        0.00000

   Energies (kJ/mol)
        G96Bond       G96Angle    Proper Dih.          LJ-14     Coulomb-14
    2.63702e+03    5.56172e+01    9.66460e+01    1.27561e+04   -1.90710e+03
        LJ (SR)   Coulomb (SR)      Potential Pressure (bar)
   -2.65283e+03    5.88462e+02    1.15739e+04    0.00000e+00

           Step           Time         Lambda
            220      220.00000        0.00000

   Energies (kJ/mol)
        G96Bond       G96Angle    Proper Dih.          LJ-14     Coulomb-14
    2.64617e+03    5.50519e+01    9.67283e+01    1.27443e+04   -1.90670e+03
        LJ (SR)   Coulomb (SR)      Potential Pressure (bar)
   -2.65240e+03    5.88290e+02    1.15715e+04    0.00000e+00

           Step           Time         Lambda
            221      221.00000        0.00000

   Energies (kJ/mol)
        G96Bond       G96Angle    Proper Dih.          LJ-14     Coulomb-14
    2.65790e+03    5.64987e+01    9.69580e+01    1.27300e+04   -1.90714e+03
        LJ (SR)   Coulomb (SR)      Potential Pressure (bar)
   -2.65235e+03    5.88008e+02    1.15698e+04    0.00000e+00

           Step           Time         Lambda
            222      222.00000        0.00000

           Step           Time         Lambda
            223      223.00000        0.00000

   Energies (kJ/mol)
        G96Bond       G96Angle    Proper Dih.          LJ-14     Coulomb-14
    2.66114e+03    5.49568e+01    9.69390e+01    1.27244e+04   -1.90653e+03
        LJ (SR)   Coulomb (SR)      Potential Pressure (bar)
   -2.65194e+03    5.87958e+02    1.15669e+04    0.00000e+00

           Step           Time         Lambda
            224      224.00000        0.00000

   Energies (kJ/mol)
        G96Bond       G96Angle    Proper Dih.          LJ-14     Coulomb-14
    2.66887e+03    5.55833e+01    9.70899e+01    1.27142e+04   -1.90675e+03
        LJ (SR)   Coulomb (SR)      Potential Pressure (bar)
   -2.65187e+03    5.87763e+02    1.15649e+04    0.00000e+00

           Step           Time         Lambda
            225      225.00000        0.00000

   Energies (kJ/mol)
        G96Bond       G96Angle    Proper Dih.          LJ-14     Coulomb-14
    2.67862e+03    5.46875e+01    9.71372e+01    1.27026e+04   -1.90608e+03
        LJ (SR)   Coulomb (SR)      Potential Pressure (bar)
   -2.65131e+03    5.87609e+02    1.15633e+04    0.00000e+00

           Step           Time         Lambda
            226      226.00000        0.00000

           Step           Time         Lambda
            227      227.00000        0.00000

   Energies (kJ/mol)
        G96Bond       G96Angle    Proper Dih.          LJ-14     Coulomb-14
    2.68201e+03    5.52824e+01    9.72631e+01    1.26968e+04   -1.90650e+03
        LJ (SR)   Coulomb (SR)      Potential Pressure (bar)
   -2.65142e+03    5.87475e+02    1.15609e+04    0.00000e+00

           Step           Time         Lambda
            228      228.00000        0.00000

   Energies (kJ/mol)
        G96Bond       G96Angle    Proper Dih.          LJ-14     Coulomb-14
    2.68848e+03    5.47127e+01    9.73146e+01    1.26885e+04   -1.90615e+03
        LJ (SR)   Coulomb (SR)      Potential Pressure (bar)
   -2.65108e+03    5.87354e+02    1.15591e+04    0.00000e+00

           Step           Time         Lambda
            229      229.00000        0.00000

   Energies (kJ/mol)
        G96Bond       G96Angle    Proper Dih.          LJ-14     Coulomb-14
    2.69634e+03    5.53809e+01    9.74696e+01    1.26782e+04   -1.90638e+03
        LJ (SR)   Coulomb (SR)      Potential Pressure (bar)
   -2.65101e+03    5.87154e+02    1.15572e+04    0.00000e+00

           Step           Time         Lambda
            230      230.00000        0.00000

   Energies (kJ/mol)
        G96Bond       G96Angle    Proper Dih.          LJ-14     Coulomb-14
    2.70643e+03    5.44492e+01    9.75117e+01    1.26667e+04   -1.90564e+03
        LJ (SR)   Coulomb (SR)      Potential Pressure (bar)
   -2.65043e+03    5.87000e+02    1.15560e+04    0.00000e+00

           Step           Time         Lambda
            231      231.00000        0.00000

           Step           Time         Lambda
            232      232.00000        0.00000

   Energies (kJ/mol)
        G96Bond       G96Angle    Proper Dih.          LJ-14     Coulomb-14
    2.70916e+03    5.50170e+01    9.76391e+01    1.26613e+04   -1.90611e+03
        LJ (SR)   Coulomb (SR)      Potential Pressure (bar)
   -2.65056e+03    5.86870e+02    1.15533e+04    0.00000e+00

           Step           Time         Lambda
            233      233.00000        0.00000

   Energies (kJ/mol)
        G96Bond       G96Angle    Proper Dih.          LJ-14     Coulomb-14
    2.71573e+03    5.44701e+01    9.76939e+01    1.26529e+04   -1.90576e+03
        LJ (SR)   Coulomb (SR)      Potential Pressure (bar)
   -2.65024e+03    5.86744e+02    1.15516e+04    0.00000e+00

           Step           Time         Lambda
            234      234.00000        0.00000

   Energies (kJ/mol)
        G96Bond       G96Angle    Proper Dih.          LJ-14     Coulomb-14
    2.72369e+03    5.51927e+01    9.78532e+01    1.26427e+04   -1.90601e+03
        LJ (SR)   Coulomb (SR)      Potential Pressure (bar)
   -2.65017e+03    5.86539e+02    1.15498e+04    0.00000e+00

           Step           Time         Lambda
            235      235.00000        0.00000

   Energies (kJ/mol)
        G96Bond       G96Angle    Proper Dih.          LJ-14     Coulomb-14
    2.73423e+03    5.42330e+01    9.78881e+01    1.26312e+04   -1.90520e+03
        LJ (SR)   Coulomb (SR)      Potential Pressure (bar)
   -2.64955e+03    5.86386e+02    1.15492e+04    0.00000e+00

           Step           Time         Lambda
            236      236.00000        0.00000

           Step           Time         Lambda
            237      237.00000        0.00000

   Energies (kJ/mol)
        G96Bond       G96Angle    Proper Dih.          LJ-14     Coulomb-14
    2.73615e+03    5.47222e+01    9.80156e+01    1.26263e+04   -1.90570e+03
        LJ (SR)   Coulomb (SR)      Potential Pressure (bar)
   -2.64972e+03    5.86260e+02    1.15460e+04    0.00000e+00

           Step           Time         Lambda
            238      238.00000        0.00000

   Energies (kJ/mol)
        G96Bond       G96Angle    Proper Dih.          LJ-14     Coulomb-14
    2.74278e+03    5.42524e+01    9.80785e+01    1.26179e+04   -1.90540e+03
        LJ (SR)   Coulomb (SR)      Potential Pressure (bar)
   -2.64941e+03    5.86128e+02    1.15443e+04    0.00000e+00

           Step           Time         Lambda
            239      239.00000        0.00000

   Energies (kJ/mol)
        G96Bond       G96Angle    Proper Dih.          LJ-14     Coulomb-14
    2.75079e+03    5.49153e+01    9.82360e+01    1.26077e+04   -1.90561e+03
        LJ (SR)   Coulomb (SR)      Potential Pressure (bar)
   -2.64933e+03    5.85921e+02    1.15426e+04    0.00000e+00

           Step           Time         Lambda
            240      240.00000        0.00000

   Energies (kJ/mol)
        G96Bond       G96Angle    Proper Dih.          LJ-14     Coulomb-14
    2.76147e+03    5.39950e+01    9.82751e+01    1.25962e+04   -1.90481e+03
        LJ (SR)   Coulomb (SR)      Potential Pressure (bar)
   -2.64872e+03    5.85762e+02    1.15421e+04    0.00000e+00

           Step           Time         Lambda
            241      241.00000        0.00000

           Step           Time         Lambda
            242      242.00000        0.00000

   Energies (kJ/mol)
        G96Bond       G96Angle    Proper Dih.          LJ-14     Coulomb-14
    2.76345e+03    5.45601e+01    9.84077e+01    1.25912e+04   -1.90535e+03
        LJ (SR)   Coulomb (SR)      Potential Pressure (bar)
   -2.64890e+03    5.85632e+02    1.15390e+04    0.00000e+00

           Step           Time         Lambda
            243      243.00000        0.00000

   Energies (kJ/mol)
        G96Bond       G96Angle    Proper Dih.          LJ-14     Coulomb-14
    2.77020e+03    5.39611e+01    9.84618e+01    1.25829e+04   -1.90496e+03
        LJ (SR)   Coulomb (SR)      Potential Pressure (bar)
   -2.64856e+03    5.85502e+02    1.15375e+04    0.00000e+00

           Step           Time         Lambda
            244      244.00000        0.00000

   Energies (kJ/mol)
        G96Bond       G96Angle    Proper Dih.          LJ-14     Coulomb-14
    2.77853e+03    5.50361e+01    9.86417e+01    1.25727e+04   -1.90532e+03
        LJ (SR)   Coulomb (SR)      Potential Pressure (bar)
   -2.64855e+03    5.85279e+02    1.15363e+04    0.00000e+00

           Step           Time         Lambda
            245      245.00000        0.00000

           Step           Time         Lambda
            246      246.00000        0.00000

   Energies (kJ/mol)
        G96Bond       G96Angle    Proper Dih.          LJ-14     Coulomb-14
    2.78204e+03    5.38922e+01    9.86369e+01    1.25677e+04   -1.90482e+03
        LJ (SR)   Coulomb (SR)      Potential Pressure (bar)
   -2.64821e+03    5.85222e+02    1.15344e+04    0.00000e+00

           Step           Time         Lambda
            247      247.00000        0.00000

   Energies (kJ/mol)
        G96Bond       G96Angle    Proper Dih.          LJ-14     Coulomb-14
    2.78762e+03    5.44171e+01    9.87573e+01    1.25604e+04   -1.90502e+03
        LJ (SR)   Coulomb (SR)      Potential Pressure (bar)
   -2.64818e+03    5.85067e+02    1.15331e+04    0.00000e+00

           Step           Time         Lambda
            248      248.00000        0.00000

   Energies (kJ/mol)
        G96Bond       G96Angle    Proper Dih.          LJ-14     Coulomb-14
    2.79453e+03    5.37144e+01    9.88040e+01    1.25521e+04   -1.90457e+03
        LJ (SR)   Coulomb (SR)      Potential Pressure (bar)
   -2.64781e+03    5.84939e+02    1.15317e+04    0.00000e+00


Steepest Descents converged to Fmax < 100 in 249 steps
Potential Energy  =  1.1531705e+04
Maximum force     =  9.9737198e+01 on atom 802
Norm of force     =  5.1723057e+01

	M E G A - F L O P S   A C C O U N T I N G

 NB=Group-cutoff nonbonded kernels    NxN=N-by-N cluster Verlet kernels
 RF=Reaction-Field  VdW=Van der Waals  QSTab=quadratic-spline table
 W3=SPC/TIP3p  W4=TIP4p (single or pairs)
 V&F=Potential and force  V=Potential only  F=Force only

 Computing:                               M-Number         M-Flops  % Flops
-----------------------------------------------------------------------------
 Pair Search distance check               8.422148          75.799     4.5
 NxN RF Elec. + LJ [V&F]                  9.264472         500.281    29.5
 NxN LJ [V&F]                            20.023344         861.004    50.8
 NxN RF Electrostatics [V&F]              0.048824           1.758     0.1
 1,4 nonbonded interactions               0.839877          75.589     4.5
 Shift-X                                  0.205176           1.231     0.1
 Bonds                                    0.291081          17.174     1.0
 Angles                                   0.563736          94.708     5.6
 Propers                                  0.278382          63.749     3.8
 Virial                                   0.216381           3.895     0.2
-----------------------------------------------------------------------------
 Total                                                    1695.188   100.0
-----------------------------------------------------------------------------


     R E A L   C Y C L E   A N D   T I M E   A C C O U N T I N G

On 1 MPI rank, each using 8 OpenMP threads

 Computing:          Num   Num      Call    Wall time         Giga-Cycles
                     Ranks Threads  Count      (s)         total sum    %
-----------------------------------------------------------------------------
 Neighbor search        1    8        249       1.262         62.662  15.4
 Force                  1    8        249       0.959         47.621  11.7
 NB X/F buffer ops.     1    8        249       0.526         26.102   6.4
 Rest                                           5.474        271.799  66.6
-----------------------------------------------------------------------------
 Total                                          8.220        408.185 100.0
-----------------------------------------------------------------------------

NOTE: 15 % of the run time was spent in pair search,
      you might want to increase nstlist (this has no effect on accuracy)


               Core t (s)   Wall t (s)        (%)
       Time:       15.719        8.220      191.2
               (steps/hour)
Performance:       109050.2
Finished mdrun on rank 0 Tue Apr  3 13:37:50 2018
