Log file opened on Thu Oct 25 11:21:22 2018
Host: a-X58A-UD7  pid: 27949  rank ID: 0  number of ranks:  1
                      :-) GROMACS - gmx mdrun, 2018.1 (-:

                            GROMACS is written by:
     Emile Apol      Rossen Apostolov      Paul Bauer     Herman J.C. Berendsen
    Par Bjelkmar    Aldert van Buuren   Rudi van Drunen     Anton Feenstra  
  Gerrit Groenhof    Aleksei Iupinov   Christoph Junghans   Anca Hamuraru   
 Vincent Hindriksen Dimitrios Karkoulis    Peter Kasson        Jiri Kraus    
  Carsten Kutzner      Per Larsson      Justin A. Lemkul    Viveca Lindahl  
  Magnus Lundborg   Pieter Meulenhoff    Erik Marklund      Teemu Murtola   
    Szilard Pall       Sander Pronk      Roland Schulz     Alexey Shvetsov  
   Michael Shirts     Alfons Sijbers     Peter Tieleman    Teemu Virolainen 
 Christian Wennberg    Maarten Wolf   
                           and the project leaders:
        Mark Abraham, Berk Hess, Erik Lindahl, and David van der Spoel

Copyright (c) 1991-2000, University of Groningen, The Netherlands.
Copyright (c) 2001-2017, The GROMACS development team at
Uppsala University, Stockholm University and
the Royal Institute of Technology, Sweden.
check out http://www.gromacs.org for more information.

GROMACS is free software; you can redistribute it and/or modify it
under the terms of the GNU Lesser General Public License
as published by the Free Software Foundation; either version 2.1
of the License, or (at your option) any later version.

GROMACS:      gmx mdrun, version 2018.1
Executable:   /usr/bin/gmx
Data prefix:  /usr
Working dir:  /home/a/Downloads/dppc
Command line:
  gmx mdrun -v -nt 8 -deffnm npt

GROMACS version:    2018.1
Precision:          single
Memory model:       64 bit
MPI library:        thread_mpi
OpenMP support:     enabled (GMX_OPENMP_MAX_THREADS = 64)
GPU support:        disabled
SIMD instructions:  SSE2
FFT library:        fftw-3.3.7-sse2-avx
RDTSCP usage:       disabled
TNG support:        enabled
Hwloc support:      hwloc-1.11.6
Tracing support:    disabled
Built on:           2018-03-31 17:12:46
Built by:           buildd@debian [CMAKE]
Build OS/arch:      Linux x86_64
Build CPU vendor:   Intel
Build CPU brand:    Westmere E56xx/L56xx/X56xx (Nehalem-C)
Build CPU family:   6   Model: 44   Stepping: 1
Build CPU features: aes apic clfsh cmov cx8 cx16 intel lahf mmx msr pcid pclmuldq pdpe1gb popcnt pse rdtscp sse2 sse3 sse4.1 sse4.2 ssse3 x2apic
C compiler:         /usr/bin/cc GNU 7.3.0
C compiler flags:    -msse2   -g -O2 -fdebug-prefix-map=/build/gromacs-Fqu8ou/gromacs-2018.1=. -fstack-protector-strong -Wformat -Werror=format-security -Wdate-time -D_FORTIFY_SOURCE=2  -O3 -DNDEBUG -funroll-all-loops -fexcess-precision=fast  
C++ compiler:       /usr/bin/c++ GNU 7.3.0
C++ compiler flags:  -msse2   -g -O2 -fdebug-prefix-map=/build/gromacs-Fqu8ou/gromacs-2018.1=. -fstack-protector-strong -Wformat -Werror=format-security -Wdate-time -D_FORTIFY_SOURCE=2 -std=c++11   -O3 -DNDEBUG -funroll-all-loops -fexcess-precision=fast  


Running on 1 node with total 4 cores, 8 logical cores
Hardware detected:
  CPU info:
    Vendor: Intel
    Brand:  Intel(R) Core(TM) i7 CPU         950  @ 3.07GHz
    Family: 6   Model: 26   Stepping: 5
    Features: apic clfsh cmov cx8 cx16 htt intel lahf mmx msr nonstop_tsc pdcm popcnt pse rdtscp sse2 sse3 sse4.1 sse4.2 ssse3
  Hardware topology: Full, with devices
    Sockets, cores, and logical processors:
      Socket  0: [   0   4] [   1   5] [   2   6] [   3   7]
    Numa nodes:
      Node  0 (4133273600 bytes mem):   0   1   2   3   4   5   6   7
      Latency:
               0
         0  1.00
    Caches:
      L1: 32768 bytes, linesize 64 bytes, assoc. 8, shared 2 ways
      L2: 262144 bytes, linesize 64 bytes, assoc. 8, shared 2 ways
      L3: 8388608 bytes, linesize 64 bytes, assoc. 16, shared 8 ways
    PCI devices:
      0000:01:00.0  Id: 1b4b:91a3  Class: 0x0101  Numa: 0
      0000:03:00.0  Id: 10de:0ca3  Class: 0x0300  Numa: 0
      0000:08:00.0  Id: 197b:2363  Class: 0x0106  Numa: 0
      0000:08:00.1  Id: 197b:2363  Class: 0x0101  Numa: 0
      0000:09:00.0  Id: 197b:2363  Class: 0x0106  Numa: 0
      0000:09:00.1  Id: 197b:2363  Class: 0x0101  Numa: 0
      0000:0a:00.0  Id: 10ec:8168  Class: 0x0200  Numa: 0
      0000:0b:00.0  Id: 10ec:8168  Class: 0x0200  Numa: 0
      0000:00:1f.2  Id: 8086:3a20  Class: 0x0101  Numa: 0
      0000:00:1f.5  Id: 8086:3a26  Class: 0x0101  Numa: 0

Highest SIMD level requested by all nodes in run: SSE4.1
SIMD instructions selected at compile time:       SSE2
This program was compiled for different hardware than you are running on,
which could influence performance.
The current CPU can measure timings more accurately than the code in
gmx mdrun was configured to use. This might affect your simulation
speed as accurate timings are needed for load-balancing.
Please consider rebuilding gmx mdrun with the GMX_USE_RDTSCP=ON CMake option.

++++ PLEASE READ AND CITE THE FOLLOWING REFERENCE ++++
M. J. Abraham, T. Murtola, R. Schulz, S. Páll, J. C. Smith, B. Hess, E.
Lindahl
GROMACS: High performance molecular simulations through multi-level
parallelism from laptops to supercomputers
SoftwareX 1 (2015) pp. 19-25
-------- -------- --- Thank You --- -------- --------


++++ PLEASE READ AND CITE THE FOLLOWING REFERENCE ++++
S. Páll, M. J. Abraham, C. Kutzner, B. Hess, E. Lindahl
Tackling Exascale Software Challenges in Molecular Dynamics Simulations with
GROMACS
In S. Markidis & E. Laure (Eds.), Solving Software Challenges for Exascale 8759 (2015) pp. 3-27
-------- -------- --- Thank You --- -------- --------


++++ PLEASE READ AND CITE THE FOLLOWING REFERENCE ++++
S. Pronk, S. Páll, R. Schulz, P. Larsson, P. Bjelkmar, R. Apostolov, M. R.
Shirts, J. C. Smith, P. M. Kasson, D. van der Spoel, B. Hess, and E. Lindahl
GROMACS 4.5: a high-throughput and highly parallel open source molecular
simulation toolkit
Bioinformatics 29 (2013) pp. 845-54
-------- -------- --- Thank You --- -------- --------


++++ PLEASE READ AND CITE THE FOLLOWING REFERENCE ++++
B. Hess and C. Kutzner and D. van der Spoel and E. Lindahl
GROMACS 4: Algorithms for highly efficient, load-balanced, and scalable
molecular simulation
J. Chem. Theory Comput. 4 (2008) pp. 435-447
-------- -------- --- Thank You --- -------- --------


++++ PLEASE READ AND CITE THE FOLLOWING REFERENCE ++++
D. van der Spoel, E. Lindahl, B. Hess, G. Groenhof, A. E. Mark and H. J. C.
Berendsen
GROMACS: Fast, Flexible and Free
J. Comp. Chem. 26 (2005) pp. 1701-1719
-------- -------- --- Thank You --- -------- --------


++++ PLEASE READ AND CITE THE FOLLOWING REFERENCE ++++
E. Lindahl and B. Hess and D. van der Spoel
GROMACS 3.0: A package for molecular simulation and trajectory analysis
J. Mol. Mod. 7 (2001) pp. 306-317
-------- -------- --- Thank You --- -------- --------


++++ PLEASE READ AND CITE THE FOLLOWING REFERENCE ++++
H. J. C. Berendsen, D. van der Spoel and R. van Drunen
GROMACS: A message-passing parallel molecular dynamics implementation
Comp. Phys. Comm. 91 (1995) pp. 43-56
-------- -------- --- Thank You --- -------- --------

Input Parameters:
   integrator                     = md
   tinit                          = 0
   dt                             = 0.002
   nsteps                         = 500000
   init-step                      = 0
   simulation-part                = 1
   comm-mode                      = Linear
   nstcomm                        = 100
   bd-fric                        = 0
   ld-seed                        = 1401320922
   emtol                          = 10
   emstep                         = 0.01
   niter                          = 20
   fcstep                         = 0
   nstcgsteep                     = 1000
   nbfgscorr                      = 10
   rtpi                           = 0.05
   nstxout                        = 5000
   nstvout                        = 5000
   nstfout                        = 0
   nstlog                         = 5000
   nstcalcenergy                  = 100
   nstenergy                      = 5000
   nstxout-compressed             = 0
   compressed-x-precision         = 1000
   cutoff-scheme                  = Verlet
   nstlist                        = 5
   ns-type                        = Grid
   pbc                            = xyz
   periodic-molecules             = false
   verlet-buffer-tolerance        = 0.005
   rlist                          = 1.2
   coulombtype                    = PME
   coulomb-modifier               = Potential-shift
   rcoulomb-switch                = 0
   rcoulomb                       = 1.2
   epsilon-r                      = 1
   epsilon-rf                     = inf
   vdw-type                       = Cut-off
   vdw-modifier                   = Potential-shift
   rvdw-switch                    = 0
   rvdw                           = 1.2
   DispCorr                       = EnerPres
   table-extension                = 1
   fourierspacing                 = 0.16
   fourier-nx                     = 42
   fourier-ny                     = 42
   fourier-nz                     = 42
   pme-order                      = 4
   ewald-rtol                     = 1e-05
   ewald-rtol-lj                  = 0.001
   lj-pme-comb-rule               = Geometric
   ewald-geometry                 = 0
   epsilon-surface                = 0
   implicit-solvent               = No
   gb-algorithm                   = Still
   nstgbradii                     = 1
   rgbradii                       = 1
   gb-epsilon-solvent             = 80
   gb-saltconc                    = 0
   gb-obc-alpha                   = 1
   gb-obc-beta                    = 0.8
   gb-obc-gamma                   = 4.85
   gb-dielectric-offset           = 0.009
   sa-algorithm                   = Ace-approximation
   sa-surface-tension             = 2.05016
   tcoupl                         = Nose-Hoover
   nsttcouple                     = 5
   nh-chain-length                = 1
   print-nose-hoover-chain-variables = false
   pcoupl                         = Parrinello-Rahman
   pcoupltype                     = Semiisotropic
   nstpcouple                     = 5
   tau-p                          = 5
   compressibility (3x3):
      compressibility[    0]={ 4.50000e-05,  0.00000e+00,  0.00000e+00}
      compressibility[    1]={ 0.00000e+00,  4.50000e-05,  0.00000e+00}
      compressibility[    2]={ 0.00000e+00,  0.00000e+00,  4.50000e-05}
   ref-p (3x3):
      ref-p[    0]={ 1.00000e+00,  0.00000e+00,  0.00000e+00}
      ref-p[    1]={ 0.00000e+00,  1.00000e+00,  0.00000e+00}
      ref-p[    2]={ 0.00000e+00,  0.00000e+00,  1.00000e+00}
   refcoord-scaling               = COM
   posres-com (3):
      posres-com[0]= 0.00000e+00
      posres-com[1]= 0.00000e+00
      posres-com[2]= 0.00000e+00
   posres-comB (3):
      posres-comB[0]= 0.00000e+00
      posres-comB[1]= 0.00000e+00
      posres-comB[2]= 0.00000e+00
   QMMM                           = false
   QMconstraints                  = 0
   QMMMscheme                     = 0
   MMChargeScaleFactor            = 1
qm-opts:
   ngQM                           = 0
   constraint-algorithm           = Lincs
   continuation                   = true
   Shake-SOR                      = false
   shake-tol                      = 0.0001
   lincs-order                    = 4
   lincs-iter                     = 1
   lincs-warnangle                = 30
   nwall                          = 0
   wall-type                      = 9-3
   wall-r-linpot                  = -1
   wall-atomtype[0]               = -1
   wall-atomtype[1]               = -1
   wall-density[0]                = 0
   wall-density[1]                = 0
   wall-ewald-zfac                = 3
   pull                           = false
   awh                            = false
   rotation                       = false
   interactiveMD                  = false
   disre                          = No
   disre-weighting                = Conservative
   disre-mixed                    = false
   dr-fc                          = 1000
   dr-tau                         = 0
   nstdisreout                    = 100
   orire-fc                       = 0
   orire-tau                      = 0
   nstorireout                    = 100
   free-energy                    = no
   cos-acceleration               = 0
   deform (3x3):
      deform[    0]={ 0.00000e+00,  0.00000e+00,  0.00000e+00}
      deform[    1]={ 0.00000e+00,  0.00000e+00,  0.00000e+00}
      deform[    2]={ 0.00000e+00,  0.00000e+00,  0.00000e+00}
   simulated-tempering            = false
   swapcoords                     = no
   userint1                       = 0
   userint2                       = 0
   userint3                       = 0
   userint4                       = 0
   userreal1                      = 0
   userreal2                      = 0
   userreal3                      = 0
   userreal4                      = 0
   applied-forces:
     electric-field:
       x:
         E0                       = 0
         omega                    = 0
         t0                       = 0
         sigma                    = 0
       y:
         E0                       = 0
         omega                    = 0
         t0                       = 0
         sigma                    = 0
       z:
         E0                       = 0
         omega                    = 0
         t0                       = 0
         sigma                    = 0
grpopts:
   nrdf:       12925       21927
   ref-t:         323         323
   tau-t:         0.5         0.5
annealing:          No          No
annealing-npoints:           0           0
   acc:	           0           0           0
   nfreeze:           N           N           N
   energygrp-flags[  0]: 0

Changing nstlist from 5 to 100, rlist from 1.2 to 1.291


Using 1 MPI thread
Using 8 OpenMP threads 

Pinning threads with an auto-selected logical core stride of 1
System total charge: 0.000
Will do PME sum in reciprocal space for electrostatic interactions.

++++ PLEASE READ AND CITE THE FOLLOWING REFERENCE ++++
U. Essmann, L. Perera, M. L. Berkowitz, T. Darden, H. Lee and L. G. Pedersen 
A smooth particle mesh Ewald method
J. Chem. Phys. 103 (1995) pp. 8577-8592
-------- -------- --- Thank You --- -------- --------

Using a Gaussian width (1/beta) of 0.384195 nm for Ewald
Potential shift: LJ r^-12: -1.122e-01 r^-6: -3.349e-01, Ewald -8.333e-06
Initialized non-bonded Ewald correction tables, spacing: 1.02e-03 size: 1176

Long Range LJ corr.: <C6> 1.4459e-03
Generated table with 1145 data points for Ewald.
Tabscale = 500 points/nm
Generated table with 1145 data points for LJ6.
Tabscale = 500 points/nm
Generated table with 1145 data points for LJ12.
Tabscale = 500 points/nm
Generated table with 1145 data points for 1-4 COUL.
Tabscale = 500 points/nm
Generated table with 1145 data points for 1-4 LJ6.
Tabscale = 500 points/nm
Generated table with 1145 data points for 1-4 LJ12.
Tabscale = 500 points/nm

Using SIMD 4x4 nonbonded short-range kernels

Using a dual 4x4 pair-list setup updated with dynamic pruning:
  outer list: updated every 100 steps, buffer 0.091 nm, rlist 1.291 nm
  inner list: updated every  22 steps, buffer 0.001 nm, rlist 1.201 nm
At tolerance 0.005 kJ/mol/ps per atom, equivalent classical 1x1 list would be:
  outer list: updated every 100 steps, buffer 0.246 nm, rlist 1.446 nm
  inner list: updated every  22 steps, buffer 0.080 nm, rlist 1.280 nm

Using full Lennard-Jones parameter combination matrix


Initializing LINear Constraint Solver

++++ PLEASE READ AND CITE THE FOLLOWING REFERENCE ++++
B. Hess and H. Bekker and H. J. C. Berendsen and J. G. E. M. Fraaije
LINCS: A Linear Constraint Solver for molecular simulations
J. Comp. Chem. 18 (1997) pp. 1463-1472
-------- -------- --- Thank You --- -------- --------

The number of constraints is 6272

++++ PLEASE READ AND CITE THE FOLLOWING REFERENCE ++++
S. Miyamoto and P. A. Kollman
SETTLE: An Analytical Version of the SHAKE and RATTLE Algorithms for Rigid
Water Models
J. Comp. Chem. 13 (1992) pp. 952-962
-------- -------- --- Thank You --- -------- --------


Intra-simulation communication will occur every 5 steps.
Center of mass motion removal mode is Linear
We have the following groups for center of mass motion removal:
  0:  DPPC
  1:  SOL
There are: 17365 Atoms

Started mdrun on rank 0 Thu Oct 25 11:21:23 2018
           Step           Time
              0        0.00000

   Energies (kJ/mol)
          Angle    Proper Dih. Ryckaert-Bell.  Improper Dih.          LJ-14
    1.42100e+04    4.10672e+03    7.36890e+03    5.21694e+02    4.21955e+03
     Coulomb-14        LJ (SR)  Disper. corr.   Coulomb (SR)   Coul. recip.
    1.13985e+04   -2.95057e+03   -3.86993e+03   -3.30563e+05    2.31067e+03
      Potential    Kinetic En.   Total Energy  Conserved En.    Temperature
   -2.93247e+05    4.75681e+04   -2.45679e+05   -2.45662e+05    3.28310e+02
 Pres. DC (bar) Pressure (bar)   Constr. rmsd
   -2.35810e+02   -6.35187e+02    5.95469e-06

           Step           Time
           5000       10.00000

   Energies (kJ/mol)
          Angle    Proper Dih. Ryckaert-Bell.  Improper Dih.          LJ-14
    1.44690e+04    4.23482e+03    7.52131e+03    4.62531e+02    4.29476e+03
     Coulomb-14        LJ (SR)  Disper. corr.   Coulomb (SR)   Coul. recip.
    1.11520e+04   -3.52925e+03   -4.00249e+03   -3.31370e+05    2.44394e+03
      Potential    Kinetic En.   Total Energy  Conserved En.    Temperature
   -2.94324e+05    4.63482e+04   -2.47975e+05   -2.46405e+05    3.19890e+02
 Pres. DC (bar) Pressure (bar)   Constr. rmsd
   -2.52223e+02    1.32581e+02    4.40956e-06

           Step           Time
          10000       20.00000

   Energies (kJ/mol)
          Angle    Proper Dih. Ryckaert-Bell.  Improper Dih.          LJ-14
    1.43947e+04    4.20872e+03    7.38842e+03    5.21623e+02    4.19358e+03
     Coulomb-14        LJ (SR)  Disper. corr.   Coulomb (SR)   Coul. recip.
    1.13941e+04   -3.09295e+03   -3.99885e+03   -3.31553e+05    2.38049e+03
      Potential    Kinetic En.   Total Energy  Conserved En.    Temperature
   -2.94163e+05    4.61393e+04   -2.48024e+05   -2.46468e+05    3.18449e+02
 Pres. DC (bar) Pressure (bar)   Constr. rmsd
   -2.51764e+02    1.33356e+02    4.43049e-06

           Step           Time
          15000       30.00000

   Energies (kJ/mol)
          Angle    Proper Dih. Ryckaert-Bell.  Improper Dih.          LJ-14
    1.45571e+04    4.15570e+03    7.40766e+03    4.74560e+02    4.35871e+03
     Coulomb-14        LJ (SR)  Disper. corr.   Coulomb (SR)   Coul. recip.
    1.11843e+04   -3.06743e+03   -3.99580e+03   -3.32086e+05    2.29070e+03
      Potential    Kinetic En.   Total Energy  Conserved En.    Temperature
   -2.94720e+05    4.63781e+04   -2.48342e+05   -2.46648e+05    3.20096e+02
 Pres. DC (bar) Pressure (bar)   Constr. rmsd
   -2.51381e+02    1.59139e+01    4.37495e-06

           Step           Time
          20000       40.00000

   Energies (kJ/mol)
          Angle    Proper Dih. Ryckaert-Bell.  Improper Dih.          LJ-14
    1.41926e+04    4.27646e+03    7.40916e+03    4.96503e+02    4.18878e+03
     Coulomb-14        LJ (SR)  Disper. corr.   Coulomb (SR)   Coul. recip.
    1.11629e+04   -2.72082e+03   -3.99502e+03   -3.32629e+05    2.19649e+03
      Potential    Kinetic En.   Total Energy  Conserved En.    Temperature
   -2.95422e+05    4.64677e+04   -2.48954e+05   -2.46841e+05    3.20715e+02
 Pres. DC (bar) Pressure (bar)   Constr. rmsd
   -2.51283e+02   -2.22012e+02    4.59703e-06

           Step           Time
          25000       50.00000

   Energies (kJ/mol)
          Angle    Proper Dih. Ryckaert-Bell.  Improper Dih.          LJ-14
    1.45066e+04    4.20502e+03    7.43604e+03    4.73538e+02    4.35683e+03
     Coulomb-14        LJ (SR)  Disper. corr.   Coulomb (SR)   Coul. recip.
    1.15604e+04   -3.52340e+03   -3.99416e+03   -3.31400e+05    2.28611e+03
      Potential    Kinetic En.   Total Energy  Conserved En.    Temperature
   -2.94093e+05    4.72348e+04   -2.46859e+05   -2.46918e+05    3.26009e+02
 Pres. DC (bar) Pressure (bar)   Constr. rmsd
   -2.51176e+02    7.57287e+01    4.37842e-06

           Step           Time
          30000       60.00000

   Energies (kJ/mol)
          Angle    Proper Dih. Ryckaert-Bell.  Improper Dih.          LJ-14
    1.42352e+04    4.18253e+03    7.50823e+03    4.89643e+02    4.17483e+03
     Coulomb-14        LJ (SR)  Disper. corr.   Coulomb (SR)   Coul. recip.
    1.09934e+04   -3.52028e+03   -3.98974e+03   -3.31589e+05    2.26388e+03
      Potential    Kinetic En.   Total Energy  Conserved En.    Temperature
   -2.95251e+05    4.72295e+04   -2.48022e+05   -2.47089e+05    3.25973e+02
 Pres. DC (bar) Pressure (bar)   Constr. rmsd
   -2.50620e+02   -3.21718e+02    4.79024e-06

           Step           Time
          35000       70.00000

   Energies (kJ/mol)
          Angle    Proper Dih. Ryckaert-Bell.  Improper Dih.          LJ-14
    1.46384e+04    4.15037e+03    7.25460e+03    4.80808e+02    4.20761e+03
     Coulomb-14        LJ (SR)  Disper. corr.   Coulomb (SR)   Coul. recip.
    1.10478e+04   -3.59224e+03   -3.98808e+03   -3.31159e+05    2.35977e+03
      Potential    Kinetic En.   Total Energy  Conserved En.    Temperature
   -2.94600e+05    4.64144e+04   -2.48186e+05   -2.47166e+05    3.20347e+02
 Pres. DC (bar) Pressure (bar)   Constr. rmsd
   -2.50412e+02   -1.35632e+02    4.32931e-06

           Step           Time
          40000       80.00000

   Energies (kJ/mol)
          Angle    Proper Dih. Ryckaert-Bell.  Improper Dih.          LJ-14
    1.44966e+04    4.16649e+03    7.36273e+03    5.46028e+02    4.39737e+03
     Coulomb-14        LJ (SR)  Disper. corr.   Coulomb (SR)   Coul. recip.
    1.06328e+04   -3.71452e+03   -3.99259e+03   -3.30488e+05    2.42485e+03
      Potential    Kinetic En.   Total Energy  Conserved En.    Temperature
   -2.94168e+05    4.67053e+04   -2.47463e+05   -2.47360e+05    3.22355e+02
 Pres. DC (bar) Pressure (bar)   Constr. rmsd
   -2.50978e+02    1.17901e+02    4.43393e-06

           Step           Time
          45000       90.00000

   Energies (kJ/mol)
          Angle    Proper Dih. Ryckaert-Bell.  Improper Dih.          LJ-14
    1.48379e+04    4.15292e+03    7.61832e+03    5.18458e+02    4.24386e+03
     Coulomb-14        LJ (SR)  Disper. corr.   Coulomb (SR)   Coul. recip.
    1.06472e+04   -2.58807e+03   -4.00439e+03   -3.32103e+05    2.27523e+03
      Potential    Kinetic En.   Total Energy  Conserved En.    Temperature
   -2.94402e+05    4.69526e+04   -2.47449e+05   -2.47477e+05    3.24062e+02
 Pres. DC (bar) Pressure (bar)   Constr. rmsd
   -2.52463e+02   -1.18049e+02    4.54421e-06

           Step           Time
          50000      100.00000

   Energies (kJ/mol)
          Angle    Proper Dih. Ryckaert-Bell.  Improper Dih.          LJ-14
    1.45860e+04    4.25282e+03    7.50391e+03    5.30402e+02    4.27847e+03
     Coulomb-14        LJ (SR)  Disper. corr.   Coulomb (SR)   Coul. recip.
    1.02785e+04   -3.76140e+03   -3.99708e+03   -3.30564e+05    2.30216e+03
      Potential    Kinetic En.   Total Energy  Conserved En.    Temperature
   -2.94590e+05    4.67790e+04   -2.47811e+05   -2.47678e+05    3.22864e+02
 Pres. DC (bar) Pressure (bar)   Constr. rmsd
   -2.51542e+02   -1.09598e+01    4.28403e-06

           Step           Time
          55000      110.00000

   Energies (kJ/mol)
          Angle    Proper Dih. Ryckaert-Bell.  Improper Dih.          LJ-14
    1.48157e+04    4.06009e+03    7.36965e+03    4.68751e+02    4.27732e+03
     Coulomb-14        LJ (SR)  Disper. corr.   Coulomb (SR)   Coul. recip.
    1.04493e+04   -3.39596e+03   -3.98860e+03   -3.31209e+05    2.35377e+03
      Potential    Kinetic En.   Total Energy  Conserved En.    Temperature
   -2.94799e+05    4.67469e+04   -2.48052e+05   -2.47828e+05    3.22642e+02
 Pres. DC (bar) Pressure (bar)   Constr. rmsd
   -2.50477e+02    1.59709e+02    4.51397e-06

           Step           Time
          60000      120.00000

   Energies (kJ/mol)
          Angle    Proper Dih. Ryckaert-Bell.  Improper Dih.          LJ-14
    1.45962e+04    4.22078e+03    7.16906e+03    5.06902e+02    4.20020e+03
     Coulomb-14        LJ (SR)  Disper. corr.   Coulomb (SR)   Coul. recip.
    1.05306e+04   -3.87198e+03   -4.02163e+03   -3.30869e+05    2.24685e+03
      Potential    Kinetic En.   Total Energy  Conserved En.    Temperature
   -2.95292e+05    4.66770e+04   -2.48615e+05   -2.47985e+05    3.22159e+02
 Pres. DC (bar) Pressure (bar)   Constr. rmsd
   -2.54639e+02   -1.77697e+02    4.74284e-06

           Step           Time
          65000      130.00000

   Energies (kJ/mol)
          Angle    Proper Dih. Ryckaert-Bell.  Improper Dih.          LJ-14
    1.43291e+04    4.32981e+03    7.64146e+03    4.52942e+02    4.18823e+03
     Coulomb-14        LJ (SR)  Disper. corr.   Coulomb (SR)   Coul. recip.
    1.11873e+04   -3.80499e+03   -4.00782e+03   -3.30834e+05    2.27812e+03
      Potential    Kinetic En.   Total Energy  Conserved En.    Temperature
   -2.94240e+05    4.65797e+04   -2.47660e+05   -2.48187e+05    3.21488e+02
 Pres. DC (bar) Pressure (bar)   Constr. rmsd
   -2.52894e+02   -2.88933e+02    4.65938e-06

           Step           Time
          70000      140.00000

   Energies (kJ/mol)
          Angle    Proper Dih. Ryckaert-Bell.  Improper Dih.          LJ-14
    1.45072e+04    4.12481e+03    7.35929e+03    4.98278e+02    4.44188e+03
     Coulomb-14        LJ (SR)  Disper. corr.   Coulomb (SR)   Coul. recip.
    1.05961e+04   -3.12594e+03   -4.01651e+03   -3.32739e+05    2.27724e+03
      Potential    Kinetic En.   Total Energy  Conserved En.    Temperature
   -2.96076e+05    4.69540e+04   -2.49122e+05   -2.48292e+05    3.24071e+02
 Pres. DC (bar) Pressure (bar)   Constr. rmsd
   -2.53991e+02    1.97120e+02    4.77052e-06

Writing checkpoint, step 72400 at Thu Oct 25 11:36:23 2018


           Step           Time
          75000      150.00000

   Energies (kJ/mol)
          Angle    Proper Dih. Ryckaert-Bell.  Improper Dih.          LJ-14
    1.43310e+04    4.31928e+03    7.10915e+03    5.19355e+02    4.24959e+03
     Coulomb-14        LJ (SR)  Disper. corr.   Coulomb (SR)   Coul. recip.
    1.10164e+04   -2.84054e+03   -4.00125e+03   -3.32595e+05    2.24564e+03
      Potential    Kinetic En.   Total Energy  Conserved En.    Temperature
   -2.95647e+05    4.65689e+04   -2.49078e+05   -2.48460e+05    3.21414e+02
 Pres. DC (bar) Pressure (bar)   Constr. rmsd
   -2.52066e+02    1.81620e+02    4.24095e-06

           Step           Time
          80000      160.00000

   Energies (kJ/mol)
          Angle    Proper Dih. Ryckaert-Bell.  Improper Dih.          LJ-14
    1.42814e+04    4.11829e+03    7.28008e+03    4.27385e+02    4.21184e+03
     Coulomb-14        LJ (SR)  Disper. corr.   Coulomb (SR)   Coul. recip.
    1.08412e+04   -2.72332e+03   -3.99836e+03   -3.31712e+05    2.31837e+03
      Potential    Kinetic En.   Total Energy  Conserved En.    Temperature
   -2.94955e+05    4.69516e+04   -2.48003e+05   -2.48590e+05    3.24055e+02
 Pres. DC (bar) Pressure (bar)   Constr. rmsd
   -2.51704e+02   -9.04279e+01    4.59174e-06

           Step           Time
          85000      170.00000

   Energies (kJ/mol)
          Angle    Proper Dih. Ryckaert-Bell.  Improper Dih.          LJ-14
    1.40436e+04    4.19921e+03    7.12554e+03    4.89884e+02    4.25605e+03
     Coulomb-14        LJ (SR)  Disper. corr.   Coulomb (SR)   Coul. recip.
    1.08103e+04   -3.87113e+03   -4.00244e+03   -3.30740e+05    2.35569e+03
      Potential    Kinetic En.   Total Energy  Conserved En.    Temperature
   -2.95333e+05    4.74263e+04   -2.47907e+05   -2.48750e+05    3.27331e+02
 Pres. DC (bar) Pressure (bar)   Constr. rmsd
   -2.52216e+02    4.67317e+01    4.29184e-06

           Step           Time
          90000      180.00000

   Energies (kJ/mol)
          Angle    Proper Dih. Ryckaert-Bell.  Improper Dih.          LJ-14
    1.40782e+04    4.13921e+03    7.31781e+03    4.98123e+02    4.25746e+03
     Coulomb-14        LJ (SR)  Disper. corr.   Coulomb (SR)   Coul. recip.
    1.11784e+04   -3.31103e+03   -3.98204e+03   -3.31522e+05    2.26025e+03
      Potential    Kinetic En.   Total Energy  Conserved En.    Temperature
   -2.95086e+05    4.68005e+04   -2.48285e+05   -2.48819e+05    3.23012e+02
 Pres. DC (bar) Pressure (bar)   Constr. rmsd
   -2.49656e+02   -5.55685e+01    4.36531e-06

           Step           Time
          95000      190.00000

   Energies (kJ/mol)
          Angle    Proper Dih. Ryckaert-Bell.  Improper Dih.          LJ-14
    1.44168e+04    4.00206e+03    7.50282e+03    5.54405e+02    4.31560e+03
     Coulomb-14        LJ (SR)  Disper. corr.   Coulomb (SR)   Coul. recip.
    1.08815e+04   -2.72909e+03   -3.96718e+03   -3.32133e+05    2.19483e+03
      Potential    Kinetic En.   Total Energy  Conserved En.    Temperature
   -2.94961e+05    4.69192e+04   -2.48042e+05   -2.49038e+05    3.23831e+02
 Pres. DC (bar) Pressure (bar)   Constr. rmsd
   -2.47797e+02   -2.20429e+02    4.44895e-06

           Step           Time
         100000      200.00000

   Energies (kJ/mol)
          Angle    Proper Dih. Ryckaert-Bell.  Improper Dih.          LJ-14
    1.43706e+04    4.10345e+03    7.04785e+03    5.27474e+02    4.20878e+03
     Coulomb-14        LJ (SR)  Disper. corr.   Coulomb (SR)   Coul. recip.
    1.10925e+04   -3.17292e+03   -4.00526e+03   -3.31924e+05    2.25343e+03
      Potential    Kinetic En.   Total Energy  Conserved En.    Temperature
   -2.95498e+05    4.64329e+04   -2.49066e+05   -2.49217e+05    3.20475e+02
 Pres. DC (bar) Pressure (bar)   Constr. rmsd
   -2.52572e+02   -2.09730e+01    4.29868e-06

           Step           Time
         105000      210.00000

   Energies (kJ/mol)
          Angle    Proper Dih. Ryckaert-Bell.  Improper Dih.          LJ-14
    1.45011e+04    4.32855e+03    7.20740e+03    4.94480e+02    4.40359e+03
     Coulomb-14        LJ (SR)  Disper. corr.   Coulomb (SR)   Coul. recip.
    1.06965e+04   -3.37928e+03   -4.01144e+03   -3.31496e+05    2.20394e+03
      Potential    Kinetic En.   Total Energy  Conserved En.    Temperature
   -2.95052e+05    4.73173e+04   -2.47734e+05   -2.49404e+05    3.26579e+02
 Pres. DC (bar) Pressure (bar)   Constr. rmsd
   -2.53352e+02    2.07464e+02    4.41913e-06

           Step           Time
         110000      220.00000

   Energies (kJ/mol)
          Angle    Proper Dih. Ryckaert-Bell.  Improper Dih.          LJ-14
    1.45227e+04    4.00649e+03    7.10015e+03    5.76070e+02    4.21628e+03
     Coulomb-14        LJ (SR)  Disper. corr.   Coulomb (SR)   Coul. recip.
    1.07703e+04   -3.43973e+03   -3.97815e+03   -3.30726e+05    2.35920e+03
      Potential    Kinetic En.   Total Energy  Conserved En.    Temperature
   -2.94593e+05    4.67343e+04   -2.47858e+05   -2.49565e+05    3.22555e+02
 Pres. DC (bar) Pressure (bar)   Constr. rmsd
   -2.49168e+02   -2.66230e+02    4.28605e-06

           Step           Time
         115000      230.00000

   Energies (kJ/mol)
          Angle    Proper Dih. Ryckaert-Bell.  Improper Dih.          LJ-14
    1.42856e+04    4.22558e+03    7.41293e+03    5.28584e+02    4.18213e+03
     Coulomb-14        LJ (SR)  Disper. corr.   Coulomb (SR)   Coul. recip.
    1.07693e+04   -2.76169e+03   -3.98687e+03   -3.31250e+05    2.28538e+03
      Potential    Kinetic En.   Total Energy  Conserved En.    Temperature
   -2.94309e+05    4.67051e+04   -2.47604e+05   -2.49724e+05    3.22354e+02
 Pres. DC (bar) Pressure (bar)   Constr. rmsd
   -2.50260e+02    3.97605e+02    4.60791e-06

           Step           Time
         120000      240.00000

   Energies (kJ/mol)
          Angle    Proper Dih. Ryckaert-Bell.  Improper Dih.          LJ-14
    1.41211e+04    4.29412e+03    7.62578e+03    4.93020e+02    4.15984e+03
     Coulomb-14        LJ (SR)  Disper. corr.   Coulomb (SR)   Coul. recip.
    1.10737e+04   -2.77172e+03   -4.00430e+03   -3.31590e+05    2.31248e+03
      Potential    Kinetic En.   Total Energy  Conserved En.    Temperature
   -2.94286e+05    4.67266e+04   -2.47560e+05   -2.49927e+05    3.22502e+02
 Pres. DC (bar) Pressure (bar)   Constr. rmsd
   -2.52451e+02   -3.61696e+01    4.67562e-06

           Step           Time
         125000      250.00000

   Energies (kJ/mol)
          Angle    Proper Dih. Ryckaert-Bell.  Improper Dih.          LJ-14
    1.43927e+04    4.23139e+03    7.70377e+03    5.72861e+02    4.35073e+03
     Coulomb-14        LJ (SR)  Disper. corr.   Coulomb (SR)   Coul. recip.
    1.11440e+04   -2.57211e+03   -3.98244e+03   -3.32745e+05    2.31163e+03
      Potential    Kinetic En.   Total Energy  Conserved En.    Temperature
   -2.94593e+05    4.72476e+04   -2.47345e+05   -2.50064e+05    3.26098e+02
 Pres. DC (bar) Pressure (bar)   Constr. rmsd
   -2.49705e+02    6.22140e+01    4.23645e-06

           Step           Time
         130000      260.00000

   Energies (kJ/mol)
          Angle    Proper Dih. Ryckaert-Bell.  Improper Dih.          LJ-14
    1.38190e+04    4.31642e+03    7.56592e+03    4.79732e+02    4.14729e+03
     Coulomb-14        LJ (SR)  Disper. corr.   Coulomb (SR)   Coul. recip.
    1.14286e+04   -2.71493e+03   -3.99297e+03   -3.32277e+05    2.32119e+03
      Potential    Kinetic En.   Total Energy  Conserved En.    Temperature
   -2.94907e+05    4.66726e+04   -2.48234e+05   -2.50158e+05    3.22129e+02
 Pres. DC (bar) Pressure (bar)   Constr. rmsd
   -2.51026e+02    1.77950e+02    4.59045e-06

           Step           Time
         135000      270.00000

   Energies (kJ/mol)
          Angle    Proper Dih. Ryckaert-Bell.  Improper Dih.          LJ-14
    1.39484e+04    4.18464e+03    7.41051e+03    5.03873e+02    4.27387e+03
     Coulomb-14        LJ (SR)  Disper. corr.   Coulomb (SR)   Coul. recip.
    1.10950e+04   -3.62224e+03   -3.99569e+03   -3.31177e+05    2.27499e+03
      Potential    Kinetic En.   Total Energy  Conserved En.    Temperature
   -2.95104e+05    4.71081e+04   -2.47996e+05   -2.50339e+05    3.25135e+02
 Pres. DC (bar) Pressure (bar)   Constr. rmsd
   -2.51368e+02    3.63205e+01    4.15063e-06

           Step           Time
         140000      280.00000

   Energies (kJ/mol)
          Angle    Proper Dih. Ryckaert-Bell.  Improper Dih.          LJ-14
    1.44843e+04    4.14776e+03    7.67295e+03    5.10921e+02    4.20962e+03
     Coulomb-14        LJ (SR)  Disper. corr.   Coulomb (SR)   Coul. recip.
    1.08486e+04   -2.99944e+03   -4.01549e+03   -3.32822e+05    2.24382e+03
      Potential    Kinetic En.   Total Energy  Conserved En.    Temperature
   -2.95719e+05    4.72468e+04   -2.48472e+05   -2.50473e+05    3.26092e+02
 Pres. DC (bar) Pressure (bar)   Constr. rmsd
   -2.53862e+02   -6.03682e+00    4.75698e-06

Writing checkpoint, step 144600 at Thu Oct 25 11:51:24 2018


           Step           Time
         145000      290.00000

   Energies (kJ/mol)
          Angle    Proper Dih. Ryckaert-Bell.  Improper Dih.          LJ-14
    1.42616e+04    4.25531e+03    7.16389e+03    4.81104e+02    4.27262e+03
     Coulomb-14        LJ (SR)  Disper. corr.   Coulomb (SR)   Coul. recip.
    1.09885e+04   -2.93101e+03   -4.00039e+03   -3.32336e+05    2.28846e+03
      Potential    Kinetic En.   Total Energy  Conserved En.    Temperature
   -2.95556e+05    4.65909e+04   -2.48965e+05   -2.50665e+05    3.21565e+02
 Pres. DC (bar) Pressure (bar)   Constr. rmsd
   -2.51959e+02   -6.03614e+01    4.47682e-06

           Step           Time
         150000      300.00000

   Energies (kJ/mol)
          Angle    Proper Dih. Ryckaert-Bell.  Improper Dih.          LJ-14
    1.44977e+04    4.26323e+03    7.25340e+03    5.76269e+02    4.27939e+03
     Coulomb-14        LJ (SR)  Disper. corr.   Coulomb (SR)   Coul. recip.
    1.10082e+04   -2.41375e+03   -3.95865e+03   -3.32336e+05    2.26724e+03
      Potential    Kinetic En.   Total Energy  Conserved En.    Temperature
   -2.94563e+05    4.68380e+04   -2.47725e+05   -2.50772e+05    3.23271e+02
 Pres. DC (bar) Pressure (bar)   Constr. rmsd
   -2.46734e+02   -8.10150e+01    4.21364e-06

           Step           Time
         155000      310.00000

   Energies (kJ/mol)
          Angle    Proper Dih. Ryckaert-Bell.  Improper Dih.          LJ-14
    1.41723e+04    4.16438e+03    7.30044e+03    5.02784e+02    4.16309e+03
     Coulomb-14        LJ (SR)  Disper. corr.   Coulomb (SR)   Coul. recip.
    1.10185e+04   -2.90769e+03   -3.98926e+03   -3.32282e+05    2.21446e+03
      Potential    Kinetic En.   Total Energy  Conserved En.    Temperature
   -2.95643e+05    4.64033e+04   -2.49240e+05   -2.50966e+05    3.20270e+02
 Pres. DC (bar) Pressure (bar)   Constr. rmsd
   -2.50561e+02   -1.13205e+00    4.40090e-06

           Step           Time
         160000      320.00000

   Energies (kJ/mol)
          Angle    Proper Dih. Ryckaert-Bell.  Improper Dih.          LJ-14
    1.41007e+04    4.24075e+03    7.24432e+03    5.35430e+02    4.33697e+03
     Coulomb-14        LJ (SR)  Disper. corr.   Coulomb (SR)   Coul. recip.
    1.08585e+04   -2.92588e+03   -3.97918e+03   -3.31361e+05    2.32514e+03
      Potential    Kinetic En.   Total Energy  Conserved En.    Temperature
   -2.94624e+05    4.66560e+04   -2.47968e+05   -2.51116e+05    3.22014e+02
 Pres. DC (bar) Pressure (bar)   Constr. rmsd
   -2.49297e+02   -5.32352e+01    4.24824e-06

           Step           Time
         165000      330.00000

   Energies (kJ/mol)
          Angle    Proper Dih. Ryckaert-Bell.  Improper Dih.          LJ-14
    1.44057e+04    4.33358e+03    7.40675e+03    5.33142e+02    4.38931e+03
     Coulomb-14        LJ (SR)  Disper. corr.   Coulomb (SR)   Coul. recip.
    1.05545e+04   -2.93915e+03   -3.99218e+03   -3.31892e+05    2.23906e+03
      Potential    Kinetic En.   Total Energy  Conserved En.    Temperature
   -2.94962e+05    4.64475e+04   -2.48514e+05   -2.51252e+05    3.20575e+02
 Pres. DC (bar) Pressure (bar)   Constr. rmsd
   -2.50927e+02    5.42669e+01    4.51586e-06

           Step           Time
         170000      340.00000

   Energies (kJ/mol)
          Angle    Proper Dih. Ryckaert-Bell.  Improper Dih.          LJ-14
    1.44040e+04    4.25252e+03    7.16554e+03    5.43134e+02    4.27565e+03
     Coulomb-14        LJ (SR)  Disper. corr.   Coulomb (SR)   Coul. recip.
    1.09705e+04   -3.21205e+03   -3.98990e+03   -3.31801e+05    2.28354e+03
      Potential    Kinetic En.   Total Energy  Conserved En.    Temperature
   -2.95108e+05    4.60367e+04   -2.49071e+05   -2.51375e+05    3.17740e+02
 Pres. DC (bar) Pressure (bar)   Constr. rmsd
   -2.50641e+02   -8.55294e+01    4.15979e-06

           Step           Time
         175000      350.00000

   Energies (kJ/mol)
          Angle    Proper Dih. Ryckaert-Bell.  Improper Dih.          LJ-14
    1.44426e+04    4.00811e+03    7.28311e+03    4.97593e+02    4.23101e+03
     Coulomb-14        LJ (SR)  Disper. corr.   Coulomb (SR)   Coul. recip.
    1.09410e+04   -3.67983e+03   -3.98734e+03   -3.31035e+05    2.23592e+03
      Potential    Kinetic En.   Total Energy  Conserved En.    Temperature
   -2.95062e+05    4.66570e+04   -2.48405e+05   -2.51605e+05    3.22022e+02
 Pres. DC (bar) Pressure (bar)   Constr. rmsd
   -2.50319e+02    1.88162e+02    4.31178e-06

           Step           Time
         180000      360.00000

   Energies (kJ/mol)
          Angle    Proper Dih. Ryckaert-Bell.  Improper Dih.          LJ-14
    1.43750e+04    4.26062e+03    7.32449e+03    4.56441e+02    4.17111e+03
     Coulomb-14        LJ (SR)  Disper. corr.   Coulomb (SR)   Coul. recip.
    1.09886e+04   -2.91243e+03   -3.97467e+03   -3.32128e+05    2.27721e+03
      Potential    Kinetic En.   Total Energy  Conserved En.    Temperature
   -2.95162e+05    4.67584e+04   -2.48404e+05   -2.51753e+05    3.22722e+02
 Pres. DC (bar) Pressure (bar)   Constr. rmsd
   -2.48733e+02   -1.27464e+02    4.69284e-06

           Step           Time
         185000      370.00000

   Energies (kJ/mol)
          Angle    Proper Dih. Ryckaert-Bell.  Improper Dih.          LJ-14
    1.41555e+04    4.27924e+03    7.35192e+03    5.38558e+02    4.22907e+03
     Coulomb-14        LJ (SR)  Disper. corr.   Coulomb (SR)   Coul. recip.
    1.14569e+04   -3.05392e+03   -3.97465e+03   -3.31987e+05    2.22349e+03
      Potential    Kinetic En.   Total Energy  Conserved En.    Temperature
   -2.94781e+05    4.65360e+04   -2.48245e+05   -2.51853e+05    3.21187e+02
 Pres. DC (bar) Pressure (bar)   Constr. rmsd
   -2.48730e+02   -2.92521e+01    4.34709e-06

           Step           Time
         190000      380.00000

   Energies (kJ/mol)
          Angle    Proper Dih. Ryckaert-Bell.  Improper Dih.          LJ-14
    1.47337e+04    4.29885e+03    7.56833e+03    5.05178e+02    4.32017e+03
     Coulomb-14        LJ (SR)  Disper. corr.   Coulomb (SR)   Coul. recip.
    1.05774e+04   -2.91276e+03   -3.98903e+03   -3.31676e+05    2.25521e+03
      Potential    Kinetic En.   Total Energy  Conserved En.    Temperature
   -2.94319e+05    4.67465e+04   -2.47572e+05   -2.51988e+05    3.22640e+02
 Pres. DC (bar) Pressure (bar)   Constr. rmsd
   -2.50531e+02   -1.54487e+02    4.39601e-06

           Step           Time
         195000      390.00000

   Energies (kJ/mol)
          Angle    Proper Dih. Ryckaert-Bell.  Improper Dih.          LJ-14
    1.41575e+04    4.11937e+03    7.06874e+03    4.82634e+02    4.23891e+03
     Coulomb-14        LJ (SR)  Disper. corr.   Coulomb (SR)   Coul. recip.
    1.13327e+04   -3.29466e+03   -3.98469e+03   -3.31951e+05    2.31918e+03
      Potential    Kinetic En.   Total Energy  Conserved En.    Temperature
   -2.95511e+05    4.68647e+04   -2.48647e+05   -2.52151e+05    3.23455e+02
 Pres. DC (bar) Pressure (bar)   Constr. rmsd
   -2.49987e+02   -1.68496e+01    4.28288e-06

           Step           Time
         200000      400.00000

   Energies (kJ/mol)
          Angle    Proper Dih. Ryckaert-Bell.  Improper Dih.          LJ-14
    1.42318e+04    4.16042e+03    7.31381e+03    4.82452e+02    4.28394e+03
     Coulomb-14        LJ (SR)  Disper. corr.   Coulomb (SR)   Coul. recip.
    1.07111e+04   -2.72072e+03   -3.98394e+03   -3.32426e+05    2.26826e+03
      Potential    Kinetic En.   Total Energy  Conserved En.    Temperature
   -2.95679e+05    4.66888e+04   -2.48990e+05   -2.52352e+05    3.22241e+02
 Pres. DC (bar) Pressure (bar)   Constr. rmsd
   -2.49893e+02    3.10566e+01    4.31394e-06

           Step           Time
         205000      410.00000

   Energies (kJ/mol)
          Angle    Proper Dih. Ryckaert-Bell.  Improper Dih.          LJ-14
    1.43559e+04    4.08104e+03    7.51806e+03    4.91949e+02    4.20013e+03
     Coulomb-14        LJ (SR)  Disper. corr.   Coulomb (SR)   Coul. recip.
    1.03372e+04   -2.92367e+03   -3.99407e+03   -3.31759e+05    2.31251e+03
      Potential    Kinetic En.   Total Energy  Conserved En.    Temperature
   -2.95380e+05    4.68791e+04   -2.48501e+05   -2.52466e+05    3.23555e+02
 Pres. DC (bar) Pressure (bar)   Constr. rmsd
   -2.51164e+02   -1.33216e+02    4.48167e-06

           Step           Time
         210000      420.00000

   Energies (kJ/mol)
          Angle    Proper Dih. Ryckaert-Bell.  Improper Dih.          LJ-14
    1.41623e+04    4.24879e+03    7.23190e+03    5.06359e+02    4.37227e+03
     Coulomb-14        LJ (SR)  Disper. corr.   Coulomb (SR)   Coul. recip.
    1.02648e+04   -3.70636e+03   -3.94941e+03   -3.29459e+05    2.25873e+03
      Potential    Kinetic En.   Total Energy  Conserved En.    Temperature
   -2.94070e+05    4.69504e+04   -2.47120e+05   -2.52613e+05    3.24047e+02
 Pres. DC (bar) Pressure (bar)   Constr. rmsd
   -2.45584e+02   -2.35170e+02    4.46164e-06

           Step           Time
         215000      430.00000

   Energies (kJ/mol)
          Angle    Proper Dih. Ryckaert-Bell.  Improper Dih.          LJ-14
    1.39017e+04    4.08197e+03    7.66704e+03    5.33793e+02    4.02677e+03
     Coulomb-14        LJ (SR)  Disper. corr.   Coulomb (SR)   Coul. recip.
    1.12315e+04   -3.02676e+03   -4.00260e+03   -3.32158e+05    2.29054e+03
      Potential    Kinetic En.   Total Energy  Conserved En.    Temperature
   -2.95454e+05    4.71365e+04   -2.48317e+05   -2.52742e+05    3.25331e+02
 Pres. DC (bar) Pressure (bar)   Constr. rmsd
   -2.52237e+02   -2.31560e+02    4.54767e-06

Writing checkpoint, step 216500 at Thu Oct 25 12:06:23 2018


           Step           Time
         220000      440.00000

   Energies (kJ/mol)
          Angle    Proper Dih. Ryckaert-Bell.  Improper Dih.          LJ-14
    1.46044e+04    4.13529e+03    7.25518e+03    4.83759e+02    4.20968e+03
     Coulomb-14        LJ (SR)  Disper. corr.   Coulomb (SR)   Coul. recip.
    1.04429e+04   -3.81751e+03   -4.00070e+03   -3.30958e+05    2.20910e+03
      Potential    Kinetic En.   Total Energy  Conserved En.    Temperature
   -2.95436e+05    4.70545e+04   -2.48381e+05   -2.52967e+05    3.24765e+02
 Pres. DC (bar) Pressure (bar)   Constr. rmsd
   -2.51997e+02   -1.29033e+02    4.60882e-06

           Step           Time
         225000      450.00000

   Energies (kJ/mol)
          Angle    Proper Dih. Ryckaert-Bell.  Improper Dih.          LJ-14
    1.39968e+04    3.93412e+03    7.11947e+03    4.86313e+02    4.18435e+03
     Coulomb-14        LJ (SR)  Disper. corr.   Coulomb (SR)   Coul. recip.
    1.11159e+04   -3.89454e+03   -3.98851e+03   -3.29842e+05    2.25319e+03
      Potential    Kinetic En.   Total Energy  Conserved En.    Temperature
   -2.94635e+05    4.69687e+04   -2.47667e+05   -2.53098e+05    3.24173e+02
 Pres. DC (bar) Pressure (bar)   Constr. rmsd
   -2.50466e+02   -1.68162e+01    4.40870e-06

           Step           Time
         230000      460.00000

   Energies (kJ/mol)
          Angle    Proper Dih. Ryckaert-Bell.  Improper Dih.          LJ-14
    1.43059e+04    3.97859e+03    7.29617e+03    4.93834e+02    4.15488e+03
     Coulomb-14        LJ (SR)  Disper. corr.   Coulomb (SR)   Coul. recip.
    1.09628e+04   -3.53833e+03   -4.00938e+03   -3.30671e+05    2.12571e+03
      Potential    Kinetic En.   Total Energy  Conserved En.    Temperature
   -2.94901e+05    4.59092e+04   -2.48992e+05   -2.53215e+05    3.16861e+02
 Pres. DC (bar) Pressure (bar)   Constr. rmsd
   -2.53091e+02   -1.97636e+02    4.52274e-06

           Step           Time
         235000      470.00000

   Energies (kJ/mol)
          Angle    Proper Dih. Ryckaert-Bell.  Improper Dih.          LJ-14
    1.42703e+04    4.09167e+03    7.22993e+03    4.92907e+02    4.31924e+03
     Coulomb-14        LJ (SR)  Disper. corr.   Coulomb (SR)   Coul. recip.
    1.05323e+04   -4.00180e+03   -3.99924e+03   -3.30321e+05    2.24699e+03
      Potential    Kinetic En.   Total Energy  Conserved En.    Temperature
   -2.95139e+05    4.71371e+04   -2.48002e+05   -2.53386e+05    3.25335e+02
 Pres. DC (bar) Pressure (bar)   Constr. rmsd
   -2.51814e+02   -3.26975e+02    4.61265e-06

           Step           Time
         240000      480.00000

   Energies (kJ/mol)
          Angle    Proper Dih. Ryckaert-Bell.  Improper Dih.          LJ-14
    1.43051e+04    4.26873e+03    7.41027e+03    4.79568e+02    4.19017e+03
     Coulomb-14        LJ (SR)  Disper. corr.   Coulomb (SR)   Coul. recip.
    1.12340e+04   -2.73492e+03   -4.01763e+03   -3.31962e+05    2.23534e+03
      Potential    Kinetic En.   Total Energy  Conserved En.    Temperature
   -2.94591e+05    4.70537e+04   -2.47537e+05   -2.53513e+05    3.24760e+02
 Pres. DC (bar) Pressure (bar)   Constr. rmsd
   -2.54133e+02    3.75407e+02    4.47040e-06

           Step           Time
         245000      490.00000

   Energies (kJ/mol)
          Angle    Proper Dih. Ryckaert-Bell.  Improper Dih.          LJ-14
    1.44071e+04    3.99612e+03    7.20306e+03    4.63824e+02    4.30071e+03
     Coulomb-14        LJ (SR)  Disper. corr.   Coulomb (SR)   Coul. recip.
    1.04883e+04   -4.28742e+03   -4.00354e+03   -3.30625e+05    2.24661e+03
      Potential    Kinetic En.   Total Energy  Conserved En.    Temperature
   -2.95810e+05    4.67441e+04   -2.49066e+05   -2.53625e+05    3.22623e+02
 Pres. DC (bar) Pressure (bar)   Constr. rmsd
   -2.52356e+02    3.20868e+01    4.32093e-06

           Step           Time
         250000      500.00000

   Energies (kJ/mol)
          Angle    Proper Dih. Ryckaert-Bell.  Improper Dih.          LJ-14
    1.43023e+04    4.25361e+03    7.25373e+03    5.52666e+02    4.20256e+03
     Coulomb-14        LJ (SR)  Disper. corr.   Coulomb (SR)   Coul. recip.
    1.09632e+04   -4.10083e+03   -4.00592e+03   -3.30835e+05    2.24936e+03
      Potential    Kinetic En.   Total Energy  Conserved En.    Temperature
   -2.95164e+05    4.71903e+04   -2.47974e+05   -2.53804e+05    3.25703e+02
 Pres. DC (bar) Pressure (bar)   Constr. rmsd
   -2.52655e+02   -1.84796e+02    4.52767e-06

           Step           Time
         255000      510.00000

   Energies (kJ/mol)
          Angle    Proper Dih. Ryckaert-Bell.  Improper Dih.          LJ-14
    1.45855e+04    4.25836e+03    7.43953e+03    4.93475e+02    4.16827e+03
     Coulomb-14        LJ (SR)  Disper. corr.   Coulomb (SR)   Coul. recip.
    1.08548e+04   -3.79106e+03   -3.98906e+03   -3.30579e+05    2.35050e+03
      Potential    Kinetic En.   Total Energy  Conserved En.    Temperature
   -2.94208e+05    4.67722e+04   -2.47436e+05   -2.53891e+05    3.22816e+02
 Pres. DC (bar) Pressure (bar)   Constr. rmsd
   -2.50535e+02   -5.76645e+01    4.51553e-06

           Step           Time
         260000      520.00000

   Energies (kJ/mol)
          Angle    Proper Dih. Ryckaert-Bell.  Improper Dih.          LJ-14
    1.42384e+04    4.08642e+03    7.35078e+03    5.58130e+02    4.16709e+03
     Coulomb-14        LJ (SR)  Disper. corr.   Coulomb (SR)   Coul. recip.
    1.05724e+04   -4.03169e+03   -4.00975e+03   -3.30290e+05    2.20288e+03
      Potential    Kinetic En.   Total Energy  Conserved En.    Temperature
   -2.95155e+05    4.65370e+04   -2.48618e+05   -2.54144e+05    3.21193e+02
 Pres. DC (bar) Pressure (bar)   Constr. rmsd
   -2.53138e+02   -1.28974e+02    4.14807e-06

           Step           Time
         265000      530.00000

   Energies (kJ/mol)
          Angle    Proper Dih. Ryckaert-Bell.  Improper Dih.          LJ-14
    1.38141e+04    4.10748e+03    7.24028e+03    4.81348e+02    4.22434e+03
     Coulomb-14        LJ (SR)  Disper. corr.   Coulomb (SR)   Coul. recip.
    1.08553e+04   -3.33019e+03   -3.98928e+03   -3.30310e+05    2.30197e+03
      Potential    Kinetic En.   Total Energy  Conserved En.    Temperature
   -2.94605e+05    4.68507e+04   -2.47754e+05   -2.54267e+05    3.23358e+02
 Pres. DC (bar) Pressure (bar)   Constr. rmsd
   -2.50563e+02   -1.01528e+02    4.55437e-06

           Step           Time
         270000      540.00000

   Energies (kJ/mol)
          Angle    Proper Dih. Ryckaert-Bell.  Improper Dih.          LJ-14
    1.40913e+04    4.10225e+03    7.24983e+03    5.95348e+02    4.19605e+03
     Coulomb-14        LJ (SR)  Disper. corr.   Coulomb (SR)   Coul. recip.
    1.05707e+04   -2.76870e+03   -4.00023e+03   -3.31385e+05    2.28106e+03
      Potential    Kinetic En.   Total Energy  Conserved En.    Temperature
   -2.95068e+05    4.59408e+04   -2.49127e+05   -2.54407e+05    3.17078e+02
 Pres. DC (bar) Pressure (bar)   Constr. rmsd
   -2.51938e+02    3.96854e+00    4.46671e-06

           Step           Time
         275000      550.00000

   Energies (kJ/mol)
          Angle    Proper Dih. Ryckaert-Bell.  Improper Dih.          LJ-14
    1.42275e+04    4.16316e+03    7.36313e+03    4.96788e+02    4.35446e+03
     Coulomb-14        LJ (SR)  Disper. corr.   Coulomb (SR)   Coul. recip.
    1.04043e+04   -3.58501e+03   -3.97176e+03   -3.30878e+05    2.25310e+03
      Potential    Kinetic En.   Total Energy  Conserved En.    Temperature
   -2.95173e+05    4.65118e+04   -2.48661e+05   -2.54563e+05    3.21020e+02
 Pres. DC (bar) Pressure (bar)   Constr. rmsd
   -2.48369e+02   -9.71173e+01    4.38522e-06

           Step           Time
         280000      560.00000

   Energies (kJ/mol)
          Angle    Proper Dih. Ryckaert-Bell.  Improper Dih.          LJ-14
    1.44122e+04    4.17273e+03    7.22277e+03    5.13446e+02    4.30019e+03
     Coulomb-14        LJ (SR)  Disper. corr.   Coulomb (SR)   Coul. recip.
    1.01846e+04   -2.89495e+03   -3.99360e+03   -3.31917e+05    2.24421e+03
      Potential    Kinetic En.   Total Energy  Conserved En.    Temperature
   -2.95755e+05    4.67691e+04   -2.48986e+05   -2.54647e+05    3.22795e+02
 Pres. DC (bar) Pressure (bar)   Constr. rmsd
   -2.51105e+02    3.90950e+01    4.59592e-06

           Step           Time
         285000      570.00000

   Energies (kJ/mol)
          Angle    Proper Dih. Ryckaert-Bell.  Improper Dih.          LJ-14
    1.41114e+04    4.12661e+03    7.23609e+03    5.21499e+02    4.30450e+03
     Coulomb-14        LJ (SR)  Disper. corr.   Coulomb (SR)   Coul. recip.
    1.06640e+04   -2.97502e+03   -3.98765e+03   -3.31363e+05    2.34227e+03
      Potential    Kinetic En.   Total Energy  Conserved En.    Temperature
   -2.95019e+05    4.63154e+04   -2.48704e+05   -2.54870e+05    3.19664e+02
 Pres. DC (bar) Pressure (bar)   Constr. rmsd
   -2.50358e+02    2.13027e+02    4.56707e-06

Writing checkpoint, step 288700 at Thu Oct 25 12:21:23 2018


           Step           Time
         290000      580.00000

   Energies (kJ/mol)
          Angle    Proper Dih. Ryckaert-Bell.  Improper Dih.          LJ-14
    1.46888e+04    4.01005e+03    7.23550e+03    5.16695e+02    4.29656e+03
     Coulomb-14        LJ (SR)  Disper. corr.   Coulomb (SR)   Coul. recip.
    9.85314e+03   -2.76707e+03   -4.00441e+03   -3.31852e+05    2.21609e+03
      Potential    Kinetic En.   Total Energy  Conserved En.    Temperature
   -2.95807e+05    4.67461e+04   -2.49061e+05   -2.54903e+05    3.22637e+02
 Pres. DC (bar) Pressure (bar)   Constr. rmsd
   -2.52465e+02    1.03977e+02    4.55645e-06

           Step           Time
         295000      590.00000

   Energies (kJ/mol)
          Angle    Proper Dih. Ryckaert-Bell.  Improper Dih.          LJ-14
    1.42222e+04    4.22992e+03    7.31813e+03    4.86435e+02    4.30721e+03
     Coulomb-14        LJ (SR)  Disper. corr.   Coulomb (SR)   Coul. recip.
    1.05014e+04   -3.54923e+03   -3.98643e+03   -3.31284e+05    2.27833e+03
      Potential    Kinetic En.   Total Energy  Conserved En.    Temperature
   -2.95476e+05    4.63617e+04   -2.49114e+05   -2.55072e+05    3.19983e+02
 Pres. DC (bar) Pressure (bar)   Constr. rmsd
   -2.50205e+02   -1.88281e+02    4.05898e-06

           Step           Time
         300000      600.00000

   Energies (kJ/mol)
          Angle    Proper Dih. Ryckaert-Bell.  Improper Dih.          LJ-14
    1.44473e+04    4.08412e+03    7.19637e+03    4.70687e+02    4.36983e+03
     Coulomb-14        LJ (SR)  Disper. corr.   Coulomb (SR)   Coul. recip.
    9.78734e+03   -3.22260e+03   -4.00723e+03   -3.30997e+05    2.29247e+03
      Potential    Kinetic En.   Total Energy  Conserved En.    Temperature
   -2.95578e+05    4.67914e+04   -2.48787e+05   -2.55196e+05    3.22949e+02
 Pres. DC (bar) Pressure (bar)   Constr. rmsd
   -2.52820e+02    1.27296e+02    4.39019e-06

           Step           Time
         305000      610.00000

   Energies (kJ/mol)
          Angle    Proper Dih. Ryckaert-Bell.  Improper Dih.          LJ-14
    1.42808e+04    4.05810e+03    7.38509e+03    5.59308e+02    4.15610e+03
     Coulomb-14        LJ (SR)  Disper. corr.   Coulomb (SR)   Coul. recip.
    1.07524e+04   -3.56920e+03   -3.99811e+03   -3.30745e+05    2.28533e+03
      Potential    Kinetic En.   Total Energy  Conserved En.    Temperature
   -2.94835e+05    4.70947e+04   -2.47740e+05   -2.55400e+05    3.25042e+02
 Pres. DC (bar) Pressure (bar)   Constr. rmsd
   -2.51672e+02   -5.66797e+01    4.48884e-06

           Step           Time
         310000      620.00000

   Energies (kJ/mol)
          Angle    Proper Dih. Ryckaert-Bell.  Improper Dih.          LJ-14
    1.46196e+04    4.05990e+03    7.37759e+03    5.02830e+02    4.24707e+03
     Coulomb-14        LJ (SR)  Disper. corr.   Coulomb (SR)   Coul. recip.
    1.04460e+04   -4.14011e+03   -4.01479e+03   -3.29424e+05    2.26586e+03
      Potential    Kinetic En.   Total Energy  Conserved En.    Temperature
   -2.94060e+05    4.65230e+04   -2.47537e+05   -2.55443e+05    3.21097e+02
 Pres. DC (bar) Pressure (bar)   Constr. rmsd
   -2.53774e+02   -2.92550e+01    4.37611e-06

           Step           Time
         315000      630.00000

   Energies (kJ/mol)
          Angle    Proper Dih. Ryckaert-Bell.  Improper Dih.          LJ-14
    1.37856e+04    4.08353e+03    7.31105e+03    5.44792e+02    4.08625e+03
     Coulomb-14        LJ (SR)  Disper. corr.   Coulomb (SR)   Coul. recip.
    1.07027e+04   -3.03228e+03   -3.99441e+03   -3.30822e+05    2.34905e+03
      Potential    Kinetic En.   Total Energy  Conserved En.    Temperature
   -2.94986e+05    4.74908e+04   -2.47495e+05   -2.55621e+05    3.27776e+02
 Pres. DC (bar) Pressure (bar)   Constr. rmsd
   -2.51207e+02    1.73047e+01    4.36027e-06

           Step           Time
         320000      640.00000

   Energies (kJ/mol)
          Angle    Proper Dih. Ryckaert-Bell.  Improper Dih.          LJ-14
    1.42441e+04    4.03050e+03    7.42738e+03    5.17098e+02    4.25733e+03
     Coulomb-14        LJ (SR)  Disper. corr.   Coulomb (SR)   Coul. recip.
    1.05932e+04   -3.90325e+03   -4.00227e+03   -3.29503e+05    2.17521e+03
      Potential    Kinetic En.   Total Energy  Conserved En.    Temperature
   -2.94164e+05    4.63093e+04   -2.47855e+05   -2.55728e+05    3.19621e+02
 Pres. DC (bar) Pressure (bar)   Constr. rmsd
   -2.52195e+02    1.99493e+01    4.26333e-06

           Step           Time
         325000      650.00000

   Energies (kJ/mol)
          Angle    Proper Dih. Ryckaert-Bell.  Improper Dih.          LJ-14
    1.43029e+04    4.12982e+03    7.32422e+03    5.27080e+02    4.23344e+03
     Coulomb-14        LJ (SR)  Disper. corr.   Coulomb (SR)   Coul. recip.
    1.02517e+04   -3.01928e+03   -3.99795e+03   -3.31400e+05    2.22451e+03
      Potential    Kinetic En.   Total Energy  Conserved En.    Temperature
   -2.95423e+05    4.68038e+04   -2.48619e+05   -2.55911e+05    3.23034e+02
 Pres. DC (bar) Pressure (bar)   Constr. rmsd
   -2.51652e+02    1.20192e+02    4.31964e-06

           Step           Time
         330000      660.00000

   Energies (kJ/mol)
          Angle    Proper Dih. Ryckaert-Bell.  Improper Dih.          LJ-14
    1.42201e+04    4.17180e+03    7.26296e+03    5.33281e+02    4.25077e+03
     Coulomb-14        LJ (SR)  Disper. corr.   Coulomb (SR)   Coul. recip.
    1.05782e+04   -2.60700e+03   -4.00070e+03   -3.31592e+05    2.24718e+03
      Potential    Kinetic En.   Total Energy  Conserved En.    Temperature
   -2.94935e+05    4.64506e+04   -2.48484e+05   -2.56087e+05    3.20597e+02
 Pres. DC (bar) Pressure (bar)   Constr. rmsd
   -2.51998e+02    2.26314e+02    4.21289e-06

           Step           Time
         335000      670.00000

   Energies (kJ/mol)
          Angle    Proper Dih. Ryckaert-Bell.  Improper Dih.          LJ-14
    1.41216e+04    4.19125e+03    7.35035e+03    4.97390e+02    4.27973e+03
     Coulomb-14        LJ (SR)  Disper. corr.   Coulomb (SR)   Coul. recip.
    1.10216e+04   -3.05771e+03   -3.98484e+03   -3.30957e+05    2.26751e+03
      Potential    Kinetic En.   Total Energy  Conserved En.    Temperature
   -2.94270e+05    4.70358e+04   -2.47234e+05   -2.56201e+05    3.24636e+02
 Pres. DC (bar) Pressure (bar)   Constr. rmsd
   -2.50006e+02    2.65309e+02    3.97187e-06

           Step           Time
         340000      680.00000

   Energies (kJ/mol)
          Angle    Proper Dih. Ryckaert-Bell.  Improper Dih.          LJ-14
    1.40914e+04    4.04567e+03    7.30573e+03    4.45303e+02    4.18445e+03
     Coulomb-14        LJ (SR)  Disper. corr.   Coulomb (SR)   Coul. recip.
    1.06314e+04   -2.70973e+03   -3.99120e+03   -3.31551e+05    2.22243e+03
      Potential    Kinetic En.   Total Energy  Conserved En.    Temperature
   -2.95326e+05    4.80868e+04   -2.47239e+05   -2.56387e+05    3.31890e+02
 Pres. DC (bar) Pressure (bar)   Constr. rmsd
   -2.50804e+02    7.53589e+01    4.66531e-06

           Step           Time
         345000      690.00000

   Energies (kJ/mol)
          Angle    Proper Dih. Ryckaert-Bell.  Improper Dih.          LJ-14
    1.46799e+04    4.06394e+03    7.23926e+03    4.60256e+02    4.23618e+03
     Coulomb-14        LJ (SR)  Disper. corr.   Coulomb (SR)   Coul. recip.
    1.08831e+04   -3.04290e+03   -4.02324e+03   -3.31567e+05    2.24270e+03
      Potential    Kinetic En.   Total Energy  Conserved En.    Temperature
   -2.94828e+05    4.69736e+04   -2.47854e+05   -2.56493e+05    3.24206e+02
 Pres. DC (bar) Pressure (bar)   Constr. rmsd
   -2.54842e+02   -1.93112e+02    4.59031e-06

           Step           Time
         350000      700.00000

   Energies (kJ/mol)
          Angle    Proper Dih. Ryckaert-Bell.  Improper Dih.          LJ-14
    1.43641e+04    4.09919e+03    7.20682e+03    4.99093e+02    4.23714e+03
     Coulomb-14        LJ (SR)  Disper. corr.   Coulomb (SR)   Coul. recip.
    1.03955e+04   -3.40382e+03   -4.01993e+03   -3.31782e+05    2.16838e+03
      Potential    Kinetic En.   Total Energy  Conserved En.    Temperature
   -2.96236e+05    4.67257e+04   -2.49510e+05   -2.56625e+05    3.22496e+02
 Pres. DC (bar) Pressure (bar)   Constr. rmsd
   -2.54423e+02    2.10721e+02    4.31644e-06

           Step           Time
         355000      710.00000

   Energies (kJ/mol)
          Angle    Proper Dih. Ryckaert-Bell.  Improper Dih.          LJ-14
    1.46048e+04    4.00137e+03    7.37821e+03    4.87300e+02    4.40837e+03
     Coulomb-14        LJ (SR)  Disper. corr.   Coulomb (SR)   Coul. recip.
    1.01664e+04   -4.07486e+03   -3.99620e+03   -3.29986e+05    2.14667e+03
      Potential    Kinetic En.   Total Energy  Conserved En.    Temperature
   -2.94864e+05    4.69704e+04   -2.47894e+05   -2.56833e+05    3.24184e+02
 Pres. DC (bar) Pressure (bar)   Constr. rmsd
   -2.51431e+02    3.79402e+01    4.37151e-06

           Step           Time
         360000      720.00000

   Energies (kJ/mol)
          Angle    Proper Dih. Ryckaert-Bell.  Improper Dih.          LJ-14
    1.42799e+04    3.98569e+03    7.30676e+03    4.96191e+02    4.32717e+03
     Coulomb-14        LJ (SR)  Disper. corr.   Coulomb (SR)   Coul. recip.
    1.06490e+04   -2.88116e+03   -4.01963e+03   -3.31907e+05    2.18058e+03
      Potential    Kinetic En.   Total Energy  Conserved En.    Temperature
   -2.95582e+05    4.62201e+04   -2.49362e+05   -2.56947e+05    3.19006e+02
 Pres. DC (bar) Pressure (bar)   Constr. rmsd
   -2.54385e+02    2.36182e+02    4.47564e-06

Writing checkpoint, step 360600 at Thu Oct 25 12:36:24 2018


           Step           Time
         365000      730.00000

   Energies (kJ/mol)
          Angle    Proper Dih. Ryckaert-Bell.  Improper Dih.          LJ-14
    1.39878e+04    4.16868e+03    7.44465e+03    4.36229e+02    4.22752e+03
     Coulomb-14        LJ (SR)  Disper. corr.   Coulomb (SR)   Coul. recip.
    1.09005e+04   -2.84362e+03   -4.01029e+03   -3.32057e+05    2.28330e+03
      Potential    Kinetic En.   Total Energy  Conserved En.    Temperature
   -2.95462e+05    4.66827e+04   -2.48780e+05   -2.57179e+05    3.22199e+02
 Pres. DC (bar) Pressure (bar)   Constr. rmsd
   -2.53206e+02   -4.83501e+01    4.38562e-06

           Step           Time
         370000      740.00000

   Energies (kJ/mol)
          Angle    Proper Dih. Ryckaert-Bell.  Improper Dih.          LJ-14
    1.41919e+04    4.05589e+03    7.22856e+03    4.90948e+02    4.10995e+03
     Coulomb-14        LJ (SR)  Disper. corr.   Coulomb (SR)   Coul. recip.
    1.07185e+04   -3.46866e+03   -3.99942e+03   -3.31326e+05    2.28181e+03
      Potential    Kinetic En.   Total Energy  Conserved En.    Temperature
   -2.95717e+05    4.71011e+04   -2.48615e+05   -2.57283e+05    3.25087e+02
 Pres. DC (bar) Pressure (bar)   Constr. rmsd
   -2.51836e+02   -1.15462e+02    4.40056e-06

           Step           Time
         375000      750.00000

   Energies (kJ/mol)
          Angle    Proper Dih. Ryckaert-Bell.  Improper Dih.          LJ-14
    1.40266e+04    4.20825e+03    7.42340e+03    4.81194e+02    4.10195e+03
     Coulomb-14        LJ (SR)  Disper. corr.   Coulomb (SR)   Coul. recip.
    1.08999e+04   -3.61488e+03   -3.98538e+03   -3.30880e+05    2.21947e+03
      Potential    Kinetic En.   Total Energy  Conserved En.    Temperature
   -2.95119e+05    4.65909e+04   -2.48529e+05   -2.57431e+05    3.21565e+02
 Pres. DC (bar) Pressure (bar)   Constr. rmsd
   -2.50073e+02   -1.73985e+02    4.60125e-06

           Step           Time
         380000      760.00000

   Energies (kJ/mol)
          Angle    Proper Dih. Ryckaert-Bell.  Improper Dih.          LJ-14
    1.39613e+04    4.12069e+03    7.29104e+03    4.55234e+02    4.25555e+03
     Coulomb-14        LJ (SR)  Disper. corr.   Coulomb (SR)   Coul. recip.
    1.03876e+04   -3.04510e+03   -4.02574e+03   -3.32532e+05    2.30237e+03
      Potential    Kinetic En.   Total Energy  Conserved En.    Temperature
   -2.96829e+05    4.65884e+04   -2.50241e+05   -2.57553e+05    3.21548e+02
 Pres. DC (bar) Pressure (bar)   Constr. rmsd
   -2.55159e+02    3.03273e+02    4.12617e-06

           Step           Time
         385000      770.00000

   Energies (kJ/mol)
          Angle    Proper Dih. Ryckaert-Bell.  Improper Dih.          LJ-14
    1.41945e+04    4.10569e+03    7.53211e+03    5.26697e+02    4.19011e+03
     Coulomb-14        LJ (SR)  Disper. corr.   Coulomb (SR)   Coul. recip.
    1.10570e+04   -2.98360e+03   -3.98392e+03   -3.31804e+05    2.26542e+03
      Potential    Kinetic En.   Total Energy  Conserved En.    Temperature
   -2.94900e+05    4.73304e+04   -2.47569e+05   -2.57762e+05    3.26670e+02
 Pres. DC (bar) Pressure (bar)   Constr. rmsd
   -2.49891e+02    1.31462e+01    4.43663e-06

           Step           Time
         390000      780.00000

   Energies (kJ/mol)
          Angle    Proper Dih. Ryckaert-Bell.  Improper Dih.          LJ-14
    1.43661e+04    4.05170e+03    7.27197e+03    5.08192e+02    4.23097e+03
     Coulomb-14        LJ (SR)  Disper. corr.   Coulomb (SR)   Coul. recip.
    1.06423e+04   -3.67570e+03   -3.99346e+03   -3.31293e+05    2.26256e+03
      Potential    Kinetic En.   Total Energy  Conserved En.    Temperature
   -2.95628e+05    4.66723e+04   -2.48956e+05   -2.57922e+05    3.22127e+02
 Pres. DC (bar) Pressure (bar)   Constr. rmsd
   -2.51088e+02   -7.34022e+01    4.38240e-06

           Step           Time
         395000      790.00000

   Energies (kJ/mol)
          Angle    Proper Dih. Ryckaert-Bell.  Improper Dih.          LJ-14
    1.43397e+04    4.14863e+03    7.42392e+03    5.13272e+02    4.21914e+03
     Coulomb-14        LJ (SR)  Disper. corr.   Coulomb (SR)   Coul. recip.
    1.02215e+04   -3.09578e+03   -3.99753e+03   -3.30810e+05    2.23547e+03
      Potential    Kinetic En.   Total Energy  Conserved En.    Temperature
   -2.94802e+05    4.70660e+04   -2.47736e+05   -2.58006e+05    3.24844e+02
 Pres. DC (bar) Pressure (bar)   Constr. rmsd
   -2.51599e+02    1.00514e+02    4.52438e-06

           Step           Time
         400000      800.00000

   Energies (kJ/mol)
          Angle    Proper Dih. Ryckaert-Bell.  Improper Dih.          LJ-14
    1.38466e+04    4.11130e+03    7.44604e+03    5.19405e+02    4.26381e+03
     Coulomb-14        LJ (SR)  Disper. corr.   Coulomb (SR)   Coul. recip.
    1.07908e+04   -3.87727e+03   -3.98984e+03   -3.29636e+05    2.16909e+03
      Potential    Kinetic En.   Total Energy  Conserved En.    Temperature
   -2.94356e+05    4.69038e+04   -2.47452e+05   -2.58180e+05    3.23725e+02
 Pres. DC (bar) Pressure (bar)   Constr. rmsd
   -2.50633e+02    1.68919e+02    4.22370e-06

           Step           Time
         405000      810.00000

   Energies (kJ/mol)
          Angle    Proper Dih. Ryckaert-Bell.  Improper Dih.          LJ-14
    1.42083e+04    4.17457e+03    7.41401e+03    4.92896e+02    4.29562e+03
     Coulomb-14        LJ (SR)  Disper. corr.   Coulomb (SR)   Coul. recip.
    1.07534e+04   -2.70572e+03   -3.99270e+03   -3.32056e+05    2.19790e+03
      Potential    Kinetic En.   Total Energy  Conserved En.    Temperature
   -2.95218e+05    4.67541e+04   -2.48464e+05   -2.58403e+05    3.22692e+02
 Pres. DC (bar) Pressure (bar)   Constr. rmsd
   -2.50991e+02    4.28301e+02    4.21877e-06

           Step           Time
         410000      820.00000

   Energies (kJ/mol)
          Angle    Proper Dih. Ryckaert-Bell.  Improper Dih.          LJ-14
    1.41860e+04    4.20067e+03    7.36454e+03    5.49771e+02    4.27016e+03
     Coulomb-14        LJ (SR)  Disper. corr.   Coulomb (SR)   Coul. recip.
    1.07827e+04   -3.55847e+03   -4.00067e+03   -3.31532e+05    2.33589e+03
      Potential    Kinetic En.   Total Energy  Conserved En.    Temperature
   -2.95401e+05    4.70351e+04   -2.48366e+05   -2.58590e+05    3.24631e+02
 Pres. DC (bar) Pressure (bar)   Constr. rmsd
   -2.51993e+02    9.57083e+00    4.51117e-06

           Step           Time
         415000      830.00000

   Energies (kJ/mol)
          Angle    Proper Dih. Ryckaert-Bell.  Improper Dih.          LJ-14
    1.43672e+04    4.18980e+03    7.39748e+03    5.17693e+02    4.30249e+03
     Coulomb-14        LJ (SR)  Disper. corr.   Coulomb (SR)   Coul. recip.
    1.06940e+04   -3.52053e+03   -3.98481e+03   -3.31200e+05    2.24507e+03
      Potential    Kinetic En.   Total Energy  Conserved En.    Temperature
   -2.94991e+05    4.69253e+04   -2.48066e+05   -2.58682e+05    3.23873e+02
 Pres. DC (bar) Pressure (bar)   Constr. rmsd
   -2.50002e+02   -1.05722e+02    4.41440e-06

           Step           Time
         420000      840.00000

   Energies (kJ/mol)
          Angle    Proper Dih. Ryckaert-Bell.  Improper Dih.          LJ-14
    1.44259e+04    4.17494e+03    7.24123e+03    5.17343e+02    4.39620e+03
     Coulomb-14        LJ (SR)  Disper. corr.   Coulomb (SR)   Coul. recip.
    1.10249e+04   -4.16008e+03   -4.02247e+03   -3.31217e+05    2.29108e+03
      Potential    Kinetic En.   Total Energy  Conserved En.    Temperature
   -2.95328e+05    4.69522e+04   -2.48375e+05   -2.58811e+05    3.24059e+02
 Pres. DC (bar) Pressure (bar)   Constr. rmsd
   -2.54744e+02    1.26600e+02    4.48404e-06

           Step           Time
         425000      850.00000

   Energies (kJ/mol)
          Angle    Proper Dih. Ryckaert-Bell.  Improper Dih.          LJ-14
    1.47552e+04    4.02425e+03    7.46321e+03    5.38099e+02    4.31960e+03
     Coulomb-14        LJ (SR)  Disper. corr.   Coulomb (SR)   Coul. recip.
    1.07230e+04   -3.99379e+03   -3.99366e+03   -3.31288e+05    2.25576e+03
      Potential    Kinetic En.   Total Energy  Conserved En.    Temperature
   -2.95196e+05    4.65236e+04   -2.48673e+05   -2.59025e+05    3.21101e+02
 Pres. DC (bar) Pressure (bar)   Constr. rmsd
   -2.51112e+02   -1.62289e+02    4.39066e-06

           Step           Time
         430000      860.00000

   Energies (kJ/mol)
          Angle    Proper Dih. Ryckaert-Bell.  Improper Dih.          LJ-14
    1.39185e+04    4.05706e+03    7.29405e+03    5.48107e+02    4.15433e+03
     Coulomb-14        LJ (SR)  Disper. corr.   Coulomb (SR)   Coul. recip.
    1.09006e+04   -2.98768e+03   -3.98791e+03   -3.31840e+05    2.17990e+03
      Potential    Kinetic En.   Total Energy  Conserved En.    Temperature
   -2.95763e+05    4.70925e+04   -2.48671e+05   -2.59148e+05    3.25027e+02
 Pres. DC (bar) Pressure (bar)   Constr. rmsd
   -2.50390e+02    3.30238e+01    4.50201e-06

Writing checkpoint, step 433800 at Thu Oct 25 12:51:24 2018


           Step           Time
         435000      870.00000

   Energies (kJ/mol)
          Angle    Proper Dih. Ryckaert-Bell.  Improper Dih.          LJ-14
    1.40047e+04    4.13184e+03    7.43709e+03    4.47911e+02    4.09170e+03
     Coulomb-14        LJ (SR)  Disper. corr.   Coulomb (SR)   Coul. recip.
    1.13605e+04   -2.78238e+03   -3.98918e+03   -3.32589e+05    2.26820e+03
      Potential    Kinetic En.   Total Energy  Conserved En.    Temperature
   -2.95619e+05    4.67093e+04   -2.48909e+05   -2.59337e+05    3.22383e+02
 Pres. DC (bar) Pressure (bar)   Constr. rmsd
   -2.50551e+02    1.01203e+02    4.47225e-06

           Step           Time
         440000      880.00000

   Energies (kJ/mol)
          Angle    Proper Dih. Ryckaert-Bell.  Improper Dih.          LJ-14
    1.41584e+04    4.00950e+03    7.49177e+03    5.38719e+02    4.22940e+03
     Coulomb-14        LJ (SR)  Disper. corr.   Coulomb (SR)   Coul. recip.
    1.08726e+04   -3.20065e+03   -3.99244e+03   -3.31173e+05    2.20493e+03
      Potential    Kinetic En.   Total Energy  Conserved En.    Temperature
   -2.94861e+05    4.75198e+04   -2.47341e+05   -2.59482e+05    3.27976e+02
 Pres. DC (bar) Pressure (bar)   Constr. rmsd
   -2.50960e+02   -1.51280e+02    4.70623e-06

           Step           Time
         445000      890.00000

   Energies (kJ/mol)
          Angle    Proper Dih. Ryckaert-Bell.  Improper Dih.          LJ-14
    1.46269e+04    4.12721e+03    7.33374e+03    4.71224e+02    4.26452e+03
     Coulomb-14        LJ (SR)  Disper. corr.   Coulomb (SR)   Coul. recip.
    1.07796e+04   -2.95405e+03   -3.98259e+03   -3.31628e+05    2.34755e+03
      Potential    Kinetic En.   Total Energy  Conserved En.    Temperature
   -2.94613e+05    4.62831e+04   -2.48330e+05   -2.59642e+05    3.19441e+02
 Pres. DC (bar) Pressure (bar)   Constr. rmsd
   -2.49724e+02    1.10613e+02    4.56254e-06

           Step           Time
         450000      900.00000

   Energies (kJ/mol)
          Angle    Proper Dih. Ryckaert-Bell.  Improper Dih.          LJ-14
    1.45255e+04    4.17552e+03    7.18647e+03    5.17223e+02    4.19935e+03
     Coulomb-14        LJ (SR)  Disper. corr.   Coulomb (SR)   Coul. recip.
    1.11679e+04   -3.93074e+03   -3.96836e+03   -3.31293e+05    2.23271e+03
      Potential    Kinetic En.   Total Energy  Conserved En.    Temperature
   -2.95188e+05    4.66581e+04   -2.48529e+05   -2.59798e+05    3.22029e+02
 Pres. DC (bar) Pressure (bar)   Constr. rmsd
   -2.47944e+02   -4.26538e+02    4.59864e-06

           Step           Time
         455000      910.00000

   Energies (kJ/mol)
          Angle    Proper Dih. Ryckaert-Bell.  Improper Dih.          LJ-14
    1.44061e+04    4.13292e+03    7.39227e+03    5.17874e+02    4.16990e+03
     Coulomb-14        LJ (SR)  Disper. corr.   Coulomb (SR)   Coul. recip.
    1.09655e+04   -2.92060e+03   -3.99336e+03   -3.31760e+05    2.24351e+03
      Potential    Kinetic En.   Total Energy  Conserved En.    Temperature
   -2.94846e+05    4.68671e+04   -2.47979e+05   -2.59913e+05    3.23471e+02
 Pres. DC (bar) Pressure (bar)   Constr. rmsd
   -2.51075e+02   -2.82807e+01    4.41178e-06

           Step           Time
         460000      920.00000

   Energies (kJ/mol)
          Angle    Proper Dih. Ryckaert-Bell.  Improper Dih.          LJ-14
    1.41221e+04    4.03366e+03    7.31471e+03    4.60781e+02    4.30906e+03
     Coulomb-14        LJ (SR)  Disper. corr.   Coulomb (SR)   Coul. recip.
    1.01325e+04   -3.64102e+03   -3.98912e+03   -3.31026e+05    2.35566e+03
      Potential    Kinetic En.   Total Energy  Conserved En.    Temperature
   -2.95927e+05    4.69993e+04   -2.48928e+05   -2.60091e+05    3.24384e+02
 Pres. DC (bar) Pressure (bar)   Constr. rmsd
   -2.50542e+02   -1.94342e+02    4.85567e-06

           Step           Time
         465000      930.00000

   Energies (kJ/mol)
          Angle    Proper Dih. Ryckaert-Bell.  Improper Dih.          LJ-14
    1.41303e+04    4.15150e+03    7.27506e+03    4.98314e+02    4.28376e+03
     Coulomb-14        LJ (SR)  Disper. corr.   Coulomb (SR)   Coul. recip.
    1.06521e+04   -3.34517e+03   -3.98575e+03   -3.31018e+05    2.31118e+03
      Potential    Kinetic En.   Total Energy  Conserved En.    Temperature
   -2.95046e+05    4.69485e+04   -2.48098e+05   -2.60231e+05    3.24033e+02
 Pres. DC (bar) Pressure (bar)   Constr. rmsd
   -2.50120e+02   -7.69975e+01    4.32950e-06

           Step           Time
         470000      940.00000

   Energies (kJ/mol)
          Angle    Proper Dih. Ryckaert-Bell.  Improper Dih.          LJ-14
    1.39554e+04    4.07061e+03    7.35892e+03    4.93442e+02    4.22717e+03
     Coulomb-14        LJ (SR)  Disper. corr.   Coulomb (SR)   Coul. recip.
    1.06705e+04   -3.08087e+03   -3.99715e+03   -3.31046e+05    2.24242e+03
      Potential    Kinetic En.   Total Energy  Conserved En.    Temperature
   -2.95106e+05    4.61215e+04   -2.48984e+05   -2.60372e+05    3.18326e+02
 Pres. DC (bar) Pressure (bar)   Constr. rmsd
   -2.51551e+02    1.58741e+02    4.46651e-06

           Step           Time
         475000      950.00000

   Energies (kJ/mol)
          Angle    Proper Dih. Ryckaert-Bell.  Improper Dih.          LJ-14
    1.41250e+04    4.19017e+03    7.37679e+03    5.34009e+02    4.23251e+03
     Coulomb-14        LJ (SR)  Disper. corr.   Coulomb (SR)   Coul. recip.
    1.08978e+04   -3.73108e+03   -3.98037e+03   -3.30872e+05    2.24199e+03
      Potential    Kinetic En.   Total Energy  Conserved En.    Temperature
   -2.94985e+05    4.66438e+04   -2.48341e+05   -2.60515e+05    3.21930e+02
 Pres. DC (bar) Pressure (bar)   Constr. rmsd
   -2.49445e+02   -3.70882e+01    4.24074e-06

           Step           Time
         480000      960.00000

   Energies (kJ/mol)
          Angle    Proper Dih. Ryckaert-Bell.  Improper Dih.          LJ-14
    1.45350e+04    4.01209e+03    7.32611e+03    4.87770e+02    4.17992e+03
     Coulomb-14        LJ (SR)  Disper. corr.   Coulomb (SR)   Coul. recip.
    1.09240e+04   -2.73951e+03   -4.01080e+03   -3.32762e+05    2.24068e+03
      Potential    Kinetic En.   Total Energy  Conserved En.    Temperature
   -2.95807e+05    4.70624e+04   -2.48744e+05   -2.60630e+05    3.24819e+02
 Pres. DC (bar) Pressure (bar)   Constr. rmsd
   -2.53270e+02    4.47942e+02    4.29375e-06

           Step           Time
         485000      970.00000

   Energies (kJ/mol)
          Angle    Proper Dih. Ryckaert-Bell.  Improper Dih.          LJ-14
    1.44208e+04    3.98101e+03    7.25191e+03    4.98642e+02    4.31720e+03
     Coulomb-14        LJ (SR)  Disper. corr.   Coulomb (SR)   Coul. recip.
    1.04035e+04   -3.11913e+03   -3.99121e+03   -3.31037e+05    2.26447e+03
      Potential    Kinetic En.   Total Energy  Conserved En.    Temperature
   -2.95010e+05    4.73003e+04   -2.47710e+05   -2.60791e+05    3.26461e+02
 Pres. DC (bar) Pressure (bar)   Constr. rmsd
   -2.50805e+02    2.80857e+02    4.28924e-06

           Step           Time
         490000      980.00000

   Energies (kJ/mol)
          Angle    Proper Dih. Ryckaert-Bell.  Improper Dih.          LJ-14
    1.39269e+04    4.12022e+03    7.23568e+03    4.83675e+02    4.04292e+03
     Coulomb-14        LJ (SR)  Disper. corr.   Coulomb (SR)   Coul. recip.
    1.10227e+04   -2.43986e+03   -4.01429e+03   -3.32788e+05    2.24903e+03
      Potential    Kinetic En.   Total Energy  Conserved En.    Temperature
   -2.96161e+05    4.71158e+04   -2.49045e+05   -2.60958e+05    3.25188e+02
 Pres. DC (bar) Pressure (bar)   Constr. rmsd
   -2.53711e+02    2.24118e+02    4.58423e-06

           Step           Time
         495000      990.00000

   Energies (kJ/mol)
          Angle    Proper Dih. Ryckaert-Bell.  Improper Dih.          LJ-14
    1.44853e+04    3.83187e+03    7.38004e+03    5.46180e+02    4.33055e+03
     Coulomb-14        LJ (SR)  Disper. corr.   Coulomb (SR)   Coul. recip.
    1.05522e+04   -3.35612e+03   -4.00079e+03   -3.31272e+05    2.26298e+03
      Potential    Kinetic En.   Total Energy  Conserved En.    Temperature
   -2.95240e+05    4.69676e+04   -2.48272e+05   -2.61158e+05    3.24165e+02
 Pres. DC (bar) Pressure (bar)   Constr. rmsd
   -2.52009e+02   -1.16187e+02    4.11256e-06

           Step           Time
         500000     1000.00000

Writing checkpoint, step 500000 at Thu Oct 25 13:05:12 2018


   Energies (kJ/mol)
          Angle    Proper Dih. Ryckaert-Bell.  Improper Dih.          LJ-14
    1.46425e+04    4.05266e+03    7.44159e+03    4.33318e+02    4.37118e+03
     Coulomb-14        LJ (SR)  Disper. corr.   Coulomb (SR)   Coul. recip.
    1.01394e+04   -3.49569e+03   -3.98906e+03   -3.31187e+05    2.32687e+03
      Potential    Kinetic En.   Total Energy  Conserved En.    Temperature
   -2.95264e+05    4.72475e+04   -2.48017e+05   -2.61272e+05    3.26097e+02
 Pres. DC (bar) Pressure (bar)   Constr. rmsd
   -2.50535e+02   -1.22696e+01    4.75145e-06

	<======  ###############  ==>
	<====  A V E R A G E S  ====>
	<==  ###############  ======>

	Statistics over 500001 steps using 5001 frames

   Energies (kJ/mol)
          Angle    Proper Dih. Ryckaert-Bell.  Improper Dih.          LJ-14
    1.43063e+04    4.13793e+03    7.35704e+03    5.03468e+02    4.25036e+03
     Coulomb-14        LJ (SR)  Disper. corr.   Coulomb (SR)   Coul. recip.
    1.07754e+04   -3.25557e+03   -3.99367e+03   -3.31314e+05    2.26950e+03
      Potential    Kinetic En.   Total Energy  Conserved En.    Temperature
   -2.94963e+05    4.67990e+04   -2.48164e+05   -2.53744e+05    3.23002e+02
 Pres. DC (bar) Pressure (bar)   Constr. rmsd
   -2.51117e+02    1.15994e+00    0.00000e+00

          Box-X          Box-Y          Box-Z
    6.31698e+00    6.34168e+00    6.59968e+00

   Total Virial (kJ/mol)
    1.57726e+04    2.74088e+01   -2.33158e+00
    2.74426e+01    1.58145e+04   -3.22313e+00
   -2.57004e+00   -3.26596e+00    1.51885e+04

   Pressure (bar)
    2.28689e-01   -3.88945e+00    1.47521e+00
   -3.89369e+00   -3.84549e+00    2.34340e+00
    1.50516e+00    2.34879e+00    7.09663e+00

         T-DPPC          T-SOL
    3.22975e+02    3.23018e+02


	M E G A - F L O P S   A C C O U N T I N G

 NB=Group-cutoff nonbonded kernels    NxN=N-by-N cluster Verlet kernels
 RF=Reaction-Field  VdW=Van der Waals  QSTab=quadratic-spline table
 W3=SPC/TIP3p  W4=TIP4p (single or pairs)
 V&F=Potential and force  V=Potential only  F=Force only

 Computing:                               M-Number         M-Flops  % Flops
-----------------------------------------------------------------------------
 Pair Search distance check           30046.911826      270422.206     0.1
 NxN QSTab Elec. + LJ [F]           2676287.328264   109727780.459    52.9
 NxN QSTab Elec. + LJ [V&F]           27038.566232     1595275.408     0.8
 NxN LJ [F]                          536947.307424    17719261.145     8.5
 NxN LJ [V&F]                          5424.786416      233265.816     0.1
 NxN QSTab Elec. [F]                1749313.782216    59476668.595    28.7
 NxN QSTab Elec. [V&F]                17673.345512      724607.166     0.3
 1,4 nonbonded interactions            1856.003712      167040.334     0.1
 Calc Weights                         26047.552095      937711.875     0.5
 Spread Q Bspline                    555681.111360     1111362.223     0.5
 Gather F Bspline                    555681.111360     3334086.668     1.6
 3D-FFT                             1198520.397036     9588163.176     4.6
 Solve PME                              882.001764       56448.113     0.0
 Shift-X                                 86.842365         521.054     0.0
 Angles                                3648.007296      612865.226     0.3
 Propers                               1472.002944      337088.674     0.2
 Impropers                              192.000384       39936.080     0.0
 RB-Dihedrals                          1536.003072      379392.759     0.2
 Virial                                1741.017410       31338.313     0.0
 Stop-CM                                 86.842365         868.424     0.0
 Calc-Ekin                             3473.034730       93771.938     0.0
 Lincs                                 3136.006272      188160.376     0.1
 Lincs-Mat                            43776.087552      175104.350     0.1
 Constraint-V                         11754.523509       94036.188     0.0
 Constraint-Vir                        1723.717237       41369.214     0.0
 Settle                                1827.503655      590283.681     0.3
-----------------------------------------------------------------------------
 Total                                               207526829.461   100.0
-----------------------------------------------------------------------------


     R E A L   C Y C L E   A N D   T I M E   A C C O U N T I N G

On 1 MPI rank, each using 8 OpenMP threads

 Computing:          Num   Num      Call    Wall time         Giga-Cycles
                     Ranks Threads  Count      (s)         total sum    %
-----------------------------------------------------------------------------
 Neighbor search        1    8       5001      49.102       1219.129   0.8
 Force                  1    8     500001    4997.128     124071.146  80.2
 PME mesh               1    8     500001     796.635      19779.258  12.8
 NB X/F buffer ops.     1    8     995001     133.014       3302.538   2.1
 Write traj.            1    8        107       1.968         48.850   0.0
 Update                 1    8     500001      62.934       1562.558   1.0
 Constraints            1    8     500001     152.962       3797.804   2.5
 Rest                                          36.263        900.345   0.6
-----------------------------------------------------------------------------
 Total                                       6230.005     154681.630 100.0
-----------------------------------------------------------------------------
 Breakdown of PME mesh computation
-----------------------------------------------------------------------------
 PME spread             1    8     500001     286.684       7117.942   4.6
 PME gather             1    8     500001     240.184       5963.403   3.9
 PME 3D-FFT             1    8    1000002     226.379       5620.661   3.6
 PME solve Elec         1    8     500001      39.067        969.967   0.6
-----------------------------------------------------------------------------

               Core t (s)   Wall t (s)        (%)
       Time:    49840.039     6230.005      800.0
                         1h43:50
                 (ns/day)    (hour/ns)
Performance:       13.868        1.731
Finished mdrun on rank 0 Thu Oct 25 13:05:13 2018
