Log file opened on Sun Apr 15 20:01:53 2018
Host: modarres-virtual-machine  pid: 8387  rank ID: 0  number of ranks:  1
                   :-) GROMACS - gmx mdrun, VERSION 5.1.4 (-:

                            GROMACS is written by:
     Emile Apol      Rossen Apostolov  Herman J.C. Berendsen    Par Bjelkmar   
 Aldert van Buuren   Rudi van Drunen     Anton Feenstra   Sebastian Fritsch 
  Gerrit Groenhof   Christoph Junghans   Anca Hamuraru    Vincent Hindriksen
 Dimitrios Karkoulis    Peter Kasson        Jiri Kraus      Carsten Kutzner  
    Per Larsson      Justin A. Lemkul   Magnus Lundborg   Pieter Meulenhoff 
   Erik Marklund      Teemu Murtola       Szilard Pall       Sander Pronk   
   Roland Schulz     Alexey Shvetsov     Michael Shirts     Alfons Sijbers  
   Peter Tieleman    Teemu Virolainen  Christian Wennberg    Maarten Wolf   
                           and the project leaders:
        Mark Abraham, Berk Hess, Erik Lindahl, and David van der Spoel

Copyright (c) 1991-2000, University of Groningen, The Netherlands.
Copyright (c) 2001-2015, The GROMACS development team at
Uppsala University, Stockholm University and
the Royal Institute of Technology, Sweden.
check out http://www.gromacs.org for more information.

GROMACS is free software; you can redistribute it and/or modify it
under the terms of the GNU Lesser General Public License
as published by the Free Software Foundation; either version 2.1
of the License, or (at your option) any later version.

GROMACS:      gmx mdrun, VERSION 5.1.4
Executable:   /usr/local/gromacs/bin/gmx
Data prefix:  /usr/local/gromacs
Command line:
  gmx mdrun -v -nt 16 -deffnm md

GROMACS version:    VERSION 5.1.4
Precision:          single
Memory model:       64 bit
MPI library:        thread_mpi
OpenMP support:     enabled (GMX_OPENMP_MAX_THREADS = 32)
GPU support:        disabled
OpenCL support:     disabled
invsqrt routine:    gmx_software_invsqrt(x)
SIMD instructions:  AVX2_256
FFT library:        fftw-3.3.4-sse2-avx
RDTSCP usage:       enabled
C++11 compilation:  enabled
TNG support:        enabled
Tracing support:    disabled
Built on:           ‫دوشنبه ۰۶ نوامبر ۱۷، ساعت ۱۷:۵۲:۲۶ (IRST)‬
Built by:           modarres@modarres-virtual-machine [CMAKE]
Build OS/arch:      Linux 4.2.0-27-generic x86_64
Build CPU vendor:   GenuineIntel
Build CPU brand:    Intel(R) Xeon(R) CPU E5-2630 v4 @ 2.20GHz
Build CPU family:   6   Model: 79   Stepping: 1
Build CPU features: aes apic avx avx2 clfsh cmov cx8 cx16 f16c fma lahf_lm mmx msr nonstop_tsc pcid pclmuldq pdpe1gb popcnt pse rdrnd rdtscp sse2 sse3 sse4.1 sse4.2 ssse3 tdt x2apic
C compiler:         /usr/bin/cc GNU 4.8.4
C compiler flags:    -march=core-avx2    -Wundef -Wextra -Wno-missing-field-initializers -Wno-sign-compare -Wpointer-arith -Wall -Wno-unused -Wunused-value -Wunused-parameter  -O3 -DNDEBUG -funroll-all-loops -fexcess-precision=fast  -Wno-array-bounds 
C++ compiler:       /usr/bin/c++ GNU 4.8.4
C++ compiler flags:  -march=core-avx2   -std=c++0x  -Wundef -Wextra -Wno-missing-field-initializers -Wpointer-arith -Wall -Wno-unused-function  -O3 -DNDEBUG -funroll-all-loops -fexcess-precision=fast  -Wno-array-bounds 
Boost version:      1.55.0 (internal)


Running on 1 node with total 16 cores, 16 logical cores
Hardware detected:
  CPU info:
    Vendor: GenuineIntel
    Brand:  Intel(R) Xeon(R) CPU E5-2630 v4 @ 2.20GHz
    Family:  6  model: 79  stepping:  1
    CPU features: aes apic avx avx2 clfsh cmov cx8 cx16 f16c fma lahf_lm mmx msr nonstop_tsc pcid pclmuldq pdpe1gb popcnt pse rdrnd rdtscp sse2 sse3 sse4.1 sse4.2 ssse3 tdt x2apic
    SIMD instructions most likely to fit this hardware: AVX2_256
    SIMD instructions selected at GROMACS compile time: AVX2_256


++++ PLEASE READ AND CITE THE FOLLOWING REFERENCE ++++
M. J. Abraham, T. Murtola, R. Schulz, S. Páll, J. C. Smith, B. Hess, E.
Lindahl
GROMACS: High performance molecular simulations through multi-level
parallelism from laptops to supercomputers
SoftwareX 1 (2015) pp. 19-25
-------- -------- --- Thank You --- -------- --------


++++ PLEASE READ AND CITE THE FOLLOWING REFERENCE ++++
S. Páll, M. J. Abraham, C. Kutzner, B. Hess, E. Lindahl
Tackling Exascale Software Challenges in Molecular Dynamics Simulations with
GROMACS
In S. Markidis & E. Laure (Eds.), Solving Software Challenges for Exascale 8759 (2015) pp. 3-27
-------- -------- --- Thank You --- -------- --------


++++ PLEASE READ AND CITE THE FOLLOWING REFERENCE ++++
S. Pronk, S. Páll, R. Schulz, P. Larsson, P. Bjelkmar, R. Apostolov, M. R.
Shirts, J. C. Smith, P. M. Kasson, D. van der Spoel, B. Hess, and E. Lindahl
GROMACS 4.5: a high-throughput and highly parallel open source molecular
simulation toolkit
Bioinformatics 29 (2013) pp. 845-54
-------- -------- --- Thank You --- -------- --------


++++ PLEASE READ AND CITE THE FOLLOWING REFERENCE ++++
B. Hess and C. Kutzner and D. van der Spoel and E. Lindahl
GROMACS 4: Algorithms for highly efficient, load-balanced, and scalable
molecular simulation
J. Chem. Theory Comput. 4 (2008) pp. 435-447
-------- -------- --- Thank You --- -------- --------


++++ PLEASE READ AND CITE THE FOLLOWING REFERENCE ++++
D. van der Spoel, E. Lindahl, B. Hess, G. Groenhof, A. E. Mark and H. J. C.
Berendsen
GROMACS: Fast, Flexible and Free
J. Comp. Chem. 26 (2005) pp. 1701-1719
-------- -------- --- Thank You --- -------- --------


++++ PLEASE READ AND CITE THE FOLLOWING REFERENCE ++++
E. Lindahl and B. Hess and D. van der Spoel
GROMACS 3.0: A package for molecular simulation and trajectory analysis
J. Mol. Mod. 7 (2001) pp. 306-317
-------- -------- --- Thank You --- -------- --------


++++ PLEASE READ AND CITE THE FOLLOWING REFERENCE ++++
H. J. C. Berendsen, D. van der Spoel and R. van Drunen
GROMACS: A message-passing parallel molecular dynamics implementation
Comp. Phys. Comm. 91 (1995) pp. 43-56
-------- -------- --- Thank You --- -------- --------

Changing nstlist from 10 to 20, rlist from 1 to 1.028

Input Parameters:
   integrator                     = md
   tinit                          = 0
   dt                             = 0.002
   nsteps                         = 5000000
   init-step                      = 0
   simulation-part                = 1
   comm-mode                      = Linear
   nstcomm                        = 100
   bd-fric                        = 0
   ld-seed                        = 2233642665
   emtol                          = 10
   emstep                         = 0.01
   niter                          = 20
   fcstep                         = 0
   nstcgsteep                     = 1000
   nbfgscorr                      = 10
   rtpi                           = 0.05
   nstxout                        = 50000
   nstvout                        = 50000
   nstfout                        = 0
   nstlog                         = 50000
   nstcalcenergy                  = 100
   nstenergy                      = 50000
   nstxout-compressed             = 50000
   compressed-x-precision         = 1000
   cutoff-scheme                  = Verlet
   nstlist                        = 20
   ns-type                        = Grid
   pbc                            = xyz
   periodic-molecules             = FALSE
   verlet-buffer-tolerance        = 0.005
   rlist                          = 1.028
   rlistlong                      = 1.028
   nstcalclr                      = 10
   coulombtype                    = PME
   coulomb-modifier               = Potential-shift
   rcoulomb-switch                = 0
   rcoulomb                       = 1
   epsilon-r                      = 1
   epsilon-rf                     = inf
   vdw-type                       = Cut-off
   vdw-modifier                   = Potential-shift
   rvdw-switch                    = 0
   rvdw                           = 1
   DispCorr                       = EnerPres
   table-extension                = 1
   fourierspacing                 = 0.16
   fourier-nx                     = 44
   fourier-ny                     = 44
   fourier-nz                     = 44
   pme-order                      = 4
   ewald-rtol                     = 1e-05
   ewald-rtol-lj                  = 0.001
   lj-pme-comb-rule               = Geometric
   ewald-geometry                 = 0
   epsilon-surface                = 0
   implicit-solvent               = No
   gb-algorithm                   = Still
   nstgbradii                     = 1
   rgbradii                       = 1
   gb-epsilon-solvent             = 80
   gb-saltconc                    = 0
   gb-obc-alpha                   = 1
   gb-obc-beta                    = 0.8
   gb-obc-gamma                   = 4.85
   gb-dielectric-offset           = 0.009
   sa-algorithm                   = Ace-approximation
   sa-surface-tension             = 2.05016
   tcoupl                         = V-rescale
   nsttcouple                     = 10
   nh-chain-length                = 0
   print-nose-hoover-chain-variables = FALSE
   pcoupl                         = Berendsen
   pcoupltype                     = Isotropic
   nstpcouple                     = 10
   tau-p                          = 2
   compressibility (3x3):
      compressibility[    0]={ 4.50000e-05,  0.00000e+00,  0.00000e+00}
      compressibility[    1]={ 0.00000e+00,  4.50000e-05,  0.00000e+00}
      compressibility[    2]={ 0.00000e+00,  0.00000e+00,  4.50000e-05}
   ref-p (3x3):
      ref-p[    0]={ 1.00000e+00,  0.00000e+00,  0.00000e+00}
      ref-p[    1]={ 0.00000e+00,  1.00000e+00,  0.00000e+00}
      ref-p[    2]={ 0.00000e+00,  0.00000e+00,  1.00000e+00}
   refcoord-scaling               = COM
   posres-com (3):
      posres-com[0]= 5.01306e-01
      posres-com[1]= 5.00183e-01
      posres-com[2]= 5.01266e-01
   posres-comB (3):
      posres-comB[0]= 5.01306e-01
      posres-comB[1]= 5.00183e-01
      posres-comB[2]= 5.01266e-01
   QMMM                           = FALSE
   QMconstraints                  = 0
   QMMMscheme                     = 0
   MMChargeScaleFactor            = 1
qm-opts:
   ngQM                           = 0
   constraint-algorithm           = Lincs
   continuation                   = TRUE
   Shake-SOR                      = FALSE
   shake-tol                      = 0.0001
   lincs-order                    = 4
   lincs-iter                     = 1
   lincs-warnangle                = 30
   nwall                          = 0
   wall-type                      = 9-3
   wall-r-linpot                  = -1
   wall-atomtype[0]               = -1
   wall-atomtype[1]               = -1
   wall-density[0]                = 0
   wall-density[1]                = 0
   wall-ewald-zfac                = 3
   pull                           = FALSE
   rotation                       = FALSE
   interactiveMD                  = FALSE
   disre                          = No
   disre-weighting                = Conservative
   disre-mixed                    = FALSE
   dr-fc                          = 1000
   dr-tau                         = 0
   nstdisreout                    = 100
   orire-fc                       = 0
   orire-tau                      = 0
   nstorireout                    = 100
   free-energy                    = no
   cos-acceleration               = 0
   deform (3x3):
      deform[    0]={ 0.00000e+00,  0.00000e+00,  0.00000e+00}
      deform[    1]={ 0.00000e+00,  0.00000e+00,  0.00000e+00}
      deform[    2]={ 0.00000e+00,  0.00000e+00,  0.00000e+00}
   simulated-tempering            = FALSE
   E-x:
      n = 0
   E-xt:
      n = 0
   E-y:
      n = 0
   E-yt:
      n = 0
   E-z:
      n = 0
   E-zt:
      n = 0
   swapcoords                     = no
   adress                         = FALSE
   userint1                       = 0
   userint2                       = 0
   userint3                       = 0
   userint4                       = 0
   userreal1                      = 0
   userreal2                      = 0
   userreal3                      = 0
   userreal4                      = 0
grpopts:
   nrdf:     1302.94     63813.1     1583.93
   ref-t:         310         310         310
   tau-t:         0.1         0.1         0.1
annealing:          No          No          No
annealing-npoints:           0           0           0
   acc:	           0           0           0
   nfreeze:           N           N           N
   energygrp-flags[  0]: 0 0 0
   energygrp-flags[  1]: 0 0 0
   energygrp-flags[  2]: 0 0 0

Using 1 MPI thread
Using 16 OpenMP threads 

Will do PME sum in reciprocal space for electrostatic interactions.

++++ PLEASE READ AND CITE THE FOLLOWING REFERENCE ++++
U. Essmann, L. Perera, M. L. Berkowitz, T. Darden, H. Lee and L. G. Pedersen 
A smooth particle mesh Ewald method
J. Chem. Phys. 103 (1995) pp. 8577-8592
-------- -------- --- Thank You --- -------- --------

Will do ordinary reciprocal space Ewald sum.
Using a Gaussian width (1/beta) of 0.320163 nm for Ewald
Cut-off's:   NS: 1.028   Coulomb: 1   LJ: 1
Long Range LJ corr.: <C6> 3.5223e-04
System total charge: 0.000
Generated table with 1013 data points for Ewald.
Tabscale = 500 points/nm
Generated table with 1013 data points for LJ6.
Tabscale = 500 points/nm
Generated table with 1013 data points for LJ12.
Tabscale = 500 points/nm
Generated table with 1013 data points for 1-4 COUL.
Tabscale = 500 points/nm
Generated table with 1013 data points for 1-4 LJ6.
Tabscale = 500 points/nm
Generated table with 1013 data points for 1-4 LJ12.
Tabscale = 500 points/nm
Potential shift: LJ r^-12: -1.000e+00 r^-6: -1.000e+00, Ewald -1.000e-05
Initialized non-bonded Ewald correction tables, spacing: 9.33e-04 size: 1073


Using AVX2_256 4x8 non-bonded kernels

Using full Lennard-Jones parameter combination matrix

Pinning threads with an auto-selected logical core stride of 1

Initializing LINear Constraint Solver

++++ PLEASE READ AND CITE THE FOLLOWING REFERENCE ++++
B. Hess and H. Bekker and H. J. C. Berendsen and J. G. E. M. Fraaije
LINCS: A Linear Constraint Solver for molecular simulations
J. Comp. Chem. 18 (1997) pp. 1463-1472
-------- -------- --- Thank You --- -------- --------

The number of constraints is 2033

++++ PLEASE READ AND CITE THE FOLLOWING REFERENCE ++++
S. Miyamoto and P. A. Kollman
SETTLE: An Analytical Version of the SHAKE and RATTLE Algorithms for Rigid
Water Models
J. Comp. Chem. 13 (1992) pp. 952-962
-------- -------- --- Thank You --- -------- --------

Center of mass motion removal mode is Linear
We have the following groups for center of mass motion removal:
  0:  rest

++++ PLEASE READ AND CITE THE FOLLOWING REFERENCE ++++
G. Bussi, D. Donadio and M. Parrinello
Canonical sampling through velocity rescaling
J. Chem. Phys. 126 (2007) pp. 014101
-------- -------- --- Thank You --- -------- --------

There are: 33548 Atoms
Initial temperature: 309.014 K

Started mdrun on rank 0 Sun Apr 15 20:01:54 2018
           Step           Time         Lambda
              0        0.00000        0.00000

   Energies (kJ/mol)
       G96Angle    Proper Dih.  Improper Dih.          LJ-14     Coulomb-14
    2.64827e+03    6.81154e+02    2.24203e+02    2.11597e+04   -2.41873e+04
        LJ (SR)  Disper. corr.   Coulomb (SR)   Coul. recip. Position Rest.
    6.92036e+04   -4.77701e+03   -5.06805e+05    3.03272e+03    9.24183e+00
      Potential    Kinetic En.   Total Energy    Temperature Pres. DC (bar)
   -4.38811e+05    8.58079e+04   -3.53003e+05    3.09455e+02   -2.28762e+02
 Pressure (bar)   Constr. rmsd
   -1.34555e+04    2.57125e-03

           Step           Time         Lambda
          50000      100.00000        0.00000

   Energies (kJ/mol)
       G96Angle    Proper Dih.  Improper Dih.          LJ-14     Coulomb-14
    2.48459e+03    6.79957e+02    2.14778e+02    2.17964e+04   -2.42978e+04
        LJ (SR)  Disper. corr.   Coulomb (SR)   Coul. recip. Position Rest.
    7.05750e+04   -4.79690e+03   -5.09195e+05    3.06046e+03    1.35441e+03
      Potential    Kinetic En.   Total Energy    Temperature Pres. DC (bar)
   -4.38124e+05    8.62981e+04   -3.51826e+05    3.11223e+02   -2.30668e+02
 Pressure (bar)   Constr. rmsd
    3.64839e+02    1.33382e-03

           Step           Time         Lambda
         100000      200.00000        0.00000

   Energies (kJ/mol)
       G96Angle    Proper Dih.  Improper Dih.          LJ-14     Coulomb-14
    2.54274e+03    6.99138e+02    2.17667e+02    2.17539e+04   -2.38556e+04
        LJ (SR)  Disper. corr.   Coulomb (SR)   Coul. recip. Position Rest.
    6.96948e+04   -4.79041e+03   -5.07024e+05    3.09532e+03    1.36917e+03
      Potential    Kinetic En.   Total Energy    Temperature Pres. DC (bar)
   -4.36297e+05    8.66448e+04   -3.49652e+05    3.12473e+02   -2.30046e+02
 Pressure (bar)   Constr. rmsd
    1.45491e+02    1.34511e-03

           Step           Time         Lambda
         150000      300.00000        0.00000

   Energies (kJ/mol)
       G96Angle    Proper Dih.  Improper Dih.          LJ-14     Coulomb-14
    2.67628e+03    6.30928e+02    1.84348e+02    2.19017e+04   -2.43579e+04
        LJ (SR)  Disper. corr.   Coulomb (SR)   Coul. recip. Position Rest.
    6.97501e+04   -4.79840e+03   -5.07198e+05    2.98487e+03    1.14931e+03
      Potential    Kinetic En.   Total Energy    Temperature Pres. DC (bar)
   -4.37077e+05    8.57585e+04   -3.51318e+05    3.09277e+02   -2.30813e+02
 Pressure (bar)   Constr. rmsd
    3.82309e+02    1.31254e-03

Writing checkpoint, step 187000 at Sun Apr 15 20:16:54 2018


           Step           Time         Lambda
         200000      400.00000        0.00000

   Energies (kJ/mol)
       G96Angle    Proper Dih.  Improper Dih.          LJ-14     Coulomb-14
    2.54173e+03    6.26565e+02    1.85618e+02    2.18820e+04   -2.42522e+04
        LJ (SR)  Disper. corr.   Coulomb (SR)   Coul. recip. Position Rest.
    6.83840e+04   -4.79508e+03   -5.04655e+05    3.10383e+03    1.25434e+03
      Potential    Kinetic En.   Total Energy    Temperature Pres. DC (bar)
   -4.35724e+05    8.52314e+04   -3.50493e+05    3.07376e+02   -2.30494e+02
 Pressure (bar)   Constr. rmsd
    6.32065e+00    1.33864e-03

           Step           Time         Lambda
         250000      500.00000        0.00000

   Energies (kJ/mol)
       G96Angle    Proper Dih.  Improper Dih.          LJ-14     Coulomb-14
    2.51844e+03    6.70276e+02    1.97849e+02    2.19443e+04   -2.41349e+04
        LJ (SR)  Disper. corr.   Coulomb (SR)   Coul. recip. Position Rest.
    6.93479e+04   -4.79556e+03   -5.06756e+05    3.00775e+03    1.15233e+03
      Potential    Kinetic En.   Total Energy    Temperature Pres. DC (bar)
   -4.36847e+05    8.58817e+04   -3.50966e+05    3.09721e+02   -2.30540e+02
 Pressure (bar)   Constr. rmsd
    8.84567e+01    1.35368e-03

           Step           Time         Lambda
         300000      600.00000        0.00000

   Energies (kJ/mol)
       G96Angle    Proper Dih.  Improper Dih.          LJ-14     Coulomb-14
    2.60481e+03    6.20950e+02    1.89646e+02    2.19808e+04   -2.43410e+04
        LJ (SR)  Disper. corr.   Coulomb (SR)   Coul. recip. Position Rest.
    6.99779e+04   -4.79140e+03   -5.08145e+05    2.91550e+03    1.21595e+03
      Potential    Kinetic En.   Total Energy    Temperature Pres. DC (bar)
   -4.37772e+05    8.72889e+04   -3.50483e+05    3.14796e+02   -2.30140e+02
 Pressure (bar)   Constr. rmsd
    1.36787e+02    1.34609e-03

Writing checkpoint, step 347900 at Sun Apr 15 20:31:54 2018


           Step           Time         Lambda
         350000      700.00000        0.00000

   Energies (kJ/mol)
       G96Angle    Proper Dih.  Improper Dih.          LJ-14     Coulomb-14
    2.50485e+03    6.59654e+02    2.18135e+02    2.18635e+04   -2.42596e+04
        LJ (SR)  Disper. corr.   Coulomb (SR)   Coul. recip. Position Rest.
    7.02495e+04   -4.79742e+03   -5.08149e+05    3.09657e+03    1.11300e+03
      Potential    Kinetic En.   Total Energy    Temperature Pres. DC (bar)
   -4.37500e+05    8.50972e+04   -3.52403e+05    3.06892e+02   -2.30718e+02
 Pressure (bar)   Constr. rmsd
   -2.33105e+02    1.35719e-03

           Step           Time         Lambda
         400000      800.00000        0.00000

   Energies (kJ/mol)
       G96Angle    Proper Dih.  Improper Dih.          LJ-14     Coulomb-14
    2.61435e+03    6.31025e+02    2.19913e+02    2.19163e+04   -2.42410e+04
        LJ (SR)  Disper. corr.   Coulomb (SR)   Coul. recip. Position Rest.
    6.84697e+04   -4.79223e+03   -5.06465e+05    3.14734e+03    1.18463e+03
      Potential    Kinetic En.   Total Energy    Temperature Pres. DC (bar)
   -4.37315e+05    8.63705e+04   -3.50944e+05    3.11484e+02   -2.30221e+02
 Pressure (bar)   Constr. rmsd
    1.55839e+02    1.31287e-03

           Step           Time         Lambda
         450000      900.00000        0.00000

   Energies (kJ/mol)
       G96Angle    Proper Dih.  Improper Dih.          LJ-14     Coulomb-14
    2.57761e+03    6.07755e+02    1.97933e+02    2.19178e+04   -2.43216e+04
        LJ (SR)  Disper. corr.   Coulomb (SR)   Coul. recip. Position Rest.
    7.07392e+04   -4.79920e+03   -5.08897e+05    3.03971e+03    1.13218e+03
      Potential    Kinetic En.   Total Energy    Temperature Pres. DC (bar)
   -4.37806e+05    8.54417e+04   -3.52364e+05    3.08134e+02   -2.30889e+02
 Pressure (bar)   Constr. rmsd
    2.16492e+02    1.33862e-03

Writing checkpoint, step 486880 at Sun Apr 15 20:46:54 2018


           Step           Time         Lambda
         500000     1000.00000        0.00000

   Energies (kJ/mol)
       G96Angle    Proper Dih.  Improper Dih.          LJ-14     Coulomb-14
    2.50152e+03    6.43830e+02    1.86386e+02    2.18738e+04   -2.39582e+04
        LJ (SR)  Disper. corr.   Coulomb (SR)   Coul. recip. Position Rest.
    6.88332e+04   -4.80036e+03   -5.07167e+05    2.86351e+03    1.16059e+03
      Potential    Kinetic En.   Total Energy    Temperature Pres. DC (bar)
   -4.37863e+05    8.53829e+04   -3.52480e+05    3.07922e+02   -2.31001e+02
 Pressure (bar)   Constr. rmsd
   -4.28734e+02    1.35556e-03

           Step           Time         Lambda
         550000     1100.00000        0.00000

   Energies (kJ/mol)
       G96Angle    Proper Dih.  Improper Dih.          LJ-14     Coulomb-14
    2.52896e+03    6.43666e+02    1.92433e+02    2.19216e+04   -2.40424e+04
        LJ (SR)  Disper. corr.   Coulomb (SR)   Coul. recip. Position Rest.
    7.01875e+04   -4.79960e+03   -5.08320e+05    3.11095e+03    1.28104e+03
      Potential    Kinetic En.   Total Energy    Temperature Pres. DC (bar)
   -4.37296e+05    8.62070e+04   -3.51089e+05    3.10894e+02   -2.30928e+02
 Pressure (bar)   Constr. rmsd
    1.73388e+01    1.36290e-03

           Step           Time         Lambda
         600000     1200.00000        0.00000

   Energies (kJ/mol)
       G96Angle    Proper Dih.  Improper Dih.          LJ-14     Coulomb-14
    2.47388e+03    6.25748e+02    2.16986e+02    2.19435e+04   -2.42292e+04
        LJ (SR)  Disper. corr.   Coulomb (SR)   Coul. recip. Position Rest.
    6.92473e+04   -4.79922e+03   -5.08742e+05    2.99967e+03    1.15252e+03
      Potential    Kinetic En.   Total Energy    Temperature Pres. DC (bar)
   -4.39111e+05    8.66268e+04   -3.52484e+05    3.12408e+02   -2.30891e+02
 Pressure (bar)   Constr. rmsd
   -1.60977e+00    1.33271e-03

           Step           Time         Lambda
         650000     1300.00000        0.00000

   Energies (kJ/mol)
       G96Angle    Proper Dih.  Improper Dih.          LJ-14     Coulomb-14
    2.54330e+03    6.74996e+02    1.96474e+02    2.19041e+04   -2.42515e+04
        LJ (SR)  Disper. corr.   Coulomb (SR)   Coul. recip. Position Rest.
    6.89530e+04   -4.78548e+03   -5.05552e+05    3.10327e+03    1.19740e+03
      Potential    Kinetic En.   Total Energy    Temperature Pres. DC (bar)
   -4.36016e+05    8.64604e+04   -3.49556e+05    3.11808e+02   -2.29572e+02
 Pressure (bar)   Constr. rmsd
   -3.67776e+02    1.39015e-03

Writing checkpoint, step 669900 at Sun Apr 15 21:01:54 2018


           Step           Time         Lambda
         700000     1400.00000        0.00000

   Energies (kJ/mol)
       G96Angle    Proper Dih.  Improper Dih.          LJ-14     Coulomb-14
    2.51854e+03    7.05625e+02    2.07879e+02    2.18685e+04   -2.43199e+04
        LJ (SR)  Disper. corr.   Coulomb (SR)   Coul. recip. Position Rest.
    6.95332e+04   -4.79825e+03   -5.07202e+05    3.05984e+03    1.12583e+03
      Potential    Kinetic En.   Total Energy    Temperature Pres. DC (bar)
   -4.37300e+05    8.54175e+04   -3.51883e+05    3.08047e+02   -2.30798e+02
 Pressure (bar)   Constr. rmsd
   -1.35662e+02    1.36713e-03

           Step           Time         Lambda
         750000     1500.00000        0.00000

   Energies (kJ/mol)
       G96Angle    Proper Dih.  Improper Dih.          LJ-14     Coulomb-14
    2.49646e+03    6.52421e+02    2.04189e+02    2.19151e+04   -2.41991e+04
        LJ (SR)  Disper. corr.   Coulomb (SR)   Coul. recip. Position Rest.
    6.88103e+04   -4.79608e+03   -5.06674e+05    2.98564e+03    1.18334e+03
      Potential    Kinetic En.   Total Energy    Temperature Pres. DC (bar)
   -4.37421e+05    8.54847e+04   -3.51937e+05    3.08289e+02   -2.30590e+02
 Pressure (bar)   Constr. rmsd
    1.28468e+02    1.32561e-03

           Step           Time         Lambda
         800000     1600.00000        0.00000

   Energies (kJ/mol)
       G96Angle    Proper Dih.  Improper Dih.          LJ-14     Coulomb-14
    2.61312e+03    6.51428e+02    1.58242e+02    2.19099e+04   -2.41469e+04
        LJ (SR)  Disper. corr.   Coulomb (SR)   Coul. recip. Position Rest.
    6.92999e+04   -4.79757e+03   -5.08129e+05    3.10456e+03    1.11179e+03
      Potential    Kinetic En.   Total Energy    Temperature Pres. DC (bar)
   -4.38224e+05    8.66336e+04   -3.51591e+05    3.12432e+02   -2.30732e+02
 Pressure (bar)   Constr. rmsd
    8.00027e+01    1.34324e-03

           Step           Time         Lambda
         850000     1700.00000        0.00000

   Energies (kJ/mol)
       G96Angle    Proper Dih.  Improper Dih.          LJ-14     Coulomb-14
    2.54839e+03    6.66003e+02    1.99990e+02    2.19252e+04   -2.40802e+04
        LJ (SR)  Disper. corr.   Coulomb (SR)   Coul. recip. Position Rest.
    6.91317e+04   -4.80558e+03   -5.06925e+05    3.05367e+03    1.18715e+03
      Potential    Kinetic En.   Total Energy    Temperature Pres. DC (bar)
   -4.37098e+05    8.49820e+04   -3.52116e+05    3.06476e+02   -2.31503e+02
 Pressure (bar)   Constr. rmsd
   -1.96549e+02    1.35408e-03

Writing checkpoint, step 857220 at Sun Apr 15 21:16:54 2018


           Step           Time         Lambda
         900000     1800.00000        0.00000

   Energies (kJ/mol)
       G96Angle    Proper Dih.  Improper Dih.          LJ-14     Coulomb-14
    2.52369e+03    6.59491e+02    2.09849e+02    2.18674e+04   -2.41381e+04
        LJ (SR)  Disper. corr.   Coulomb (SR)   Coul. recip. Position Rest.
    6.91654e+04   -4.78855e+03   -5.07958e+05    3.03536e+03    1.21941e+03
      Potential    Kinetic En.   Total Energy    Temperature Pres. DC (bar)
   -4.38204e+05    8.54452e+04   -3.52759e+05    3.08147e+02   -2.29867e+02
 Pressure (bar)   Constr. rmsd
    4.26440e+01    1.34478e-03

           Step           Time         Lambda
         950000     1900.00000        0.00000

   Energies (kJ/mol)
       G96Angle    Proper Dih.  Improper Dih.          LJ-14     Coulomb-14
    2.48086e+03    6.04867e+02    1.52897e+02    2.18983e+04   -2.44647e+04
        LJ (SR)  Disper. corr.   Coulomb (SR)   Coul. recip. Position Rest.
    7.05848e+04   -4.79931e+03   -5.08239e+05    3.14897e+03    1.16027e+03
      Potential    Kinetic En.   Total Energy    Temperature Pres. DC (bar)
   -4.37472e+05    8.55066e+04   -3.51966e+05    3.08368e+02   -2.30900e+02
 Pressure (bar)   Constr. rmsd
    3.16589e+02    1.32885e-03

           Step           Time         Lambda
        1000000     2000.00000        0.00000

   Energies (kJ/mol)
       G96Angle    Proper Dih.  Improper Dih.          LJ-14     Coulomb-14
    2.55558e+03    6.56265e+02    2.02373e+02    2.19101e+04   -2.41885e+04
        LJ (SR)  Disper. corr.   Coulomb (SR)   Coul. recip. Position Rest.
    6.88996e+04   -4.80248e+03   -5.06607e+05    3.02577e+03    1.12938e+03
      Potential    Kinetic En.   Total Energy    Temperature Pres. DC (bar)
   -4.37219e+05    8.61026e+04   -3.51117e+05    3.10518e+02   -2.31205e+02
 Pressure (bar)   Constr. rmsd
   -1.22376e+02    1.35277e-03

Writing checkpoint, step 1021520 at Sun Apr 15 21:31:54 2018


           Step           Time         Lambda
        1050000     2100.00000        0.00000

   Energies (kJ/mol)
       G96Angle    Proper Dih.  Improper Dih.          LJ-14     Coulomb-14
    2.45061e+03    5.80914e+02    2.11684e+02    2.19037e+04   -2.40856e+04
        LJ (SR)  Disper. corr.   Coulomb (SR)   Coul. recip. Position Rest.
    6.96254e+04   -4.79340e+03   -5.08836e+05    3.00805e+03    1.12589e+03
      Potential    Kinetic En.   Total Energy    Temperature Pres. DC (bar)
   -4.38809e+05    8.67147e+04   -3.52094e+05    3.12725e+02   -2.30332e+02
 Pressure (bar)   Constr. rmsd
   -5.62105e+01    1.36432e-03

           Step           Time         Lambda
        1100000     2200.00000        0.00000

   Energies (kJ/mol)
       G96Angle    Proper Dih.  Improper Dih.          LJ-14     Coulomb-14
    2.50780e+03    7.13783e+02    1.79098e+02    2.18557e+04   -2.41529e+04
        LJ (SR)  Disper. corr.   Coulomb (SR)   Coul. recip. Position Rest.
    6.97286e+04   -4.79711e+03   -5.07424e+05    3.02395e+03    1.26505e+03
      Potential    Kinetic En.   Total Energy    Temperature Pres. DC (bar)
   -4.37100e+05    8.63958e+04   -3.50704e+05    3.11575e+02   -2.30689e+02
 Pressure (bar)   Constr. rmsd
    1.16932e+02    1.34751e-03

Writing checkpoint, step 1144780 at Sun Apr 15 21:46:54 2018


           Step           Time         Lambda
        1150000     2300.00000        0.00000

   Energies (kJ/mol)
       G96Angle    Proper Dih.  Improper Dih.          LJ-14     Coulomb-14
    2.45567e+03    6.45620e+02    1.78236e+02    2.19241e+04   -2.42164e+04
        LJ (SR)  Disper. corr.   Coulomb (SR)   Coul. recip. Position Rest.
    6.77959e+04   -4.80671e+03   -5.04611e+05    3.00980e+03    1.13034e+03
      Potential    Kinetic En.   Total Energy    Temperature Pres. DC (bar)
   -4.36494e+05    8.58654e+04   -3.50629e+05    3.09662e+02   -2.31612e+02
 Pressure (bar)   Constr. rmsd
   -3.01242e+01    1.34923e-03

           Step           Time         Lambda
        1200000     2400.00000        0.00000

   Energies (kJ/mol)
       G96Angle    Proper Dih.  Improper Dih.          LJ-14     Coulomb-14
    2.60433e+03    6.70654e+02    2.31792e+02    2.19687e+04   -2.45206e+04
        LJ (SR)  Disper. corr.   Coulomb (SR)   Coul. recip. Position Rest.
    6.86938e+04   -4.78638e+03   -5.06033e+05    2.95783e+03    1.20692e+03
      Potential    Kinetic En.   Total Energy    Temperature Pres. DC (bar)
   -4.37006e+05    8.54140e+04   -3.51592e+05    3.08034e+02   -2.29660e+02
 Pressure (bar)   Constr. rmsd
   -1.75026e+02    1.37161e-03

           Step           Time         Lambda
        1250000     2500.00000        0.00000

   Energies (kJ/mol)
       G96Angle    Proper Dih.  Improper Dih.          LJ-14     Coulomb-14
    2.45935e+03    6.05318e+02    1.77621e+02    2.19182e+04   -2.42840e+04
        LJ (SR)  Disper. corr.   Coulomb (SR)   Coul. recip. Position Rest.
    6.88470e+04   -4.80713e+03   -5.07048e+05    2.98047e+03    1.11734e+03
      Potential    Kinetic En.   Total Energy    Temperature Pres. DC (bar)
   -4.38034e+05    8.50019e+04   -3.53032e+05    3.06548e+02   -2.31652e+02
 Pressure (bar)   Constr. rmsd
   -1.06124e+02    1.36586e-03

Writing checkpoint, step 1278480 at Sun Apr 15 22:01:54 2018


           Step           Time         Lambda
        1300000     2600.00000        0.00000

   Energies (kJ/mol)
       G96Angle    Proper Dih.  Improper Dih.          LJ-14     Coulomb-14
    2.53460e+03    6.30884e+02    1.82114e+02    2.18738e+04   -2.44292e+04
        LJ (SR)  Disper. corr.   Coulomb (SR)   Coul. recip. Position Rest.
    6.85505e+04   -4.80134e+03   -5.07087e+05    2.98992e+03    1.12806e+03
      Potential    Kinetic En.   Total Energy    Temperature Pres. DC (bar)
   -4.38427e+05    8.63686e+04   -3.52059e+05    3.11477e+02   -2.31095e+02
 Pressure (bar)   Constr. rmsd
   -6.79646e+02    1.39582e-03

           Step           Time         Lambda
        1350000     2700.00000        0.00000

   Energies (kJ/mol)
       G96Angle    Proper Dih.  Improper Dih.          LJ-14     Coulomb-14
    2.48156e+03    6.03269e+02    1.88337e+02    2.18872e+04   -2.42768e+04
        LJ (SR)  Disper. corr.   Coulomb (SR)   Coul. recip. Position Rest.
    6.96422e+04   -4.80387e+03   -5.07779e+05    3.02685e+03    1.19763e+03
      Potential    Kinetic En.   Total Energy    Temperature Pres. DC (bar)
   -4.37832e+05    8.55107e+04   -3.52322e+05    3.08383e+02   -2.31339e+02
 Pressure (bar)   Constr. rmsd
   -9.73501e+01    1.34940e-03

           Step           Time         Lambda
        1400000     2800.00000        0.00000

   Energies (kJ/mol)
       G96Angle    Proper Dih.  Improper Dih.          LJ-14     Coulomb-14
    2.45490e+03    6.49722e+02    2.34829e+02    2.19115e+04   -2.42478e+04
        LJ (SR)  Disper. corr.   Coulomb (SR)   Coul. recip. Position Rest.
    6.83064e+04   -4.78981e+03   -5.06690e+05    3.03949e+03    1.21904e+03
      Potential    Kinetic En.   Total Energy    Temperature Pres. DC (bar)
   -4.37911e+05    8.66047e+04   -3.51307e+05    3.12328e+02   -2.29988e+02
 Pressure (bar)   Constr. rmsd
    1.86934e+02    1.32185e-03

Writing checkpoint, step 1423800 at Sun Apr 15 22:16:54 2018


           Step           Time         Lambda
        1450000     2900.00000        0.00000

   Energies (kJ/mol)
       G96Angle    Proper Dih.  Improper Dih.          LJ-14     Coulomb-14
    2.51696e+03    6.27333e+02    2.05126e+02    2.19043e+04   -2.43710e+04
        LJ (SR)  Disper. corr.   Coulomb (SR)   Coul. recip. Position Rest.
    6.93433e+04   -4.79192e+03   -5.07442e+05    2.97079e+03    1.18099e+03
      Potential    Kinetic En.   Total Energy    Temperature Pres. DC (bar)
   -4.37857e+05    8.56211e+04   -3.52235e+05    3.08781e+02   -2.30191e+02
 Pressure (bar)   Constr. rmsd
    2.50906e+02    1.31710e-03

           Step           Time         Lambda
        1500000     3000.00000        0.00000

   Energies (kJ/mol)
       G96Angle    Proper Dih.  Improper Dih.          LJ-14     Coulomb-14
    2.42921e+03    6.41714e+02    1.87054e+02    2.18724e+04   -2.41385e+04
        LJ (SR)  Disper. corr.   Coulomb (SR)   Coul. recip. Position Rest.
    6.84427e+04   -4.79325e+03   -5.06771e+05    3.12413e+03    1.15467e+03
      Potential    Kinetic En.   Total Energy    Temperature Pres. DC (bar)
   -4.37851e+05    8.63346e+04   -3.51517e+05    3.11354e+02   -2.30318e+02
 Pressure (bar)   Constr. rmsd
    1.46613e+02    1.32381e-03

           Step           Time         Lambda
        1550000     3100.00000        0.00000

   Energies (kJ/mol)
       G96Angle    Proper Dih.  Improper Dih.          LJ-14     Coulomb-14
    2.61977e+03    6.89161e+02    1.85943e+02    2.18902e+04   -2.44932e+04
        LJ (SR)  Disper. corr.   Coulomb (SR)   Coul. recip. Position Rest.
    6.95603e+04   -4.79633e+03   -5.06810e+05    3.08744e+03    1.14038e+03
      Potential    Kinetic En.   Total Energy    Temperature Pres. DC (bar)
   -4.36926e+05    8.55057e+04   -3.51420e+05    3.08365e+02   -2.30614e+02
 Pressure (bar)   Constr. rmsd
    6.27128e+01    1.34652e-03

Writing checkpoint, step 1585760 at Sun Apr 15 22:31:54 2018


           Step           Time         Lambda
        1600000     3200.00000        0.00000

   Energies (kJ/mol)
       G96Angle    Proper Dih.  Improper Dih.          LJ-14     Coulomb-14
    2.70946e+03    6.66872e+02    1.65840e+02    2.19031e+04   -2.45483e+04
        LJ (SR)  Disper. corr.   Coulomb (SR)   Coul. recip. Position Rest.
    6.86917e+04   -4.78798e+03   -5.05834e+05    3.09560e+03    1.21436e+03
      Potential    Kinetic En.   Total Energy    Temperature Pres. DC (bar)
   -4.36723e+05    8.57880e+04   -3.50935e+05    3.09383e+02   -2.29813e+02
 Pressure (bar)   Constr. rmsd
    1.01616e+02    1.34352e-03

           Step           Time         Lambda
        1650000     3300.00000        0.00000

   Energies (kJ/mol)
       G96Angle    Proper Dih.  Improper Dih.          LJ-14     Coulomb-14
    2.60886e+03    6.27222e+02    2.04511e+02    2.19744e+04   -2.41287e+04
        LJ (SR)  Disper. corr.   Coulomb (SR)   Coul. recip. Position Rest.
    6.84481e+04   -4.78647e+03   -5.05632e+05    2.97730e+03    1.15062e+03
      Potential    Kinetic En.   Total Energy    Temperature Pres. DC (bar)
   -4.36557e+05    8.63542e+04   -3.50203e+05    3.11425e+02   -2.29668e+02
 Pressure (bar)   Constr. rmsd
    7.97506e+01    1.33834e-03

           Step           Time         Lambda
        1700000     3400.00000        0.00000

   Energies (kJ/mol)
       G96Angle    Proper Dih.  Improper Dih.          LJ-14     Coulomb-14
    2.61952e+03    6.73680e+02    2.20143e+02    2.18898e+04   -2.42443e+04
        LJ (SR)  Disper. corr.   Coulomb (SR)   Coul. recip. Position Rest.
    6.88870e+04   -4.80185e+03   -5.05830e+05    2.98951e+03    1.25152e+03
      Potential    Kinetic En.   Total Energy    Temperature Pres. DC (bar)
   -4.36345e+05    8.68349e+04   -3.49510e+05    3.13159e+02   -2.31144e+02
 Pressure (bar)   Constr. rmsd
    3.41163e+02    1.34130e-03

Writing checkpoint, step 1722840 at Sun Apr 15 22:46:54 2018


           Step           Time         Lambda
        1750000     3500.00000        0.00000

   Energies (kJ/mol)
       G96Angle    Proper Dih.  Improper Dih.          LJ-14     Coulomb-14
    2.42850e+03    6.14081e+02    2.10552e+02    2.18852e+04   -2.44362e+04
        LJ (SR)  Disper. corr.   Coulomb (SR)   Coul. recip. Position Rest.
    6.88655e+04   -4.79619e+03   -5.06647e+05    2.96047e+03    1.11402e+03
      Potential    Kinetic En.   Total Energy    Temperature Pres. DC (bar)
   -4.37801e+05    8.51456e+04   -3.52655e+05    3.07066e+02   -2.30601e+02
 Pressure (bar)   Constr. rmsd
   -7.04352e+01    1.35856e-03

           Step           Time         Lambda
        1800000     3600.00000        0.00000

   Energies (kJ/mol)
       G96Angle    Proper Dih.  Improper Dih.          LJ-14     Coulomb-14
    2.50846e+03    6.05171e+02    2.42657e+02    2.18772e+04   -2.43163e+04
        LJ (SR)  Disper. corr.   Coulomb (SR)   Coul. recip. Position Rest.
    6.84686e+04   -4.79436e+03   -5.06447e+05    3.01508e+03    1.08553e+03
      Potential    Kinetic En.   Total Energy    Temperature Pres. DC (bar)
   -4.37755e+05    8.48998e+04   -3.52855e+05    3.06180e+02   -2.30425e+02
 Pressure (bar)   Constr. rmsd
   -1.62447e+02    1.35224e-03

           Step           Time         Lambda
        1850000     3700.00000        0.00000

   Energies (kJ/mol)
       G96Angle    Proper Dih.  Improper Dih.          LJ-14     Coulomb-14
    2.41733e+03    6.51228e+02    1.84831e+02    2.18683e+04   -2.44482e+04
        LJ (SR)  Disper. corr.   Coulomb (SR)   Coul. recip. Position Rest.
    6.86849e+04   -4.79409e+03   -5.06545e+05    2.99786e+03    1.13306e+03
      Potential    Kinetic En.   Total Energy    Temperature Pres. DC (bar)
   -4.37850e+05    8.55499e+04   -3.52300e+05    3.08524e+02   -2.30399e+02
 Pressure (bar)   Constr. rmsd
   -2.51624e+02    1.35283e-03

Writing checkpoint, step 1887620 at Sun Apr 15 23:01:54 2018


           Step           Time         Lambda
        1900000     3800.00000        0.00000

   Energies (kJ/mol)
       G96Angle    Proper Dih.  Improper Dih.          LJ-14     Coulomb-14
    2.55432e+03    6.14619e+02    1.91073e+02    2.18969e+04   -2.43539e+04
        LJ (SR)  Disper. corr.   Coulomb (SR)   Coul. recip. Position Rest.
    6.92838e+04   -4.79738e+03   -5.07179e+05    2.98629e+03    1.12345e+03
      Potential    Kinetic En.   Total Energy    Temperature Pres. DC (bar)
   -4.37680e+05    8.54286e+04   -3.52251e+05    3.08087e+02   -2.30714e+02
 Pressure (bar)   Constr. rmsd
    2.80902e+02    1.31665e-03

           Step           Time         Lambda
        1950000     3900.00000        0.00000

   Energies (kJ/mol)
       G96Angle    Proper Dih.  Improper Dih.          LJ-14     Coulomb-14
    2.53120e+03    6.59466e+02    1.86567e+02    2.19068e+04   -2.42119e+04
        LJ (SR)  Disper. corr.   Coulomb (SR)   Coul. recip. Position Rest.
    6.91035e+04   -4.80148e+03   -5.06940e+05    3.03821e+03    1.11860e+03
      Potential    Kinetic En.   Total Energy    Temperature Pres. DC (bar)
   -4.37409e+05    8.51969e+04   -3.52212e+05    3.07251e+02   -2.31109e+02
 Pressure (bar)   Constr. rmsd
   -8.04249e+01    1.34853e-03

           Step           Time         Lambda
        2000000     4000.00000        0.00000

   Energies (kJ/mol)
       G96Angle    Proper Dih.  Improper Dih.          LJ-14     Coulomb-14
    2.49799e+03    6.69914e+02    1.95508e+02    2.18788e+04   -2.41245e+04
        LJ (SR)  Disper. corr.   Coulomb (SR)   Coul. recip. Position Rest.
    6.87969e+04   -4.78659e+03   -5.06342e+05    2.99646e+03    1.20709e+03
      Potential    Kinetic En.   Total Energy    Temperature Pres. DC (bar)
   -4.37011e+05    8.64219e+04   -3.50589e+05    3.11669e+02   -2.29679e+02
 Pressure (bar)   Constr. rmsd
    4.04466e+02    1.29493e-03

Writing checkpoint, step 2011520 at Sun Apr 15 23:16:54 2018


           Step           Time         Lambda
        2050000     4100.00000        0.00000

   Energies (kJ/mol)
       G96Angle    Proper Dih.  Improper Dih.          LJ-14     Coulomb-14
    2.85052e+03    6.77036e+02    1.88861e+02    2.18596e+04   -2.45782e+04
        LJ (SR)  Disper. corr.   Coulomb (SR)   Coul. recip. Position Rest.
    6.81483e+04   -4.79450e+03   -5.04880e+05    2.97974e+03    1.23024e+03
      Potential    Kinetic En.   Total Energy    Temperature Pres. DC (bar)
   -4.36318e+05    8.55438e+04   -3.50774e+05    3.08502e+02   -2.30438e+02
 Pressure (bar)   Constr. rmsd
   -1.26376e+02    1.35809e-03

           Step           Time         Lambda
        2100000     4200.00000        0.00000

   Energies (kJ/mol)
       G96Angle    Proper Dih.  Improper Dih.          LJ-14     Coulomb-14
    2.56505e+03    6.77452e+02    1.83510e+02    2.18987e+04   -2.41410e+04
        LJ (SR)  Disper. corr.   Coulomb (SR)   Coul. recip. Position Rest.
    6.79561e+04   -4.80700e+03   -5.04813e+05    2.96675e+03    1.17695e+03
      Potential    Kinetic En.   Total Energy    Temperature Pres. DC (bar)
   -4.36337e+05    8.57227e+04   -3.50614e+05    3.09148e+02   -2.31639e+02
 Pressure (bar)   Constr. rmsd
    1.11663e+01    1.32958e-03

Writing checkpoint, step 2134720 at Sun Apr 15 23:31:54 2018


           Step           Time         Lambda
        2150000     4300.00000        0.00000

   Energies (kJ/mol)
       G96Angle    Proper Dih.  Improper Dih.          LJ-14     Coulomb-14
    2.54959e+03    6.41375e+02    1.81167e+02    2.18922e+04   -2.41963e+04
        LJ (SR)  Disper. corr.   Coulomb (SR)   Coul. recip. Position Rest.
    6.95900e+04   -4.80752e+03   -5.08009e+05    2.96522e+03    1.18230e+03
      Potential    Kinetic En.   Total Energy    Temperature Pres. DC (bar)
   -4.38011e+05    8.57514e+04   -3.52260e+05    3.09251e+02   -2.31689e+02
 Pressure (bar)   Constr. rmsd
    4.47007e+01    1.35201e-03

           Step           Time         Lambda
        2200000     4400.00000        0.00000

   Energies (kJ/mol)
       G96Angle    Proper Dih.  Improper Dih.          LJ-14     Coulomb-14
    2.62157e+03    6.21171e+02    1.63919e+02    2.19039e+04   -2.45445e+04
        LJ (SR)  Disper. corr.   Coulomb (SR)   Coul. recip. Position Rest.
    7.00234e+04   -4.78885e+03   -5.08042e+05    2.99924e+03    1.16677e+03
      Potential    Kinetic En.   Total Energy    Temperature Pres. DC (bar)
   -4.37875e+05    8.57948e+04   -3.52080e+05    3.09407e+02   -2.29896e+02
 Pressure (bar)   Constr. rmsd
    9.10733e+01    1.34293e-03

           Step           Time         Lambda
        2250000     4500.00000        0.00000

   Energies (kJ/mol)
       G96Angle    Proper Dih.  Improper Dih.          LJ-14     Coulomb-14
    2.49107e+03    5.93265e+02    2.04778e+02    2.19317e+04   -2.41045e+04
        LJ (SR)  Disper. corr.   Coulomb (SR)   Coul. recip. Position Rest.
    6.93336e+04   -4.80540e+03   -5.08873e+05    2.97678e+03    1.08802e+03
      Potential    Kinetic En.   Total Energy    Temperature Pres. DC (bar)
   -4.39164e+05    8.49490e+04   -3.54215e+05    3.06357e+02   -2.31486e+02
 Pressure (bar)   Constr. rmsd
    2.30877e+02    1.31646e-03

Writing checkpoint, step 2276460 at Sun Apr 15 23:46:54 2018


           Step           Time         Lambda
        2300000     4600.00000        0.00000

   Energies (kJ/mol)
       G96Angle    Proper Dih.  Improper Dih.          LJ-14     Coulomb-14
    2.46198e+03    6.26004e+02    2.10272e+02    2.18605e+04   -2.42669e+04
        LJ (SR)  Disper. corr.   Coulomb (SR)   Coul. recip. Position Rest.
    6.86857e+04   -4.80540e+03   -5.07112e+05    3.03657e+03    1.16692e+03
      Potential    Kinetic En.   Total Energy    Temperature Pres. DC (bar)
   -4.38137e+05    8.53741e+04   -3.52763e+05    3.07891e+02   -2.31486e+02
 Pressure (bar)   Constr. rmsd
   -1.59109e+02    1.35477e-03

           Step           Time         Lambda
        2350000     4700.00000        0.00000

   Energies (kJ/mol)
       G96Angle    Proper Dih.  Improper Dih.          LJ-14     Coulomb-14
    2.53530e+03    6.81311e+02    1.49737e+02    2.19132e+04   -2.41873e+04
        LJ (SR)  Disper. corr.   Coulomb (SR)   Coul. recip. Position Rest.
    6.96838e+04   -4.80528e+03   -5.07458e+05    2.92654e+03    1.19268e+03
      Potential    Kinetic En.   Total Energy    Temperature Pres. DC (bar)
   -4.37368e+05    8.59317e+04   -3.51436e+05    3.09901e+02   -2.31474e+02
 Pressure (bar)   Constr. rmsd
    8.93225e+01    1.36024e-03

           Step           Time         Lambda
        2400000     4800.00000        0.00000

   Energies (kJ/mol)
       G96Angle    Proper Dih.  Improper Dih.          LJ-14     Coulomb-14
    2.42831e+03    6.44754e+02    1.69174e+02    2.19200e+04   -2.44792e+04
        LJ (SR)  Disper. corr.   Coulomb (SR)   Coul. recip. Position Rest.
    6.95943e+04   -4.80472e+03   -5.08195e+05    2.98072e+03    1.16084e+03
      Potential    Kinetic En.   Total Energy    Temperature Pres. DC (bar)
   -4.38581e+05    8.63065e+04   -3.52274e+05    3.11253e+02   -2.31420e+02
 Pressure (bar)   Constr. rmsd
    2.69199e+02    1.32661e-03

Writing checkpoint, step 2401580 at Mon Apr 16 00:01:54 2018


           Step           Time         Lambda
        2450000     4900.00000        0.00000

   Energies (kJ/mol)
       G96Angle    Proper Dih.  Improper Dih.          LJ-14     Coulomb-14
    2.54031e+03    6.02365e+02    1.76226e+02    2.19017e+04   -2.42935e+04
        LJ (SR)  Disper. corr.   Coulomb (SR)   Coul. recip. Position Rest.
    6.89161e+04   -4.79264e+03   -5.07283e+05    2.99488e+03    1.15994e+03
      Potential    Kinetic En.   Total Energy    Temperature Pres. DC (bar)
   -4.38078e+05    8.59239e+04   -3.52154e+05    3.09873e+02   -2.30259e+02
 Pressure (bar)   Constr. rmsd
   -1.73897e+00    1.33152e-03

           Step           Time         Lambda
        2500000     5000.00000        0.00000

   Energies (kJ/mol)
       G96Angle    Proper Dih.  Improper Dih.          LJ-14     Coulomb-14
    2.46690e+03    6.56734e+02    2.02556e+02    2.18963e+04   -2.42307e+04
        LJ (SR)  Disper. corr.   Coulomb (SR)   Coul. recip. Position Rest.
    6.85812e+04   -4.79848e+03   -5.07259e+05    2.99191e+03    1.17729e+03
      Potential    Kinetic En.   Total Energy    Temperature Pres. DC (bar)
   -4.38316e+05    8.59447e+04   -3.52371e+05    3.09948e+02   -2.30820e+02
 Pressure (bar)   Constr. rmsd
   -1.63237e+02    1.34598e-03

Writing checkpoint, step 2542340 at Mon Apr 16 00:16:54 2018


           Step           Time         Lambda
        2550000     5100.00000        0.00000

   Energies (kJ/mol)
       G96Angle    Proper Dih.  Improper Dih.          LJ-14     Coulomb-14
    2.54469e+03    6.24225e+02    2.08138e+02    2.19804e+04   -2.44321e+04
        LJ (SR)  Disper. corr.   Coulomb (SR)   Coul. recip. Position Rest.
    6.91492e+04   -4.78592e+03   -5.06161e+05    3.03898e+03    1.22372e+03
      Potential    Kinetic En.   Total Energy    Temperature Pres. DC (bar)
   -4.36610e+05    8.59673e+04   -3.50643e+05    3.10030e+02   -2.29615e+02
 Pressure (bar)   Constr. rmsd
    1.63604e+02    1.34123e-03

           Step           Time         Lambda
        2600000     5200.00000        0.00000

   Energies (kJ/mol)
       G96Angle    Proper Dih.  Improper Dih.          LJ-14     Coulomb-14
    2.52838e+03    6.34755e+02    1.81098e+02    2.18781e+04   -2.43068e+04
        LJ (SR)  Disper. corr.   Coulomb (SR)   Coul. recip. Position Rest.
    6.95028e+04   -4.79573e+03   -5.07125e+05    2.96021e+03    1.22868e+03
      Potential    Kinetic En.   Total Energy    Temperature Pres. DC (bar)
   -4.37313e+05    8.53590e+04   -3.51954e+05    3.07836e+02   -2.30557e+02
 Pressure (bar)   Constr. rmsd
   -4.47557e+01    1.34336e-03

           Step           Time         Lambda
        2650000     5300.00000        0.00000

   Energies (kJ/mol)
       G96Angle    Proper Dih.  Improper Dih.          LJ-14     Coulomb-14
    2.47282e+03    6.35323e+02    1.96611e+02    2.18804e+04   -2.42402e+04
        LJ (SR)  Disper. corr.   Coulomb (SR)   Coul. recip. Position Rest.
    6.94375e+04   -4.80191e+03   -5.07522e+05    2.97208e+03    1.17381e+03
      Potential    Kinetic En.   Total Energy    Temperature Pres. DC (bar)
   -4.37795e+05    8.60462e+04   -3.51749e+05    3.10314e+02   -2.31150e+02
 Pressure (bar)   Constr. rmsd
    3.92515e+02    1.32397e-03

Writing checkpoint, step 2667200 at Mon Apr 16 00:31:54 2018


           Step           Time         Lambda
        2700000     5400.00000        0.00000

   Energies (kJ/mol)
       G96Angle    Proper Dih.  Improper Dih.          LJ-14     Coulomb-14
    2.52747e+03    6.58428e+02    1.60280e+02    2.19219e+04   -2.42646e+04
        LJ (SR)  Disper. corr.   Coulomb (SR)   Coul. recip. Position Rest.
    6.99233e+04   -4.79019e+03   -5.08386e+05    3.00583e+03    1.16586e+03
      Potential    Kinetic En.   Total Energy    Temperature Pres. DC (bar)
   -4.38077e+05    8.57473e+04   -3.52330e+05    3.09236e+02   -2.30024e+02
 Pressure (bar)   Constr. rmsd
    5.13599e+02    1.31537e-03

           Step           Time         Lambda
        2750000     5500.00000        0.00000

   Energies (kJ/mol)
       G96Angle    Proper Dih.  Improper Dih.          LJ-14     Coulomb-14
    2.59490e+03    6.33466e+02    1.88125e+02    2.19390e+04   -2.45256e+04
        LJ (SR)  Disper. corr.   Coulomb (SR)   Coul. recip. Position Rest.
    6.81024e+04   -4.80502e+03   -5.05867e+05    2.96847e+03    1.15142e+03
      Potential    Kinetic En.   Total Energy    Temperature Pres. DC (bar)
   -4.37620e+05    8.53446e+04   -3.52276e+05    3.07784e+02   -2.31450e+02
 Pressure (bar)   Constr. rmsd
   -1.87216e+02    1.35919e-03

           Step           Time         Lambda
        2800000     5600.00000        0.00000

   Energies (kJ/mol)
       G96Angle    Proper Dih.  Improper Dih.          LJ-14     Coulomb-14
    2.56702e+03    6.43755e+02    1.89016e+02    2.19703e+04   -2.43866e+04
        LJ (SR)  Disper. corr.   Coulomb (SR)   Coul. recip. Position Rest.
    7.02431e+04   -4.80218e+03   -5.08115e+05    3.08598e+03    1.19722e+03
      Potential    Kinetic En.   Total Energy    Temperature Pres. DC (bar)
   -4.37408e+05    8.65919e+04   -3.50816e+05    3.12282e+02   -2.31176e+02
 Pressure (bar)   Constr. rmsd
    6.19583e+02    1.32198e-03

Writing checkpoint, step 2815340 at Mon Apr 16 00:46:54 2018


           Step           Time         Lambda
        2850000     5700.00000        0.00000

   Energies (kJ/mol)
       G96Angle    Proper Dih.  Improper Dih.          LJ-14     Coulomb-14
    2.56412e+03    6.44983e+02    1.63781e+02    2.18474e+04   -2.42790e+04
        LJ (SR)  Disper. corr.   Coulomb (SR)   Coul. recip. Position Rest.
    6.86000e+04   -4.79807e+03   -5.06877e+05    2.96643e+03    1.11087e+03
      Potential    Kinetic En.   Total Energy    Temperature Pres. DC (bar)
   -4.38057e+05    8.56106e+04   -3.52446e+05    3.08743e+02   -2.30781e+02
 Pressure (bar)   Constr. rmsd
    9.61842e+01    1.32397e-03

           Step           Time         Lambda
        2900000     5800.00000        0.00000

   Energies (kJ/mol)
       G96Angle    Proper Dih.  Improper Dih.          LJ-14     Coulomb-14
    2.57988e+03    6.85223e+02    1.72236e+02    2.18682e+04   -2.43710e+04
        LJ (SR)  Disper. corr.   Coulomb (SR)   Coul. recip. Position Rest.
    7.05378e+04   -4.79989e+03   -5.10106e+05    3.02298e+03    1.06790e+03
      Potential    Kinetic En.   Total Energy    Temperature Pres. DC (bar)
   -4.39342e+05    8.53730e+04   -3.53970e+05    3.07886e+02   -2.30956e+02
 Pressure (bar)   Constr. rmsd
    2.13040e+02    1.33110e-03

           Step           Time         Lambda
        2950000     5900.00000        0.00000

   Energies (kJ/mol)
       G96Angle    Proper Dih.  Improper Dih.          LJ-14     Coulomb-14
    2.45837e+03    6.44492e+02    1.79777e+02    2.18753e+04   -2.40394e+04
        LJ (SR)  Disper. corr.   Coulomb (SR)   Coul. recip. Position Rest.
    6.87269e+04   -4.80443e+03   -5.06931e+05    3.00843e+03    1.24681e+03
      Potential    Kinetic En.   Total Energy    Temperature Pres. DC (bar)
   -4.37635e+05    8.65895e+04   -3.51046e+05    3.12274e+02   -2.31392e+02
 Pressure (bar)   Constr. rmsd
    1.70272e+02    1.33313e-03

Writing checkpoint, step 2966860 at Mon Apr 16 01:01:54 2018


           Step           Time         Lambda
        3000000     6000.00000        0.00000

   Energies (kJ/mol)
       G96Angle    Proper Dih.  Improper Dih.          LJ-14     Coulomb-14
    2.56593e+03    6.69788e+02    1.94802e+02    2.19154e+04   -2.42379e+04
        LJ (SR)  Disper. corr.   Coulomb (SR)   Coul. recip. Position Rest.
    6.78325e+04   -4.79869e+03   -5.06271e+05    3.02239e+03    1.18206e+03
      Potential    Kinetic En.   Total Energy    Temperature Pres. DC (bar)
   -4.37925e+05    8.60291e+04   -3.51896e+05    3.10252e+02   -2.30840e+02
 Pressure (bar)   Constr. rmsd
   -2.42145e+02    1.35528e-03

           Step           Time         Lambda
        3050000     6100.00000        0.00000

   Energies (kJ/mol)
       G96Angle    Proper Dih.  Improper Dih.          LJ-14     Coulomb-14
    2.69042e+03    6.36148e+02    1.72112e+02    2.19147e+04   -2.44219e+04
        LJ (SR)  Disper. corr.   Coulomb (SR)   Coul. recip. Position Rest.
    6.93711e+04   -4.78799e+03   -5.09071e+05    2.94130e+03    1.17211e+03
      Potential    Kinetic En.   Total Energy    Temperature Pres. DC (bar)
   -4.39383e+05    8.61601e+04   -3.53223e+05    3.10725e+02   -2.29813e+02
 Pressure (bar)   Constr. rmsd
    1.34742e+01    1.34776e-03

           Step           Time         Lambda
        3100000     6200.00000        0.00000

   Energies (kJ/mol)
       G96Angle    Proper Dih.  Improper Dih.          LJ-14     Coulomb-14
    2.47033e+03    6.51704e+02    1.83071e+02    2.18739e+04   -2.43262e+04
        LJ (SR)  Disper. corr.   Coulomb (SR)   Coul. recip. Position Rest.
    6.99538e+04   -4.80275e+03   -5.08437e+05    3.02713e+03    1.19351e+03
      Potential    Kinetic En.   Total Energy    Temperature Pres. DC (bar)
   -4.38212e+05    8.62384e+04   -3.51974e+05    3.11007e+02   -2.31231e+02
 Pressure (bar)   Constr. rmsd
    4.74093e+02    1.31361e-03

Writing checkpoint, step 3123320 at Mon Apr 16 01:16:54 2018


           Step           Time         Lambda
        3150000     6300.00000        0.00000

   Energies (kJ/mol)
       G96Angle    Proper Dih.  Improper Dih.          LJ-14     Coulomb-14
    2.49882e+03    6.25629e+02    1.95301e+02    2.18760e+04   -2.43331e+04
        LJ (SR)  Disper. corr.   Coulomb (SR)   Coul. recip. Position Rest.
    6.85894e+04   -4.79578e+03   -5.06187e+05    2.99630e+03    1.15488e+03
      Potential    Kinetic En.   Total Energy    Temperature Pres. DC (bar)
   -4.37380e+05    8.59342e+04   -3.51445e+05    3.09910e+02   -2.30561e+02
 Pressure (bar)   Constr. rmsd
   -3.66015e+02    1.36337e-03

           Step           Time         Lambda
        3200000     6400.00000        0.00000

   Energies (kJ/mol)
       G96Angle    Proper Dih.  Improper Dih.          LJ-14     Coulomb-14
    2.51690e+03    6.19800e+02    2.21166e+02    2.18933e+04   -2.41866e+04
        LJ (SR)  Disper. corr.   Coulomb (SR)   Coul. recip. Position Rest.
    6.71361e+04   -4.81009e+03   -5.04798e+05    3.14213e+03    1.16813e+03
      Potential    Kinetic En.   Total Energy    Temperature Pres. DC (bar)
   -4.37098e+05    8.57177e+04   -3.51380e+05    3.09130e+02   -2.31937e+02
 Pressure (bar)   Constr. rmsd
   -1.97768e+02    1.35606e-03

           Step           Time         Lambda
        3250000     6500.00000        0.00000

   Energies (kJ/mol)
       G96Angle    Proper Dih.  Improper Dih.          LJ-14     Coulomb-14
    2.54733e+03    6.43714e+02    2.05066e+02    2.18638e+04   -2.43727e+04
        LJ (SR)  Disper. corr.   Coulomb (SR)   Coul. recip. Position Rest.
    6.85213e+04   -4.79718e+03   -5.06116e+05    3.03028e+03    1.08055e+03
      Potential    Kinetic En.   Total Energy    Temperature Pres. DC (bar)
   -4.37394e+05    8.53603e+04   -3.52034e+05    3.07841e+02   -2.30696e+02
 Pressure (bar)   Constr. rmsd
   -1.75656e+02    1.34152e-03

Writing checkpoint, step 3261900 at Mon Apr 16 01:31:54 2018


           Step           Time         Lambda
        3300000     6600.00000        0.00000

   Energies (kJ/mol)
       G96Angle    Proper Dih.  Improper Dih.          LJ-14     Coulomb-14
    2.58085e+03    6.36539e+02    1.93660e+02    2.19396e+04   -2.42344e+04
        LJ (SR)  Disper. corr.   Coulomb (SR)   Coul. recip. Position Rest.
    6.90849e+04   -4.79772e+03   -5.07872e+05    3.05343e+03    1.12524e+03
      Potential    Kinetic En.   Total Energy    Temperature Pres. DC (bar)
   -4.38290e+05    8.61557e+04   -3.52134e+05    3.10709e+02   -2.30747e+02
 Pressure (bar)   Constr. rmsd
   -3.44040e+01    1.35076e-03

           Step           Time         Lambda
        3350000     6700.00000        0.00000

   Energies (kJ/mol)
       G96Angle    Proper Dih.  Improper Dih.          LJ-14     Coulomb-14
    2.47776e+03    6.82849e+02    1.64959e+02    2.18776e+04   -2.43088e+04
        LJ (SR)  Disper. corr.   Coulomb (SR)   Coul. recip. Position Rest.
    6.90929e+04   -4.80474e+03   -5.07333e+05    3.04221e+03    1.23081e+03
      Potential    Kinetic En.   Total Energy    Temperature Pres. DC (bar)
   -4.37878e+05    8.64259e+04   -3.51452e+05    3.11683e+02   -2.31422e+02
 Pressure (bar)   Constr. rmsd
    1.36792e+02    1.32696e-03

           Step           Time         Lambda
        3400000     6800.00000        0.00000

   Energies (kJ/mol)
       G96Angle    Proper Dih.  Improper Dih.          LJ-14     Coulomb-14
    2.54010e+03    6.23393e+02    1.52988e+02    2.19028e+04   -2.41982e+04
        LJ (SR)  Disper. corr.   Coulomb (SR)   Coul. recip. Position Rest.
    6.85006e+04   -4.79482e+03   -5.06109e+05    2.98489e+03    1.16276e+03
      Potential    Kinetic En.   Total Energy    Temperature Pres. DC (bar)
   -4.37234e+05    8.58767e+04   -3.51358e+05    3.09703e+02   -2.30469e+02
 Pressure (bar)   Constr. rmsd
   -3.20922e+02    1.36984e-03

Writing checkpoint, step 3410960 at Mon Apr 16 01:46:54 2018


           Step           Time         Lambda
        3450000     6900.00000        0.00000

   Energies (kJ/mol)
       G96Angle    Proper Dih.  Improper Dih.          LJ-14     Coulomb-14
    2.55220e+03    7.01306e+02    2.29638e+02    2.19169e+04   -2.42898e+04
        LJ (SR)  Disper. corr.   Coulomb (SR)   Coul. recip. Position Rest.
    6.88390e+04   -4.80409e+03   -5.07039e+05    2.98973e+03    1.17439e+03
      Potential    Kinetic En.   Total Energy    Temperature Pres. DC (bar)
   -4.37730e+05    8.60113e+04   -3.51718e+05    3.10188e+02   -2.31359e+02
 Pressure (bar)   Constr. rmsd
    3.52347e+01    1.34344e-03

           Step           Time         Lambda
        3500000     7000.00000        0.00000

   Energies (kJ/mol)
       G96Angle    Proper Dih.  Improper Dih.          LJ-14     Coulomb-14
    2.50720e+03    6.21060e+02    1.87409e+02    2.19363e+04   -2.44229e+04
        LJ (SR)  Disper. corr.   Coulomb (SR)   Coul. recip. Position Rest.
    6.94433e+04   -4.79540e+03   -5.07942e+05    3.01645e+03    1.15414e+03
      Potential    Kinetic En.   Total Energy    Temperature Pres. DC (bar)
   -4.38294e+05    8.69843e+04   -3.51310e+05    3.13697e+02   -2.30524e+02
 Pressure (bar)   Constr. rmsd
    1.03857e+02    1.34612e-03

Writing checkpoint, step 3544800 at Mon Apr 16 02:01:54 2018


           Step           Time         Lambda
        3550000     7100.00000        0.00000

   Energies (kJ/mol)
       G96Angle    Proper Dih.  Improper Dih.          LJ-14     Coulomb-14
    2.32547e+03    6.51724e+02    1.68678e+02    2.18344e+04   -2.43360e+04
        LJ (SR)  Disper. corr.   Coulomb (SR)   Coul. recip. Position Rest.
    6.90291e+04   -4.80122e+03   -5.08334e+05    3.02719e+03    1.12947e+03
      Potential    Kinetic En.   Total Energy    Temperature Pres. DC (bar)
   -4.39305e+05    8.55909e+04   -3.53715e+05    3.08672e+02   -2.31083e+02
 Pressure (bar)   Constr. rmsd
   -1.01641e+02    1.34363e-03

           Step           Time         Lambda
        3600000     7200.00000        0.00000

   Energies (kJ/mol)
       G96Angle    Proper Dih.  Improper Dih.          LJ-14     Coulomb-14
    2.58589e+03    5.99378e+02    1.87521e+02    2.18663e+04   -2.42289e+04
        LJ (SR)  Disper. corr.   Coulomb (SR)   Coul. recip. Position Rest.
    6.89080e+04   -4.79247e+03   -5.07333e+05    3.09361e+03    1.16380e+03
      Potential    Kinetic En.   Total Energy    Temperature Pres. DC (bar)
   -4.37949e+05    8.62200e+04   -3.51729e+05    3.10941e+02   -2.30243e+02
 Pressure (bar)   Constr. rmsd
   -2.83056e+02    1.38085e-03

           Step           Time         Lambda
        3650000     7300.00000        0.00000

   Energies (kJ/mol)
       G96Angle    Proper Dih.  Improper Dih.          LJ-14     Coulomb-14
    2.53442e+03    6.34173e+02    1.80797e+02    2.18763e+04   -2.39897e+04
        LJ (SR)  Disper. corr.   Coulomb (SR)   Coul. recip. Position Rest.
    6.84301e+04   -4.79327e+03   -5.06736e+05    3.02902e+03    1.16288e+03
      Potential    Kinetic En.   Total Energy    Temperature Pres. DC (bar)
   -4.37671e+05    8.63162e+04   -3.51355e+05    3.11288e+02   -2.30320e+02
 Pressure (bar)   Constr. rmsd
   -4.20217e+02    1.37778e-03

Writing checkpoint, step 3679640 at Mon Apr 16 02:16:54 2018


           Step           Time         Lambda
        3700000     7400.00000        0.00000

   Energies (kJ/mol)
       G96Angle    Proper Dih.  Improper Dih.          LJ-14     Coulomb-14
    2.50633e+03    6.56725e+02    1.92213e+02    2.18858e+04   -2.42877e+04
        LJ (SR)  Disper. corr.   Coulomb (SR)   Coul. recip. Position Rest.
    6.81010e+04   -4.80866e+03   -5.07038e+05    2.99000e+03    1.15711e+03
      Potential    Kinetic En.   Total Energy    Temperature Pres. DC (bar)
   -4.38646e+05    8.54879e+04   -3.53158e+05    3.08301e+02   -2.31799e+02
 Pressure (bar)   Constr. rmsd
   -3.27044e+01    1.33763e-03

           Step           Time         Lambda
        3750000     7500.00000        0.00000

   Energies (kJ/mol)
       G96Angle    Proper Dih.  Improper Dih.          LJ-14     Coulomb-14
    2.66006e+03    6.41353e+02    2.04542e+02    2.19228e+04   -2.41976e+04
        LJ (SR)  Disper. corr.   Coulomb (SR)   Coul. recip. Position Rest.
    6.80044e+04   -4.79820e+03   -5.05313e+05    3.08285e+03    1.19640e+03
      Potential    Kinetic En.   Total Energy    Temperature Pres. DC (bar)
   -4.36596e+05    8.67408e+04   -3.49856e+05    3.12819e+02   -2.30794e+02
 Pressure (bar)   Constr. rmsd
    5.92625e+01    1.33722e-03

           Step           Time         Lambda
        3800000     7600.00000        0.00000

   Energies (kJ/mol)
       G96Angle    Proper Dih.  Improper Dih.          LJ-14     Coulomb-14
    2.52061e+03    6.36887e+02    2.05457e+02    2.19400e+04   -2.41525e+04
        LJ (SR)  Disper. corr.   Coulomb (SR)   Coul. recip. Position Rest.
    6.95340e+04   -4.79114e+03   -5.07064e+05    2.92347e+03    1.16217e+03
      Potential    Kinetic En.   Total Energy    Temperature Pres. DC (bar)
   -4.37085e+05    8.61613e+04   -3.50924e+05    3.10729e+02   -2.30115e+02
 Pressure (bar)   Constr. rmsd
    2.23847e+01    1.36237e-03

Writing checkpoint, step 3808420 at Mon Apr 16 02:31:54 2018


           Step           Time         Lambda
        3850000     7700.00000        0.00000

   Energies (kJ/mol)
       G96Angle    Proper Dih.  Improper Dih.          LJ-14     Coulomb-14
    2.56161e+03    6.20401e+02    2.06591e+02    2.19238e+04   -2.45431e+04
        LJ (SR)  Disper. corr.   Coulomb (SR)   Coul. recip. Position Rest.
    6.99113e+04   -4.80970e+03   -5.08184e+05    3.02825e+03    1.19134e+03
      Potential    Kinetic En.   Total Energy    Temperature Pres. DC (bar)
   -4.38093e+05    8.56979e+04   -3.52395e+05    3.09058e+02   -2.31900e+02
 Pressure (bar)   Constr. rmsd
   -2.81502e+01    1.36569e-03

           Step           Time         Lambda
        3900000     7800.00000        0.00000

   Energies (kJ/mol)
       G96Angle    Proper Dih.  Improper Dih.          LJ-14     Coulomb-14
    2.47488e+03    6.08181e+02    1.75380e+02    2.19442e+04   -2.40017e+04
        LJ (SR)  Disper. corr.   Coulomb (SR)   Coul. recip. Position Rest.
    6.78388e+04   -4.80207e+03   -5.05496e+05    3.10091e+03    1.16059e+03
      Potential    Kinetic En.   Total Energy    Temperature Pres. DC (bar)
   -4.36997e+05    8.64076e+04   -3.50589e+05    3.11617e+02   -2.31166e+02
 Pressure (bar)   Constr. rmsd
    8.09442e+01    1.34347e-03

           Step           Time         Lambda
        3950000     7900.00000        0.00000

   Energies (kJ/mol)
       G96Angle    Proper Dih.  Improper Dih.          LJ-14     Coulomb-14
    2.44117e+03    6.30557e+02    1.82986e+02    2.19013e+04   -2.41500e+04
        LJ (SR)  Disper. corr.   Coulomb (SR)   Coul. recip. Position Rest.
    6.97370e+04   -4.80066e+03   -5.08659e+05    2.94250e+03    1.17921e+03
      Potential    Kinetic En.   Total Energy    Temperature Pres. DC (bar)
   -4.38595e+05    8.53368e+04   -3.53258e+05    3.07756e+02   -2.31030e+02
 Pressure (bar)   Constr. rmsd
   -3.19652e+02    1.37422e-03

Writing checkpoint, step 3979700 at Mon Apr 16 02:46:54 2018


           Step           Time         Lambda
        4000000     8000.00000        0.00000

   Energies (kJ/mol)
       G96Angle    Proper Dih.  Improper Dih.          LJ-14     Coulomb-14
    2.59397e+03    6.72974e+02    1.99896e+02    2.19352e+04   -2.45732e+04
        LJ (SR)  Disper. corr.   Coulomb (SR)   Coul. recip. Position Rest.
    6.83484e+04   -4.79673e+03   -5.05493e+05    2.95597e+03    1.25440e+03
      Potential    Kinetic En.   Total Energy    Temperature Pres. DC (bar)
   -4.36902e+05    8.62802e+04   -3.50622e+05    3.11158e+02   -2.30652e+02
 Pressure (bar)   Constr. rmsd
    1.11514e+02    1.34714e-03

           Step           Time         Lambda
        4050000     8100.00000        0.00000

   Energies (kJ/mol)
       G96Angle    Proper Dih.  Improper Dih.          LJ-14     Coulomb-14
    2.61595e+03    6.56021e+02    1.96995e+02    2.19068e+04   -2.43753e+04
        LJ (SR)  Disper. corr.   Coulomb (SR)   Coul. recip. Position Rest.
    6.95253e+04   -4.79652e+03   -5.06718e+05    2.97912e+03    1.16713e+03
      Potential    Kinetic En.   Total Energy    Temperature Pres. DC (bar)
   -4.36842e+05    8.60611e+04   -3.50781e+05    3.10368e+02   -2.30632e+02
 Pressure (bar)   Constr. rmsd
    1.36314e+02    1.36238e-03

           Step           Time         Lambda
        4100000     8200.00000        0.00000

   Energies (kJ/mol)
       G96Angle    Proper Dih.  Improper Dih.          LJ-14     Coulomb-14
    2.38036e+03    6.45777e+02    2.21228e+02    2.19248e+04   -2.40374e+04
        LJ (SR)  Disper. corr.   Coulomb (SR)   Coul. recip. Position Rest.
    6.89736e+04   -4.79412e+03   -5.07662e+05    3.05170e+03    1.14690e+03
      Potential    Kinetic En.   Total Energy    Temperature Pres. DC (bar)
   -4.38149e+05    8.59612e+04   -3.52188e+05    3.10008e+02   -2.30402e+02
 Pressure (bar)   Constr. rmsd
    2.06192e+02    1.33345e-03

Writing checkpoint, step 4101100 at Mon Apr 16 03:01:54 2018


           Step           Time         Lambda
        4150000     8300.00000        0.00000

   Energies (kJ/mol)
       G96Angle    Proper Dih.  Improper Dih.          LJ-14     Coulomb-14
    2.48971e+03    6.32587e+02    1.79799e+02    2.19054e+04   -2.42399e+04
        LJ (SR)  Disper. corr.   Coulomb (SR)   Coul. recip. Position Rest.
    6.86005e+04   -4.80713e+03   -5.06751e+05    2.94347e+03    1.16465e+03
      Potential    Kinetic En.   Total Energy    Temperature Pres. DC (bar)
   -4.37882e+05    8.59805e+04   -3.51901e+05    3.10077e+02   -2.31652e+02
 Pressure (bar)   Constr. rmsd
   -1.41963e+02    1.36627e-03

           Step           Time         Lambda
        4200000     8400.00000        0.00000

   Energies (kJ/mol)
       G96Angle    Proper Dih.  Improper Dih.          LJ-14     Coulomb-14
    2.57032e+03    6.29205e+02    2.24172e+02    2.19321e+04   -2.43688e+04
        LJ (SR)  Disper. corr.   Coulomb (SR)   Coul. recip. Position Rest.
    6.95163e+04   -4.79289e+03   -5.07510e+05    3.02137e+03    1.24267e+03
      Potential    Kinetic En.   Total Energy    Temperature Pres. DC (bar)
   -4.37536e+05    8.67588e+04   -3.50777e+05    3.12884e+02   -2.30284e+02
 Pressure (bar)   Constr. rmsd
   -1.14360e+02    1.36368e-03

Writing checkpoint, step 4242660 at Mon Apr 16 03:16:54 2018


           Step           Time         Lambda
        4250000     8500.00000        0.00000

   Energies (kJ/mol)
       G96Angle    Proper Dih.  Improper Dih.          LJ-14     Coulomb-14
    2.52252e+03    6.62717e+02    1.74523e+02    2.18498e+04   -2.43471e+04
        LJ (SR)  Disper. corr.   Coulomb (SR)   Coul. recip. Position Rest.
    6.81824e+04   -4.79860e+03   -5.07415e+05    2.99321e+03    1.16521e+03
      Potential    Kinetic En.   Total Energy    Temperature Pres. DC (bar)
   -4.39011e+05    8.57226e+04   -3.53288e+05    3.09147e+02   -2.30832e+02
 Pressure (bar)   Constr. rmsd
   -5.95459e+01    1.32204e-03

           Step           Time         Lambda
        4300000     8600.00000        0.00000

   Energies (kJ/mol)
       G96Angle    Proper Dih.  Improper Dih.          LJ-14     Coulomb-14
    2.54603e+03    6.22004e+02    1.66456e+02    2.19283e+04   -2.42698e+04
        LJ (SR)  Disper. corr.   Coulomb (SR)   Coul. recip. Position Rest.
    6.88806e+04   -4.79067e+03   -5.06629e+05    2.98034e+03    1.10156e+03
      Potential    Kinetic En.   Total Energy    Temperature Pres. DC (bar)
   -4.37464e+05    8.57293e+04   -3.51735e+05    3.09172e+02   -2.30071e+02
 Pressure (bar)   Constr. rmsd
   -3.62284e+02    1.36760e-03

           Step           Time         Lambda
        4350000     8700.00000        0.00000

   Energies (kJ/mol)
       G96Angle    Proper Dih.  Improper Dih.          LJ-14     Coulomb-14
    2.49255e+03    5.95216e+02    2.19148e+02    2.19671e+04   -2.45725e+04
        LJ (SR)  Disper. corr.   Coulomb (SR)   Coul. recip. Position Rest.
    6.99278e+04   -4.79240e+03   -5.09459e+05    2.99223e+03    1.12823e+03
      Potential    Kinetic En.   Total Energy    Temperature Pres. DC (bar)
   -4.39501e+05    8.60262e+04   -3.53475e+05    3.10242e+02   -2.30236e+02
 Pressure (bar)   Constr. rmsd
   -1.06174e+01    1.35398e-03

Writing checkpoint, step 4381060 at Mon Apr 16 03:31:54 2018


           Step           Time         Lambda
        4400000     8800.00000        0.00000

   Energies (kJ/mol)
       G96Angle    Proper Dih.  Improper Dih.          LJ-14     Coulomb-14
    2.53307e+03    6.14019e+02    1.67290e+02    2.19846e+04   -2.41191e+04
        LJ (SR)  Disper. corr.   Coulomb (SR)   Coul. recip. Position Rest.
    7.02249e+04   -4.77799e+03   -5.06828e+05    2.92904e+03    1.19300e+03
      Potential    Kinetic En.   Total Energy    Temperature Pres. DC (bar)
   -4.36080e+05    8.59820e+04   -3.50098e+05    3.10083e+02   -2.28856e+02
 Pressure (bar)   Constr. rmsd
    4.24789e+02    1.33656e-03

           Step           Time         Lambda
        4450000     8900.00000        0.00000

   Energies (kJ/mol)
       G96Angle    Proper Dih.  Improper Dih.          LJ-14     Coulomb-14
    2.54856e+03    6.55175e+02    1.93114e+02    2.18677e+04   -2.43598e+04
        LJ (SR)  Disper. corr.   Coulomb (SR)   Coul. recip. Position Rest.
    6.94780e+04   -4.80581e+03   -5.06862e+05    3.04483e+03    1.19835e+03
      Potential    Kinetic En.   Total Energy    Temperature Pres. DC (bar)
   -4.37041e+05    8.61261e+04   -3.50915e+05    3.10602e+02   -2.31525e+02
 Pressure (bar)   Constr. rmsd
    1.03638e+02    1.35111e-03

           Step           Time         Lambda
        4500000     9000.00000        0.00000

   Energies (kJ/mol)
       G96Angle    Proper Dih.  Improper Dih.          LJ-14     Coulomb-14
    2.64028e+03    6.39194e+02    1.94810e+02    2.18915e+04   -2.42918e+04
        LJ (SR)  Disper. corr.   Coulomb (SR)   Coul. recip. Position Rest.
    6.83245e+04   -4.79679e+03   -5.05654e+05    3.10237e+03    1.15050e+03
      Potential    Kinetic En.   Total Energy    Temperature Pres. DC (bar)
   -4.36800e+05    8.57157e+04   -3.51084e+05    3.09122e+02   -2.30658e+02
 Pressure (bar)   Constr. rmsd
   -3.82200e+02    1.34882e-03

Writing checkpoint, step 4509080 at Mon Apr 16 03:46:54 2018


           Step           Time         Lambda
        4550000     9100.00000        0.00000

   Energies (kJ/mol)
       G96Angle    Proper Dih.  Improper Dih.          LJ-14     Coulomb-14
    2.47273e+03    6.38363e+02    2.00057e+02    2.19107e+04   -2.40836e+04
        LJ (SR)  Disper. corr.   Coulomb (SR)   Coul. recip. Position Rest.
    6.93731e+04   -4.79755e+03   -5.07441e+05    3.09024e+03    1.16819e+03
      Potential    Kinetic En.   Total Energy    Temperature Pres. DC (bar)
   -4.37468e+05    8.61655e+04   -3.51303e+05    3.10745e+02   -2.30731e+02
 Pressure (bar)   Constr. rmsd
   -7.44912e+01    1.34906e-03

           Step           Time         Lambda
        4600000     9200.00000        0.00000

   Energies (kJ/mol)
       G96Angle    Proper Dih.  Improper Dih.          LJ-14     Coulomb-14
    2.52876e+03    6.72248e+02    2.09434e+02    2.18678e+04   -2.44634e+04
        LJ (SR)  Disper. corr.   Coulomb (SR)   Coul. recip. Position Rest.
    6.93009e+04   -4.80133e+03   -5.07232e+05    2.94675e+03    1.14600e+03
      Potential    Kinetic En.   Total Energy    Temperature Pres. DC (bar)
   -4.37825e+05    8.53184e+04   -3.52506e+05    3.07690e+02   -2.31095e+02
 Pressure (bar)   Constr. rmsd
   -1.28702e+02    1.35647e-03

Writing checkpoint, step 4645560 at Mon Apr 16 04:01:54 2018


           Step           Time         Lambda
        4650000     9300.00000        0.00000

   Energies (kJ/mol)
       G96Angle    Proper Dih.  Improper Dih.          LJ-14     Coulomb-14
    2.63220e+03    6.41132e+02    1.91185e+02    2.18478e+04   -2.40515e+04
        LJ (SR)  Disper. corr.   Coulomb (SR)   Coul. recip. Position Rest.
    7.09870e+04   -4.80400e+03   -5.09644e+05    2.99865e+03    1.14908e+03
      Potential    Kinetic En.   Total Energy    Temperature Pres. DC (bar)
   -4.38052e+05    8.65108e+04   -3.51541e+05    3.11990e+02   -2.31351e+02
 Pressure (bar)   Constr. rmsd
    7.60906e+02    1.30893e-03

           Step           Time         Lambda
        4700000     9400.00000        0.00000

   Energies (kJ/mol)
       G96Angle    Proper Dih.  Improper Dih.          LJ-14     Coulomb-14
    2.57265e+03    6.07281e+02    2.24885e+02    2.19018e+04   -2.42691e+04
        LJ (SR)  Disper. corr.   Coulomb (SR)   Coul. recip. Position Rest.
    6.88063e+04   -4.79570e+03   -5.06141e+05    3.11705e+03    1.18977e+03
      Potential    Kinetic En.   Total Energy    Temperature Pres. DC (bar)
   -4.36786e+05    8.59204e+04   -3.50865e+05    3.09861e+02   -2.30554e+02
 Pressure (bar)   Constr. rmsd
    5.92145e+02    1.30643e-03

           Step           Time         Lambda
        4750000     9500.00000        0.00000

   Energies (kJ/mol)
       G96Angle    Proper Dih.  Improper Dih.          LJ-14     Coulomb-14
    2.53205e+03    6.91750e+02    1.94269e+02    2.18903e+04   -2.42761e+04
        LJ (SR)  Disper. corr.   Coulomb (SR)   Coul. recip. Position Rest.
    6.70863e+04   -4.80173e+03   -5.04193e+05    2.95125e+03    1.13468e+03
      Potential    Kinetic En.   Total Energy    Temperature Pres. DC (bar)
   -4.36790e+05    8.59115e+04   -3.50879e+05    3.09828e+02   -2.31133e+02
 Pressure (bar)   Constr. rmsd
   -2.76336e+02    1.35926e-03

Writing checkpoint, step 4794520 at Mon Apr 16 04:16:54 2018


           Step           Time         Lambda
        4800000     9600.00000        0.00000

   Energies (kJ/mol)
       G96Angle    Proper Dih.  Improper Dih.          LJ-14     Coulomb-14
    2.61669e+03    5.80109e+02    2.37177e+02    2.19142e+04   -2.43175e+04
        LJ (SR)  Disper. corr.   Coulomb (SR)   Coul. recip. Position Rest.
    6.87768e+04   -4.80908e+03   -5.06710e+05    2.95858e+03    1.16783e+03
      Potential    Kinetic En.   Total Energy    Temperature Pres. DC (bar)
   -4.37586e+05    8.61947e+04   -3.51391e+05    3.10850e+02   -2.31840e+02
 Pressure (bar)   Constr. rmsd
    2.07068e+01    1.33879e-03

           Step           Time         Lambda
        4850000     9700.00000        0.00000

   Energies (kJ/mol)
       G96Angle    Proper Dih.  Improper Dih.          LJ-14     Coulomb-14
    2.46860e+03    6.81674e+02    1.78491e+02    2.18951e+04   -2.40644e+04
        LJ (SR)  Disper. corr.   Coulomb (SR)   Coul. recip. Position Rest.
    6.96901e+04   -4.79890e+03   -5.09390e+05    2.95873e+03    1.15928e+03
      Potential    Kinetic En.   Total Energy    Temperature Pres. DC (bar)
   -4.39221e+05    8.64846e+04   -3.52737e+05    3.11895e+02   -2.30860e+02
 Pressure (bar)   Constr. rmsd
    6.28069e+01    1.34349e-03

           Step           Time         Lambda
        4900000     9800.00000        0.00000

   Energies (kJ/mol)
       G96Angle    Proper Dih.  Improper Dih.          LJ-14     Coulomb-14
    2.58379e+03    6.14453e+02    1.92137e+02    2.19285e+04   -2.43114e+04
        LJ (SR)  Disper. corr.   Coulomb (SR)   Coul. recip. Position Rest.
    6.90070e+04   -4.79614e+03   -5.06092e+05    3.08437e+03    1.17961e+03
      Potential    Kinetic En.   Total Energy    Temperature Pres. DC (bar)
   -4.36610e+05    8.63354e+04   -3.50274e+05    3.11357e+02   -2.30596e+02
 Pressure (bar)   Constr. rmsd
    3.09071e+01    1.35879e-03

           Step           Time         Lambda
        4950000     9900.00000        0.00000

   Energies (kJ/mol)
       G96Angle    Proper Dih.  Improper Dih.          LJ-14     Coulomb-14
    2.70182e+03    6.65260e+02    2.15907e+02    2.19359e+04   -2.45030e+04
        LJ (SR)  Disper. corr.   Coulomb (SR)   Coul. recip. Position Rest.
    7.02008e+04   -4.80136e+03   -5.08384e+05    2.96440e+03    1.23052e+03
      Potential    Kinetic En.   Total Energy    Temperature Pres. DC (bar)
   -4.37774e+05    8.68975e+04   -3.50876e+05    3.13384e+02   -2.31098e+02
 Pressure (bar)   Constr. rmsd
    5.54268e+02    1.33805e-03

Writing checkpoint, step 4963880 at Mon Apr 16 04:31:54 2018


           Step           Time         Lambda
        5000000    10000.00000        0.00000

Writing checkpoint, step 5000000 at Mon Apr 16 04:34:46 2018


   Energies (kJ/mol)
       G96Angle    Proper Dih.  Improper Dih.          LJ-14     Coulomb-14
    2.44893e+03    6.27977e+02    1.91937e+02    2.19087e+04   -2.43544e+04
        LJ (SR)  Disper. corr.   Coulomb (SR)   Coul. recip. Position Rest.
    6.95707e+04   -4.79767e+03   -5.07451e+05    3.01413e+03    1.17976e+03
      Potential    Kinetic En.   Total Energy    Temperature Pres. DC (bar)
   -4.37661e+05    8.57821e+04   -3.51879e+05    3.09362e+02   -2.30743e+02
 Pressure (bar)   Constr. rmsd
    4.80563e+00    1.36171e-03

	<======  ###############  ==>
	<====  A V E R A G E S  ====>
	<==  ###############  ======>

	Statistics over 5000001 steps using 50001 frames

   Energies (kJ/mol)
       G96Angle    Proper Dih.  Improper Dih.          LJ-14     Coulomb-14
    2.53561e+03    6.43013e+02    1.94684e+02    2.18991e+04   -2.42748e+04
        LJ (SR)  Disper. corr.   Coulomb (SR)   Coul. recip. Position Rest.
    6.90470e+04   -4.79830e+03   -5.07146e+05    3.01998e+03    1.16701e+03
      Potential    Kinetic En.   Total Energy    Temperature Pres. DC (bar)
   -4.37712e+05    8.59177e+04   -3.51795e+05    3.09851e+02   -2.30804e+02
 Pressure (bar)   Constr. rmsd
    1.28737e+00    0.00000e+00

          Box-X          Box-Y          Box-Z
    7.01794e+00    7.01794e+00    7.01794e+00

   Total Virial (kJ/mol)
    2.86290e+04   -9.24396e+01    1.78558e+02
   -9.24726e+01    2.85916e+04   -1.17861e+03
    1.78596e+02   -1.17860e+03    2.86574e+04

   Pressure (bar)
    6.46339e+00    7.93987e+00   -1.69002e+01
    7.94305e+00    1.42991e+00    1.13600e+02
   -1.69039e+01    1.13599e+02   -4.03118e+00

  Epot (kJ/mol)        Coul-SR          LJ-SR        Coul-14          LJ-14   
        RNA-RNA    4.92396e+02   -2.95056e+03   -1.09471e+03    2.11512e+04
        RNA-SOL   -9.60864e+02   -1.50393e+03    0.00000e+00    0.00000e+00
       RNA-V3OU   -1.02084e+01   -1.71953e+03    0.00000e+00    0.00000e+00
        SOL-SOL   -5.08777e+05    7.62243e+04    0.00000e+00    0.00000e+00
       SOL-V3OU   -3.79599e+03   -5.10883e+02    0.00000e+00    0.00000e+00
      V3OU-V3OU    5.90605e+03   -4.92423e+02   -2.31801e+04    7.47918e+02

          T-RNA          T-SOL         T-V3OU
    3.04898e+02    3.09982e+02    3.08645e+02


	M E G A - F L O P S   A C C O U N T I N G

 NB=Group-cutoff nonbonded kernels    NxN=N-by-N cluster Verlet kernels
 RF=Reaction-Field  VdW=Van der Waals  QSTab=quadratic-spline table
 W3=SPC/TIP3p  W4=TIP4p (single or pairs)
 V&F=Potential and force  V=Potential only  F=Force only

 Computing:                               M-Number         M-Flops  % Flops
-----------------------------------------------------------------------------
 Pair Search distance check         3075597.030514    27680373.275     0.5
 NxN Ewald Elec. + LJ [F]          40378284.398960  2664966770.331    50.4
 NxN Ewald Elec. + LJ [V&F]          407868.763280    43641957.671     0.8
 NxN LJ [F]                          874994.881152    28874831.078     0.5
 NxN LJ [V&F]                          8836.740032      379979.821     0.0
 NxN Ewald Elec. [F]               36776169.387632  2243346332.646    42.4
 NxN Ewald Elec. [V&F]               371480.905584    31204396.069     0.6
 1,4 nonbonded interactions           27005.005401     2430450.486     0.0
 Calc Weights                        503220.100644    18115923.623     0.3
 Spread Q Bspline                  10735362.147072    21470724.294     0.4
 Gather F Bspline                  10735362.147072    64412172.882     1.2
 3D-FFT                            13951682.790336   111613462.323     2.1
 Solve PME                             9680.001936      619520.124     0.0
 Shift-X                               8387.033548       50322.201     0.0
 Angles                               19000.003800     3192000.638     0.1
 Propers                               7990.001598     1829710.366     0.0
 Impropers                              900.000180      187200.037     0.0
 Pos. Restr.                           3750.000750      187500.037     0.0
 Virial                               16796.533593      302337.605     0.0
 Stop-CM                               1677.433548       16774.335     0.0
 P-Coupling                           16774.000000      100644.000     0.0
 Calc-Ekin                            33548.067096      905797.812     0.0
 Lincs                                10165.002033      609900.122     0.0
 Lincs-Mat                           228000.045600      912000.182     0.0
 Constraint-V                        179870.035974     1438960.288     0.0
 Constraint-Vir                       16970.533941      407292.815     0.0
 Settle                               53180.010636    17177143.435     0.3
-----------------------------------------------------------------------------
 Total                                              5286074478.498   100.0
-----------------------------------------------------------------------------


     R E A L   C Y C L E   A N D   T I M E   A C C O U N T I N G

On 1 MPI rank, each using 16 OpenMP threads

 Computing:          Num   Num      Call    Wall time         Giga-Cycles
                     Ranks Threads  Count      (s)         total sum    %
-----------------------------------------------------------------------------
 Neighbor search        1   16     250001    1373.711      48298.708   4.5
 Force                  1   16    5000001   19094.541     671350.337  62.1
 PME mesh               1   16    5000001    5788.445     203517.554  18.8
 NB X/F buffer ops.     1   16    9750001    1956.559      68791.206   6.4
 Write traj.            1   16        135       2.381         83.722   0.0
 Update                 1   16    5000001     748.698      26323.678   2.4
 Constraints            1   16    5000001    1529.880      53789.477   5.0
 Rest                                         278.270       9783.757   0.9
-----------------------------------------------------------------------------
 Total                                      30772.484    1081938.439 100.0
-----------------------------------------------------------------------------
 Breakdown of PME mesh computation
-----------------------------------------------------------------------------
 PME spread/gather      1   16   10000002    4196.632     147550.567  13.6
 PME 3D-FFT             1   16   10000002    1454.433      51136.819   4.7
 PME solve Elec         1   16    5000001     100.973       3550.155   0.3
-----------------------------------------------------------------------------

               Core t (s)   Wall t (s)        (%)
       Time:   472614.781    30772.484     1535.8
                         8h32:52
                 (ns/day)    (hour/ns)
Performance:       28.077        0.855
Finished mdrun on rank 0 Mon Apr 16 04:34:46 2018
